[Wed May 14 07:02:48.171452 2014] [:error] [pid 2006] [client 127.0.0.1:33529] script '/var/www/uiweb.ru/www/wp-login.php' not found or unable to stat
[Wed May 14 11:33:54.523998 2014] [:error] [pid 1987] [client 127.0.0.1:43919] script '/var/www/uiweb.ru/www/yandex_xml.php' not found or unable to stat
[Wed May 14 17:53:34.122607 2014] [:error] [pid 1989] [client 127.0.0.1:44714] script '/var/www/uiweb.ru/www/memberlist.php' not found or unable to stat
[Wed May 14 17:53:34.237273 2014] [:error] [pid 1990] [client 127.0.0.1:44715] script '/var/www/uiweb.ru/www/profile.php' not found or unable to stat
[Wed May 14 17:53:34.353042 2014] [:error] [pid 1986] [client 127.0.0.1:44716] script '/var/www/uiweb.ru/www/profile.php' not found or unable to stat
[Wed May 14 17:53:34.477121 2014] [:error] [pid 1987] [client 127.0.0.1:44717] script '/var/www/uiweb.ru/www/ucp.php' not found or unable to stat
[Wed May 14 17:53:34.715136 2014] [:error] [pid 1989] [client 127.0.0.1:44719] script '/var/www/uiweb.ru/www/add.php' not found or unable to stat
[Wed May 14 17:53:34.953148 2014] [:error] [pid 1986] [client 127.0.0.1:44721] script '/var/www/uiweb.ru/www/tools.php' not found or unable to stat
[Wed May 14 22:13:02.732797 2014] [:error] [pid 1986] [client 127.0.0.1:45390] script '/var/www/uiweb.ru/www/market_xml.php' not found or unable to stat
[Wed May 14 23:39:04.292231 2014] [:error] [pid 1987] [client 127.0.0.1:45465] script '/var/www/uiweb.ru/www/admin.php' not found or unable to stat
[Wed May 14 23:39:04.427378 2014] [:error] [pid 1989] [client 127.0.0.1:45467] script '/var/www/uiweb.ru/www/wp-login.php' not found or unable to stat
[Thu May 15 13:38:07.480707 2014] [:error] [pid 1983] [client 127.0.0.1:37223] script '/var/www/uiweb.ru/www/wp-login.php' not found or unable to stat
[Thu May 15 13:38:13.737868 2014] [:error] [pid 1985] [client 127.0.0.1:37225] script '/var/www/uiweb.ru/www/admin.php' not found or unable to stat
[Fri May 16 14:18:29.139722 2014] [:error] [pid 1994] [client 127.0.0.1:39805] script '/var/www/uiweb.ru/www/wp-login.php' not found or unable to stat
[Fri May 16 14:18:29.341656 2014] [:error] [pid 1996] [client 127.0.0.1:39807] script '/var/www/uiweb.ru/www/admin.php' not found or unable to stat
[Sat May 17 02:07:30.119149 2014] [:error] [pid 6160] [client 127.0.0.1:42064] script '/var/www/uiweb.ru/www/add.php' not found or unable to stat
[Sat May 17 02:07:30.418290 2014] [:error] [pid 6162] [client 127.0.0.1:42066] script '/var/www/uiweb.ru/www/tools.php' not found or unable to stat
[Sun May 18 19:22:37.177351 2014] [fcgid:warn] [pid 10026] (104)Connection reset by peer: [client 127.0.0.1:60112] mod_fcgid: error reading data from FastCGI server
[Sun May 18 19:22:37.200150 2014] [core:error] [pid 10026] [client 127.0.0.1:60112] End of script output before headers: index.php
[Tue May 27 00:27:53.779983 2014] [fcgid:warn] [pid 4072] (104)Connection reset by peer: [client 127.0.0.1:59237] mod_fcgid: error reading data from FastCGI server
[Tue May 27 00:27:53.797387 2014] [core:error] [pid 4072] [client 127.0.0.1:59237] End of script output before headers: index.php
[Tue May 27 00:31:50.806419 2014] [fcgid:warn] [pid 4073] (104)Connection reset by peer: [client 127.0.0.1:59271] mod_fcgid: error reading data from FastCGI server
[Tue May 27 00:31:50.806514 2014] [core:error] [pid 4073] [client 127.0.0.1:59271] End of script output before headers: index.php
[Tue May 27 01:38:24.417614 2014] [fcgid:warn] [pid 4072] (104)Connection reset by peer: [client 127.0.0.1:59559] mod_fcgid: error reading data from FastCGI server
[Tue May 27 01:38:24.417675 2014] [core:error] [pid 4072] [client 127.0.0.1:59559] End of script output before headers: index.php
[Tue May 27 19:53:02.096856 2014] [fcgid:warn] [pid 2927] (104)Connection reset by peer: [client 127.0.0.1:55098] mod_fcgid: error reading data from FastCGI server
[Tue May 27 19:53:02.113650 2014] [core:error] [pid 2927] [client 127.0.0.1:55098] End of script output before headers: index.php
[Tue Sep 02 22:53:48.241348 2014] [core:error] [pid 13070] (13)Permission denied: [client 192.168.0.102:37091] AH00035: access to / denied (filesystem path '/var/www/uiweb.ru/www') because search permissions are missing on a component of the path
[Tue Sep 02 22:53:48.280378 2014] [core:error] [pid 13070] (13)Permission denied: [client 192.168.0.102:37091] AH00035: access to /favicon.ico denied (filesystem path '/var/www/uiweb.ru/www') because search permissions are missing on a component of the path
[Tue Sep 02 22:54:32.935939 2014] [core:error] [pid 13071] (13)Permission denied: [client 192.168.0.102:37093] AH00035: access to / denied (filesystem path '/var/www/uiweb.ru/www') because search permissions are missing on a component of the path
[Tue Sep 02 22:54:32.970246 2014] [core:error] [pid 13071] (13)Permission denied: [client 192.168.0.102:37093] AH00035: access to /favicon.ico denied (filesystem path '/var/www/uiweb.ru/www') because search permissions are missing on a component of the path
[Tue Sep 02 22:54:33.984010 2014] [core:error] [pid 13071] (13)Permission denied: [client 192.168.0.102:37093] AH00035: access to / denied (filesystem path '/var/www/uiweb.ru/www') because search permissions are missing on a component of the path
[Tue Sep 02 22:54:34.017619 2014] [core:error] [pid 13071] (13)Permission denied: [client 192.168.0.102:37093] AH00035: access to /favicon.ico denied (filesystem path '/var/www/uiweb.ru/www') because search permissions are missing on a component of the path
[Tue Sep 02 22:54:34.423153 2014] [core:error] [pid 13071] (13)Permission denied: [client 192.168.0.102:37093] AH00035: access to / denied (filesystem path '/var/www/uiweb.ru/www') because search permissions are missing on a component of the path
[Tue Sep 02 22:54:34.449061 2014] [core:error] [pid 13071] (13)Permission denied: [client 192.168.0.102:37093] AH00035: access to /favicon.ico denied (filesystem path '/var/www/uiweb.ru/www') because search permissions are missing on a component of the path
[Tue Sep 02 22:54:34.598239 2014] [core:error] [pid 13071] (13)Permission denied: [client 192.168.0.102:37093] AH00035: access to / denied (filesystem path '/var/www/uiweb.ru/www') because search permissions are missing on a component of the path
[Tue Sep 02 22:54:34.635083 2014] [core:error] [pid 13071] (13)Permission denied: [client 192.168.0.102:37093] AH00035: access to /favicon.ico denied (filesystem path '/var/www/uiweb.ru/www') because search permissions are missing on a component of the path
[Tue Sep 02 22:54:34.767559 2014] [core:error] [pid 13071] (13)Permission denied: [client 192.168.0.102:37093] AH00035: access to / denied (filesystem path '/var/www/uiweb.ru/www') because search permissions are missing on a component of the path
[Tue Sep 02 22:54:34.807608 2014] [core:error] [pid 13071] (13)Permission denied: [client 192.168.0.102:37093] AH00035: access to /favicon.ico denied (filesystem path '/var/www/uiweb.ru/www') because search permissions are missing on a component of the path
[Tue Sep 02 22:54:34.975720 2014] [core:error] [pid 13071] (13)Permission denied: [client 192.168.0.102:37093] AH00035: access to / denied (filesystem path '/var/www/uiweb.ru/www') because search permissions are missing on a component of the path
[Tue Sep 02 22:54:35.027707 2014] [core:error] [pid 13071] (13)Permission denied: [client 192.168.0.102:37093] AH00035: access to /favicon.ico denied (filesystem path '/var/www/uiweb.ru/www') because search permissions are missing on a component of the path
[Tue Sep 02 22:55:03.939235 2014] [core:error] [pid 13072] (13)Permission denied: [client 192.168.0.102:37101] AH00035: access to / denied (filesystem path '/var/www/uiweb.ru/www') because search permissions are missing on a component of the path
[Tue Sep 02 22:55:03.977077 2014] [core:error] [pid 13072] (13)Permission denied: [client 192.168.0.102:37101] AH00035: access to /favicon.ico denied (filesystem path '/var/www/uiweb.ru/www') because search permissions are missing on a component of the path
[Tue Sep 02 22:55:04.418466 2014] [core:error] [pid 13072] (13)Permission denied: [client 192.168.0.102:37101] AH00035: access to / denied (filesystem path '/var/www/uiweb.ru/www') because search permissions are missing on a component of the path
[Tue Sep 02 22:55:04.462291 2014] [core:error] [pid 13072] (13)Permission denied: [client 192.168.0.102:37101] AH00035: access to /favicon.ico denied (filesystem path '/var/www/uiweb.ru/www') because search permissions are missing on a component of the path
[Sun Sep 07 18:16:11.000041 2014] [:error] [pid 32579] [client 127.0.0.1:39540] script '/var/www/uiweb.ru/www/admin.php' not found or unable to stat
[Sun Sep 07 18:16:14.120240 2014] [:error] [pid 32581] [client 127.0.0.1:39542] script '/var/www/uiweb.ru/www/wp-login.php' not found or unable to stat
[Tue Sep 16 00:43:58.400881 2014] [:error] [pid 13574] [client 127.0.0.1:45263] script '/var/www/uiweb.ru/www/wp-login.php' not found or unable to stat
[Tue Sep 16 00:45:39.200923 2014] [:error] [pid 13573] [client 127.0.0.1:45267] script '/var/www/uiweb.ru/www/admin.php' not found or unable to stat
[Thu Sep 18 22:40:47.866437 2014] [:error] [pid 1455] [client 178.210.65.38:59545] script '/var/www/uiweb.ru/www/wp-login.php' not found or unable to stat
[Sun Sep 21 04:00:27.574775 2014] [:error] [pid 1823] [client 188.13.209.81:50749] script '/var/www/uiweb.ru/www/admin.php' not found or unable to stat
[Sun Sep 21 04:00:28.160962 2014] [:error] [pid 1826] [client 188.13.209.81:50752] script '/var/www/uiweb.ru/www/wp-login.php' not found or unable to stat
[Mon Sep 22 14:14:58.960873 2014] [:error] [pid 1827] [client 178.210.65.38:45753] script '/var/www/uiweb.ru/www/wp-login.php' not found or unable to stat
[Mon Sep 22 17:25:41.545251 2014] [:error] [pid 1823] [client 188.13.209.81:45980] script '/var/www/uiweb.ru/www/admin.php' not found or unable to stat
[Mon Sep 22 17:25:42.041460 2014] [:error] [pid 18009] [client 188.13.209.81:45982] script '/var/www/uiweb.ru/www/wp-login.php' not found or unable to stat
[Tue Sep 23 19:55:41.270882 2014] [:error] [pid 6162] [client 91.236.74.94:52542] script '/var/www/uiweb.ru/www/wp-login.php' not found or unable to stat
[Tue Sep 23 19:55:42.396881 2014] [:error] [pid 6159] [client 91.236.74.94:52544] script '/var/www/uiweb.ru/www/admin.php' not found or unable to stat
[Sat Sep 27 17:07:55.286896 2014] [:error] [pid 1532] [client 77.221.144.6:51142] script '/var/www/uiweb.ru/www/admin.php' not found or unable to stat
[Sat Sep 27 17:07:58.835318 2014] [:error] [pid 1533] [client 77.221.144.6:51145] script '/var/www/uiweb.ru/www/wp-login.php' not found or unable to stat
[Sun Sep 28 10:05:38.874608 2014] [:error] [pid 26180] [client 108.61.13.141:44612] script '/var/www/uiweb.ru/www/wp-login.php' not found or unable to stat
[Sun Sep 28 10:05:39.547229 2014] [:error] [pid 26177] [client 108.61.13.141:44615] script '/var/www/uiweb.ru/www/admin.php' not found or unable to stat
[Thu Oct 02 10:31:40.809878 2014] [:error] [pid 1558] [client 213.143.134.228:37945] script '/var/www/uiweb.ru/www/wp-login.php' not found or unable to stat
[Thu Oct 02 10:31:41.236782 2014] [:error] [pid 1554] [client 213.143.134.228:37947] script '/var/www/uiweb.ru/www/admin.php' not found or unable to stat
[Fri Oct 03 17:47:00.120783 2014] [:error] [pid 1519] [client 54.208.67.118:60766] script '/var/www/uiweb.ru/www/wp-login.php' not found or unable to stat
[Fri Oct 03 17:47:00.771721 2014] [:error] [pid 1517] [client 54.208.67.118:60768] script '/var/www/uiweb.ru/www/admin.php' not found or unable to stat
[Sat Oct 04 13:45:42.176497 2014] [:error] [pid 1516] [client 87.119.203.244:36914] script '/var/www/uiweb.ru/www/wp-login.php' not found or unable to stat
[Sat Oct 04 13:45:42.985475 2014] [:error] [pid 1518] [client 87.119.203.244:36916] script '/var/www/uiweb.ru/www/admin.php' not found or unable to stat
[Sat Oct 11 19:45:06.808999 2014] [:error] [pid 1552] [client 91.105.69.9:43545] script '/var/www/uiweb.ru/www/wp-login.php' not found or unable to stat
[Sat Oct 11 19:45:07.005422 2014] [:error] [pid 1554] [client 91.105.69.9:43548] script '/var/www/uiweb.ru/www/admin.php' not found or unable to stat
[Sun Oct 12 00:19:17.601018 2014] [:error] [pid 3599] [client 79.59.138.228:57610] script '/var/www/uiweb.ru/www/admin.php' not found or unable to stat
[Sun Oct 12 00:19:18.181659 2014] [:error] [pid 1626] [client 79.59.138.228:57612] script '/var/www/uiweb.ru/www/wp-login.php' not found or unable to stat
[Sun Oct 12 23:16:14.947841 2014] [:error] [pid 15560] [client 91.105.69.9:39563] script '/var/www/uiweb.ru/www/wp-login.php' not found or unable to stat
[Sun Oct 12 23:16:15.291086 2014] [:error] [pid 15557] [client 91.105.69.9:39566] script '/var/www/uiweb.ru/www/admin.php' not found or unable to stat
[Mon Oct 13 18:55:31.702179 2014] [:error] [pid 15557] [client 31.8.128.148:43851] script '/var/www/uiweb.ru/www/admin.php' not found or unable to stat
[Mon Oct 13 18:55:35.127428 2014] [:error] [pid 28959] [client 31.8.128.148:43853] script '/var/www/uiweb.ru/www/wp-login.php' not found or unable to stat
[Tue Oct 14 21:30:21.623426 2014] [:error] [pid 1518] [client 136.169.234.25:33146] script '/var/www/uiweb.ru/www/wp-login.php' not found or unable to stat
[Tue Oct 14 21:30:21.866467 2014] [:error] [pid 1515] [client 136.169.234.25:33148] script '/var/www/uiweb.ru/www/admin.php' not found or unable to stat
[Sat Oct 18 18:19:28.493092 2014] [:error] [pid 1518] [client 159.224.139.133:58397] script '/var/www/uiweb.ru/www/wp-login.php' not found or unable to stat
[Sun Oct 19 06:13:13.685456 2014] [:error] [pid 1514] [client 91.105.69.9:35107] script '/var/www/uiweb.ru/www/wp-login.php' not found or unable to stat
[Sun Oct 19 06:13:13.868323 2014] [:error] [pid 1516] [client 91.105.69.9:35110] script '/var/www/uiweb.ru/www/admin.php' not found or unable to stat
[Sun Oct 19 14:54:14.771247 2014] [:error] [pid 1517] [client 212.38.166.15:37520] script '/var/www/uiweb.ru/www/admin.php' not found or unable to stat
[Sun Oct 19 14:54:15.066459 2014] [:error] [pid 1516] [client 212.38.166.15:37522] script '/var/www/uiweb.ru/www/wp-login.php' not found or unable to stat
[Mon Oct 20 12:41:57.200793 2014] [:error] [pid 4090] [client 178.210.65.38:57796] script '/var/www/uiweb.ru/www/wp-login.php' not found or unable to stat
[Tue Oct 21 16:54:01.400420 2014] [:error] [pid 8143] [client 109.120.178.157:34540] script '/var/www/uiweb.ru/www/admin.php' not found or unable to stat
[Tue Oct 21 16:54:01.522458 2014] [:error] [pid 4089] [client 109.120.178.157:34542] script '/var/www/uiweb.ru/www/wp-login.php' not found or unable to stat
[Sat Oct 25 00:34:13.715487 2014] [:error] [pid 1539] [client 193.150.120.207:54474] script '/var/www/uiweb.ru/www/wp-login.php' not found or unable to stat
[Sat Oct 25 00:34:14.186380 2014] [:error] [pid 1538] [client 193.150.120.207:54476] script '/var/www/uiweb.ru/www/admin.php' not found or unable to stat
[Thu Oct 30 23:44:19.807739 2014] [:error] [pid 3616] [client 188.120.255.99:38993] script '/var/www/uiweb.ru/www/wp-login.php' not found or unable to stat
[Thu Oct 30 23:44:19.929227 2014] [:error] [pid 1540] [client 188.120.255.99:38995] script '/var/www/uiweb.ru/www/admin.php' not found or unable to stat
[Sat Nov 01 12:23:59.763988 2014] [:error] [pid 1535] [client 149.154.67.29:32866] script '/var/www/uiweb.ru/www/wp-login.php' not found or unable to stat
[Sat Nov 01 12:23:59.921508 2014] [:error] [pid 12447] [client 149.154.67.29:32868] script '/var/www/uiweb.ru/www/admin.php' not found or unable to stat
[Sat Nov 01 18:14:55.579300 2014] [:error] [pid 1535] [client 188.242.233.78:40012] script '/var/www/uiweb.ru/www/wp-login.php' not found or unable to stat
[Sat Nov 01 18:14:55.717331 2014] [:error] [pid 1533] [client 188.242.233.78:40014] script '/var/www/uiweb.ru/www/admin.php' not found or unable to stat
[Sun Nov 02 03:06:19.996302 2014] [:error] [pid 1531] [client 91.221.108.181:45403] script '/var/www/uiweb.ru/www/wp-login.php' not found or unable to stat
[Sun Nov 02 05:20:18.061974 2014] [:error] [pid 1534] [client 91.221.108.181:46513] script '/var/www/uiweb.ru/www/password_double_opt.php' not found or unable to stat
[Sun Nov 02 20:39:52.066352 2014] [:error] [pid 1512] [client 91.200.163.228:34860] script '/var/www/uiweb.ru/www/wp-login.php' not found or unable to stat
[Sun Nov 02 20:39:52.246945 2014] [:error] [pid 1514] [client 91.200.163.228:34862] script '/var/www/uiweb.ru/www/admin.php' not found or unable to stat
[Sun Nov 02 21:44:31.747609 2014] [:error] [pid 1515] [client 95.67.80.226:34976] script '/var/www/uiweb.ru/www/products.php' not found or unable to stat, referer: http://uiweb.ru/products.php?productID=
[Mon Nov 03 10:09:35.523420 2014] [:error] [pid 1512] [client 178.210.65.38:41359] script '/var/www/uiweb.ru/www/wp-login.php' not found or unable to stat
[Tue Nov 04 02:00:29.726666 2014] [:error] [pid 13605] [client 213.24.125.220:52957] script '/var/www/uiweb.ru/www/admin.php' not found or unable to stat
[Tue Nov 04 21:08:52.508539 2014] [:error] [pid 13624] [client 82.207.108.211:45062] script '/var/www/uiweb.ru/www/wp-login.php' not found or unable to stat
[Tue Nov 04 21:08:53.873081 2014] [:error] [pid 13607] [client 82.207.108.211:45064] script '/var/www/uiweb.ru/www/admin.php' not found or unable to stat
[Sun Nov 09 03:14:54.165179 2014] [:error] [pid 1536] [client 84.33.39.233:60545] script '/var/www/uiweb.ru/www/wp-login.php' not found or unable to stat
[Sun Nov 09 03:45:39.858373 2014] [:error] [pid 1537] [client 95.31.183.85:60546] script '/var/www/uiweb.ru/www/wp-login.php' not found or unable to stat
[Sun Nov 09 03:45:55.956869 2014] [:error] [pid 1539] [client 95.31.183.85:60548] script '/var/www/uiweb.ru/www/admin.php' not found or unable to stat
[Sun Nov 09 23:58:22.569958 2014] [:error] [pid 10186] [client 91.233.244.66:40911] script '/var/www/uiweb.ru/www/wp-login.php' not found or unable to stat
[Sun Nov 09 23:58:22.964264 2014] [:error] [pid 12889] [client 91.233.244.66:40913] script '/var/www/uiweb.ru/www/admin.php' not found or unable to stat
[Mon Nov 10 00:39:20.918289 2014] [:error] [pid 10183] [client 77.93.210.93:40930] script '/var/www/uiweb.ru/www/admin.php' not found or unable to stat
[Mon Nov 10 00:39:22.766296 2014] [:error] [pid 10185] [client 77.93.210.93:40932] script '/var/www/uiweb.ru/www/wp-login.php' not found or unable to stat
[Tue Nov 11 22:10:19.644975 2014] [:error] [pid 16018] [client 176.102.37.84:51614] script '/var/www/uiweb.ru/www/wp-login.php' not found or unable to stat
[Tue Nov 11 22:10:41.408393 2014] [:error] [pid 14632] [client 176.102.37.84:51621] script '/var/www/uiweb.ru/www/admin.php' not found or unable to stat
[Fri Nov 14 20:30:33.812338 2014] [:error] [pid 27248] [client 37.230.117.98:38607] script '/var/www/uiweb.ru/www/wp-login.php' not found or unable to stat
[Fri Nov 14 20:30:34.312161 2014] [:error] [pid 27942] [client 37.230.117.98:38609] script '/var/www/uiweb.ru/www/admin.php' not found or unable to stat
[Sat Nov 15 04:19:56.336769 2014] [:error] [pid 27249] [client 37.9.53.253:39078] script '/var/www/uiweb.ru/www/mod.php' not found or unable to stat
[Sat Nov 15 14:47:58.844979 2014] [:error] [pid 27942] [client 37.9.53.253:39402] script '/var/www/uiweb.ru/www/mod.php' not found or unable to stat
[Sat Nov 15 21:13:24.066850 2014] [:error] [pid 29343] [client 5.39.42.139:39539] script '/var/www/uiweb.ru/www/wp-login.php' not found or unable to stat
[Sat Nov 15 21:13:39.349057 2014] [:error] [pid 27248] [client 5.39.42.139:39541] script '/var/www/uiweb.ru/www/admin.php' not found or unable to stat
[Sun Nov 16 10:02:42.561813 2014] [:error] [pid 18740] [client 94.41.35.207:39812] script '/var/www/uiweb.ru/www/wp-login.php' not found or unable to stat
[Sun Nov 16 10:02:53.099865 2014] [:error] [pid 18737] [client 94.41.35.207:39814] script '/var/www/uiweb.ru/www/admin.php' not found or unable to stat
[Sun Nov 16 19:05:47.492779 2014] [:error] [pid 18739] [client 93.170.147.174:40010] script '/var/www/uiweb.ru/www/wp-login.php' not found or unable to stat
[Mon Nov 17 08:56:14.288315 2014] [:error] [pid 18740] [client 37.9.53.253:43186] script '/var/www/uiweb.ru/www/wso.php' not found or unable to stat
[Tue Nov 18 21:19:44.841268 2014] [:error] [pid 19786] [client 37.9.53.253:42820] script '/var/www/uiweb.ru/www/shell.php' not found or unable to stat
[Thu Nov 20 03:30:21.913129 2014] [:error] [pid 10197] [client 178.210.65.38:37590] script '/var/www/uiweb.ru/www/wp-login.php' not found or unable to stat
[Sat Nov 22 20:57:44.832582 2014] [:error] [pid 1727] [client 178.210.65.38:49145] script '/var/www/uiweb.ru/www/wp-login.php' not found or unable to stat
[Mon Nov 24 04:46:42.673658 2014] [:error] [pid 17309] [client 37.9.53.253:38032] script '/var/www/uiweb.ru/www/405.php' not found or unable to stat
[Thu Nov 27 23:11:59.433042 2014] [:error] [pid 1601] [client 37.9.53.253:36727] script '/var/www/uiweb.ru/www/404.php' not found or unable to stat
[Tue Dec 02 00:36:54.834565 2014] [:error] [pid 1562] [client 79.133.162.230:39065] script '/var/www/uiweb.ru/www/admin.php' not found or unable to stat
[Wed Dec 03 03:50:27.515444 2014] [:error] [pid 6139] [client 5.44.168.89:40642] script '/var/www/uiweb.ru/www/wp-login.php' not found or unable to stat
[Wed Dec 03 10:00:09.993729 2014] [:error] [pid 8701] [client 5.44.168.89:50528] script '/var/www/uiweb.ru/www/wp-login.php' not found or unable to stat
[Thu Dec 04 23:22:47.457678 2014] [:error] [pid 5790] [client 78.47.165.50:56764] script '/var/www/uiweb.ru/www/wp-login.php' not found or unable to stat
[Fri Dec 05 05:42:40.723712 2014] [:error] [pid 1547] [client 86.57.193.53:35048] script '/var/www/uiweb.ru/www/wp-login.php' not found or unable to stat
[Fri Dec 05 05:42:40.868649 2014] [:error] [pid 1549] [client 86.57.193.53:35050] script '/var/www/uiweb.ru/www/admin.php' not found or unable to stat
[Mon Dec 08 18:57:31.175963 2014] [:error] [pid 1544] [client 89.21.79.127:42634] script '/var/www/uiweb.ru/www/wp-login.php' not found or unable to stat
[Mon Dec 08 18:57:31.823179 2014] [:error] [pid 1540] [client 89.21.79.127:42636] script '/var/www/uiweb.ru/www/admin.php' not found or unable to stat
[Wed Dec 10 15:00:04.776402 2014] [:error] [pid 1559] [client 93.170.147.174:58944] script '/var/www/uiweb.ru/www/wp-login.php' not found or unable to stat
[Thu Dec 11 06:33:57.342352 2014] [:error] [pid 6759] [client 82.146.32.138:39246] script '/var/www/uiweb.ru/www/wp-login.php' not found or unable to stat
[Mon Dec 15 03:18:12.368828 2014] [:error] [pid 10456] [client 94.102.91.188:46618] PHP Fatal error:  Cannot instantiate abstract class View in /var/www/uiweb.ru/www/php/core/controller/Controller.php on line 12, referer: http://uiweb.ru/
