79.59.138.228 - - [12/Oct/2014:00:19:18 +0400] "GET /wp-login.php HTTP/1.0" 404 462 "-" "Opera/9.80 (Windows NT 6.1; U; ru) Presto/2.8.131 Version/11.10"
5.255.253.28 - - [12/Oct/2014:01:20:08 +0400] "GET / HTTP/1.0" 200 18823 "-" "Mozilla/5.0 (compatible; YandexBot/3.0; +http://yandex.com/bots)"
157.55.39.88 - - [12/Oct/2014:02:58:22 +0400] "GET / HTTP/1.0" 200 18814 "-" "Mozilla/5.0 (compatible; bingbot/2.0; +http://www.bing.com/bingbot.htm)"
217.12.207.218 - - [12/Oct/2014:03:06:36 +0400] "GET /index.php?option=com_user&view=register HTTP/1.0" 200 80854 "http://uiweb.ru/index.php?option=com_user&view=register" "Mozilla"
62.210.122.123 - - [12/Oct/2014:06:48:09 +0400] "GET / HTTP/1.0" 200 18713 "-" "Mozilla/5.0 (Windows NT 6.1; rv:31.0) Gecko/20100101 Firefox/31.0"
157.55.39.88 - - [12/Oct/2014:06:53:55 +0400] "GET / HTTP/1.0" 200 18815 "-" "Mozilla/5.0 (compatible; bingbot/2.0; +http://www.bing.com/bingbot.htm)"
91.250.15.69 - - [12/Oct/2014:11:48:16 +0400] "GET / HTTP/1.0" 200 81030 "http://mono.name" "Mozilla/5.1 (compatible; MonoBot/1.0; +http://mono.name)"
91.250.15.69 - - [12/Oct/2014:11:48:16 +0400] "GET / HTTP/1.0" 200 81030 "http://mono.name" "Mozilla/5.1 (compatible; MonoBot/1.0; +http://mono.name)"
91.250.15.69 - - [12/Oct/2014:11:48:16 +0400] "GET / HTTP/1.0" 200 81030 "http://mono.name" "Mozilla/5.1 (compatible; MonoBot/1.0; +http://mono.name)"
91.250.15.69 - - [12/Oct/2014:11:48:16 +0400] "GET / HTTP/1.0" 200 81030 "http://mono.name" "Mozilla/5.1 (compatible; MonoBot/1.0; +http://mono.name)"
217.12.207.218 - - [12/Oct/2014:12:19:02 +0400] "GET /index.php?option=com_user&view=register HTTP/1.0" 200 80850 "http://uiweb.ru/index.php?option=com_user&view=register" "Mozilla"
62.113.218.169 - - [12/Oct/2014:17:45:10 +0400] "GET / HTTP/1.0" 200 19031 "https://yandex.ru" "Mozilla/5.0 (Windows NT 6.2; Win64; x64) AppleWebKit/537.36 (KHTML, like Gecko) Chrome/32.0.1667.0 Safari/537.36"
66.249.69.11 - - [12/Oct/2014:18:14:37 +0400] "GET / HTTP/1.0" 200 18748 "-" "Mozilla/5.0 (compatible; Googlebot/2.1; +http://www.google.com/bot.html)"
66.249.69.226 - - [12/Oct/2014:19:14:39 +0400] "GET / HTTP/1.0" 200 18747 "-" "Mozilla/5.0 (compatible; Googlebot/2.1; +http://www.google.com/bot.html)"
157.55.39.88 - - [12/Oct/2014:19:58:29 +0400] "GET / HTTP/1.0" 200 18815 "-" "Mozilla/5.0 (compatible; bingbot/2.0; +http://www.bing.com/bingbot.htm)"
66.249.69.250 - - [12/Oct/2014:22:18:45 +0400] "GET / HTTP/1.0" 200 18759 "-" "Mozilla/5.0 (compatible; Googlebot/2.1; +http://www.google.com/bot.html)"
91.105.69.9 - - [12/Oct/2014:23:16:14 +0400] "GET /wp-login.php HTTP/1.0" 404 462 "-" "Mozilla/4.0 (compatible; Synapse)"
91.105.69.9 - - [12/Oct/2014:23:16:15 +0400] "GET /administrator/index.php HTTP/1.0" 404 473 "-" "Mozilla/4.0 (compatible; Synapse)"
91.105.69.9 - - [12/Oct/2014:23:16:15 +0400] "GET /user/ HTTP/1.0" 404 455 "-" "Mozilla/4.0 (compatible; Synapse)"
91.105.69.9 - - [12/Oct/2014:23:16:15 +0400] "GET /admin.php HTTP/1.0" 404 459 "-" "Mozilla/4.0 (compatible; Synapse)"
91.105.69.9 - - [12/Oct/2014:23:16:15 +0400] "GET / HTTP/1.0" 200 79534 "-" "Mozilla/4.0 (compatible; Synapse)"
157.55.39.88 - - [12/Oct/2014:23:27:19 +0400] "GET / HTTP/1.0" 200 18820 "-" "Mozilla/5.0 (compatible; bingbot/2.0; +http://www.bing.com/bingbot.htm)"
66.249.69.226 - - [13/Oct/2014:01:21:05 +0400] "GET / HTTP/1.0" 200 18755 "-" "Mozilla/5.0 (compatible; Googlebot/2.1; +http://www.google.com/bot.html)"
66.249.69.11 - - [13/Oct/2014:05:12:59 +0400] "GET / HTTP/1.0" 200 18753 "-" "Mozilla/5.0 (compatible; Googlebot/2.1; +http://www.google.com/bot.html)"
109.234.156.66 - - [13/Oct/2014:06:30:22 +0400] "GET / HTTP/1.0" 200 80044 "-" "Mozilla/5.0 (X11; Linux x86_64) AppleWebKit/537.11 (KHTML, like Gecko) Ubuntu Chromium/23.0.1271.97 Chrome/23.0.1271.97 Safari/537.11"
66.249.69.250 - - [13/Oct/2014:08:09:56 +0400] "GET / HTTP/1.0" 200 18754 "-" "Mozilla/5.0 (compatible; Googlebot/2.1; +http://www.google.com/bot.html)"
157.55.39.88 - - [13/Oct/2014:08:48:01 +0400] "GET / HTTP/1.0" 200 18824 "-" "Mozilla/5.0 (compatible; bingbot/2.0; +http://www.bing.com/bingbot.htm)"
66.249.69.226 - - [13/Oct/2014:11:08:53 +0400] "GET / HTTP/1.0" 200 18750 "-" "Mozilla/5.0 (compatible; Googlebot/2.1; +http://www.google.com/bot.html)"
157.55.39.88 - - [13/Oct/2014:11:27:34 +0400] "GET / HTTP/1.0" 200 18818 "-" "Mozilla/5.0 (compatible; bingbot/2.0; +http://www.bing.com/bingbot.htm)"
66.249.69.226 - - [13/Oct/2014:14:05:10 +0400] "GET / HTTP/1.0" 200 18750 "-" "Mozilla/5.0 (compatible; Googlebot/2.1; +http://www.google.com/bot.html)"
31.8.128.148 - - [13/Oct/2014:18:55:31 +0400] "GET /admin.php HTTP/1.0" 404 459 "-" "Opera/9.80 (Windows NT 6.1; U; ru) Presto/2.8.131 Version/11.10"
31.8.128.148 - - [13/Oct/2014:18:55:31 +0400] "GET /administrator/index.php HTTP/1.0" 404 473 "-" "Opera/9.80 (Windows NT 6.1; U; ru) Presto/2.8.131 Version/11.10"
31.8.128.148 - - [13/Oct/2014:18:55:35 +0400] "GET /wp-login.php HTTP/1.0" 404 462 "-" "Opera/9.80 (Windows NT 6.1; U; ru) Presto/2.8.131 Version/11.10"
54.163.102.97 - - [13/Oct/2014:19:51:13 +0400] "GET / HTTP/1.0" 200 79787 "-" "Mozilla/5.0 (Windows; U; Windows NT 6.0; en-US; rv:1.9.2.3) Gecko/20100401 Firefox/3.6.3 GTB6 (.NET CLR 3.5.30729)"
157.55.39.88 - - [13/Oct/2014:22:22:09 +0400] "GET / HTTP/1.0" 200 18820 "-" "Mozilla/5.0 (compatible; bingbot/2.0; +http://www.bing.com/bingbot.htm)"
66.249.79.130 - - [14/Oct/2014:00:16:34 +0400] "GET / HTTP/1.0" 200 18927 "-" "Mozilla/5.0 (iPhone; CPU iPhone OS 6_0 like Mac OS X) AppleWebKit/536.26 (KHTML, like Gecko) Version/6.0 Mobile/10A5376e Safari/8536.25 (compatible; Googlebot/2.1; +http://www.google.com/bot.html)"
66.249.79.39 - - [14/Oct/2014:01:21:25 +0400] "GET / HTTP/1.0" 200 18926 "-" "Mozilla/5.0 (iPhone; CPU iPhone OS 6_0 like Mac OS X) AppleWebKit/536.26 (KHTML, like Gecko) Version/6.0 Mobile/10A5376e Safari/8536.25 (compatible; Googlebot/2.1; +http://www.google.com/bot.html)"
157.55.39.88 - - [14/Oct/2014:01:23:24 +0400] "GET / HTTP/1.0" 200 18829 "-" "Mozilla/5.0 (compatible; bingbot/2.0; +http://www.bing.com/bingbot.htm)"
157.55.39.88 - - [14/Oct/2014:13:37:10 +0400] "GET / HTTP/1.0" 200 18805 "-" "Mozilla/5.0 (compatible; bingbot/2.0; +http://www.bing.com/bingbot.htm)"
157.55.39.88 - - [14/Oct/2014:17:31:00 +0400] "GET / HTTP/1.0" 200 18807 "-" "Mozilla/5.0 (compatible; bingbot/2.0; +http://www.bing.com/bingbot.htm)"
91.214.131.37 - - [14/Oct/2014:18:28:37 +0400] "GET / HTTP/1.0" 200 79939 "-" "GoogleBot 1.0"
5.255.253.28 - - [14/Oct/2014:21:27:35 +0400] "GET / HTTP/1.0" 200 18823 "-" "Mozilla/5.0 (compatible; YandexBot/3.0; +http://yandex.com/bots)"
136.169.234.25 - - [14/Oct/2014:21:30:21 +0400] "GET /wp-login.php HTTP/1.0" 404 462 "-" "Mozilla/5.0 (Windows NT 6.0) AppleWebKit/537.1 (KHTML, like Gecko) Chrome/23.0.1271.17 Safari/537.11"
136.169.234.25 - - [14/Oct/2014:21:30:21 +0400] "GET /administrator/ HTTP/1.0" 404 464 "-" "Mozilla/5.0 (Windows NT 6.0) AppleWebKit/537.1 (KHTML, like Gecko) Chrome/23.0.1271.17 Safari/537.11"
136.169.234.25 - - [14/Oct/2014:21:30:21 +0400] "GET /admin.php HTTP/1.0" 404 459 "-" "Mozilla/5.0 (Windows NT 6.0) AppleWebKit/537.1 (KHTML, like Gecko) Chrome/23.0.1271.17 Safari/537.11"
157.55.39.88 - - [15/Oct/2014:23:41:25 +0400] "GET / HTTP/1.0" 200 18813 "-" "Mozilla/5.0 (compatible; bingbot/2.0; +http://www.bing.com/bingbot.htm)"
157.55.39.88 - - [16/Oct/2014:21:38:36 +0400] "GET / HTTP/1.0" 200 18815 "-" "Mozilla/5.0 (compatible; bingbot/2.0; +http://www.bing.com/bingbot.htm)"
109.234.156.66 - - [17/Oct/2014:06:32:59 +0400] "GET / HTTP/1.0" 200 80042 "-" "Mozilla/5.0 (X11; Linux x86_64) AppleWebKit/537.11 (KHTML, like Gecko) Ubuntu Chromium/23.0.1271.97 Chrome/23.0.1271.97 Safari/537.11"
212.193.117.227 - - [17/Oct/2014:08:56:20 +0400] "GET / HTTP/1.0" 200 18919 "" "Mozilla/5.0 (compatible; statdom.ru/Bot; +http://statdom.ru/bot.html)"
157.55.39.88 - - [17/Oct/2014:09:48:36 +0400] "GET / HTTP/1.0" 200 18815 "-" "Mozilla/5.0 (compatible; bingbot/2.0; +http://www.bing.com/bingbot.htm)"
195.54.213.174 - - [17/Oct/2014:09:50:15 +0400] "GET / HTTP/1.0" 200 18920 "" "Mozilla/5.0 (compatible; statdom.ru/Bot; +http://statdom.ru/bot.html)"
157.55.39.88 - - [17/Oct/2014:13:07:37 +0400] "GET / HTTP/1.0" 200 18815 "-" "Mozilla/5.0 (compatible; bingbot/2.0; +http://www.bing.com/bingbot.htm)"
193.43.252.252 - - [17/Oct/2014:17:10:58 +0400] "GET / HTTP/1.0" 200 81072 "http://getdownload.ws" "Mozilla/5.1 (compatible; DBot/7.0; +http://getdownload.ws)"
193.43.252.252 - - [17/Oct/2014:17:10:58 +0400] "GET / HTTP/1.0" 200 81072 "http://getdownload.ws" "Mozilla/5.1 (compatible; DBot/7.0; +http://getdownload.ws)"
193.43.252.252 - - [17/Oct/2014:17:10:58 +0400] "GET / HTTP/1.0" 200 81072 "http://getdownload.ws" "Mozilla/5.1 (compatible; DBot/7.0; +http://getdownload.ws)"
193.43.252.252 - - [17/Oct/2014:17:10:58 +0400] "GET / HTTP/1.0" 200 81072 "http://getdownload.ws" "Mozilla/5.1 (compatible; DBot/7.0; +http://getdownload.ws)"
66.249.78.4 - - [17/Oct/2014:19:42:40 +0400] "GET / HTTP/1.0" 200 18748 "-" "Mozilla/5.0 (compatible; Googlebot/2.1; +http://www.google.com/bot.html)"
157.55.39.88 - - [18/Oct/2014:02:13:23 +0400] "GET / HTTP/1.0" 200 18816 "-" "Mozilla/5.0 (compatible; bingbot/2.0; +http://www.bing.com/bingbot.htm)"
109.234.156.66 - - [18/Oct/2014:05:09:20 +0400] "GET / HTTP/1.0" 200 80044 "-" "Mozilla/5.0 (X11; Linux x86_64) AppleWebKit/537.11 (KHTML, like Gecko) Ubuntu Chromium/23.0.1271.97 Chrome/23.0.1271.97 Safari/537.11"
157.55.39.88 - - [18/Oct/2014:06:08:47 +0400] "GET / HTTP/1.0" 200 18816 "-" "Mozilla/5.0 (compatible; bingbot/2.0; +http://www.bing.com/bingbot.htm)"
159.224.139.133 - - [18/Oct/2014:18:19:28 +0400] "GET / HTTP/1.0" 200 18960 "-" "Mozilla/5.0 (Windows; U; Windows NT 5.1; en-US) AppleWebKit/534.19 (KHTML, like Gecko) Chrome/11.0.661.0 Safari/534.19"
159.224.139.133 - - [18/Oct/2014:18:19:28 +0400] "GET /wp-login.php HTTP/1.0" 404 462 "-" "Mozilla/5.0 (Windows NT 6.0) AppleWebKit/534.30 (KHTML, like Gecko) Chrome/12.0.742.100 Safari/534.30"
157.55.39.88 - - [18/Oct/2014:19:22:00 +0400] "GET / HTTP/1.0" 200 18822 "-" "Mozilla/5.0 (compatible; bingbot/2.0; +http://www.bing.com/bingbot.htm)"
62.210.74.137 - - [18/Oct/2014:19:36:28 +0400] "HEAD / HTTP/1.0" 200 182 "http://www.mayka63.ru/" "Mozilla/5.0 (X11; Ubuntu; Linux x86_64; rv:31.0) Gecko/20100101 Firefox/31.0"
62.210.74.137 - - [18/Oct/2014:19:36:28 +0400] "HEAD / HTTP/1.0" 200 182 "http://www.mayka63.ru/" "Mozilla/5.0 (X11; Ubuntu; Linux x86_64; rv:31.0) Gecko/20100101 Firefox/31.0"
62.210.74.137 - - [18/Oct/2014:19:36:29 +0400] "HEAD / HTTP/1.0" 200 182 "http://www.mayka63.ru/" "Mozilla/5.0 (X11; Ubuntu; Linux x86_64; rv:31.0) Gecko/20100101 Firefox/31.0"
62.210.74.137 - - [18/Oct/2014:19:36:29 +0400] "HEAD / HTTP/1.0" 200 182 "http://www.mayka63.ru/" "Mozilla/5.0 (X11; Ubuntu; Linux x86_64; rv:31.0) Gecko/20100101 Firefox/31.0"
62.210.74.137 - - [18/Oct/2014:19:36:29 +0400] "HEAD / HTTP/1.0" 200 182 "http://www.mayka63.ru/" "Mozilla/5.0 (X11; Ubuntu; Linux x86_64; rv:31.0) Gecko/20100101 Firefox/31.0"
62.210.74.137 - - [18/Oct/2014:19:36:30 +0400] "HEAD / HTTP/1.0" 200 182 "http://www.mayka63.ru/" "Mozilla/5.0 (X11; Ubuntu; Linux x86_64; rv:31.0) Gecko/20100101 Firefox/31.0"
62.210.74.137 - - [18/Oct/2014:19:36:30 +0400] "HEAD / HTTP/1.0" 200 182 "http://www.mayka63.ru/" "Mozilla/5.0 (X11; Ubuntu; Linux x86_64; rv:31.0) Gecko/20100101 Firefox/31.0"
62.210.74.137 - - [18/Oct/2014:19:36:30 +0400] "HEAD / HTTP/1.0" 200 182 "http://www.mayka63.ru/" "Mozilla/5.0 (X11; Ubuntu; Linux x86_64; rv:31.0) Gecko/20100101 Firefox/31.0"
62.210.74.137 - - [18/Oct/2014:19:36:31 +0400] "HEAD / HTTP/1.0" 200 182 "http://www.mayka63.ru/" "Mozilla/5.0 (X11; Ubuntu; Linux x86_64; rv:31.0) Gecko/20100101 Firefox/31.0"
62.210.74.137 - - [18/Oct/2014:19:36:31 +0400] "HEAD / HTTP/1.0" 200 182 "http://www.mayka63.ru/" "Mozilla/5.0 (X11; Ubuntu; Linux x86_64; rv:31.0) Gecko/20100101 Firefox/31.0"
62.210.74.137 - - [18/Oct/2014:19:36:32 +0400] "HEAD / HTTP/1.0" 200 182 "http://www.mayka63.ru/" "Mozilla/5.0 (X11; Ubuntu; Linux x86_64; rv:31.0) Gecko/20100101 Firefox/31.0"
62.210.74.137 - - [18/Oct/2014:19:36:32 +0400] "HEAD / HTTP/1.0" 200 182 "http://www.mayka63.ru/" "Mozilla/5.0 (X11; Ubuntu; Linux x86_64; rv:31.0) Gecko/20100101 Firefox/31.0"
62.210.74.137 - - [18/Oct/2014:19:36:32 +0400] "HEAD / HTTP/1.0" 200 182 "http://www.mayka63.ru/" "Mozilla/5.0 (X11; Ubuntu; Linux x86_64; rv:31.0) Gecko/20100101 Firefox/31.0"
62.210.74.137 - - [18/Oct/2014:19:36:33 +0400] "HEAD / HTTP/1.0" 200 182 "http://www.mayka63.ru/" "Mozilla/5.0 (X11; Ubuntu; Linux x86_64; rv:31.0) Gecko/20100101 Firefox/31.0"
62.210.74.137 - - [18/Oct/2014:19:36:33 +0400] "HEAD / HTTP/1.0" 200 182 "http://www.mayka63.ru/" "Mozilla/5.0 (X11; Ubuntu; Linux x86_64; rv:31.0) Gecko/20100101 Firefox/31.0"
62.210.74.137 - - [18/Oct/2014:19:36:34 +0400] "HEAD / HTTP/1.0" 200 182 "http://www.mayka63.ru/" "Mozilla/5.0 (X11; Ubuntu; Linux x86_64; rv:31.0) Gecko/20100101 Firefox/31.0"
62.210.74.137 - - [18/Oct/2014:19:36:34 +0400] "HEAD / HTTP/1.0" 200 182 "http://www.mayka63.ru/" "Mozilla/5.0 (X11; Ubuntu; Linux x86_64; rv:31.0) Gecko/20100101 Firefox/31.0"
62.210.74.137 - - [18/Oct/2014:19:36:34 +0400] "HEAD / HTTP/1.0" 200 182 "http://www.mayka63.ru/" "Mozilla/5.0 (X11; Ubuntu; Linux x86_64; rv:31.0) Gecko/20100101 Firefox/31.0"
62.210.74.137 - - [18/Oct/2014:19:36:35 +0400] "HEAD / HTTP/1.0" 200 182 "http://www.mayka63.ru/" "Mozilla/5.0 (X11; Ubuntu; Linux x86_64; rv:31.0) Gecko/20100101 Firefox/31.0"
62.210.74.137 - - [18/Oct/2014:19:36:35 +0400] "HEAD / HTTP/1.0" 200 182 "http://www.mayka63.ru/" "Mozilla/5.0 (X11; Ubuntu; Linux x86_64; rv:31.0) Gecko/20100101 Firefox/31.0"
62.210.74.137 - - [18/Oct/2014:19:36:35 +0400] "HEAD / HTTP/1.0" 200 182 "http://www.mayka63.ru/" "Mozilla/5.0 (X11; Ubuntu; Linux x86_64; rv:31.0) Gecko/20100101 Firefox/31.0"
62.210.74.137 - - [18/Oct/2014:19:36:36 +0400] "HEAD / HTTP/1.0" 200 182 "http://www.mayka63.ru/" "Mozilla/5.0 (X11; Ubuntu; Linux x86_64; rv:31.0) Gecko/20100101 Firefox/31.0"
62.210.74.137 - - [18/Oct/2014:19:36:36 +0400] "HEAD / HTTP/1.0" 200 182 "http://www.mayka63.ru/" "Mozilla/5.0 (X11; Ubuntu; Linux x86_64; rv:31.0) Gecko/20100101 Firefox/31.0"
62.210.74.137 - - [18/Oct/2014:19:36:36 +0400] "HEAD / HTTP/1.0" 200 182 "http://www.mayka63.ru/" "Mozilla/5.0 (X11; Ubuntu; Linux x86_64; rv:31.0) Gecko/20100101 Firefox/31.0"
62.210.74.137 - - [18/Oct/2014:19:36:37 +0400] "HEAD / HTTP/1.0" 200 182 "http://www.mayka63.ru/" "Mozilla/5.0 (X11; Ubuntu; Linux x86_64; rv:31.0) Gecko/20100101 Firefox/31.0"
62.210.74.137 - - [18/Oct/2014:19:36:37 +0400] "HEAD / HTTP/1.0" 200 182 "http://www.mayka63.ru/" "Mozilla/5.0 (X11; Ubuntu; Linux x86_64; rv:31.0) Gecko/20100101 Firefox/31.0"
62.210.74.137 - - [18/Oct/2014:19:36:37 +0400] "HEAD / HTTP/1.0" 200 182 "http://www.mayka63.ru/" "Mozilla/5.0 (X11; Ubuntu; Linux x86_64; rv:31.0) Gecko/20100101 Firefox/31.0"
62.210.74.137 - - [18/Oct/2014:19:36:38 +0400] "HEAD / HTTP/1.0" 200 182 "http://www.mayka63.ru/" "Mozilla/5.0 (X11; Ubuntu; Linux x86_64; rv:31.0) Gecko/20100101 Firefox/31.0"
62.210.74.137 - - [18/Oct/2014:19:36:38 +0400] "HEAD / HTTP/1.0" 200 182 "http://www.mayka63.ru/" "Mozilla/5.0 (X11; Ubuntu; Linux x86_64; rv:31.0) Gecko/20100101 Firefox/31.0"
62.210.74.137 - - [18/Oct/2014:19:36:38 +0400] "HEAD / HTTP/1.0" 200 182 "http://www.mayka63.ru/" "Mozilla/5.0 (X11; Ubuntu; Linux x86_64; rv:31.0) Gecko/20100101 Firefox/31.0"
62.210.74.137 - - [18/Oct/2014:19:36:39 +0400] "HEAD / HTTP/1.0" 200 182 "http://www.mayka63.ru/" "Mozilla/5.0 (X11; Ubuntu; Linux x86_64; rv:31.0) Gecko/20100101 Firefox/31.0"
62.210.74.137 - - [18/Oct/2014:19:36:39 +0400] "HEAD / HTTP/1.0" 200 182 "http://www.mayka63.ru/" "Mozilla/5.0 (X11; Ubuntu; Linux x86_64; rv:31.0) Gecko/20100101 Firefox/31.0"
62.210.74.137 - - [18/Oct/2014:19:36:40 +0400] "HEAD / HTTP/1.0" 200 182 "http://www.mayka63.ru/" "Mozilla/5.0 (X11; Ubuntu; Linux x86_64; rv:31.0) Gecko/20100101 Firefox/31.0"
62.210.74.137 - - [18/Oct/2014:19:36:40 +0400] "HEAD / HTTP/1.0" 200 182 "http://www.mayka63.ru/" "Mozilla/5.0 (X11; Ubuntu; Linux x86_64; rv:31.0) Gecko/20100101 Firefox/31.0"
62.210.74.137 - - [18/Oct/2014:19:36:40 +0400] "HEAD / HTTP/1.0" 200 182 "http://www.mayka63.ru/" "Mozilla/5.0 (X11; Ubuntu; Linux x86_64; rv:31.0) Gecko/20100101 Firefox/31.0"
62.210.74.137 - - [18/Oct/2014:19:36:40 +0400] "HEAD / HTTP/1.0" 200 182 "http://www.mayka63.ru/" "Mozilla/5.0 (X11; Ubuntu; Linux x86_64; rv:31.0) Gecko/20100101 Firefox/31.0"
62.210.74.137 - - [18/Oct/2014:19:36:41 +0400] "HEAD / HTTP/1.0" 200 182 "http://www.mayka63.ru/" "Mozilla/5.0 (X11; Ubuntu; Linux x86_64; rv:31.0) Gecko/20100101 Firefox/31.0"
62.210.74.137 - - [18/Oct/2014:19:36:41 +0400] "HEAD / HTTP/1.0" 200 182 "http://www.mayka63.ru/" "Mozilla/5.0 (X11; Ubuntu; Linux x86_64; rv:31.0) Gecko/20100101 Firefox/31.0"
62.210.74.137 - - [18/Oct/2014:19:36:41 +0400] "HEAD / HTTP/1.0" 200 182 "http://www.mayka63.ru/" "Mozilla/5.0 (X11; Ubuntu; Linux x86_64; rv:31.0) Gecko/20100101 Firefox/31.0"
62.210.74.137 - - [18/Oct/2014:19:36:41 +0400] "HEAD / HTTP/1.0" 200 182 "http://www.mayka63.ru/" "Mozilla/5.0 (X11; Ubuntu; Linux x86_64; rv:31.0) Gecko/20100101 Firefox/31.0"
62.210.74.137 - - [18/Oct/2014:19:36:42 +0400] "HEAD / HTTP/1.0" 200 182 "http://www.mayka63.ru/" "Mozilla/5.0 (X11; Ubuntu; Linux x86_64; rv:31.0) Gecko/20100101 Firefox/31.0"
62.210.74.137 - - [18/Oct/2014:19:36:42 +0400] "HEAD / HTTP/1.0" 200 182 "http://www.mayka63.ru/" "Mozilla/5.0 (X11; Ubuntu; Linux x86_64; rv:31.0) Gecko/20100101 Firefox/31.0"
62.210.74.137 - - [18/Oct/2014:19:36:42 +0400] "HEAD / HTTP/1.0" 200 182 "http://www.mayka63.ru/" "Mozilla/5.0 (X11; Ubuntu; Linux x86_64; rv:31.0) Gecko/20100101 Firefox/31.0"
62.210.74.137 - - [18/Oct/2014:19:36:43 +0400] "HEAD / HTTP/1.0" 200 182 "http://www.mayka63.ru/" "Mozilla/5.0 (X11; Ubuntu; Linux x86_64; rv:31.0) Gecko/20100101 Firefox/31.0"
62.210.74.137 - - [18/Oct/2014:19:36:43 +0400] "HEAD / HTTP/1.0" 200 182 "http://www.mayka63.ru/" "Mozilla/5.0 (X11; Ubuntu; Linux x86_64; rv:31.0) Gecko/20100101 Firefox/31.0"
62.210.74.137 - - [18/Oct/2014:19:36:44 +0400] "HEAD / HTTP/1.0" 200 182 "http://www.mayka63.ru/" "Mozilla/5.0 (X11; Ubuntu; Linux x86_64; rv:31.0) Gecko/20100101 Firefox/31.0"
62.210.74.137 - - [18/Oct/2014:19:36:44 +0400] "HEAD / HTTP/1.0" 200 182 "http://www.mayka63.ru/" "Mozilla/5.0 (X11; Ubuntu; Linux x86_64; rv:31.0) Gecko/20100101 Firefox/31.0"
62.210.74.137 - - [18/Oct/2014:19:36:44 +0400] "HEAD / HTTP/1.0" 200 182 "http://www.mayka63.ru/" "Mozilla/5.0 (X11; Ubuntu; Linux x86_64; rv:31.0) Gecko/20100101 Firefox/31.0"
62.210.74.137 - - [18/Oct/2014:19:36:45 +0400] "HEAD / HTTP/1.0" 200 182 "http://www.mayka63.ru/" "Mozilla/5.0 (X11; Ubuntu; Linux x86_64; rv:31.0) Gecko/20100101 Firefox/31.0"
62.210.74.137 - - [18/Oct/2014:19:36:45 +0400] "HEAD / HTTP/1.0" 200 182 "http://www.mayka63.ru/" "Mozilla/5.0 (X11; Ubuntu; Linux x86_64; rv:31.0) Gecko/20100101 Firefox/31.0"
62.210.74.137 - - [18/Oct/2014:19:36:45 +0400] "HEAD / HTTP/1.0" 200 182 "http://www.mayka63.ru/" "Mozilla/5.0 (X11; Ubuntu; Linux x86_64; rv:31.0) Gecko/20100101 Firefox/31.0"
62.210.74.137 - - [18/Oct/2014:19:36:46 +0400] "HEAD / HTTP/1.0" 200 182 "http://www.mayka63.ru/" "Mozilla/5.0 (X11; Ubuntu; Linux x86_64; rv:31.0) Gecko/20100101 Firefox/31.0"
62.210.74.137 - - [18/Oct/2014:19:36:46 +0400] "HEAD / HTTP/1.0" 200 182 "http://www.mayka63.ru/" "Mozilla/5.0 (X11; Ubuntu; Linux x86_64; rv:31.0) Gecko/20100101 Firefox/31.0"
62.210.74.137 - - [18/Oct/2014:19:36:46 +0400] "HEAD / HTTP/1.0" 200 182 "http://www.mayka63.ru/" "Mozilla/5.0 (X11; Ubuntu; Linux x86_64; rv:31.0) Gecko/20100101 Firefox/31.0"
62.210.74.137 - - [18/Oct/2014:19:36:47 +0400] "HEAD / HTTP/1.0" 200 182 "http://www.mayka63.ru/" "Mozilla/5.0 (X11; Ubuntu; Linux x86_64; rv:31.0) Gecko/20100101 Firefox/31.0"
62.210.74.137 - - [18/Oct/2014:19:36:47 +0400] "HEAD / HTTP/1.0" 200 182 "http://www.mayka63.ru/" "Mozilla/5.0 (X11; Ubuntu; Linux x86_64; rv:31.0) Gecko/20100101 Firefox/31.0"
62.210.74.137 - - [18/Oct/2014:19:36:47 +0400] "HEAD / HTTP/1.0" 200 182 "http://www.mayka63.ru/" "Mozilla/5.0 (X11; Ubuntu; Linux x86_64; rv:31.0) Gecko/20100101 Firefox/31.0"
62.210.74.137 - - [18/Oct/2014:19:36:48 +0400] "HEAD / HTTP/1.0" 200 182 "http://www.mayka63.ru/" "Mozilla/5.0 (X11; Ubuntu; Linux x86_64; rv:31.0) Gecko/20100101 Firefox/31.0"
62.210.74.137 - - [18/Oct/2014:19:36:48 +0400] "HEAD / HTTP/1.0" 200 182 "http://www.mayka63.ru/" "Mozilla/5.0 (X11; Ubuntu; Linux x86_64; rv:31.0) Gecko/20100101 Firefox/31.0"
62.210.74.137 - - [18/Oct/2014:19:36:48 +0400] "HEAD / HTTP/1.0" 200 182 "http://www.mayka63.ru/" "Mozilla/5.0 (X11; Ubuntu; Linux x86_64; rv:31.0) Gecko/20100101 Firefox/31.0"
62.210.74.137 - - [18/Oct/2014:19:36:49 +0400] "HEAD / HTTP/1.0" 200 182 "http://www.mayka63.ru/" "Mozilla/5.0 (X11; Ubuntu; Linux x86_64; rv:31.0) Gecko/20100101 Firefox/31.0"
62.210.74.137 - - [18/Oct/2014:19:36:49 +0400] "HEAD / HTTP/1.0" 200 182 "http://www.mayka63.ru/" "Mozilla/5.0 (X11; Ubuntu; Linux x86_64; rv:31.0) Gecko/20100101 Firefox/31.0"
62.210.74.137 - - [18/Oct/2014:19:36:49 +0400] "HEAD / HTTP/1.0" 200 182 "http://www.mayka63.ru/" "Mozilla/5.0 (X11; Ubuntu; Linux x86_64; rv:31.0) Gecko/20100101 Firefox/31.0"
62.210.74.137 - - [18/Oct/2014:19:36:49 +0400] "HEAD / HTTP/1.0" 200 182 "http://www.mayka63.ru/" "Mozilla/5.0 (X11; Ubuntu; Linux x86_64; rv:31.0) Gecko/20100101 Firefox/31.0"
62.210.74.137 - - [18/Oct/2014:19:36:50 +0400] "HEAD / HTTP/1.0" 200 182 "http://www.mayka63.ru/" "Mozilla/5.0 (X11; Ubuntu; Linux x86_64; rv:31.0) Gecko/20100101 Firefox/31.0"
62.210.74.137 - - [18/Oct/2014:19:36:50 +0400] "HEAD / HTTP/1.0" 200 182 "http://www.mayka63.ru/" "Mozilla/5.0 (X11; Ubuntu; Linux x86_64; rv:31.0) Gecko/20100101 Firefox/31.0"
62.210.74.137 - - [18/Oct/2014:19:36:51 +0400] "HEAD / HTTP/1.0" 200 182 "http://www.mayka63.ru/" "Mozilla/5.0 (X11; Ubuntu; Linux x86_64; rv:31.0) Gecko/20100101 Firefox/31.0"
62.210.74.137 - - [18/Oct/2014:19:36:51 +0400] "HEAD / HTTP/1.0" 200 182 "http://www.mayka63.ru/" "Mozilla/5.0 (X11; Ubuntu; Linux x86_64; rv:31.0) Gecko/20100101 Firefox/31.0"
62.210.74.137 - - [18/Oct/2014:19:36:51 +0400] "HEAD / HTTP/1.0" 200 182 "http://www.mayka63.ru/" "Mozilla/5.0 (X11; Ubuntu; Linux x86_64; rv:31.0) Gecko/20100101 Firefox/31.0"
62.210.74.137 - - [18/Oct/2014:19:36:51 +0400] "HEAD / HTTP/1.0" 200 182 "http://www.mayka63.ru/" "Mozilla/5.0 (X11; Ubuntu; Linux x86_64; rv:31.0) Gecko/20100101 Firefox/31.0"
62.210.74.137 - - [18/Oct/2014:19:36:52 +0400] "HEAD / HTTP/1.0" 200 182 "http://www.mayka63.ru/" "Mozilla/5.0 (X11; Ubuntu; Linux x86_64; rv:31.0) Gecko/20100101 Firefox/31.0"
62.210.74.137 - - [18/Oct/2014:19:36:52 +0400] "HEAD / HTTP/1.0" 200 182 "http://www.mayka63.ru/" "Mozilla/5.0 (X11; Ubuntu; Linux x86_64; rv:31.0) Gecko/20100101 Firefox/31.0"
62.210.74.137 - - [18/Oct/2014:19:36:52 +0400] "HEAD / HTTP/1.0" 200 182 "http://www.mayka63.ru/" "Mozilla/5.0 (X11; Ubuntu; Linux x86_64; rv:31.0) Gecko/20100101 Firefox/31.0"
62.210.74.137 - - [18/Oct/2014:19:36:53 +0400] "HEAD / HTTP/1.0" 200 182 "http://www.mayka63.ru/" "Mozilla/5.0 (X11; Ubuntu; Linux x86_64; rv:31.0) Gecko/20100101 Firefox/31.0"
62.210.74.137 - - [18/Oct/2014:19:36:53 +0400] "HEAD / HTTP/1.0" 200 182 "http://www.mayka63.ru/" "Mozilla/5.0 (X11; Ubuntu; Linux x86_64; rv:31.0) Gecko/20100101 Firefox/31.0"
62.210.74.137 - - [18/Oct/2014:19:36:53 +0400] "HEAD / HTTP/1.0" 200 182 "http://www.mayka63.ru/" "Mozilla/5.0 (X11; Ubuntu; Linux x86_64; rv:31.0) Gecko/20100101 Firefox/31.0"
62.210.74.137 - - [18/Oct/2014:19:36:53 +0400] "HEAD / HTTP/1.0" 200 182 "http://www.mayka63.ru/" "Mozilla/5.0 (X11; Ubuntu; Linux x86_64; rv:31.0) Gecko/20100101 Firefox/31.0"
62.210.74.137 - - [18/Oct/2014:19:36:54 +0400] "HEAD / HTTP/1.0" 200 182 "http://www.mayka63.ru/" "Mozilla/5.0 (X11; Ubuntu; Linux x86_64; rv:31.0) Gecko/20100101 Firefox/31.0"
62.210.74.137 - - [18/Oct/2014:19:36:54 +0400] "HEAD / HTTP/1.0" 200 182 "http://www.mayka63.ru/" "Mozilla/5.0 (X11; Ubuntu; Linux x86_64; rv:31.0) Gecko/20100101 Firefox/31.0"
62.210.74.137 - - [18/Oct/2014:19:36:54 +0400] "HEAD / HTTP/1.0" 200 182 "http://www.mayka63.ru/" "Mozilla/5.0 (X11; Ubuntu; Linux x86_64; rv:31.0) Gecko/20100101 Firefox/31.0"
62.210.74.137 - - [18/Oct/2014:19:36:55 +0400] "HEAD / HTTP/1.0" 200 182 "http://www.mayka63.ru/" "Mozilla/5.0 (X11; Ubuntu; Linux x86_64; rv:31.0) Gecko/20100101 Firefox/31.0"
62.210.74.137 - - [18/Oct/2014:19:36:55 +0400] "HEAD / HTTP/1.0" 200 182 "http://www.mayka63.ru/" "Mozilla/5.0 (X11; Ubuntu; Linux x86_64; rv:31.0) Gecko/20100101 Firefox/31.0"
62.210.74.137 - - [18/Oct/2014:19:36:55 +0400] "HEAD / HTTP/1.0" 200 182 "http://www.mayka63.ru/" "Mozilla/5.0 (X11; Ubuntu; Linux x86_64; rv:31.0) Gecko/20100101 Firefox/31.0"
62.210.74.137 - - [18/Oct/2014:19:36:56 +0400] "HEAD / HTTP/1.0" 200 182 "http://www.mayka63.ru/" "Mozilla/5.0 (X11; Ubuntu; Linux x86_64; rv:31.0) Gecko/20100101 Firefox/31.0"
62.210.74.137 - - [18/Oct/2014:19:36:56 +0400] "HEAD / HTTP/1.0" 200 182 "http://www.mayka63.ru/" "Mozilla/5.0 (X11; Ubuntu; Linux x86_64; rv:31.0) Gecko/20100101 Firefox/31.0"
62.210.74.137 - - [18/Oct/2014:19:36:56 +0400] "HEAD / HTTP/1.0" 200 182 "http://www.mayka63.ru/" "Mozilla/5.0 (X11; Ubuntu; Linux x86_64; rv:31.0) Gecko/20100101 Firefox/31.0"
62.210.74.137 - - [18/Oct/2014:19:36:56 +0400] "HEAD / HTTP/1.0" 200 182 "http://www.mayka63.ru/" "Mozilla/5.0 (X11; Ubuntu; Linux x86_64; rv:31.0) Gecko/20100101 Firefox/31.0"
62.210.74.137 - - [18/Oct/2014:19:36:57 +0400] "HEAD / HTTP/1.0" 200 182 "http://www.mayka63.ru/" "Mozilla/5.0 (X11; Ubuntu; Linux x86_64; rv:31.0) Gecko/20100101 Firefox/31.0"
62.210.74.137 - - [18/Oct/2014:19:36:57 +0400] "HEAD / HTTP/1.0" 200 182 "http://www.mayka63.ru/" "Mozilla/5.0 (X11; Ubuntu; Linux x86_64; rv:31.0) Gecko/20100101 Firefox/31.0"
62.210.74.137 - - [18/Oct/2014:19:36:57 +0400] "HEAD / HTTP/1.0" 200 182 "http://www.mayka63.ru/" "Mozilla/5.0 (X11; Ubuntu; Linux x86_64; rv:31.0) Gecko/20100101 Firefox/31.0"
62.210.74.137 - - [18/Oct/2014:19:36:58 +0400] "HEAD / HTTP/1.0" 200 182 "http://www.mayka63.ru/" "Mozilla/5.0 (X11; Ubuntu; Linux x86_64; rv:31.0) Gecko/20100101 Firefox/31.0"
62.210.74.137 - - [18/Oct/2014:19:36:58 +0400] "HEAD / HTTP/1.0" 200 182 "http://www.mayka63.ru/" "Mozilla/5.0 (X11; Ubuntu; Linux x86_64; rv:31.0) Gecko/20100101 Firefox/31.0"
62.210.74.137 - - [18/Oct/2014:19:36:58 +0400] "HEAD / HTTP/1.0" 200 182 "http://www.mayka63.ru/" "Mozilla/5.0 (X11; Ubuntu; Linux x86_64; rv:31.0) Gecko/20100101 Firefox/31.0"
62.210.74.137 - - [18/Oct/2014:19:36:59 +0400] "HEAD / HTTP/1.0" 200 182 "http://www.mayka63.ru/" "Mozilla/5.0 (X11; Ubuntu; Linux x86_64; rv:31.0) Gecko/20100101 Firefox/31.0"
62.210.74.137 - - [18/Oct/2014:19:36:59 +0400] "HEAD / HTTP/1.0" 200 182 "http://www.mayka63.ru/" "Mozilla/5.0 (X11; Ubuntu; Linux x86_64; rv:31.0) Gecko/20100101 Firefox/31.0"
62.210.74.137 - - [18/Oct/2014:19:36:59 +0400] "HEAD / HTTP/1.0" 200 182 "http://www.mayka63.ru/" "Mozilla/5.0 (X11; Ubuntu; Linux x86_64; rv:31.0) Gecko/20100101 Firefox/31.0"
62.210.74.137 - - [18/Oct/2014:19:37:00 +0400] "HEAD / HTTP/1.0" 200 182 "http://www.mayka63.ru/" "Mozilla/5.0 (X11; Ubuntu; Linux x86_64; rv:31.0) Gecko/20100101 Firefox/31.0"
62.210.74.137 - - [18/Oct/2014:19:37:00 +0400] "HEAD / HTTP/1.0" 200 182 "http://www.mayka63.ru/" "Mozilla/5.0 (X11; Ubuntu; Linux x86_64; rv:31.0) Gecko/20100101 Firefox/31.0"
62.210.74.137 - - [18/Oct/2014:19:37:00 +0400] "HEAD / HTTP/1.0" 200 182 "http://www.mayka63.ru/" "Mozilla/5.0 (X11; Ubuntu; Linux x86_64; rv:31.0) Gecko/20100101 Firefox/31.0"
62.210.74.137 - - [18/Oct/2014:19:37:00 +0400] "HEAD / HTTP/1.0" 200 182 "http://www.mayka63.ru/" "Mozilla/5.0 (X11; Ubuntu; Linux x86_64; rv:31.0) Gecko/20100101 Firefox/31.0"
195.154.243.53 - - [18/Oct/2014:19:37:01 +0400] "HEAD / HTTP/1.0" 200 182 "http://www.mayka63.ru/" "Mozilla/5.0 (X11; Ubuntu; Linux x86_64; rv:31.0) Gecko/20100101 Firefox/31.0"
195.154.243.53 - - [18/Oct/2014:19:37:02 +0400] "HEAD / HTTP/1.0" 200 182 "http://www.mayka63.ru/" "Mozilla/5.0 (X11; Ubuntu; Linux x86_64; rv:31.0) Gecko/20100101 Firefox/31.0"
195.154.243.53 - - [18/Oct/2014:19:37:03 +0400] "HEAD / HTTP/1.0" 200 182 "http://www.mayka63.ru/" "Mozilla/5.0 (X11; Ubuntu; Linux x86_64; rv:31.0) Gecko/20100101 Firefox/31.0"
195.154.243.53 - - [18/Oct/2014:19:37:03 +0400] "HEAD / HTTP/1.0" 200 182 "http://www.mayka63.ru/" "Mozilla/5.0 (X11; Ubuntu; Linux x86_64; rv:31.0) Gecko/20100101 Firefox/31.0"
195.154.243.53 - - [18/Oct/2014:19:37:03 +0400] "HEAD / HTTP/1.0" 200 182 "http://www.mayka63.ru/" "Mozilla/5.0 (X11; Ubuntu; Linux x86_64; rv:31.0) Gecko/20100101 Firefox/31.0"
195.154.243.53 - - [18/Oct/2014:19:37:04 +0400] "HEAD / HTTP/1.0" 200 182 "http://www.mayka63.ru/" "Mozilla/5.0 (X11; Ubuntu; Linux x86_64; rv:31.0) Gecko/20100101 Firefox/31.0"
195.154.243.53 - - [18/Oct/2014:19:37:04 +0400] "HEAD / HTTP/1.0" 200 182 "http://www.mayka63.ru/" "Mozilla/5.0 (X11; Ubuntu; Linux x86_64; rv:31.0) Gecko/20100101 Firefox/31.0"
195.154.243.53 - - [18/Oct/2014:19:37:04 +0400] "HEAD / HTTP/1.0" 200 182 "http://www.mayka63.ru/" "Mozilla/5.0 (X11; Ubuntu; Linux x86_64; rv:31.0) Gecko/20100101 Firefox/31.0"
195.154.243.53 - - [18/Oct/2014:19:37:05 +0400] "HEAD / HTTP/1.0" 200 182 "http://www.mayka63.ru/" "Mozilla/5.0 (X11; Ubuntu; Linux x86_64; rv:31.0) Gecko/20100101 Firefox/31.0"
195.154.243.53 - - [18/Oct/2014:19:37:05 +0400] "HEAD / HTTP/1.0" 200 182 "http://www.mayka63.ru/" "Mozilla/5.0 (X11; Ubuntu; Linux x86_64; rv:31.0) Gecko/20100101 Firefox/31.0"
195.154.243.53 - - [18/Oct/2014:19:37:06 +0400] "HEAD / HTTP/1.0" 200 182 "http://www.mayka63.ru/" "Mozilla/5.0 (X11; Ubuntu; Linux x86_64; rv:31.0) Gecko/20100101 Firefox/31.0"
195.154.243.53 - - [18/Oct/2014:19:37:06 +0400] "HEAD / HTTP/1.0" 200 182 "http://www.mayka63.ru/" "Mozilla/5.0 (X11; Ubuntu; Linux x86_64; rv:31.0) Gecko/20100101 Firefox/31.0"
195.154.243.53 - - [18/Oct/2014:19:37:06 +0400] "HEAD / HTTP/1.0" 200 182 "http://www.mayka63.ru/" "Mozilla/5.0 (X11; Ubuntu; Linux x86_64; rv:31.0) Gecko/20100101 Firefox/31.0"
195.154.243.53 - - [18/Oct/2014:19:37:07 +0400] "HEAD / HTTP/1.0" 200 182 "http://www.mayka63.ru/" "Mozilla/5.0 (X11; Ubuntu; Linux x86_64; rv:31.0) Gecko/20100101 Firefox/31.0"
157.55.39.88 - - [18/Oct/2014:23:20:55 +0400] "GET / HTTP/1.0" 200 18824 "-" "Mozilla/5.0 (compatible; bingbot/2.0; +http://www.bing.com/bingbot.htm)"
66.249.78.10 - - [19/Oct/2014:00:04:45 +0400] "GET / HTTP/1.0" 200 18926 "-" "Mozilla/5.0 (iPhone; CPU iPhone OS 6_0 like Mac OS X) AppleWebKit/536.26 (KHTML, like Gecko) Version/6.0 Mobile/10A5376e Safari/8536.25 (compatible; Googlebot/2.1; +http://www.google.com/bot.html)"
66.249.67.130 - - [19/Oct/2014:00:25:54 +0400] "GET / HTTP/1.0" 200 18928 "-" "Mozilla/5.0 (iPhone; CPU iPhone OS 6_0 like Mac OS X) AppleWebKit/536.26 (KHTML, like Gecko) Version/6.0 Mobile/10A5376e Safari/8536.25 (compatible; Googlebot/2.1; +http://www.google.com/bot.html)"
109.234.156.66 - - [19/Oct/2014:05:58:09 +0400] "GET / HTTP/1.0" 200 80044 "-" "Mozilla/5.0 (X11; Linux x86_64) AppleWebKit/537.11 (KHTML, like Gecko) Ubuntu Chromium/23.0.1271.97 Chrome/23.0.1271.97 Safari/537.11"
91.105.69.9 - - [19/Oct/2014:06:13:13 +0400] "GET /wp-login.php HTTP/1.0" 404 462 "-" "Mozilla/4.0 (compatible; Synapse)"
91.105.69.9 - - [19/Oct/2014:06:13:13 +0400] "GET /administrator/index.php HTTP/1.0" 404 473 "-" "Mozilla/4.0 (compatible; Synapse)"
91.105.69.9 - - [19/Oct/2014:06:13:13 +0400] "GET /user/ HTTP/1.0" 404 455 "-" "Mozilla/4.0 (compatible; Synapse)"
91.105.69.9 - - [19/Oct/2014:06:13:13 +0400] "GET /admin.php HTTP/1.0" 404 459 "-" "Mozilla/4.0 (compatible; Synapse)"
91.105.69.9 - - [19/Oct/2014:06:13:13 +0400] "GET / HTTP/1.0" 200 79533 "-" "Mozilla/4.0 (compatible; Synapse)"
157.55.39.88 - - [19/Oct/2014:11:39:24 +0400] "GET / HTTP/1.0" 200 18819 "-" "Mozilla/5.0 (compatible; bingbot/2.0; +http://www.bing.com/bingbot.htm)"
66.249.78.89 - - [19/Oct/2014:11:54:58 +0400] "GET / HTTP/1.0" 200 18924 "-" "Mozilla/5.0 (iPhone; CPU iPhone OS 6_0 like Mac OS X) AppleWebKit/536.26 (KHTML, like Gecko) Version/6.0 Mobile/10A5376e Safari/8536.25 (compatible; Googlebot/2.1; +http://www.google.com/bot.html)"
157.55.39.88 - - [19/Oct/2014:14:40:47 +0400] "GET / HTTP/1.0" 200 18822 "-" "Mozilla/5.0 (compatible; bingbot/2.0; +http://www.bing.com/bingbot.htm)"
212.38.166.15 - - [19/Oct/2014:14:54:14 +0400] "GET /admin.php HTTP/1.0" 404 459 "-" "Opera/9.80 (Windows NT 6.1; U; ru) Presto/2.8.131 Version/11.10"
212.38.166.15 - - [19/Oct/2014:14:54:14 +0400] "GET /administrator/index.php HTTP/1.0" 404 473 "-" "Opera/9.80 (Windows NT 6.1; U; ru) Presto/2.8.131 Version/11.10"
212.38.166.15 - - [19/Oct/2014:14:54:15 +0400] "GET /wp-login.php HTTP/1.0" 404 462 "-" "Opera/9.80 (Windows NT 6.1; U; ru) Presto/2.8.131 Version/11.10"
157.55.39.88 - - [19/Oct/2014:16:59:30 +0400] "GET /site/sitemap HTTP/1.0" 404 462 "-" "Mozilla/5.0 (compatible; bingbot/2.0; +http://www.bing.com/bingbot.htm)"
5.9.104.170 - - [20/Oct/2014:07:40:37 +0400] "GET / HTTP/1.0" 200 80334 "-" "Mozilla/5.0 (Windows; U; Windows NT 5.1; ru-RU; rv:1.7.12) Gecko/20050919 Firefox/1.0.7"
157.55.39.166 - - [20/Oct/2014:08:14:14 +0400] "GET /! HTTP/1.0" 404 455 "-" "Mozilla/5.0 (compatible; bingbot/2.0; +http://www.bing.com/bingbot.htm)"
178.210.65.38 - - [20/Oct/2014:12:41:23 +0400] "GET / HTTP/1.0" 200 80108 "-" "Mozilla/5.0 (compatible; Web-Monitoring/1.0; +http://monoid.nic.ru/)"
178.210.65.38 - - [20/Oct/2014:12:41:24 +0400] "HEAD /bitrix/admin/ HTTP/1.0" 404 158 "-" "Mozilla/5.0 (compatible; Web-Monitoring/1.0; +http://monoid.nic.ru/)"
178.210.65.38 - - [20/Oct/2014:12:41:28 +0400] "HEAD /user/login/ HTTP/1.0" 404 158 "-" "Mozilla/5.0 (compatible; Web-Monitoring/1.0; +http://monoid.nic.ru/)"
178.210.65.38 - - [20/Oct/2014:12:41:29 +0400] "HEAD /node/ HTTP/1.0" 404 158 "-" "Mozilla/5.0 (compatible; Web-Monitoring/1.0; +http://monoid.nic.ru/)"
178.210.65.38 - - [20/Oct/2014:12:41:30 +0400] "HEAD /user/password/ HTTP/1.0" 404 158 "-" "Mozilla/5.0 (compatible; Web-Monitoring/1.0; +http://monoid.nic.ru/)"
178.210.65.38 - - [20/Oct/2014:12:41:40 +0400] "HEAD /manager/ HTTP/1.0" 404 158 "-" "Mozilla/5.0 (compatible; Web-Monitoring/1.0; +http://monoid.nic.ru/)"
178.210.65.38 - - [20/Oct/2014:12:41:42 +0400] "HEAD /manager/templates/default/images/restyle/headers.jpg HTTP/1.0" 404 158 "-" "Mozilla/5.0 (compatible; Web-Monitoring/1.0; +http://monoid.nic.ru/)"
178.210.65.38 - - [20/Oct/2014:12:41:44 +0400] "HEAD /netcat/admin/ HTTP/1.0" 404 158 "-" "Mozilla/5.0 (compatible; Web-Monitoring/1.0; +http://monoid.nic.ru/)"
178.210.65.38 - - [20/Oct/2014:12:41:48 +0400] "HEAD /users/forget/ HTTP/1.0" 404 158 "-" "Mozilla/5.0 (compatible; Web-Monitoring/1.0; +http://monoid.nic.ru/)"
178.210.65.38 - - [20/Oct/2014:12:41:50 +0400] "HEAD /installed HTTP/1.0" 404 158 "-" "Mozilla/5.0 (compatible; Web-Monitoring/1.0; +http://monoid.nic.ru/)"
178.210.65.38 - - [20/Oct/2014:12:41:51 +0400] "HEAD /users/registrate/ HTTP/1.0" 404 158 "-" "Mozilla/5.0 (compatible; Web-Monitoring/1.0; +http://monoid.nic.ru/)"
178.210.65.38 - - [20/Oct/2014:12:41:52 +0400] "HEAD /admin/content/sitetree/ HTTP/1.0" 404 158 "-" "Mozilla/5.0 (compatible; Web-Monitoring/1.0; +http://monoid.nic.ru/)"
178.210.65.38 - - [20/Oct/2014:12:41:54 +0400] "HEAD /wp-admin/ HTTP/1.0" 404 158 "-" "Mozilla/5.0 (compatible; Web-Monitoring/1.0; +http://monoid.nic.ru/)"
178.210.65.38 - - [20/Oct/2014:12:41:55 +0400] "HEAD /wp-content/ HTTP/1.0" 404 158 "-" "Mozilla/5.0 (compatible; Web-Monitoring/1.0; +http://monoid.nic.ru/)"
178.210.65.38 - - [20/Oct/2014:12:41:57 +0400] "HEAD /wp-login.php HTTP/1.0" 404 158 "-" "Mozilla/5.0 (compatible; Web-Monitoring/1.0; +http://monoid.nic.ru/)"
157.55.39.88 - - [20/Oct/2014:18:02:46 +0400] "GET / HTTP/1.0" 200 18823 "-" "Mozilla/5.0 (compatible; bingbot/2.0; +http://www.bing.com/bingbot.htm)"
157.55.39.88 - - [20/Oct/2014:18:19:12 +0400] "GET / HTTP/1.0" 200 18819 "-" "Mozilla/5.0 (compatible; bingbot/2.0; +http://www.bing.com/bingbot.htm)"
157.55.39.88 - - [20/Oct/2014:21:30:13 +0400] "GET / HTTP/1.0" 200 18825 "-" "Mozilla/5.0 (compatible; bingbot/2.0; +http://www.bing.com/bingbot.htm)"
5.255.253.28 - - [20/Oct/2014:22:09:06 +0400] "GET / HTTP/1.0" 200 18834 "-" "Mozilla/5.0 (compatible; YandexBot/3.0; +http://yandex.com/bots)"
157.55.39.88 - - [21/Oct/2014:08:50:15 +0400] "GET / HTTP/1.0" 200 18831 "-" "Mozilla/5.0 (compatible; bingbot/2.0; +http://www.bing.com/bingbot.htm)"
109.234.156.66 - - [21/Oct/2014:10:44:04 +0400] "GET / HTTP/1.0" 200 80047 "-" "Mozilla/5.0 (X11; Linux x86_64) AppleWebKit/537.11 (KHTML, like Gecko) Ubuntu Chromium/23.0.1271.97 Chrome/23.0.1271.97 Safari/537.11"
66.249.64.91 - - [21/Oct/2014:11:20:17 +0400] "GET / HTTP/1.0" 200 18930 "-" "Mozilla/5.0 (iPhone; CPU iPhone OS 6_0 like Mac OS X) AppleWebKit/536.26 (KHTML, like Gecko) Version/6.0 Mobile/10A5376e Safari/8536.25 (compatible; Googlebot/2.1; +http://www.google.com/bot.html)"
207.46.13.0 - - [21/Oct/2014:11:27:29 +0400] "GET /site/login HTTP/1.0" 404 460 "-" "Mozilla/5.0 (compatible; bingbot/2.0; +http://www.bing.com/bingbot.htm)"
157.55.39.88 - - [21/Oct/2014:13:09:25 +0400] "GET / HTTP/1.0" 200 18830 "-" "Mozilla/5.0 (compatible; bingbot/2.0; +http://www.bing.com/bingbot.htm)"
109.120.178.157 - - [21/Oct/2014:16:54:01 +0400] "GET /admin.php HTTP/1.0" 404 459 "-" "Opera/9.80 (Windows NT 6.1; U; ru) Presto/2.8.131 Version/11.10"
109.120.178.157 - - [21/Oct/2014:16:54:01 +0400] "GET /administrator/index.php HTTP/1.0" 404 473 "-" "Opera/9.80 (Windows NT 6.1; U; ru) Presto/2.8.131 Version/11.10"
109.120.178.157 - - [21/Oct/2014:16:54:01 +0400] "GET /wp-login.php HTTP/1.0" 404 462 "-" "Opera/9.80 (Windows NT 6.1; U; ru) Presto/2.8.131 Version/11.10"
188.40.54.199 - - [21/Oct/2014:19:59:05 +0400] "GET / HTTP/1.0" 200 18720 "http://uiweb.ru/" "Mozilla/4.0 (compatible; MSIE 6.0; Windows NT 5.1; SV1)"
66.249.64.22 - - [21/Oct/2014:23:40:20 +0400] "GET / HTTP/1.0" 200 18931 "-" "Mozilla/5.0 (iPhone; CPU iPhone OS 6_0 like Mac OS X) AppleWebKit/536.26 (KHTML, like Gecko) Version/6.0 Mobile/10A5376e Safari/8536.25 (compatible; Googlebot/2.1; +http://www.google.com/bot.html)"
178.210.65.27 - - [21/Oct/2014:23:44:12 +0400] "GET / HTTP/1.0" 200 79477 "-" "-"
66.249.64.18 - - [22/Oct/2014:04:02:30 +0400] "GET / HTTP/1.0" 200 18761 "-" "Mozilla/5.0 (compatible; Googlebot/2.1; +http://www.google.com/bot.html)"
157.55.39.88 - - [22/Oct/2014:11:40:50 +0400] "GET / HTTP/1.0" 200 18829 "-" "Mozilla/5.0 (compatible; bingbot/2.0; +http://www.bing.com/bingbot.htm)"
109.64.38.223 - - [22/Oct/2014:19:56:54 +0400] "POST /index.php HTTP/1.0" 200 80558 "-" "Python-urllib/2.7"
109.64.38.223 - - [22/Oct/2014:19:56:55 +0400] "POST /index.php HTTP/1.0" 200 81768 "-" "Python-urllib/2.7"
66.249.67.114 - - [22/Oct/2014:22:51:38 +0400] "GET / HTTP/1.0" 200 18930 "-" "Mozilla/5.0 (iPhone; CPU iPhone OS 6_0 like Mac OS X) AppleWebKit/536.26 (KHTML, like Gecko) Version/6.0 Mobile/10A5376e Safari/8536.25 (compatible; Googlebot/2.1; +http://www.google.com/bot.html)"
66.249.64.91 - - [23/Oct/2014:22:26:19 +0400] "GET / HTTP/1.0" 200 18928 "-" "Mozilla/5.0 (iPhone; CPU iPhone OS 6_0 like Mac OS X) AppleWebKit/536.26 (KHTML, like Gecko) Version/6.0 Mobile/10A5376e Safari/8536.25 (compatible; Googlebot/2.1; +http://www.google.com/bot.html)"
212.193.117.227 - - [24/Oct/2014:08:13:12 +0400] "GET / HTTP/1.0" 200 18932 "" "Mozilla/5.0 (compatible; statdom.ru/Bot; +http://statdom.ru/bot.html)"
195.54.213.174 - - [24/Oct/2014:09:37:39 +0400] "GET / HTTP/1.0" 200 18937 "" "Mozilla/5.0 (compatible; statdom.ru/Bot; +http://statdom.ru/bot.html)"
66.249.64.14 - - [24/Oct/2014:10:56:09 +0400] "GET / HTTP/1.0" 200 18763 "-" "Mozilla/5.0 (compatible; Googlebot/2.1; +http://www.google.com/bot.html)"
157.55.39.255 - - [24/Oct/2014:11:59:09 +0400] "GET / HTTP/1.0" 200 18833 "-" "Mozilla/5.0 (compatible; bingbot/2.0; +http://www.bing.com/bingbot.htm)"
66.249.78.89 - - [24/Oct/2014:22:19:58 +0400] "GET / HTTP/1.0" 200 18929 "-" "Mozilla/5.0 (iPhone; CPU iPhone OS 6_0 like Mac OS X) AppleWebKit/536.26 (KHTML, like Gecko) Version/6.0 Mobile/10A5376e Safari/8536.25 (compatible; Googlebot/2.1; +http://www.google.com/bot.html)"
157.55.39.255 - - [24/Oct/2014:23:02:24 +0400] "GET / HTTP/1.0" 200 18833 "-" "Mozilla/5.0 (compatible; bingbot/2.0; +http://www.bing.com/bingbot.htm)"
193.150.120.207 - - [25/Oct/2014:00:34:13 +0400] "GET /wp-login.php HTTP/1.0" 404 462 "-" "Mozilla/5.0 (Windows NT 6.0) AppleWebKit/537.1 (KHTML, like Gecko) Chrome/24.0.1290.1 Safari/537.13"
193.150.120.207 - - [25/Oct/2014:00:34:13 +0400] "GET /administrator/ HTTP/1.0" 404 464 "-" "Mozilla/5.0 (Windows NT 6.0) AppleWebKit/537.1 (KHTML, like Gecko) Chrome/24.0.1290.1 Safari/537.13"
193.150.120.207 - - [25/Oct/2014:00:34:14 +0400] "GET /admin.php HTTP/1.0" 404 459 "-" "Mozilla/5.0 (Windows NT 6.0) AppleWebKit/537.1 (KHTML, like Gecko) Chrome/24.0.1290.1 Safari/537.13"
66.249.78.4 - - [25/Oct/2014:10:46:17 +0400] "GET / HTTP/1.0" 200 18935 "-" "Mozilla/5.0 (iPhone; CPU iPhone OS 6_0 like Mac OS X) AppleWebKit/536.26 (KHTML, like Gecko) Version/6.0 Mobile/10A5376e Safari/8536.25 (compatible; Googlebot/2.1; +http://www.google.com/bot.html)"
66.249.79.114 - - [26/Oct/2014:21:56:45 +0400] "GET / HTTP/1.0" 200 18942 "-" "Mozilla/5.0 (iPhone; CPU iPhone OS 6_0 like Mac OS X) AppleWebKit/536.26 (KHTML, like Gecko) Version/6.0 Mobile/10A5376e Safari/8536.25 (compatible; Googlebot/2.1; +http://www.google.com/bot.html)"
157.55.39.255 - - [26/Oct/2014:22:42:35 +0400] "GET / HTTP/1.0" 200 18835 "-" "Mozilla/5.0 (compatible; bingbot/2.0; +http://www.bing.com/bingbot.htm)"
62.122.73.18 - - [26/Oct/2014:22:42:55 +0400] "GET / HTTP/1.0" 200 18730 "http://uiweb.ru/" "Mozilla/4.0 (compatible; MSIE 6.0; Windows NT 5.1; SV1)"
178.140.33.67 - - [27/Oct/2014:00:26:15 +0400] "GET / HTTP/1.0" 200 80290 "http://uiweb.ru/" "Mozilla/5.0 (Windows NT 5.1; rv:31.0) Gecko/20100101 Firefox/31.0"
157.55.39.255 - - [27/Oct/2014:01:41:46 +0400] "GET / HTTP/1.0" 200 18835 "-" "Mozilla/5.0 (compatible; bingbot/2.0; +http://www.bing.com/bingbot.htm)"
157.55.39.255 - - [27/Oct/2014:11:50:26 +0300] "GET / HTTP/1.0" 200 18819 "-" "Mozilla/5.0 (compatible; bingbot/2.0; +http://www.bing.com/bingbot.htm)"
157.55.39.255 - - [27/Oct/2014:15:45:33 +0300] "GET / HTTP/1.0" 200 18817 "-" "Mozilla/5.0 (compatible; bingbot/2.0; +http://www.bing.com/bingbot.htm)"
157.55.39.255 - - [27/Oct/2014:19:14:55 +0300] "GET / HTTP/1.0" 200 18815 "-" "Mozilla/5.0 (compatible; bingbot/2.0; +http://www.bing.com/bingbot.htm)"
66.249.69.250 - - [27/Oct/2014:20:46:28 +0300] "GET / HTTP/1.0" 200 18923 "-" "Mozilla/5.0 (iPhone; CPU iPhone OS 6_0 like Mac OS X) AppleWebKit/536.26 (KHTML, like Gecko) Version/6.0 Mobile/10A5376e Safari/8536.25 (compatible; Googlebot/2.1; +http://www.google.com/bot.html)"
85.113.58.138 - - [28/Oct/2014:00:18:39 +0300] "GET / HTTP/1.0" 200 18714 "http://uiweb.ru/" "Mozilla/4.0 (compatible; MSIE 6.0; Windows NT 5.1; SV1)"
66.249.69.7 - - [28/Oct/2014:08:36:19 +0300] "GET / HTTP/1.0" 200 18918 "-" "Mozilla/5.0 (iPhone; CPU iPhone OS 6_0 like Mac OS X) AppleWebKit/536.26 (KHTML, like Gecko) Version/6.0 Mobile/10A5376e Safari/8536.25 (compatible; Googlebot/2.1; +http://www.google.com/bot.html)"
80.93.49.174 - - [28/Oct/2014:21:42:55 +0300] "HEAD / HTTP/1.0" 200 182 "-" "Mozilla/5.0"
80.93.49.174 - - [28/Oct/2014:21:42:55 +0300] "HEAD / HTTP/1.0" 200 182 "-" "Mozilla/5.0"
66.249.69.7 - - [29/Oct/2014:08:16:30 +0300] "GET / HTTP/1.0" 200 18917 "-" "Mozilla/5.0 (iPhone; CPU iPhone OS 6_0 like Mac OS X) AppleWebKit/536.26 (KHTML, like Gecko) Version/6.0 Mobile/10A5376e Safari/8536.25 (compatible; Googlebot/2.1; +http://www.google.com/bot.html)"
109.234.156.66 - - [29/Oct/2014:08:43:44 +0300] "GET / HTTP/1.0" 200 80042 "-" "Mozilla/5.0 (X11; Linux x86_64) AppleWebKit/537.11 (KHTML, like Gecko) Ubuntu Chromium/23.0.1271.97 Chrome/23.0.1271.97 Safari/537.11"
66.249.69.226 - - [29/Oct/2014:09:43:36 +0300] "GET / HTTP/1.0" 200 18924 "-" "Mozilla/5.0 (iPhone; CPU iPhone OS 6_0 like Mac OS X) AppleWebKit/536.26 (KHTML, like Gecko) Version/6.0 Mobile/10A5376e Safari/8536.25 (compatible; Googlebot/2.1; +http://www.google.com/bot.html)"
157.55.39.255 - - [29/Oct/2014:10:49:41 +0300] "GET / HTTP/1.0" 200 18825 "-" "Mozilla/5.0 (compatible; bingbot/2.0; +http://www.bing.com/bingbot.htm)"
77.247.181.165 - - [29/Oct/2014:17:52:08 +0300] "HEAD / HTTP/1.0" 200 182 "http://www.mayka63.ru/" "Mozilla/5.0 (X11; Ubuntu; Linux x86_64; rv:31.0) Gecko/20100101 Firefox/31.0"
176.215.79.18 - - [29/Oct/2014:19:36:31 +0300] "GET /fckeditor/editor/filemanager/upload/php/upload.php?type=media HTTP/1.0" 404 500 "-" "-"
66.249.64.91 - - [30/Oct/2014:08:00:56 +0300] "GET / HTTP/1.0" 200 18928 "-" "Mozilla/5.0 (iPhone; CPU iPhone OS 6_0 like Mac OS X) AppleWebKit/536.26 (KHTML, like Gecko) Version/6.0 Mobile/10A5376e Safari/8536.25 (compatible; Googlebot/2.1; +http://www.google.com/bot.html)"
66.249.64.18 - - [30/Oct/2014:08:26:20 +0300] "GET / HTTP/1.0" 200 18930 "-" "Mozilla/5.0 (iPhone; CPU iPhone OS 6_0 like Mac OS X) AppleWebKit/536.26 (KHTML, like Gecko) Version/6.0 Mobile/10A5376e Safari/8536.25 (compatible; Googlebot/2.1; +http://www.google.com/bot.html)"
157.55.39.255 - - [30/Oct/2014:09:02:04 +0300] "GET / HTTP/1.0" 200 18831 "-" "Mozilla/5.0 (compatible; bingbot/2.0; +http://www.bing.com/bingbot.htm)"
79.139.238.72 - - [30/Oct/2014:14:46:17 +0300] "GET / HTTP/1.0" 200 80870 "http://yandex.ru/yandsearch?text=uiweb&lr=213" "Mozilla/4.0 (compatible; MSIE 8.0; Windows NT 6.1; Trident/4.0; SLCC2; .NET CLR 2.0.50727; .NET CLR 3.5.30729; .NET CLR 3.0.30729; Media Center PC 6.0)"
188.120.255.99 - - [30/Oct/2014:23:44:19 +0300] "GET /wp-login.php HTTP/1.0" 404 462 "-" "Mozilla/5.0 (Windows NT 6.1) AppleWebKit/537.1 (KHTML, like Gecko) Chrome/23.0.1271.17 Safari/537.11"
188.120.255.99 - - [30/Oct/2014:23:44:19 +0300] "GET /administrator/ HTTP/1.0" 404 464 "-" "Mozilla/5.0 (Windows NT 6.1) AppleWebKit/537.1 (KHTML, like Gecko) Chrome/23.0.1271.17 Safari/537.11"
188.120.255.99 - - [30/Oct/2014:23:44:19 +0300] "GET /admin.php HTTP/1.0" 404 459 "-" "Mozilla/5.0 (Windows NT 6.1) AppleWebKit/537.1 (KHTML, like Gecko) Chrome/23.0.1271.17 Safari/537.11"
157.55.39.255 - - [30/Oct/2014:23:48:10 +0300] "GET / HTTP/1.0" 200 18825 "-" "Mozilla/5.0 (compatible; bingbot/2.0; +http://www.bing.com/bingbot.htm)"
188.42.240.119 - - [31/Oct/2014:01:14:19 +0300] "GET / HTTP/1.0" 200 80440 "-" "Mozilla/5.0 (X11; Linux i686; rv:2.0.1) Gecko/20100101 Firefox/4.0.1"
157.55.39.255 - - [31/Oct/2014:02:43:28 +0300] "GET / HTTP/1.0" 200 18827 "-" "Mozilla/5.0 (compatible; bingbot/2.0; +http://www.bing.com/bingbot.htm)"
66.249.64.22 - - [31/Oct/2014:05:05:24 +0300] "GET / HTTP/1.0" 200 18755 "-" "Mozilla/5.0 (compatible; Googlebot/2.1; +http://www.google.com/bot.html)"
109.234.156.66 - - [31/Oct/2014:05:24:47 +0300] "GET / HTTP/1.0" 200 80045 "-" "Mozilla/5.0 (X11; Linux x86_64) AppleWebKit/537.11 (KHTML, like Gecko) Ubuntu Chromium/23.0.1271.97 Chrome/23.0.1271.97 Safari/537.11"
66.249.64.83 - - [31/Oct/2014:07:34:32 +0300] "GET / HTTP/1.0" 200 18929 "-" "Mozilla/5.0 (iPhone; CPU iPhone OS 6_0 like Mac OS X) AppleWebKit/536.26 (KHTML, like Gecko) Version/6.0 Mobile/10A5376e Safari/8536.25 (compatible; Googlebot/2.1; +http://www.google.com/bot.html)"
66.249.64.22 - - [31/Oct/2014:07:56:21 +0300] "GET / HTTP/1.0" 200 18912 "-" "Mozilla/5.0 (iPhone; CPU iPhone OS 6_0 like Mac OS X) AppleWebKit/536.26 (KHTML, like Gecko) Version/6.0 Mobile/10A5376e Safari/8536.25 (compatible; Googlebot/2.1; +http://www.google.com/bot.html)"
66.249.64.18 - - [31/Oct/2014:08:56:20 +0300] "GET / HTTP/1.0" 200 18745 "-" "Mozilla/5.0 (compatible; Googlebot/2.1; +http://www.google.com/bot.html)"
66.249.64.14 - - [31/Oct/2014:12:46:28 +0300] "GET / HTTP/1.0" 200 18744 "-" "Mozilla/5.0 (compatible; Googlebot/2.1; +http://www.google.com/bot.html)"
66.249.64.18 - - [31/Oct/2014:15:40:35 +0300] "GET / HTTP/1.0" 200 18978 "-" "Mozilla/5.0 (compatible; Googlebot/2.1; +http://www.google.com/bot.html)"
66.249.64.18 - - [31/Oct/2014:18:36:31 +0300] "GET / HTTP/1.0" 200 18967 "-" "Mozilla/5.0 (compatible; Googlebot/2.1; +http://www.google.com/bot.html)"
77.245.71.90 - - [31/Oct/2014:22:49:50 +0300] "GET / HTTP/1.0" 200 18934 "http://uiweb.ru/" "Mozilla/4.0 (compatible; MSIE 6.0; Windows NT 5.1; SV1)"
157.55.39.255 - - [31/Oct/2014:23:02:50 +0300] "GET / HTTP/1.0" 200 18986 "-" "Mozilla/5.0 (compatible; bingbot/2.0; +http://www.bing.com/bingbot.htm)"
207.46.13.16 - - [01/Nov/2014:11:31:37 +0300] "GET /user/register HTTP/1.0" 404 463 "-" "Mozilla/5.0 (compatible; bingbot/2.0; +http://www.bing.com/bingbot.htm)"
207.46.13.16 - - [01/Nov/2014:12:10:22 +0300] "GET / HTTP/1.0" 200 19050 "-" "Mozilla/5.0 (compatible; bingbot/2.0; +http://www.bing.com/bingbot.htm)"
149.154.67.29 - - [01/Nov/2014:12:23:59 +0300] "GET /wp-login.php HTTP/1.0" 404 462 "-" "Mozilla/5.0 (Windows NT 6.0; WOW64) AppleWebKit/537.1 (KHTML, like Gecko) Chrome/23.0.1271.6 Safari/537.11"
149.154.67.29 - - [01/Nov/2014:12:23:59 +0300] "GET /administrator/ HTTP/1.0" 404 464 "-" "Mozilla/5.0 (Windows NT 6.0; WOW64) AppleWebKit/537.1 (KHTML, like Gecko) Chrome/23.0.1271.6 Safari/537.11"
149.154.67.29 - - [01/Nov/2014:12:23:59 +0300] "GET /admin.php HTTP/1.0" 404 459 "-" "Mozilla/5.0 (Windows NT 6.0; WOW64) AppleWebKit/537.1 (KHTML, like Gecko) Chrome/23.0.1271.6 Safari/537.11"
66.249.64.18 - - [01/Nov/2014:15:06:57 +0300] "GET / HTTP/1.0" 200 19154 "-" "Mozilla/5.0 (iPhone; CPU iPhone OS 6_0 like Mac OS X) AppleWebKit/536.26 (KHTML, like Gecko) Version/6.0 Mobile/10A5376e Safari/8536.25 (compatible; Googlebot/2.1; +http://www.google.com/bot.html)"
5.255.253.28 - - [01/Nov/2014:18:09:44 +0300] "GET / HTTP/1.0" 200 19059 "-" "Mozilla/5.0 (compatible; YandexBot/3.0; +http://yandex.com/bots)"
