178.63.89.147 - - [25/Jul/2014:03:37:47 +0400] "GET / HTTP/1.0" 200 84799 "http://12seo.ru" "Mozilla/5.0 (Windows  U  Windows NT 5.1  ru  rv:1.9.2.16) Gecko/20110319 Firefox/3.6.16 ( .NET CLR 3.5.30729) RubarToolbar2714 sputnik 2.4.0.48 WebMoney Advisor"
109.234.156.66 - - [25/Jul/2014:06:19:54 +0400] "GET / HTTP/1.0" 200 84560 "-" "Mozilla/5.0 (X11; Linux x86_64) AppleWebKit/537.11 (KHTML, like Gecko) Ubuntu Chromium/23.0.1271.97 Chrome/23.0.1271.97 Safari/537.11"
157.55.39.42 - - [25/Jul/2014:07:03:41 +0400] "GET / HTTP/1.0" 200 85134 "-" "Mozilla/5.0 (compatible; bingbot/2.0; +http://www.bing.com/bingbot.htm)"
182.248.150.2 - - [25/Jul/2014:07:40:36 +0400] "GET / HTTP/1.0" 200 84677 "-" "Mozilla/4.0 (compatible; MSIE 9.0; Windows NT 6.1; Trident/5.0)"
157.55.39.42 - - [25/Jul/2014:09:28:38 +0400] "GET / HTTP/1.0" 200 85108 "-" "Mozilla/5.0 (compatible; bingbot/2.0; +http://www.bing.com/bingbot.htm)"
157.55.39.42 - - [25/Jul/2014:10:44:08 +0400] "GET /article/view/4 HTTP/1.0" 404 310 "-" "Mozilla/5.0 (compatible; bingbot/2.0; +http://www.bing.com/bingbot.htm)"
23.227.199.214 - - [25/Jul/2014:11:32:50 +0400] "GET / HTTP/1.0" 200 84430 "-" "Mozilla/5.0 (Windows; U; MSIE 9.0; Windows NT 9.0; en-US)"
77.221.130.145 - - [25/Jul/2014:14:14:16 +0400] "GET / HTTP/1.0" 200 84695 "http://uiweb.ru" "Mozilla/5.0 (Windows; U; Windows NT 5.1; en-US) AppleWebKit/533.4 (KHTML, like Gecko) Chrome/5.0.375.99 Safari/533.4"
157.55.39.41 - - [25/Jul/2014:18:42:56 +0400] "GET / HTTP/1.0" 200 85132 "-" "Mozilla/5.0 (compatible; bingbot/2.0; +http://www.bing.com/bingbot.htm)"
157.55.39.42 - - [25/Jul/2014:21:09:25 +0400] "GET / HTTP/1.0" 200 85110 "-" "Mozilla/5.0 (compatible; bingbot/2.0; +http://www.bing.com/bingbot.htm)"
157.55.39.42 - - [25/Jul/2014:23:57:28 +0400] "GET / HTTP/1.0" 200 85110 "-" "Mozilla/5.0 (compatible; bingbot/2.0; +http://www.bing.com/bingbot.htm)"
157.55.39.42 - - [26/Jul/2014:00:00:07 +0400] "GET / HTTP/1.0" 200 85110 "-" "Mozilla/5.0 (compatible; bingbot/2.0; +http://www.bing.com/bingbot.htm)"
178.140.230.21 - - [26/Jul/2014:01:20:52 +0400] "GET / HTTP/1.0" 200 84883 "http://uiweb.ru/" "Mozilla/5.0 (Windows NT 6.1; WOW64) AppleWebKit/537.36 (KHTML, like Gecko) Chrome/30.0.1599.13014 YaBrowser/13.12.1599.13014 Safari/537.36"
62.122.207.83 - - [26/Jul/2014:02:04:21 +0400] "GET /admin.php HTTP/1.0" 404 305 "-" "Opera/9.80 (Windows NT 6.1; U; ru) Presto/2.8.131 Version/11.10"
62.122.207.83 - - [26/Jul/2014:02:04:22 +0400] "GET /administrator/index.php HTTP/1.0" 404 319 "-" "Opera/9.80 (Windows NT 6.1; U; ru) Presto/2.8.131 Version/11.10"
62.122.207.83 - - [26/Jul/2014:02:04:22 +0400] "GET /wp-login.php HTTP/1.0" 404 308 "-" "Opera/9.80 (Windows NT 6.1; U; ru) Presto/2.8.131 Version/11.10"
109.234.156.66 - - [26/Jul/2014:08:07:38 +0400] "GET / HTTP/1.0" 200 84560 "-" "Mozilla/5.0 (X11; Linux x86_64) AppleWebKit/537.11 (KHTML, like Gecko) Ubuntu Chromium/23.0.1271.97 Chrome/23.0.1271.97 Safari/537.11"
157.55.39.42 - - [26/Jul/2014:09:15:03 +0400] "GET / HTTP/1.0" 200 85134 "-" "Mozilla/5.0 (compatible; bingbot/2.0; +http://www.bing.com/bingbot.htm)"
157.55.39.42 - - [26/Jul/2014:09:15:28 +0400] "GET / HTTP/1.0" 200 85134 "-" "Mozilla/5.0 (compatible; bingbot/2.0; +http://www.bing.com/bingbot.htm)"
109.120.182.26 - - [26/Jul/2014:10:56:48 +0400] "GET / HTTP/1.0" 200 84900 "https://e.mail.ru/message/14109017775/141266949225" "Mozilla/5.0 (Windows NT 5.1) AppleWebKit/537.36 (KHTML, like Gecko) Chrome/34.0.1847.131 Safari/537.36"
157.55.39.42 - - [26/Jul/2014:11:34:13 +0400] "GET /user/passwordreturn HTTP/1.0" 404 315 "-" "Mozilla/5.0 (compatible; bingbot/2.0; +http://www.bing.com/bingbot.htm)"
157.55.39.42 - - [26/Jul/2014:11:41:11 +0400] "GET / HTTP/1.0" 200 85110 "-" "Mozilla/5.0 (compatible; bingbot/2.0; +http://www.bing.com/bingbot.htm)"
46.191.250.137 - - [26/Jul/2014:13:32:18 +0400] "GET /admin.php HTTP/1.0" 404 305 "-" "Opera/9.80 (Windows NT 6.1; U; ru) Presto/2.8.131 Version/11.10"
46.191.250.137 - - [26/Jul/2014:13:32:18 +0400] "GET /administrator/index.php HTTP/1.0" 404 319 "-" "Opera/9.80 (Windows NT 6.1; U; ru) Presto/2.8.131 Version/11.10"
46.191.250.137 - - [26/Jul/2014:13:32:18 +0400] "GET /wp-login.php HTTP/1.0" 404 308 "-" "Opera/9.80 (Windows NT 6.1; U; ru) Presto/2.8.131 Version/11.10"
157.55.39.42 - - [26/Jul/2014:20:44:38 +0400] "GET / HTTP/1.0" 200 85134 "-" "Mozilla/5.0 (compatible; bingbot/2.0; +http://www.bing.com/bingbot.htm)"
89.169.7.75 - - [26/Jul/2014:21:02:19 +0400] "GET / HTTP/1.0" 200 84653 "-" "Mozila/4.0 (compatible; MSIE 6.0; Windows NT 5.1;)"
37.9.53.91 - - [26/Jul/2014:21:55:04 +0400] "GET /backup/ HTTP/1.0" 404 303 "http://uiweb.ru/backup/" "Mozilla/4.0 (compatible; MSIE 6.0; Windows 98; Win 9x 4.90)"
178.63.89.147 - - [26/Jul/2014:22:19:07 +0400] "GET / HTTP/1.0" 200 84665 "http://biletvbolshoiteatr.ru" "Mozilla/5.0 (compatible  MSIE 9.0  Windows NT 6.0  Trident/5.0  MRIE8PACK 2.0.1)"
188.233.101.241 - - [26/Jul/2014:22:56:39 +0400] "GET / HTTP/1.0" 200 85265 "-" "Mozilla/5.0 (Windows NT 6.0; WOW64) AppleWebKit/534.24 (KHTML, like Gecko) Chrome/11.0.699.0 Safari/534.24"
188.233.101.241 - - [26/Jul/2014:22:56:39 +0400] "GET /administrator HTTP/1.0" 404 309 "http://UIWEB.RU/" "Mozilla/5.0 (Windows NT 6.0; WOW64) AppleWebKit/534.24 (KHTML, like Gecko) Chrome/11.0.699.0 Safari/534.24"
188.233.101.241 - - [26/Jul/2014:22:56:39 +0400] "GET /administrator HTTP/1.0" 404 309 "http://UIWEB.RU/administrator" "Mozilla/5.0 (Windows NT 6.0; WOW64) AppleWebKit/534.24 (KHTML, like Gecko) Chrome/11.0.699.0 Safari/534.24"
188.233.101.241 - - [26/Jul/2014:22:56:39 +0400] "GET /wp-login.php HTTP/1.0" 404 308 "http://UIWEB.RU/administrator" "Mozilla/5.0 (Windows NT 6.0; WOW64) AppleWebKit/534.24 (KHTML, like Gecko) Chrome/11.0.699.0 Safari/534.24"
188.233.101.241 - - [26/Jul/2014:22:56:40 +0400] "GET /blog/wp-login.php HTTP/1.0" 404 313 "http://UIWEB.RU/wp-login.php" "Mozilla/5.0 (Windows NT 6.0; WOW64) AppleWebKit/534.24 (KHTML, like Gecko) Chrome/11.0.699.0 Safari/534.24"
188.233.101.241 - - [26/Jul/2014:22:56:40 +0400] "GET /admin HTTP/1.0" 404 301 "http://UIWEB.RU/blog/wp-login.php" "Mozilla/5.0 (Windows NT 6.0; WOW64) AppleWebKit/534.24 (KHTML, like Gecko) Chrome/11.0.699.0 Safari/534.24"
188.233.101.241 - - [26/Jul/2014:22:56:40 +0400] "GET / HTTP/1.0" 200 85446 "http://UIWEB.RU/admin" "Mozilla/5.0 (Windows NT 6.0; WOW64) AppleWebKit/534.24 (KHTML, like Gecko) Chrome/11.0.699.0 Safari/534.24"
188.233.101.241 - - [26/Jul/2014:22:56:40 +0400] "GET /user HTTP/1.0" 404 300 "http://UIWEB.RU/" "Mozilla/5.0 (Windows NT 6.0; WOW64) AppleWebKit/534.24 (KHTML, like Gecko) Chrome/11.0.699.0 Safari/534.24"
157.55.39.42 - - [26/Jul/2014:23:13:25 +0400] "GET / HTTP/1.0" 200 85110 "-" "Mozilla/5.0 (compatible; bingbot/2.0; +http://www.bing.com/bingbot.htm)"
62.210.122.123 - - [27/Jul/2014:03:11:16 +0400] "GET / HTTP/1.0" 200 84627 "-" "Mozilla/5.0 (Windows NT 6.1; rv:28.0) Gecko/20100101 Firefox/28.0"
109.234.156.66 - - [27/Jul/2014:08:23:40 +0400] "GET / HTTP/1.0" 200 84560 "-" "Mozilla/5.0 (X11; Linux x86_64) AppleWebKit/537.11 (KHTML, like Gecko) Ubuntu Chromium/23.0.1271.97 Chrome/23.0.1271.97 Safari/537.11"
157.55.39.42 - - [27/Jul/2014:08:25:27 +0400] "GET / HTTP/1.0" 200 85134 "-" "Mozilla/5.0 (compatible; bingbot/2.0; +http://www.bing.com/bingbot.htm)"
93.170.104.118 - - [27/Jul/2014:16:16:44 +0400] "GET / HTTP/1.0" 200 85481 "http://google.com" "Mozilla/5.0 (X11; Ubuntu; Linux x86_64; rv:26.0) Gecko/20100101 Firefox/26.0"
89.208.17.22 - - [27/Jul/2014:17:31:59 +0400] "GET / HTTP/1.0" 200 84490 "http://uiweb.ru/" "Mozilla/5.0 (compatible; U; AnyEvent-HTTP/2.15; +http://software.schmorp.de/pkg/AnyEvent)"
91.250.15.69 - - [27/Jul/2014:19:46:02 +0400] "GET / HTTP/1.0" 200 85270 "http://downloaflare.biz" "Mozilla/5.1 (compatible; CBot/1.0; +http://downloaflare.biz)"
91.250.15.69 - - [27/Jul/2014:19:46:11 +0400] "GET / HTTP/1.0" 200 85268 "http://downloaflare.biz" "Mozilla/5.1 (compatible; CBot/1.0; +http://downloaflare.biz)"
91.250.15.69 - - [27/Jul/2014:19:46:14 +0400] "GET / HTTP/1.0" 200 85270 "http://downloaflare.biz" "Mozilla/5.1 (compatible; CBot/1.0; +http://downloaflare.biz)"
157.55.39.42 - - [27/Jul/2014:20:15:00 +0400] "GET / HTTP/1.0" 200 85134 "-" "Mozilla/5.0 (compatible; bingbot/2.0; +http://www.bing.com/bingbot.htm)"
46.109.66.4 - - [27/Jul/2014:20:26:38 +0400] "GET /wp-login.php HTTP/1.0" 404 308 "-" "Mozilla/5.0 (Windows NT 6.1) AppleWebKit/537.1 (KHTML, like Gecko) Chrome/23.0.1271.6 Safari/537.11"
46.109.66.4 - - [27/Jul/2014:20:26:42 +0400] "GET /administrator/ HTTP/1.0" 404 310 "-" "Mozilla/5.0 (Windows NT 6.1) AppleWebKit/537.1 (KHTML, like Gecko) Chrome/23.0.1271.6 Safari/537.11"
46.109.66.4 - - [27/Jul/2014:20:26:48 +0400] "GET /admin.php HTTP/1.0" 404 305 "-" "Mozilla/5.0 (Windows NT 6.1) AppleWebKit/537.1 (KHTML, like Gecko) Chrome/23.0.1271.6 Safari/537.11"
157.55.39.42 - - [27/Jul/2014:22:47:28 +0400] "GET / HTTP/1.0" 200 85110 "-" "Mozilla/5.0 (compatible; bingbot/2.0; +http://www.bing.com/bingbot.htm)"
134.249.48.164 - - [28/Jul/2014:01:08:16 +0400] "GET / HTTP/1.0" 200 84394 "-" "Mozilla/4.0 (compatible; MSIE 6.0; Windows NT 5.1)"
134.249.48.164 - - [28/Jul/2014:03:35:13 +0400] "GET /wp-admin/admin-post.php?page=wysija_campaigns&action=themes HTTP/1.0" 404 319 "http://UIWEB.RU/wp-admin/admin-post.php?page=wysija_campaigns&action=themes" "Mozilla/5.0 (Windows NT 5.1) AppleWebKit/537.36 (KHTML, like Gecko) Chrome/32.0.1700.102 Safari/537.36"
134.249.48.164 - - [28/Jul/2014:03:35:13 +0400] "GET /wp-admin/admin-post.php?page=wysija_campaigns&action=themesindex.php HTTP/1.0" 404 319 "http://UIWEB.RU/wp-admin/admin-post.php?page=wysija_campaigns&action=themesindex.php" "Mozilla/5.0 (Windows NT 6.1; WOW64) AppleWebKit/537.36 (KHTML, like Gecko) Chrome/33.0.1750.146 Safari/537.36"
157.55.39.42 - - [28/Jul/2014:08:03:02 +0400] "GET / HTTP/1.0" 200 85134 "-" "Mozilla/5.0 (compatible; bingbot/2.0; +http://www.bing.com/bingbot.htm)"
37.9.53.253 - - [28/Jul/2014:08:41:01 +0400] "GET /wp-login.php HTTP/1.0" 404 308 "-" "Mozilla/5.0 (Windows NT 5.1; rv:22.0) Gecko/20100101 Firefox/22.0 Paros/3.2.13"
157.55.39.42 - - [28/Jul/2014:19:44:31 +0400] "GET / HTTP/1.0" 200 85134 "-" "Mozilla/5.0 (compatible; bingbot/2.0; +http://www.bing.com/bingbot.htm)"
89.169.7.75 - - [28/Jul/2014:21:22:22 +0400] "GET / HTTP/1.0" 200 84581 "http://uiweb.ru/" "Mozilla/5.0 (Windows NT 6.1; rv:26.0) Gecko/20100101 Firefox/26.0"
89.169.7.75 - - [28/Jul/2014:21:22:22 +0400] "GET /index.php HTTP/1.0" 200 84693 "http://uiweb.ru/index.php" "Mozilla/5.0 (Windows NT 6.1) AppleWebKit/537.36 (KHTML, like Gecko) Chrome/32.0.1700.102 Safari/537.36"
64.246.165.140 - - [28/Jul/2014:22:20:23 +0400] "GET / HTTP/1.0" 200 85841 "http://whois.domaintools.com/uiweb.ru" "Mozilla/5.0 (Windows; U; Windows NT 5.1; en; rv:1.9.0.13) Gecko/2009073022 Firefox/3.5.2 (.NET CLR 3.5.30729) SurveyBot/2.3 (DomainTools)"
157.55.39.42 - - [28/Jul/2014:22:27:58 +0400] "GET / HTTP/1.0" 200 85110 "-" "Mozilla/5.0 (compatible; bingbot/2.0; +http://www.bing.com/bingbot.htm)"
109.120.182.26 - - [29/Jul/2014:01:55:41 +0400] "GET / HTTP/1.0" 200 84880 "http://artifact.spb.ru/?from=56421308325" "Mozilla/5.0 (Windows NT 5.1) AppleWebKit/537.36 (KHTML, like Gecko) Chrome/34.0.1847.131 Safari/537.36"
109.234.156.66 - - [29/Jul/2014:06:12:15 +0400] "GET / HTTP/1.0" 200 84560 "-" "Mozilla/5.0 (X11; Linux x86_64) AppleWebKit/537.11 (KHTML, like Gecko) Ubuntu Chromium/23.0.1271.97 Chrome/23.0.1271.97 Safari/537.11"
157.55.39.42 - - [29/Jul/2014:07:35:28 +0400] "GET / HTTP/1.0" 200 85134 "-" "Mozilla/5.0 (compatible; bingbot/2.0; +http://www.bing.com/bingbot.htm)"
5.248.84.11 - - [29/Jul/2014:09:39:27 +0400] "GET / HTTP/1.0" 200 84382 "-" "Mozilla/4.0 (compatible; MSIE 6.0; Windows NT 5.1)"
157.55.39.42 - - [29/Jul/2014:10:12:14 +0400] "GET / HTTP/1.0" 200 85110 "-" "Mozilla/5.0 (compatible; bingbot/2.0; +http://www.bing.com/bingbot.htm)"
66.249.69.130 - - [29/Jul/2014:13:55:30 +0400] "GET / HTTP/1.0" 200 84822 "-" "Mozilla/5.0 (compatible; Googlebot/2.1; +http://www.google.com/bot.html)"
5.248.84.11 - - [29/Jul/2014:18:08:30 +0400] "GET /wp-admin/admin-post.php?page=wysija_campaigns&action=themes HTTP/1.0" 404 319 "http://UIWEB.RU/wp-admin/admin-post.php?page=wysija_campaigns&action=themes" "Mozilla/5.0 (Windows NT 6.1; WOW64) AppleWebKit/537.36 (KHTML, like Gecko) Chrome/30.0.1599.12785 YaBrowser/13.12.1599.12785 Safari/537.36"
5.248.84.11 - - [29/Jul/2014:18:08:30 +0400] "GET /wp-admin/admin-post.php?page=wysija_campaigns&action=themesindex.php HTTP/1.0" 404 319 "http://UIWEB.RU/wp-admin/admin-post.php?page=wysija_campaigns&action=themesindex.php" "Mozilla/5.0 (Windows NT 6.1) AppleWebKit/537.36 (KHTML, like Gecko) Chrome/33.0.1750.117 Safari/537.36"
157.55.39.42 - - [29/Jul/2014:19:27:06 +0400] "GET / HTTP/1.0" 200 85134 "-" "Mozilla/5.0 (compatible; bingbot/2.0; +http://www.bing.com/bingbot.htm)"
157.55.39.137 - - [14/Aug/2014:11:51:12 +0400] "GET / HTTP/1.0" 200 85114 "-" "Mozilla/5.0 (compatible; bingbot/2.0; +http://www.bing.com/bingbot.htm)"
157.55.39.137 - - [17/Aug/2014:02:48:19 +0400] "GET / HTTP/1.0" 200 85114 "-" "Mozilla/5.0 (compatible; bingbot/2.0; +http://www.bing.com/bingbot.htm)"
37.130.227.133 - - [17/Aug/2014:03:32:54 +0400] "HEAD /wp-login.php HTTP/1.0" 404 - "-" "-"
66.249.79.215 - - [17/Aug/2014:06:08:34 +0400] "GET / HTTP/1.0" 200 84822 "-" "Mozilla/5.0 (compatible; Googlebot/2.1; +http://www.google.com/bot.html)"
109.234.156.66 - - [17/Aug/2014:07:54:14 +0400] "GET / HTTP/1.0" 200 84560 "-" "Mozilla/5.0 (X11; Linux x86_64) AppleWebKit/537.11 (KHTML, like Gecko) Ubuntu Chromium/23.0.1271.97 Chrome/23.0.1271.97 Safari/537.11"
157.55.39.137 - - [17/Aug/2014:09:14:01 +0400] "GET / HTTP/1.0" 200 85138 "-" "Mozilla/5.0 (compatible; bingbot/2.0; +http://www.bing.com/bingbot.htm)"
157.55.39.136 - - [17/Aug/2014:09:42:38 +0400] "GET / HTTP/1.0" 200 85114 "-" "Mozilla/5.0 (compatible; bingbot/2.0; +http://www.bing.com/bingbot.htm)"
82.107.207.117 - - [17/Aug/2014:09:55:42 +0400] "GET /wp-login.php HTTP/1.0" 404 308 "-" "Mozilla/5.0 (Windows NT 6.0) AppleWebKit/537.1 (KHTML, like Gecko) Chrome/23.0.1271.6 Safari/537.11"
82.107.207.117 - - [17/Aug/2014:09:55:42 +0400] "GET /administrator/ HTTP/1.0" 404 310 "-" "Mozilla/5.0 (Windows NT 6.0) AppleWebKit/537.1 (KHTML, like Gecko) Chrome/23.0.1271.6 Safari/537.11"
82.107.207.117 - - [17/Aug/2014:09:55:42 +0400] "GET /admin.php HTTP/1.0" 404 305 "-" "Mozilla/5.0 (Windows NT 6.0) AppleWebKit/537.1 (KHTML, like Gecko) Chrome/23.0.1271.6 Safari/537.11"
91.22.252.43 - - [17/Aug/2014:17:08:16 +0400] "GET / HTTP/1.0" 200 84563 "-" "Mozilla/4.0 (compatible; MSIE 6.0; Windows NT 5.1; SV1)"
157.55.39.137 - - [17/Aug/2014:22:13:42 +0400] "GET / HTTP/1.0" 200 85136 "-" "Mozilla/5.0 (compatible; bingbot/2.0; +http://www.bing.com/bingbot.htm)"
157.55.39.137 - - [17/Aug/2014:23:14:13 +0400] "GET / HTTP/1.0" 200 85114 "-" "Mozilla/5.0 (compatible; bingbot/2.0; +http://www.bing.com/bingbot.htm)"
212.33.255.53 - - [18/Aug/2014:05:19:07 +0400] "GET / HTTP/1.0" 200 84304 "-" "C-T bot"
66.249.78.10 - - [18/Aug/2014:05:22:59 +0400] "GET / HTTP/1.0" 200 84794 "-" "Mozilla/5.0 (compatible; Googlebot/2.1; +http://www.google.com/bot.html)"
66.249.78.103 - - [18/Aug/2014:05:35:31 +0400] "GET / HTTP/1.0" 200 85070 "-" "Mozilla/5.0 (iPhone; CPU iPhone OS 6_0 like Mac OS X) AppleWebKit/536.26 (KHTML, like Gecko) Version/6.0 Mobile/10A5376e Safari/8536.25 (compatible; Googlebot/2.1; +http://www.google.com/bot.html)"
157.55.39.137 - - [18/Aug/2014:06:21:21 +0400] "GET / HTTP/1.0" 200 85138 "-" "Mozilla/5.0 (compatible; bingbot/2.0; +http://www.bing.com/bingbot.htm)"
157.55.39.136 - - [18/Aug/2014:09:02:40 +0400] "GET / HTTP/1.0" 200 85114 "-" "Mozilla/5.0 (compatible; bingbot/2.0; +http://www.bing.com/bingbot.htm)"
188.143.234.246 - - [18/Aug/2014:13:41:22 +0400] "GET /index.php?option=com_tag&controller=tag&task=add&article_id=-260479/**//*!union*//**//*!select*//**/concat(username,0x3a,password,0x3a,usertype)/**//*!from*//**/jos_users/**/&tmpl=component HTTP/1.0" 200 87229 "-" "Mozilla/5.0 (Windows NT 6.1) AppleWebKit/537.36 (KHTML, like Gecko) Chrome/32.0.1667.0 Safari/537.36"
157.55.39.137 - - [18/Aug/2014:18:03:55 +0400] "GET / HTTP/1.0" 200 85138 "-" "Mozilla/5.0 (compatible; bingbot/2.0; +http://www.bing.com/bingbot.htm)"
157.55.39.137 - - [18/Aug/2014:20:39:57 +0400] "GET / HTTP/1.0" 200 85114 "-" "Mozilla/5.0 (compatible; bingbot/2.0; +http://www.bing.com/bingbot.htm)"
109.234.156.66 - - [19/Aug/2014:01:59:15 +0400] "GET / HTTP/1.0" 200 84560 "-" "Mozilla/5.0 (X11; Linux x86_64) AppleWebKit/537.11 (KHTML, like Gecko) Ubuntu Chromium/23.0.1271.97 Chrome/23.0.1271.97 Safari/537.11"
91.207.6.81 - - [19/Aug/2014:03:45:32 +0400] "GET / HTTP/1.0" 200 84721 "http://uiweb.ru/" "Mozilla/5.0 (Windows NT 5.1; rv:27.0) Gecko/20100101 Firefox/27.0"
157.55.39.137 - - [19/Aug/2014:06:01:43 +0400] "GET / HTTP/1.0" 200 85138 "-" "Mozilla/5.0 (compatible; bingbot/2.0; +http://www.bing.com/bingbot.htm)"
157.55.39.248 - - [19/Aug/2014:08:31:07 +0400] "GET /followed.html HTTP/1.0" 404 309 "-" "Mozilla/5.0 (compatible; bingbot/2.0; +http://www.bing.com/bingbot.htm)"
157.55.39.137 - - [19/Aug/2014:08:39:17 +0400] "GET / HTTP/1.0" 200 85114 "-" "Mozilla/5.0 (compatible; bingbot/2.0; +http://www.bing.com/bingbot.htm)"
157.55.39.137 - - [19/Aug/2014:17:48:48 +0400] "GET / HTTP/1.0" 200 85138 "-" "Mozilla/5.0 (compatible; bingbot/2.0; +http://www.bing.com/bingbot.htm)"
157.55.39.128 - - [19/Aug/2014:19:32:53 +0400] "GET /users/add_customer HTTP/1.0" 404 314 "-" "Mozilla/5.0 (compatible; bingbot/2.0; +http://www.bing.com/bingbot.htm)"
157.55.39.137 - - [19/Aug/2014:19:58:49 +0400] "GET / HTTP/1.0" 200 85114 "-" "Mozilla/5.0 (compatible; bingbot/2.0; +http://www.bing.com/bingbot.htm)"
176.9.146.140 - - [20/Aug/2014:00:39:30 +0400] "GET / HTTP/1.0" 200 84486 "-" "Mozilla/5.0 (Windows NT 5.1) AppleWebKit/535.1 (KHTML, like Gecko) Chrome/13.0.782.107 Safari/535.1"
93.171.202.240 - - [20/Aug/2014:00:40:27 +0400] "GET / HTTP/1.0" 200 84798 "-" "pr-cy.ru Screenshot Bot"
157.55.39.137 - - [20/Aug/2014:05:07:57 +0400] "GET / HTTP/1.0" 200 85138 "-" "Mozilla/5.0 (compatible; bingbot/2.0; +http://www.bing.com/bingbot.htm)"
109.234.156.66 - - [20/Aug/2014:07:27:53 +0400] "GET / HTTP/1.0" 200 84560 "-" "Mozilla/5.0 (X11; Linux x86_64) AppleWebKit/537.11 (KHTML, like Gecko) Ubuntu Chromium/23.0.1271.97 Chrome/23.0.1271.97 Safari/537.11"
157.55.39.137 - - [20/Aug/2014:07:46:16 +0400] "GET / HTTP/1.0" 200 85114 "-" "Mozilla/5.0 (compatible; bingbot/2.0; +http://www.bing.com/bingbot.htm)"
176.9.146.140 - - [20/Aug/2014:12:15:55 +0400] "GET / HTTP/1.0" 200 84488 "-" "Mozilla/5.0 (Windows NT 5.1) AppleWebKit/535.1 (KHTML, like Gecko) Chrome/13.0.782.107 Safari/535.1"
157.55.39.137 - - [20/Aug/2014:17:18:56 +0400] "GET / HTTP/1.0" 200 85138 "-" "Mozilla/5.0 (compatible; bingbot/2.0; +http://www.bing.com/bingbot.htm)"
157.55.39.137 - - [20/Aug/2014:19:42:12 +0400] "GET / HTTP/1.0" 200 85112 "-" "Mozilla/5.0 (compatible; bingbot/2.0; +http://www.bing.com/bingbot.htm)"
195.54.213.174 - - [20/Aug/2014:20:12:46 +0400] "GET / HTTP/1.0" 200 85300 "" "Mozilla/5.0 (compatible; statdom.ru/Bot; +http://statdom.ru/bot.html)"
176.9.146.140 - - [20/Aug/2014:22:36:43 +0400] "GET / HTTP/1.0" 200 84488 "-" "Mozilla/5.0 (Windows NT 5.1) AppleWebKit/535.1 (KHTML, like Gecko) Chrome/13.0.782.107 Safari/535.1"
157.55.39.137 - - [21/Aug/2014:04:52:18 +0400] "GET / HTTP/1.0" 200 85138 "-" "Mozilla/5.0 (compatible; bingbot/2.0; +http://www.bing.com/bingbot.htm)"
157.55.39.137 - - [21/Aug/2014:07:31:22 +0400] "GET / HTTP/1.0" 200 85114 "-" "Mozilla/5.0 (compatible; bingbot/2.0; +http://www.bing.com/bingbot.htm)"
109.234.156.66 - - [21/Aug/2014:08:05:41 +0400] "GET / HTTP/1.0" 200 84558 "-" "Mozilla/5.0 (X11; Linux x86_64) AppleWebKit/537.11 (KHTML, like Gecko) Ubuntu Chromium/23.0.1271.97 Chrome/23.0.1271.97 Safari/537.11"
78.46.145.195 - - [21/Aug/2014:09:35:35 +0400] "GET / HTTP/1.0" 200 84569 "-" "ScreenerBot Crawler Beta 2.0 (+http://www.ScreenerBot.com)"
78.46.145.195 - - [21/Aug/2014:09:35:35 +0400] "GET / HTTP/1.0" 200 84567 "-" "ScreenerBot Crawler Beta 2.0 (+http://www.ScreenerBot.com)"
92.243.68.48 - - [21/Aug/2014:15:56:43 +0400] "GET /wp-login.php HTTP/1.0" 404 308 "-" "Mozilla/5.0 (Windows NT 6.0) AppleWebKit/537.1 (KHTML, like Gecko) Chrome/24.0.1290.1 Safari/537.13"
92.243.68.48 - - [21/Aug/2014:15:56:43 +0400] "GET /administrator/ HTTP/1.0" 404 310 "-" "Mozilla/5.0 (Windows NT 6.0) AppleWebKit/537.1 (KHTML, like Gecko) Chrome/24.0.1290.1 Safari/537.13"
92.243.68.48 - - [21/Aug/2014:15:56:43 +0400] "GET /admin.php HTTP/1.0" 404 305 "-" "Mozilla/5.0 (Windows NT 6.0) AppleWebKit/537.1 (KHTML, like Gecko) Chrome/24.0.1290.1 Safari/537.13"
157.55.39.137 - - [21/Aug/2014:16:55:50 +0400] "GET / HTTP/1.0" 200 85138 "-" "Mozilla/5.0 (compatible; bingbot/2.0; +http://www.bing.com/bingbot.htm)"
87.106.27.11 - - [21/Aug/2014:17:47:11 +0400] "GET / HTTP/1.0" 200 84867 "http://www.ledpolice.ru/" "Mozilla/5.0 (Windows NT 6.1; WOW64) AppleWebKit/537.36 (KHTML, like Gecko) Chrome/32.0.1700.107 Safari/537.36 OPR/19.0.1326.63"
87.106.27.11 - - [21/Aug/2014:17:47:11 +0400] "GET / HTTP/1.0" 200 84833 "http://www.ledpolice.ru/" "Mozilla/5.0 (Windows NT 6.3; WOW64) AppleWebKit/537.36 (KHTML, like Gecko) Chrome/32.0.1700.107 Safari/537.36"
87.106.27.11 - - [21/Aug/2014:17:47:11 +0400] "GET / HTTP/1.0" 200 84827 "http://www.ledpolice.ru/" "Mozilla/5.0 (Windows NT 6.1; WOW64) AppleWebKit/537.36 (KHTML, like Gecko) Chrome/32.0.1700.76 Safari/537.36"
157.55.39.138 - - [21/Aug/2014:19:39:29 +0400] "GET / HTTP/1.0" 200 85114 "-" "Mozilla/5.0 (compatible; bingbot/2.0; +http://www.bing.com/bingbot.htm)"
176.114.203.6 - - [21/Aug/2014:23:31:29 +0400] "GET / HTTP/1.0" 200 90343 "http://vkusnota.tumblr.com/" "Mozilla/5.0 (Windows NT 6.2; rv:25.0) Gecko/20100101 Firefox/25.0"
64.246.187.42 - - [22/Aug/2014:01:34:21 +0400] "GET / HTTP/1.0" 200 85837 "http://whois.domaintools.com/uiweb.ru" "Mozilla/5.0 (Windows; U; Windows NT 5.1; en; rv:1.9.0.13) Gecko/2009073022 Firefox/3.5.2 (.NET CLR 3.5.30729) SurveyBot/2.3 (DomainTools)"
87.117.189.100 - - [22/Aug/2014:02:07:27 +0400] "GET / HTTP/1.0" 200 84825 "http://uiweb.ru/" "Mozilla/5.0 (Windows NT 6.1; WOW64) AppleWebKit/537.36 (KHTML, like Gecko) Chrome/32.0.1700.102 Safari/537.36"
157.55.39.137 - - [22/Aug/2014:04:59:18 +0400] "GET / HTTP/1.0" 200 85114 "-" "Mozilla/5.0 (compatible; bingbot/2.0; +http://www.bing.com/bingbot.htm)"
157.55.39.137 - - [22/Aug/2014:14:03:21 +0400] "GET / HTTP/1.0" 200 85138 "-" "Mozilla/5.0 (compatible; bingbot/2.0; +http://www.bing.com/bingbot.htm)"
109.234.156.66 - - [22/Aug/2014:16:35:50 +0400] "GET / HTTP/1.0" 200 84556 "-" "Mozilla/5.0 (X11; Linux x86_64) AppleWebKit/537.11 (KHTML, like Gecko) Ubuntu Chromium/23.0.1271.97 Chrome/23.0.1271.97 Safari/537.11"
157.55.39.138 - - [22/Aug/2014:16:38:32 +0400] "GET / HTTP/1.0" 200 85114 "-" "Mozilla/5.0 (compatible; bingbot/2.0; +http://www.bing.com/bingbot.htm)"
204.101.161.3 - - [23/Aug/2014:01:18:47 +0400] "GET / HTTP/1.0" 200 84946 "-" "Mozilla/5.0 (X11; Linux x86_64) AppleWebKit/537.4 (KHTML, like Gecko) Chrome/22.0.1229.94 Safari/537.4"
157.55.39.137 - - [23/Aug/2014:02:16:54 +0400] "GET / HTTP/1.0" 200 85138 "-" "Mozilla/5.0 (compatible; bingbot/2.0; +http://www.bing.com/bingbot.htm)"
178.210.65.27 - - [23/Aug/2014:04:06:54 +0400] "GET / HTTP/1.0" 200 84167 "-" "-"
157.55.39.137 - - [23/Aug/2014:06:11:10 +0400] "GET / HTTP/1.0" 200 85114 "-" "Mozilla/5.0 (compatible; bingbot/2.0; +http://www.bing.com/bingbot.htm)"
109.234.156.66 - - [23/Aug/2014:08:02:26 +0400] "GET / HTTP/1.0" 200 84560 "-" "Mozilla/5.0 (X11; Linux x86_64) AppleWebKit/537.11 (KHTML, like Gecko) Ubuntu Chromium/23.0.1271.97 Chrome/23.0.1271.97 Safari/537.11"
37.130.227.133 - - [23/Aug/2014:12:42:24 +0400] "HEAD /wp-login.php HTTP/1.0" 404 - "-" "-"
157.55.39.137 - - [23/Aug/2014:16:21:31 +0400] "GET / HTTP/1.0" 200 85138 "-" "Mozilla/5.0 (compatible; bingbot/2.0; +http://www.bing.com/bingbot.htm)"
157.55.39.137 - - [23/Aug/2014:18:05:18 +0400] "GET / HTTP/1.0" 200 85114 "-" "Mozilla/5.0 (compatible; bingbot/2.0; +http://www.bing.com/bingbot.htm)"
85.17.73.171 - - [23/Aug/2014:18:39:47 +0400] "GET / HTTP/1.0" 200 85111 "-" "Mozilla/5.0 (compatible; LinkpadBot/1.06; +http://www.linkpad.ru)"
46.165.242.7 - - [23/Aug/2014:21:19:25 +0400] "GET /admin/ HTTP/1.0" 404 302 "http://uiweb.ru" "Mozilla/5.0 (Windows; U; Windows NT 5.1; en-US) AppleWebKit/533.4 (KHTML, like Gecko) Chrome/5.0.375.99 Safari/533.4"
77.221.130.144 - - [24/Aug/2014:09:55:26 +0400] "GET /admin/ HTTP/1.0" 404 306 "http://www.uiweb.ru" "Mozilla/5.0 (Windows; U; Windows NT 5.1; en-US) AppleWebKit/533.4 (KHTML, like Gecko) Chrome/5.0.375.99 Safari/533.4"
157.55.39.137 - - [26/Aug/2014:02:21:38 +0400] "GET / HTTP/1.0" 200 85138 "-" "Mozilla/5.0 (compatible; bingbot/2.0; +http://www.bing.com/bingbot.htm)"
157.55.39.136 - - [26/Aug/2014:13:50:51 +0400] "GET / HTTP/1.0" 200 85114 "-" "Mozilla/5.0 (compatible; bingbot/2.0; +http://www.bing.com/bingbot.htm)"
66.249.65.23 - - [26/Aug/2014:16:13:01 +0400] "GET / HTTP/1.0" 200 84794 "-" "Mozilla/5.0 (compatible; Googlebot/2.1; +http://www.google.com/bot.html)"
66.249.67.29 - - [26/Aug/2014:17:14:21 +0400] "GET / HTTP/1.0" 200 84794 "-" "Mozilla/5.0 (compatible; Googlebot/2.1; +http://www.google.com/bot.html)"
66.249.67.202 - - [26/Aug/2014:20:09:36 +0400] "GET / HTTP/1.0" 200 84822 "-" "Mozilla/5.0 (compatible; Googlebot/2.1; +http://www.google.com/bot.html)"
207.46.13.129 - - [26/Aug/2014:23:11:16 +0400] "GET / HTTP/1.0" 200 85138 "-" "Mozilla/5.0 (compatible; bingbot/2.0; +http://www.bing.com/bingbot.htm)"
109.234.156.66 - - [27/Aug/2014:00:00:55 +0400] "GET / HTTP/1.0" 200 84560 "-" "Mozilla/5.0 (X11; Linux x86_64) AppleWebKit/537.11 (KHTML, like Gecko) Ubuntu Chromium/23.0.1271.97 Chrome/23.0.1271.97 Safari/537.11"
66.249.67.189 - - [27/Aug/2014:00:44:25 +0400] "GET / HTTP/1.0" 200 84822 "-" "Mozilla/5.0 (compatible; Googlebot/2.1; +http://www.google.com/bot.html)"
207.46.13.129 - - [27/Aug/2014:01:44:56 +0400] "GET / HTTP/1.0" 200 85114 "-" "Mozilla/5.0 (compatible; bingbot/2.0; +http://www.bing.com/bingbot.htm)"
207.46.13.129 - - [27/Aug/2014:02:27:47 +0400] "GET / HTTP/1.0" 200 85114 "-" "Mozilla/5.0 (compatible; bingbot/2.0; +http://www.bing.com/bingbot.htm)"
207.46.13.129 - - [27/Aug/2014:07:43:53 +0400] "GET / HTTP/1.0" 200 85114 "-" "Mozilla/5.0 (compatible; bingbot/2.0; +http://www.bing.com/bingbot.htm)"
207.46.13.129 - - [27/Aug/2014:07:43:54 +0400] "GET / HTTP/1.0" 200 85112 "-" "Mozilla/5.0 (compatible; bingbot/2.0; +http://www.bing.com/bingbot.htm)"
195.239.131.210 - - [27/Aug/2014:10:51:47 +0400] "GET / HTTP/1.0" 200 84898 "-" "Mozilla/5.0 (Macintosh; Intel Mac OS X 10_7_3) AppleWebKit/535.7 (KHTML, like Gecko) Chrome/16.0.912.77 Safari/535.7"
66.249.76.177 - - [27/Aug/2014:14:46:44 +0400] "GET / HTTP/1.0" 200 85046 "-" "Mozilla/5.0 (iPhone; CPU iPhone OS 6_0 like Mac OS X) AppleWebKit/536.26 (KHTML, like Gecko) Version/6.0 Mobile/10A5376e Safari/8536.25 (compatible; Googlebot/2.1; +http://www.google.com/bot.html)"
89.208.17.22 - - [27/Aug/2014:16:41:54 +0400] "GET / HTTP/1.0" 200 84492 "http://uiweb.ru/" "Mozilla/5.0 (compatible; U; AnyEvent-HTTP/2.15; +http://software.schmorp.de/pkg/AnyEvent)"
207.46.13.129 - - [27/Aug/2014:16:55:58 +0400] "GET / HTTP/1.0" 200 85136 "-" "Mozilla/5.0 (compatible; bingbot/2.0; +http://www.bing.com/bingbot.htm)"
109.106.195.2 - - [27/Aug/2014:17:44:55 +0400] "GET /wp-login.php HTTP/1.0" 404 308 "-" "Mozilla/5.0 (Windows NT 6.0) AppleWebKit/537.1 (KHTML, like Gecko) Chrome/23.0.1271.17 Safari/537.11"
109.106.195.2 - - [27/Aug/2014:17:45:02 +0400] "GET /administrator/ HTTP/1.0" 404 310 "-" "Mozilla/5.0 (Windows NT 6.0) AppleWebKit/537.1 (KHTML, like Gecko) Chrome/23.0.1271.17 Safari/537.11"
109.106.195.2 - - [27/Aug/2014:17:45:16 +0400] "GET /admin.php HTTP/1.0" 404 305 "-" "Mozilla/5.0 (Windows NT 6.0) AppleWebKit/537.1 (KHTML, like Gecko) Chrome/23.0.1271.17 Safari/537.11"
188.40.249.87 - - [27/Aug/2014:18:05:04 +0400] "GET / HTTP/1.0" 200 85244 "http://inload.me" "Mozilla/5.1 (compatible; DBot/7.3; +http://inload.me)"
188.40.249.87 - - [27/Aug/2014:18:05:04 +0400] "GET / HTTP/1.0" 200 85244 "http://inload.me" "Mozilla/5.1 (compatible; DBot/7.3; +http://inload.me)"
188.40.249.87 - - [27/Aug/2014:18:05:04 +0400] "GET / HTTP/1.0" 200 85246 "http://inload.me" "Mozilla/5.1 (compatible; DBot/7.3; +http://inload.me)"
207.46.13.129 - - [27/Aug/2014:20:25:37 +0400] "GET / HTTP/1.0" 200 85114 "-" "Mozilla/5.0 (compatible; bingbot/2.0; +http://www.bing.com/bingbot.htm)"
77.37.192.52 - - [28/Aug/2014:02:41:01 +0400] "GET /index.php?option=com_user&view=register HTTP/1.0" 200 85249 "http://uiweb.ru/index.php?option=com_user&view=register" "Mozilla/5.0 (Windows NT 6.1) AppleWebKit/537.36 (KHTML, like Gecko) Chrome/33.0.1750.117 Safari/537.36"
66.249.78.17 - - [28/Aug/2014:03:50:24 +0400] "GET /images/ HTTP/1.0" 404 303 "-" "Mozilla/5.0 (compatible; Googlebot/2.1; +http://www.google.com/bot.html)"
109.234.156.66 - - [28/Aug/2014:05:55:00 +0400] "GET / HTTP/1.0" 200 84560 "-" "Mozilla/5.0 (X11; Linux x86_64) AppleWebKit/537.11 (KHTML, like Gecko) Ubuntu Chromium/23.0.1271.97 Chrome/23.0.1271.97 Safari/537.11"
207.46.13.129 - - [28/Aug/2014:08:23:19 +0400] "GET / HTTP/1.0" 200 85114 "-" "Mozilla/5.0 (compatible; bingbot/2.0; +http://www.bing.com/bingbot.htm)"
80.93.49.174 - - [28/Aug/2014:11:08:51 +0400] "HEAD / HTTP/1.0" 200 - "-" "Mozilla/5.0"
80.93.49.174 - - [28/Aug/2014:11:08:51 +0400] "HEAD / HTTP/1.0" 200 - "-" "Mozilla/5.0"
207.46.13.129 - - [28/Aug/2014:17:51:36 +0400] "GET / HTTP/1.0" 200 85138 "-" "Mozilla/5.0 (compatible; bingbot/2.0; +http://www.bing.com/bingbot.htm)"
207.46.13.129 - - [28/Aug/2014:20:36:52 +0400] "GET / HTTP/1.0" 200 85114 "-" "Mozilla/5.0 (compatible; bingbot/2.0; +http://www.bing.com/bingbot.htm)"
207.46.13.129 - - [29/Aug/2014:07:41:40 +0400] "GET / HTTP/1.0" 200 85114 "-" "Mozilla/5.0 (compatible; bingbot/2.0; +http://www.bing.com/bingbot.htm)"
109.234.156.66 - - [29/Aug/2014:09:03:58 +0400] "GET / HTTP/1.0" 200 84560 "-" "Mozilla/5.0 (X11; Linux x86_64) AppleWebKit/537.11 (KHTML, like Gecko) Ubuntu Chromium/23.0.1271.97 Chrome/23.0.1271.97 Safari/537.11"
195.54.213.174 - - [29/Aug/2014:14:21:41 +0400] "GET / HTTP/1.0" 200 85300 "" "Mozilla/5.0 (compatible; statdom.ru/Bot; +http://statdom.ru/bot.html)"
188.92.76.167 - - [29/Aug/2014:17:22:54 +0400] "HEAD / HTTP/1.0" 200 - "http://ooocivilist.ru/kak-obespechitelnyj-depozit-pomozhet-otsrochit-uplatu-naloga-s-arendnoj-platy.html" "Opera/9.80 (Windows NT 6.0; WOW64) Presto/2.12.388 Version/12.14"
188.92.76.167 - - [29/Aug/2014:17:22:54 +0400] "HEAD / HTTP/1.0" 200 - "http://ooocivilist.ru/kak-obespechitelnyj-depozit-pomozhet-otsrochit-uplatu-naloga-s-arendnoj-platy.html" "Opera/9.80 (Windows NT 6.0; WOW64) Presto/2.12.388 Version/12.14"
207.46.13.129 - - [29/Aug/2014:18:54:44 +0400] "GET / HTTP/1.0" 200 85138 "-" "Mozilla/5.0 (compatible; bingbot/2.0; +http://www.bing.com/bingbot.htm)"
207.46.13.129 - - [29/Aug/2014:20:14:29 +0400] "GET / HTTP/1.0" 200 85114 "-" "Mozilla/5.0 (compatible; bingbot/2.0; +http://www.bing.com/bingbot.htm)"
91.221.109.101 - - [29/Aug/2014:22:14:33 +0400] "GET / HTTP/1.0" 200 84771 "-" "Mozilla/5.0 (Windows NT 6.2; WOW64) Runet-Research-Crawler (itrack.ru/research/cmsrate; rating@itrack.ru)"
91.221.109.101 - - [30/Aug/2014:00:36:45 +0400] "GET /manager/ HTTP/1.0" 404 304 "-" "Mozilla/5.0 (Windows NT 6.2; WOW64) Runet-Research-Crawler (itrack.ru/research/cmsrate; rating@itrack.ru)"
91.221.109.101 - - [30/Aug/2014:02:29:48 +0400] "GET /administrator/ HTTP/1.0" 404 310 "-" "Mozilla/5.0 (Windows NT 6.2; WOW64) Runet-Research-Crawler (itrack.ru/research/cmsrate; rating@itrack.ru)"
91.221.109.101 - - [30/Aug/2014:04:24:39 +0400] "GET /wp-login.php HTTP/1.0" 404 308 "-" "Mozilla/5.0 (Windows NT 6.2; WOW64) Runet-Research-Crawler (itrack.ru/research/cmsrate; rating@itrack.ru)"
207.46.13.129 - - [30/Aug/2014:04:34:30 +0400] "GET / HTTP/1.0" 200 85138 "-" "Mozilla/5.0 (compatible; bingbot/2.0; +http://www.bing.com/bingbot.htm)"
91.221.109.101 - - [30/Aug/2014:06:10:46 +0400] "GET /engine/engine.php HTTP/1.0" 404 313 "-" "Mozilla/5.0 (Windows NT 6.2; WOW64) Runet-Research-Crawler (itrack.ru/research/cmsrate; rating@itrack.ru)"
207.46.13.129 - - [30/Aug/2014:07:01:07 +0400] "GET / HTTP/1.0" 200 85114 "-" "Mozilla/5.0 (compatible; bingbot/2.0; +http://www.bing.com/bingbot.htm)"
109.234.156.66 - - [30/Aug/2014:07:34:30 +0400] "GET / HTTP/1.0" 200 84560 "-" "Mozilla/5.0 (X11; Linux x86_64) AppleWebKit/537.11 (KHTML, like Gecko) Ubuntu Chromium/23.0.1271.97 Chrome/23.0.1271.97 Safari/537.11"
78.46.145.195 - - [30/Aug/2014:07:44:02 +0400] "GET /?dgcr=1 HTTP/1.0" 200 84570 "-" "ScreenerBot Crawler Beta 2.0 (+http://www.ScreenerBot.com)"
91.221.109.101 - - [30/Aug/2014:07:56:58 +0400] "GET /user/register HTTP/1.0" 404 309 "-" "Mozilla/5.0 (Windows NT 6.2; WOW64) Runet-Research-Crawler (itrack.ru/research/cmsrate; rating@itrack.ru)"
91.221.109.101 - - [30/Aug/2014:09:42:26 +0400] "GET /admin/login.php HTTP/1.0" 404 311 "-" "Mozilla/5.0 (Windows NT 6.2; WOW64) Runet-Research-Crawler (itrack.ru/research/cmsrate; rating@itrack.ru)"
178.212.64.10 - - [30/Aug/2014:11:20:13 +0400] "GET /admin.php HTTP/1.0" 404 305 "-" "Opera/9.80 (Windows NT 6.1; U; ru) Presto/2.8.131 Version/11.10"
178.212.64.10 - - [30/Aug/2014:11:20:22 +0400] "GET /administrator/index.php HTTP/1.0" 404 319 "-" "Opera/9.80 (Windows NT 6.1; U; ru) Presto/2.8.131 Version/11.10"
178.212.64.10 - - [30/Aug/2014:11:20:22 +0400] "GET /wp-login.php HTTP/1.0" 404 308 "-" "Opera/9.80 (Windows NT 6.1; U; ru) Presto/2.8.131 Version/11.10"
91.221.109.101 - - [30/Aug/2014:11:28:23 +0400] "GET /password_double_opt.php HTTP/1.0" 404 319 "-" "Mozilla/5.0 (Windows NT 6.2; WOW64) Runet-Research-Crawler (itrack.ru/research/cmsrate; rating@itrack.ru)"
91.221.109.101 - - [30/Aug/2014:13:41:12 +0400] "GET /netcat/admin/ HTTP/1.0" 404 309 "-" "Mozilla/5.0 (Windows NT 6.2; WOW64) Runet-Research-Crawler (itrack.ru/research/cmsrate; rating@itrack.ru)"
91.221.109.101 - - [30/Aug/2014:15:26:08 +0400] "GET /core/tpl/admin/default.tpl.html HTTP/1.0" 404 327 "-" "Mozilla/5.0 (Windows NT 6.2; WOW64) Runet-Research-Crawler (itrack.ru/research/cmsrate; rating@itrack.ru)"
157.55.39.136 - - [30/Aug/2014:16:15:06 +0400] "GET / HTTP/1.0" 200 85138 "-" "Mozilla/5.0 (compatible; bingbot/2.0; +http://www.bing.com/bingbot.htm)"
91.221.109.101 - - [30/Aug/2014:17:12:01 +0400] "GET /phpshop/admpanel/ HTTP/1.0" 404 313 "-" "Mozilla/5.0 (Windows NT 6.2; WOW64) Runet-Research-Crawler (itrack.ru/research/cmsrate; rating@itrack.ru)"
157.55.39.135 - - [30/Aug/2014:18:45:11 +0400] "GET / HTTP/1.0" 200 85114 "-" "Mozilla/5.0 (compatible; bingbot/2.0; +http://www.bing.com/bingbot.htm)"
91.221.109.101 - - [30/Aug/2014:18:59:07 +0400] "GET /admin/ HTTP/1.0" 404 302 "-" "Mozilla/5.0 (Windows NT 6.2; WOW64) Runet-Research-Crawler (itrack.ru/research/cmsrate; rating@itrack.ru)"
91.221.109.101 - - [30/Aug/2014:20:45:42 +0400] "GET /js/easy.php HTTP/1.0" 404 307 "-" "Mozilla/5.0 (Windows NT 6.2; WOW64) Runet-Research-Crawler (itrack.ru/research/cmsrate; rating@itrack.ru)"
91.221.109.101 - - [30/Aug/2014:22:29:40 +0400] "GET /core/packages/.gitignore HTTP/1.0" 404 320 "-" "Mozilla/5.0 (Windows NT 6.2; WOW64) Runet-Research-Crawler (itrack.ru/research/cmsrate; rating@itrack.ru)"
91.221.109.101 - - [31/Aug/2014:00:13:38 +0400] "GET /assets/index.html HTTP/1.0" 404 313 "-" "Mozilla/5.0 (Windows NT 6.2; WOW64) Runet-Research-Crawler (itrack.ru/research/cmsrate; rating@itrack.ru)"
157.55.39.136 - - [31/Aug/2014:10:59:22 +0400] "GET / HTTP/1.0" 200 85136 "-" "Mozilla/5.0 (compatible; bingbot/2.0; +http://www.bing.com/bingbot.htm)"
192.168.0.102 - - [02/Sep/2014:22:53:48 +0400] "GET / HTTP/1.1" 403 493 "-" "Mozilla/5.0 (X11; Linux x86_64) AppleWebKit/537.36 (KHTML, like Gecko) Chrome/37.0.2062.94 Safari/537.36"
192.168.0.102 - - [02/Sep/2014:22:53:48 +0400] "GET /favicon.ico HTTP/1.1" 403 503 "-" "Mozilla/5.0 (X11; Linux x86_64) AppleWebKit/537.36 (KHTML, like Gecko) Chrome/37.0.2062.94 Safari/537.36"
192.168.0.102 - - [02/Sep/2014:22:54:32 +0400] "GET / HTTP/1.1" 403 493 "-" "Mozilla/5.0 (X11; Linux x86_64) AppleWebKit/537.36 (KHTML, like Gecko) Chrome/37.0.2062.94 Safari/537.36"
192.168.0.102 - - [02/Sep/2014:22:54:32 +0400] "GET /favicon.ico HTTP/1.1" 403 503 "-" "Mozilla/5.0 (X11; Linux x86_64) AppleWebKit/537.36 (KHTML, like Gecko) Chrome/37.0.2062.94 Safari/537.36"
192.168.0.102 - - [02/Sep/2014:22:54:33 +0400] "GET / HTTP/1.1" 403 492 "-" "Mozilla/5.0 (X11; Linux x86_64) AppleWebKit/537.36 (KHTML, like Gecko) Chrome/37.0.2062.94 Safari/537.36"
192.168.0.102 - - [02/Sep/2014:22:54:34 +0400] "GET /favicon.ico HTTP/1.1" 403 503 "-" "Mozilla/5.0 (X11; Linux x86_64) AppleWebKit/537.36 (KHTML, like Gecko) Chrome/37.0.2062.94 Safari/537.36"
192.168.0.102 - - [02/Sep/2014:22:54:34 +0400] "GET / HTTP/1.1" 403 492 "-" "Mozilla/5.0 (X11; Linux x86_64) AppleWebKit/537.36 (KHTML, like Gecko) Chrome/37.0.2062.94 Safari/537.36"
192.168.0.102 - - [02/Sep/2014:22:54:34 +0400] "GET /favicon.ico HTTP/1.1" 403 503 "-" "Mozilla/5.0 (X11; Linux x86_64) AppleWebKit/537.36 (KHTML, like Gecko) Chrome/37.0.2062.94 Safari/537.36"
192.168.0.102 - - [02/Sep/2014:22:54:34 +0400] "GET / HTTP/1.1" 403 492 "-" "Mozilla/5.0 (X11; Linux x86_64) AppleWebKit/537.36 (KHTML, like Gecko) Chrome/37.0.2062.94 Safari/537.36"
192.168.0.102 - - [02/Sep/2014:22:54:34 +0400] "GET /favicon.ico HTTP/1.1" 403 503 "-" "Mozilla/5.0 (X11; Linux x86_64) AppleWebKit/537.36 (KHTML, like Gecko) Chrome/37.0.2062.94 Safari/537.36"
192.168.0.102 - - [02/Sep/2014:22:54:34 +0400] "GET / HTTP/1.1" 403 492 "-" "Mozilla/5.0 (X11; Linux x86_64) AppleWebKit/537.36 (KHTML, like Gecko) Chrome/37.0.2062.94 Safari/537.36"
192.168.0.102 - - [02/Sep/2014:22:54:34 +0400] "GET /favicon.ico HTTP/1.1" 403 503 "-" "Mozilla/5.0 (X11; Linux x86_64) AppleWebKit/537.36 (KHTML, like Gecko) Chrome/37.0.2062.94 Safari/537.36"
192.168.0.102 - - [02/Sep/2014:22:54:34 +0400] "GET / HTTP/1.1" 403 492 "-" "Mozilla/5.0 (X11; Linux x86_64) AppleWebKit/537.36 (KHTML, like Gecko) Chrome/37.0.2062.94 Safari/537.36"
192.168.0.102 - - [02/Sep/2014:22:54:35 +0400] "GET /favicon.ico HTTP/1.1" 403 503 "-" "Mozilla/5.0 (X11; Linux x86_64) AppleWebKit/537.36 (KHTML, like Gecko) Chrome/37.0.2062.94 Safari/537.36"
192.168.0.102 - - [02/Sep/2014:22:55:03 +0400] "GET / HTTP/1.1" 403 493 "-" "Mozilla/5.0 (X11; Linux x86_64) AppleWebKit/537.36 (KHTML, like Gecko) Chrome/37.0.2062.94 Safari/537.36"
192.168.0.102 - - [02/Sep/2014:22:55:03 +0400] "GET /favicon.ico HTTP/1.1" 403 503 "-" "Mozilla/5.0 (X11; Linux x86_64) AppleWebKit/537.36 (KHTML, like Gecko) Chrome/37.0.2062.94 Safari/537.36"
192.168.0.102 - - [02/Sep/2014:22:55:04 +0400] "GET / HTTP/1.1" 403 492 "-" "Mozilla/5.0 (X11; Linux x86_64) AppleWebKit/537.36 (KHTML, like Gecko) Chrome/37.0.2062.94 Safari/537.36"
192.168.0.102 - - [02/Sep/2014:22:55:04 +0400] "GET /favicon.ico HTTP/1.1" 403 503 "-" "Mozilla/5.0 (X11; Linux x86_64) AppleWebKit/537.36 (KHTML, like Gecko) Chrome/37.0.2062.94 Safari/537.36"
192.168.0.102 - - [02/Sep/2014:22:59:30 +0400] "GET / HTTP/1.1" 200 301 "-" "Mozilla/5.0 (X11; Linux x86_64) AppleWebKit/537.36 (KHTML, like Gecko) Chrome/37.0.2062.94 Safari/537.36"
192.168.0.102 - - [02/Sep/2014:22:59:30 +0400] "GET /favicon.ico HTTP/1.1" 404 499 "-" "Mozilla/5.0 (X11; Linux x86_64) AppleWebKit/537.36 (KHTML, like Gecko) Chrome/37.0.2062.94 Safari/537.36"
192.168.0.102 - - [02/Sep/2014:22:59:31 +0400] "GET / HTTP/1.1" 304 180 "-" "Mozilla/5.0 (X11; Linux x86_64) AppleWebKit/537.36 (KHTML, like Gecko) Chrome/37.0.2062.94 Safari/537.36"
192.168.0.102 - - [02/Sep/2014:22:59:32 +0400] "GET / HTTP/1.1" 304 180 "-" "Mozilla/5.0 (X11; Linux x86_64) AppleWebKit/537.36 (KHTML, like Gecko) Chrome/37.0.2062.94 Safari/537.36"
192.168.0.102 - - [03/Sep/2014:20:31:15 +0400] "GET /favicon.ico HTTP/1.1" 404 500 "-" "Mozilla/5.0 (X11; Linux x86_64) AppleWebKit/537.36 (KHTML, like Gecko) Chrome/37.0.2062.94 Safari/537.36"
192.168.0.102 - - [03/Sep/2014:20:36:09 +0400] "GET / HTTP/1.1" 304 181 "-" "Mozilla/5.0 (X11; Linux x86_64) AppleWebKit/537.36 (KHTML, like Gecko) Chrome/37.0.2062.94 Safari/537.36"
192.168.0.102 - - [03/Sep/2014:20:36:09 +0400] "GET / HTTP/1.1" 304 180 "-" "Mozilla/5.0 (X11; Linux x86_64) AppleWebKit/537.36 (KHTML, like Gecko) Chrome/37.0.2062.94 Safari/537.36"
192.168.0.102 - - [03/Sep/2014:20:36:10 +0400] "GET / HTTP/1.1" 304 180 "-" "Mozilla/5.0 (X11; Linux x86_64) AppleWebKit/537.36 (KHTML, like Gecko) Chrome/37.0.2062.94 Safari/537.36"
192.168.0.102 - - [03/Sep/2014:20:36:10 +0400] "GET / HTTP/1.1" 304 180 "-" "Mozilla/5.0 (X11; Linux x86_64) AppleWebKit/537.36 (KHTML, like Gecko) Chrome/37.0.2062.94 Safari/537.36"
192.168.0.102 - - [03/Sep/2014:20:36:10 +0400] "GET / HTTP/1.1" 304 180 "-" "Mozilla/5.0 (X11; Linux x86_64) AppleWebKit/537.36 (KHTML, like Gecko) Chrome/37.0.2062.94 Safari/537.36"
192.168.0.102 - - [03/Sep/2014:20:36:11 +0400] "GET / HTTP/1.1" 304 180 "-" "Mozilla/5.0 (X11; Linux x86_64) AppleWebKit/537.36 (KHTML, like Gecko) Chrome/37.0.2062.94 Safari/537.36"
192.168.0.102 - - [03/Sep/2014:20:36:57 +0400] "GET / HTTP/1.1" 200 243 "-" "Mozilla/5.0 (X11; Linux x86_64) AppleWebKit/537.36 (KHTML, like Gecko) Chrome/37.0.2062.94 Safari/537.36"
192.168.0.102 - - [03/Sep/2014:20:36:58 +0400] "GET / HTTP/1.1" 200 242 "-" "Mozilla/5.0 (X11; Linux x86_64) AppleWebKit/537.36 (KHTML, like Gecko) Chrome/37.0.2062.94 Safari/537.36"
192.168.0.102 - - [03/Sep/2014:20:36:59 +0400] "GET / HTTP/1.1" 200 242 "-" "Mozilla/5.0 (X11; Linux x86_64) AppleWebKit/537.36 (KHTML, like Gecko) Chrome/37.0.2062.94 Safari/537.36"
192.168.0.102 - - [03/Sep/2014:20:37:00 +0400] "GET / HTTP/1.1" 200 242 "-" "Mozilla/5.0 (X11; Linux x86_64) AppleWebKit/537.36 (KHTML, like Gecko) Chrome/37.0.2062.94 Safari/537.36"
192.168.0.102 - - [03/Sep/2014:20:37:00 +0400] "GET / HTTP/1.1" 200 242 "-" "Mozilla/5.0 (X11; Linux x86_64) AppleWebKit/537.36 (KHTML, like Gecko) Chrome/37.0.2062.94 Safari/537.36"
192.168.0.102 - - [03/Sep/2014:20:37:00 +0400] "GET / HTTP/1.1" 200 242 "-" "Mozilla/5.0 (X11; Linux x86_64) AppleWebKit/537.36 (KHTML, like Gecko) Chrome/37.0.2062.94 Safari/537.36"
192.168.0.102 - - [03/Sep/2014:20:37:00 +0400] "GET / HTTP/1.1" 200 242 "-" "Mozilla/5.0 (X11; Linux x86_64) AppleWebKit/537.36 (KHTML, like Gecko) Chrome/37.0.2062.94 Safari/537.36"
192.168.0.102 - - [03/Sep/2014:20:37:14 +0400] "GET / HTTP/1.1" 200 242 "-" "Mozilla/5.0 (X11; Linux x86_64) AppleWebKit/537.36 (KHTML, like Gecko) Chrome/37.0.2062.94 Safari/537.36"
192.168.0.102 - - [03/Sep/2014:20:37:22 +0400] "GET / HTTP/1.1" 200 243 "-" "Mozilla/5.0 (X11; Linux x86_64) AppleWebKit/537.36 (KHTML, like Gecko) Chrome/37.0.2062.94 Safari/537.36"
192.168.0.102 - - [03/Sep/2014:20:37:23 +0400] "GET / HTTP/1.1" 200 242 "-" "Mozilla/5.0 (X11; Linux x86_64) AppleWebKit/537.36 (KHTML, like Gecko) Chrome/37.0.2062.94 Safari/537.36"
192.168.0.102 - - [03/Sep/2014:20:37:23 +0400] "GET / HTTP/1.1" 200 242 "-" "Mozilla/5.0 (X11; Linux x86_64) AppleWebKit/537.36 (KHTML, like Gecko) Chrome/37.0.2062.94 Safari/537.36"
192.168.0.102 - - [03/Sep/2014:20:37:23 +0400] "GET / HTTP/1.1" 200 242 "-" "Mozilla/5.0 (X11; Linux x86_64) AppleWebKit/537.36 (KHTML, like Gecko) Chrome/37.0.2062.94 Safari/537.36"
192.168.0.102 - - [03/Sep/2014:20:39:56 +0400] "GET / HTTP/1.1" 200 243 "-" "Mozilla/5.0 (X11; Linux x86_64) AppleWebKit/537.36 (KHTML, like Gecko) Chrome/37.0.2062.94 Safari/537.36"
192.168.0.102 - - [03/Sep/2014:20:39:57 +0400] "GET / HTTP/1.1" 200 242 "-" "Mozilla/5.0 (X11; Linux x86_64) AppleWebKit/537.36 (KHTML, like Gecko) Chrome/37.0.2062.94 Safari/537.36"
192.168.0.102 - - [03/Sep/2014:20:42:55 +0400] "GET /index.php HTTP/1.1" 200 243 "-" "Mozilla/5.0 (X11; Linux x86_64) AppleWebKit/537.36 (KHTML, like Gecko) Chrome/37.0.2062.94 Safari/537.36"
192.168.0.102 - - [03/Sep/2014:20:46:38 +0400] "GET /index.php HTTP/1.1" 200 243 "-" "Mozilla/5.0 (X11; Linux x86_64) AppleWebKit/537.36 (KHTML, like Gecko) Chrome/37.0.2062.94 Safari/537.36"
192.168.0.102 - - [03/Sep/2014:20:46:39 +0400] "GET /index.php HTTP/1.1" 200 242 "-" "Mozilla/5.0 (X11; Linux x86_64) AppleWebKit/537.36 (KHTML, like Gecko) Chrome/37.0.2062.94 Safari/537.36"
192.168.0.102 - - [03/Sep/2014:20:46:40 +0400] "GET /index.php HTTP/1.1" 200 242 "-" "Mozilla/5.0 (X11; Linux x86_64) AppleWebKit/537.36 (KHTML, like Gecko) Chrome/37.0.2062.94 Safari/537.36"
192.168.0.102 - - [03/Sep/2014:20:46:40 +0400] "GET /index.php HTTP/1.1" 200 242 "-" "Mozilla/5.0 (X11; Linux x86_64) AppleWebKit/537.36 (KHTML, like Gecko) Chrome/37.0.2062.94 Safari/537.36"
192.168.0.102 - - [03/Sep/2014:20:46:40 +0400] "GET /index.php HTTP/1.1" 200 242 "-" "Mozilla/5.0 (X11; Linux x86_64) AppleWebKit/537.36 (KHTML, like Gecko) Chrome/37.0.2062.94 Safari/537.36"
192.168.0.102 - - [03/Sep/2014:20:46:41 +0400] "GET /index.php HTTP/1.1" 200 242 "-" "Mozilla/5.0 (X11; Linux x86_64) AppleWebKit/537.36 (KHTML, like Gecko) Chrome/37.0.2062.94 Safari/537.36"
192.168.0.102 - - [03/Sep/2014:20:46:43 +0400] "GET / HTTP/1.1" 200 242 "-" "Mozilla/5.0 (X11; Linux x86_64) AppleWebKit/537.36 (KHTML, like Gecko) Chrome/37.0.2062.94 Safari/537.36"
192.168.0.102 - - [03/Sep/2014:20:46:43 +0400] "GET / HTTP/1.1" 200 242 "-" "Mozilla/5.0 (X11; Linux x86_64) AppleWebKit/537.36 (KHTML, like Gecko) Chrome/37.0.2062.94 Safari/537.36"
192.168.0.102 - - [03/Sep/2014:20:47:48 +0400] "GET / HTTP/1.1" 200 243 "-" "Mozilla/5.0 (X11; Linux x86_64) AppleWebKit/537.36 (KHTML, like Gecko) Chrome/37.0.2062.94 Safari/537.36"
192.168.0.102 - - [03/Sep/2014:20:47:48 +0400] "GET / HTTP/1.1" 200 242 "-" "Mozilla/5.0 (X11; Linux x86_64) AppleWebKit/537.36 (KHTML, like Gecko) Chrome/37.0.2062.94 Safari/537.36"
192.168.0.102 - - [03/Sep/2014:20:47:49 +0400] "GET / HTTP/1.1" 200 242 "-" "Mozilla/5.0 (X11; Linux x86_64) AppleWebKit/537.36 (KHTML, like Gecko) Chrome/37.0.2062.94 Safari/537.36"
192.168.0.102 - - [03/Sep/2014:20:47:49 +0400] "GET / HTTP/1.1" 200 242 "-" "Mozilla/5.0 (X11; Linux x86_64) AppleWebKit/537.36 (KHTML, like Gecko) Chrome/37.0.2062.94 Safari/537.36"
192.168.0.102 - - [03/Sep/2014:20:47:49 +0400] "GET / HTTP/1.1" 200 242 "-" "Mozilla/5.0 (X11; Linux x86_64) AppleWebKit/537.36 (KHTML, like Gecko) Chrome/37.0.2062.94 Safari/537.36"
192.168.0.102 - - [03/Sep/2014:20:47:49 +0400] "GET / HTTP/1.1" 200 242 "-" "Mozilla/5.0 (X11; Linux x86_64) AppleWebKit/537.36 (KHTML, like Gecko) Chrome/37.0.2062.94 Safari/537.36"
192.168.0.102 - - [03/Sep/2014:20:47:49 +0400] "GET / HTTP/1.1" 200 242 "-" "Mozilla/5.0 (X11; Linux x86_64) AppleWebKit/537.36 (KHTML, like Gecko) Chrome/37.0.2062.94 Safari/537.36"
192.168.0.102 - - [03/Sep/2014:21:13:47 +0400] "GET / HTTP/1.1" 200 243 "-" "Mozilla/5.0 (X11; Linux x86_64) AppleWebKit/537.36 (KHTML, like Gecko) Chrome/37.0.2062.94 Safari/537.36"
192.168.0.102 - - [03/Sep/2014:21:13:48 +0400] "GET / HTTP/1.1" 200 242 "-" "Mozilla/5.0 (X11; Linux x86_64) AppleWebKit/537.36 (KHTML, like Gecko) Chrome/37.0.2062.94 Safari/537.36"
192.168.0.102 - - [03/Sep/2014:21:13:48 +0400] "GET / HTTP/1.1" 200 242 "-" "Mozilla/5.0 (X11; Linux x86_64) AppleWebKit/537.36 (KHTML, like Gecko) Chrome/37.0.2062.94 Safari/537.36"
192.168.0.102 - - [03/Sep/2014:21:20:03 +0400] "GET / HTTP/1.1" 200 18623 "-" "Mozilla/5.0 (X11; Linux x86_64) AppleWebKit/537.36 (KHTML, like Gecko) Chrome/37.0.2062.94 Safari/537.36"
192.168.0.102 - - [03/Sep/2014:21:24:33 +0400] "GET / HTTP/1.1" 200 18624 "-" "Mozilla/5.0 (X11; Linux x86_64) AppleWebKit/537.36 (KHTML, like Gecko) Chrome/37.0.2062.94 Safari/537.36"
192.168.0.102 - - [03/Sep/2014:21:24:40 +0400] "GET / HTTP/1.1" 200 18605 "-" "Mozilla/5.0 (X11; Linux x86_64) AppleWebKit/537.36 (KHTML, like Gecko) Chrome/37.0.2062.94 Safari/537.36"
94.102.91.188 - - [03/Sep/2014:22:59:33 +0400] "GET / HTTP/1.1" 200 18584 "-" "Mozilla/5.0 (X11; Linux x86_64) AppleWebKit/537.36 (KHTML, like Gecko) Chrome/37.0.2062.94 Safari/537.36"
94.102.91.188 - - [03/Sep/2014:22:59:34 +0400] "GET /favicon.ico HTTP/1.1" 404 504 "-" "Mozilla/5.0 (X11; Linux x86_64) AppleWebKit/537.36 (KHTML, like Gecko) Chrome/37.0.2062.94 Safari/537.36"
192.168.0.102 - - [04/Sep/2014:22:34:50 +0400] "GET / HTTP/1.1" 200 18557 "-" "Mozilla/5.0 (X11; Linux x86_64) AppleWebKit/537.36 (KHTML, like Gecko) Chrome/37.0.2062.94 Safari/537.36"
192.168.0.102 - - [04/Sep/2014:22:34:51 +0400] "GET /favicon.ico HTTP/1.1" 404 499 "-" "Mozilla/5.0 (X11; Linux x86_64) AppleWebKit/537.36 (KHTML, like Gecko) Chrome/37.0.2062.94 Safari/537.36"
192.168.0.102 - - [04/Sep/2014:22:43:51 +0400] "GET / HTTP/1.1" 200 18614 "-" "Mozilla/5.0 (X11; Linux x86_64) AppleWebKit/537.36 (KHTML, like Gecko) Chrome/37.0.2062.94 Safari/537.36"
127.0.0.1 - - [04/Sep/2014:22:44:05 +0400] "GET / HTTP/1.0" 200 18738 "-" "Mozilla/5.0 (X11; Linux x86_64) AppleWebKit/537.36 (KHTML, like Gecko) Chrome/37.0.2062.94 Safari/537.36"
127.0.0.1 - - [04/Sep/2014:22:44:07 +0400] "GET / HTTP/1.0" 200 18648 "-" "Mozilla/5.0 (X11; Linux x86_64) AppleWebKit/537.36 (KHTML, like Gecko) Chrome/37.0.2062.94 Safari/537.36"
127.0.0.1 - - [04/Sep/2014:23:18:57 +0400] "GET / HTTP/1.0" 200 18697 "-" "Mozilla/5.0 (compatible; bingbot/2.0; +http://www.bing.com/bingbot.htm)"
127.0.0.1 - - [04/Sep/2014:23:54:47 +0400] "GET /site/online HTTP/1.0" 404 465 "-" "Mozilla/5.0 (compatible; bingbot/2.0; +http://www.bing.com/bingbot.htm)"
127.0.0.1 - - [05/Sep/2014:02:03:34 +0400] "GET / HTTP/1.0" 200 18701 "-" "Mozilla/5.0 (compatible; bingbot/2.0; +http://www.bing.com/bingbot.htm)"
127.0.0.1 - - [05/Sep/2014:02:09:14 +0400] "GET / HTTP/1.0" 200 18621 "-" "Mozilla/5.0 (compatible; Googlebot/2.1; +http://www.google.com/bot.html)"
127.0.0.1 - - [06/Sep/2014:09:30:48 +0400] "GET / HTTP/1.0" 200 18686 "-" "Mozilla/5.0 (compatible; bingbot/2.0; +http://www.bing.com/bingbot.htm)"
