192.168.0.102 - - [06/Sep/2014:10:37:42 +0400] "GET / HTTP/1.1" 200 18731 "-" "Mozilla/5.0 (X11; Linux x86_64) AppleWebKit/537.36 (KHTML, like Gecko) Chrome/37.0.2062.94 Safari/537.36"
192.168.0.102 - - [06/Sep/2014:10:37:43 +0400] "GET /favicon.ico HTTP/1.1" 404 499 "-" "Mozilla/5.0 (X11; Linux x86_64) AppleWebKit/537.36 (KHTML, like Gecko) Chrome/37.0.2062.94 Safari/537.36"
192.168.0.102 - - [06/Sep/2014:10:37:43 +0400] "GET / HTTP/1.1" 200 18731 "-" "Mozilla/5.0 (X11; Linux x86_64) AppleWebKit/537.36 (KHTML, like Gecko) Chrome/37.0.2062.94 Safari/537.36"
127.0.0.1 - - [06/Sep/2014:12:37:10 +0400] "GET / HTTP/1.0" 200 18742 "-" "Mozilla/5.0 (compatible; Googlebot/2.1; +http://www.google.com/bot.html)"
127.0.0.1 - - [06/Sep/2014:15:36:26 +0400] "GET / HTTP/1.0" 200 18743 "-" "Mozilla/5.0 (compatible; Googlebot/2.1; +http://www.google.com/bot.html)"
127.0.0.1 - - [06/Sep/2014:17:20:06 +0400] "GET / HTTP/1.0" 200 80285 "http://UIWEB.RU/" "Mozilla/5.0 (compatible; Googlebot/2.1; +http://www.google.com/bot.html)"
127.0.0.1 - - [06/Sep/2014:18:35:34 +0400] "GET / HTTP/1.0" 200 18761 "-" "Mozilla/5.0 (compatible; Googlebot/2.1; +http://www.google.com/bot.html)"
127.0.0.1 - - [06/Sep/2014:18:40:23 +0400] "GET / HTTP/1.0" 200 18825 "-" "Mozilla/5.0 (compatible; bingbot/2.0; +http://www.bing.com/bingbot.htm)"
127.0.0.1 - - [06/Sep/2014:21:10:39 +0400] "GET / HTTP/1.0" 200 18832 "-" "Mozilla/5.0 (compatible; bingbot/2.0; +http://www.bing.com/bingbot.htm)"
127.0.0.1 - - [06/Sep/2014:21:32:09 +0400] "GET / HTTP/1.0" 200 18767 "-" "Mozilla/5.0 (compatible; Googlebot/2.1; +http://www.google.com/bot.html)"
127.0.0.1 - - [07/Sep/2014:04:42:32 +0400] "GET / HTTP/1.0" 200 18889 "-" "Mozilla/5.0 (compatible; SputnikBot/2.3; +http://corp.sputnik.ru/webmaster)"
127.0.0.1 - - [07/Sep/2014:09:02:50 +0400] "GET / HTTP/1.0" 200 18828 "-" "Mozilla/5.0 (compatible; bingbot/2.0; +http://www.bing.com/bingbot.htm)"
127.0.0.1 - - [07/Sep/2014:18:12:01 +0400] "GET / HTTP/1.0" 200 18834 "-" "Mozilla/5.0 (compatible; bingbot/2.0; +http://www.bing.com/bingbot.htm)"
127.0.0.1 - - [07/Sep/2014:18:16:10 +0400] "GET /admin.php HTTP/1.0" 404 459 "-" "Opera/9.80 (Windows NT 6.1; U; ru) Presto/2.8.131 Version/11.10"
127.0.0.1 - - [07/Sep/2014:18:16:14 +0400] "GET /administrator/index.php HTTP/1.0" 404 473 "-" "Opera/9.80 (Windows NT 6.1; U; ru) Presto/2.8.131 Version/11.10"
127.0.0.1 - - [07/Sep/2014:18:16:14 +0400] "GET /wp-login.php HTTP/1.0" 404 462 "-" "Opera/9.80 (Windows NT 6.1; U; ru) Presto/2.8.131 Version/11.10"
127.0.0.1 - - [07/Sep/2014:21:17:37 +0400] "GET / HTTP/1.0" 200 18833 "-" "Mozilla/5.0 (compatible; bingbot/2.0; +http://www.bing.com/bingbot.htm)"
127.0.0.1 - - [07/Sep/2014:21:41:11 +0400] "GET / HTTP/1.0" 200 80251 "-" "Mozilla/5.0 (X11; Linux x86_64) AppleWebKit/537.11 (KHTML, like Gecko) Ubuntu Chromium/23.0.1271.97 Chrome/23.0.1271.97 Safari/537.11"
127.0.0.1 - - [08/Sep/2014:07:51:36 +0400] "GET / HTTP/1.0" 200 18838 "-" "Mozilla/5.0 (compatible; bingbot/2.0; +http://www.bing.com/bingbot.htm)"
127.0.0.1 - - [08/Sep/2014:23:32:53 +0400] "GET / HTTP/1.0" 200 80005 "-" "Mozilla/5.0 (Macintosh; Intel Mac OS X 10_9_2) AppleWebKit/537.36 (KHTML, like Gecko) Chrome/36.0.1944.0 Safari/537.36"
127.0.0.1 - - [09/Sep/2014:01:01:42 +0400] "GET / HTTP/1.0" 200 18907 "-" "Mozilla/5.0 (X11; Linux x86_64) AppleWebKit/537.36 (KHTML, like Gecko) Chrome/37.0.2062.94 Safari/537.36"
127.0.0.1 - - [09/Sep/2014:01:02:05 +0400] "GET / HTTP/1.0" 200 18952 "-" "Mozilla/5.0 (X11; Linux x86_64) AppleWebKit/537.36 (KHTML, like Gecko) Chrome/37.0.2062.94 Safari/537.36"
127.0.0.1 - - [09/Sep/2014:02:18:40 +0400] "GET / HTTP/1.0" 200 18767 "-" "Mozilla/5.0 (compatible; Googlebot/2.1; +http://www.google.com/bot.html)"
127.0.0.1 - - [09/Sep/2014:08:25:52 +0400] "GET / HTTP/1.0" 200 18820 "-" "Mozilla/5.0 (compatible; bingbot/2.0; +http://www.bing.com/bingbot.htm)"
127.0.0.1 - - [09/Sep/2014:19:58:32 +0400] "GET / HTTP/1.0" 200 18821 "-" "Mozilla/5.0 (compatible; bingbot/2.0; +http://www.bing.com/bingbot.htm)"
127.0.0.1 - - [09/Sep/2014:23:12:04 +0400] "GET / HTTP/1.0" 200 18933 "-" "Mozilla/5.0 (Windows; U; Windows NT 5.1; en; rv:1.9.2) Gecko/20100115 MRA 5.6 (build 03278) Firefox/3.6 (.NET CLR 3.5.30729)"
127.0.0.1 - - [10/Sep/2014:06:06:55 +0400] "GET / HTTP/1.0" 200 18835 "-" "Mozilla/5.0 (compatible; bingbot/2.0; +http://www.bing.com/bingbot.htm)"
127.0.0.1 - - [10/Sep/2014:07:05:13 +0400] "GET / HTTP/1.0" 200 80248 "-" "Mozilla/5.0 (X11; Linux x86_64) AppleWebKit/537.11 (KHTML, like Gecko) Ubuntu Chromium/23.0.1271.97 Chrome/23.0.1271.97 Safari/537.11"
127.0.0.1 - - [10/Sep/2014:09:11:57 +0400] "GET / HTTP/1.0" 200 18834 "-" "Mozilla/5.0 (compatible; bingbot/2.0; +http://www.bing.com/bingbot.htm)"
127.0.0.1 - - [10/Sep/2014:20:09:29 +0400] "GET / HTTP/1.0" 200 18835 "-" "Mozilla/5.0 (compatible; bingbot/2.0; +http://www.bing.com/bingbot.htm)"
127.0.0.1 - - [10/Sep/2014:22:35:51 +0400] "GET / HTTP/1.0" 200 18769 "-" "Mozilla/5.0 (compatible; Googlebot/2.1; +http://www.google.com/bot.html)"
127.0.0.1 - - [11/Sep/2014:08:25:38 +0400] "GET / HTTP/1.0" 200 18840 "-" "Mozilla/5.0 (compatible; bingbot/2.0; +http://www.bing.com/bingbot.htm)"
127.0.0.1 - - [12/Sep/2014:00:14:59 +0400] "GET / HTTP/1.0" 200 18838 "-" "Mozilla/5.0 (compatible; bingbot/2.0; +http://www.bing.com/bingbot.htm)"
127.0.0.1 - - [13/Sep/2014:11:12:54 +0400] "GET / HTTP/1.0" 200 80011 "-" "Mozilla/5.0 (Macintosh; Intel Mac OS X 10_9_2) AppleWebKit/537.36 (KHTML, like Gecko) Chrome/36.0.1944.0 Safari/537.36"
127.0.0.1 - - [13/Sep/2014:22:05:39 +0400] "GET / HTTP/1.0" 200 18842 "-" "Mozilla/5.0 (compatible; bingbot/2.0; +http://www.bing.com/bingbot.htm)"
127.0.0.1 - - [14/Sep/2014:02:41:11 +0400] "GET / HTTP/1.0" 200 79998 "-" "Mozilla/5.0 (Macintosh; Intel Mac OS X 10_9_2) AppleWebKit/537.36 (KHTML, like Gecko) Chrome/36.0.1944.0 Safari/537.36"
127.0.0.1 - - [14/Sep/2014:08:46:24 +0400] "GET / HTTP/1.0" 200 18818 "-" "Mozilla/5.0 (compatible; bingbot/2.0; +http://www.bing.com/bingbot.htm)"
127.0.0.1 - - [14/Sep/2014:09:45:13 +0400] "GET / HTTP/1.0" 200 80237 "-" "Mozilla/5.0 (X11; Linux x86_64) AppleWebKit/537.11 (KHTML, like Gecko) Ubuntu Chromium/23.0.1271.97 Chrome/23.0.1271.97 Safari/537.11"
127.0.0.1 - - [14/Sep/2014:10:18:08 +0400] "GET / HTTP/1.0" 200 79984 "-" "Mozilla/5.0 (Macintosh; Intel Mac OS X 10_9_2) AppleWebKit/537.36 (KHTML, like Gecko) Chrome/36.0.1944.0 Safari/537.36"
127.0.0.1 - - [14/Sep/2014:10:22:19 +0400] "GET / HTTP/1.0" 200 18823 "-" "Mozilla/5.0 (compatible; bingbot/2.0; +http://www.bing.com/bingbot.htm)"
127.0.0.1 - - [14/Sep/2014:11:25:31 +0400] "GET /yandex-xml/ HTTP/1.0" 404 461 "-" "Mozilla/5.0 (compatible; YandexMarket/1.0; +http://yandex.com/bots)"
127.0.0.1 - - [14/Sep/2014:17:20:24 +0400] "GET / HTTP/1.0" 200 79993 "-" "Mozilla/5.0 (Macintosh; Intel Mac OS X 10_9_2) AppleWebKit/537.36 (KHTML, like Gecko) Chrome/36.0.1944.0 Safari/537.36"
127.0.0.1 - - [14/Sep/2014:20:47:43 +0400] "HEAD / HTTP/1.0" 200 182 "http://wmaid.com/explore/uiweb.ru/" "Opera/9.80 (Windows NT 6.0) Presto/2.12.388 Version/12.14"
127.0.0.1 - - [14/Sep/2014:20:47:43 +0400] "HEAD / HTTP/1.0" 200 182 "http://wmaid.com/explore/uiweb.ru/" "Opera/9.80 (Windows NT 6.0) Presto/2.12.388 Version/12.14"
127.0.0.1 - - [14/Sep/2014:22:50:41 +0400] "GET /user/passwordreturn HTTP/1.0" 404 473 "-" "Mozilla/5.0 (compatible; Googlebot/2.1; +http://www.google.com/bot.html)"
127.0.0.1 - - [14/Sep/2014:23:09:38 +0400] "GET / HTTP/1.0" 200 81284 "http://a14download.com" "Mozilla/5.1 (compatible; DBot/7.5.6; +http://a14download.com)"
127.0.0.1 - - [14/Sep/2014:23:09:39 +0400] "GET / HTTP/1.0" 200 81284 "http://a14download.com" "Mozilla/5.1 (compatible; DBot/7.5.6; +http://a14download.com)"
127.0.0.1 - - [14/Sep/2014:23:09:40 +0400] "GET / HTTP/1.0" 200 81284 "http://a14download.com" "Mozilla/5.1 (compatible; DBot/7.5.6; +http://a14download.com)"
127.0.0.1 - - [14/Sep/2014:23:09:40 +0400] "GET / HTTP/1.0" 200 81284 "http://a14download.com" "Mozilla/5.1 (compatible; DBot/7.5.6; +http://a14download.com)"
127.0.0.1 - - [14/Sep/2014:23:48:46 +0400] "GET / HTTP/1.0" 200 18833 "-" "Mozilla/5.0 (compatible; bingbot/2.0; +http://www.bing.com/bingbot.htm)"
127.0.0.1 - - [15/Sep/2014:18:16:37 +0400] "GET / HTTP/1.0" 200 18833 "-" "Mozilla/5.0 (compatible; bingbot/2.0; +http://www.bing.com/bingbot.htm)"
127.0.0.1 - - [15/Sep/2014:19:05:55 +0400] "GET / HTTP/1.0" 200 18806 "-" "Mozilla/5.0 (Windows; U; Windows NT 6.1; en-US; rv:1.9.2.3) Gecko/20100401 Firefox/3.6.3"
127.0.0.1 - - [15/Sep/2014:19:21:42 +0400] "GET / HTTP/1.0" 200 80003 "-" "Mozilla/5.0 (Macintosh; Intel Mac OS X 10_9_2) AppleWebKit/537.36 (KHTML, like Gecko) Chrome/36.0.1944.0 Safari/537.36"
127.0.0.1 - - [15/Sep/2014:21:26:19 +0400] "GET / HTTP/1.0" 200 18835 "-" "Mozilla/5.0 (compatible; bingbot/2.0; +http://www.bing.com/bingbot.htm)"
127.0.0.1 - - [15/Sep/2014:23:31:27 +0400] "GET /admin/index.php?route=common/login HTTP/1.0" 404 465 "-" "Opera/9.80 (Windows NT 5.1; U; ru) Presto/2.9.168 Version/11.50"
127.0.0.1 - - [16/Sep/2014:00:43:26 +0400] "GET / HTTP/1.0" 200 18785 "http://uiweb.ru/" "Mozilla/5.0 (Macintosh; U; Intel Mac OS X 10.6; en-US; rv:1.9.2.13; ) Gecko/20101203"
127.0.0.1 - - [16/Sep/2014:00:43:58 +0400] "GET /wp-login.php HTTP/1.0" 404 462 "-" "Mozilla/5.0 (Windows NT 6.1) AppleWebKit/537.1 (KHTML, like Gecko) Chrome/24.0.1290.1 Safari/537.13"
127.0.0.1 - - [16/Sep/2014:00:44:47 +0400] "GET /administrator/ HTTP/1.0" 404 464 "-" "Mozilla/5.0 (Windows NT 6.1) AppleWebKit/537.1 (KHTML, like Gecko) Chrome/24.0.1290.1 Safari/537.13"
127.0.0.1 - - [16/Sep/2014:00:45:39 +0400] "GET /admin.php HTTP/1.0" 404 459 "-" "Mozilla/5.0 (Windows NT 6.1) AppleWebKit/537.1 (KHTML, like Gecko) Chrome/24.0.1290.1 Safari/537.13"
127.0.0.1 - - [16/Sep/2014:01:53:13 +0400] "GET / HTTP/1.0" 200 80253 "-" "Mozilla/5.0 (X11; Linux x86_64) AppleWebKit/537.11 (KHTML, like Gecko) Ubuntu Chromium/23.0.1271.97 Chrome/23.0.1271.97 Safari/537.11"
127.0.0.1 - - [16/Sep/2014:03:14:59 +0400] "GET /user/register HTTP/1.0" 404 467 "-" "Mozilla/5.0 (compatible; Googlebot/2.1; +http://www.google.com/bot.html)"
127.0.0.1 - - [16/Sep/2014:06:06:57 +0400] "GET / HTTP/1.0" 200 80006 "-" "Mozilla/5.0 (Macintosh; Intel Mac OS X 10_9_2) AppleWebKit/537.36 (KHTML, like Gecko) Chrome/36.0.1944.0 Safari/537.36"
127.0.0.1 - - [16/Sep/2014:08:35:01 +0400] "GET / HTTP/1.0" 200 18833 "-" "Mozilla/5.0 (compatible; bingbot/2.0; +http://www.bing.com/bingbot.htm)"
207.46.13.1 - - [16/Sep/2014:11:15:21 +0400] "GET / HTTP/1.0" 200 18829 "-" "Mozilla/5.0 (compatible; bingbot/2.0; +http://www.bing.com/bingbot.htm)"
178.95.165.52 - - [16/Sep/2014:14:36:51 +0400] "GET / HTTP/1.0" 200 79801 "-" "Mozilla/5.0 (Macintosh; Intel Mac OS X 10_9_2) AppleWebKit/537.36 (KHTML, like Gecko) Chrome/36.0.1944.0 Safari/537.36"
66.249.69.7 - - [16/Sep/2014:14:53:51 +0400] "GET / HTTP/1.0" 200 18752 "-" "Mozilla/5.0 (compatible; Googlebot/2.1; +http://www.google.com/bot.html)"
188.42.240.119 - - [16/Sep/2014:17:00:46 +0400] "GET / HTTP/1.0" 200 79854 "-" "Mozilla/5.0 (X11; Linux i686; rv:2.0.1) Gecko/20100101 Firefox/4.0.1"
66.249.64.83 - - [16/Sep/2014:17:50:20 +0400] "GET / HTTP/1.0" 200 18750 "-" "Mozilla/5.0 (compatible; Googlebot/2.1; +http://www.google.com/bot.html)"
66.249.64.83 - - [16/Sep/2014:20:44:19 +0400] "GET / HTTP/1.0" 200 18737 "-" "Mozilla/5.0 (compatible; Googlebot/2.1; +http://www.google.com/bot.html)"
207.46.13.1 - - [16/Sep/2014:21:25:39 +0400] "GET / HTTP/1.0" 200 18809 "-" "Mozilla/5.0 (compatible; bingbot/2.0; +http://www.bing.com/bingbot.htm)"
93.78.87.197 - - [16/Sep/2014:21:29:55 +0400] "GET / HTTP/1.0" 200 80171 "http://uiweb.ru/" "Mozilla/5.0 (Windows NT 6.0) AppleWebKit/537.36 (KHTML, like Gecko) Chrome/32.0.1700.107 Safari/537.36"
93.78.87.197 - - [16/Sep/2014:21:29:56 +0400] "GET /index.php HTTP/1.0" 200 80333 "http://uiweb.ru/index.php" "Mozilla/5.0 (Windows NT 6.1; WOW64) AppleWebKit/537.36 (KHTML, like Gecko) Chrome/30.0.1599.12785 YaBrowser/13.12.1599.12785 Safari/537.36"
178.95.165.52 - - [16/Sep/2014:22:59:04 +0400] "GET / HTTP/1.0" 200 79797 "-" "Mozilla/5.0 (Macintosh; Intel Mac OS X 10_9_2) AppleWebKit/537.36 (KHTML, like Gecko) Chrome/36.0.1944.0 Safari/537.36"
92.54.105.17 - - [16/Sep/2014:23:24:38 +0400] "GET / HTTP/1.0" 200 79655 "-" "Mozilla/5.0 (Windows NT 6.1; WOW64; rv:23.0) Gecko/20100101 Firefox/23.0"
66.249.64.83 - - [16/Sep/2014:23:38:55 +0400] "GET / HTTP/1.0" 200 18750 "-" "Mozilla/5.0 (compatible; Googlebot/2.1; +http://www.google.com/bot.html)"
207.46.13.1 - - [17/Sep/2014:00:42:46 +0400] "GET / HTTP/1.0" 200 18822 "-" "Mozilla/5.0 (compatible; bingbot/2.0; +http://www.bing.com/bingbot.htm)"
5.255.253.28 - - [17/Sep/2014:20:45:58 +0400] "GET / HTTP/1.0" 200 18821 "-" "Mozilla/5.0 (compatible; YandexBot/3.0; +http://yandex.com/bots)"
91.236.75.102 - - [17/Sep/2014:21:44:09 +0400] "GET /user/register HTTP/1.0" 404 467 "http://www.uiweb.ru/" "Mozilla/5.0 (Macintosh; Intel Mac OS X 10_8_3) AppleWebKit/537.36 (KHTML, like Gecko) Chrome/28.0.1500.71 Safari/537.36"
46.4.209.126 - - [18/Sep/2014:01:01:11 +0400] "GET /administrator/index.php HTTP/1.0" 404 473 "-" "Mozilla/5.0 (Windows NT 6.2) AppleWebKit/536.3 (KHTML, like Gecko) Chrome/19.0.1061.1 Safari/536.3"
207.46.13.3 - - [18/Sep/2014:12:31:51 +0400] "GET / HTTP/1.0" 200 18800 "-" "Mozilla/5.0 (compatible; bingbot/2.0; +http://www.bing.com/bingbot.htm)"
188.92.76.167 - - [18/Sep/2014:15:01:37 +0400] "HEAD / HTTP/1.0" 200 182 "http://loveporno.tv/?d=uiweb.ru" "Mozilla/4.0 (compatible; MSIE 8.0; Windows NT 6.0; Trident/4.0)"
188.92.76.167 - - [18/Sep/2014:15:01:37 +0400] "HEAD / HTTP/1.0" 200 182 "http://loveporno.tv/?d=uiweb.ru" "Mozilla/4.0 (compatible; MSIE 8.0; Windows NT 6.0; Trident/4.0)"
66.249.69.226 - - [18/Sep/2014:20:36:33 +0400] "GET / HTTP/1.0" 200 18917 "-" "Mozilla/5.0 (iPhone; CPU iPhone OS 6_0 like Mac OS X) AppleWebKit/536.26 (KHTML, like Gecko) Version/6.0 Mobile/10A5376e Safari/8536.25 (compatible; Googlebot/2.1; +http://www.google.com/bot.html)"
157.55.39.189 - - [18/Sep/2014:22:25:53 +0400] "GET / HTTP/1.0" 200 18816 "-" "Mozilla/5.0 (compatible; bingbot/2.0; +http://www.bing.com/bingbot.htm)"
178.210.65.38 - - [18/Sep/2014:22:40:13 +0400] "GET / HTTP/1.0" 200 80079 "-" "Mozilla/5.0 (compatible; Web-Monitoring/1.0; +http://monoid.nic.ru/)"
178.210.65.38 - - [18/Sep/2014:22:40:14 +0400] "HEAD /bitrix/admin/ HTTP/1.0" 404 158 "-" "Mozilla/5.0 (compatible; Web-Monitoring/1.0; +http://monoid.nic.ru/)"
178.210.65.38 - - [18/Sep/2014:22:40:18 +0400] "HEAD /user/login/ HTTP/1.0" 404 158 "-" "Mozilla/5.0 (compatible; Web-Monitoring/1.0; +http://monoid.nic.ru/)"
178.210.65.38 - - [18/Sep/2014:22:40:19 +0400] "HEAD /node/ HTTP/1.0" 404 158 "-" "Mozilla/5.0 (compatible; Web-Monitoring/1.0; +http://monoid.nic.ru/)"
178.210.65.38 - - [18/Sep/2014:22:40:20 +0400] "HEAD /user/password/ HTTP/1.0" 404 158 "-" "Mozilla/5.0 (compatible; Web-Monitoring/1.0; +http://monoid.nic.ru/)"
178.210.65.38 - - [18/Sep/2014:22:40:30 +0400] "HEAD /manager/ HTTP/1.0" 404 158 "-" "Mozilla/5.0 (compatible; Web-Monitoring/1.0; +http://monoid.nic.ru/)"
178.210.65.38 - - [18/Sep/2014:22:40:32 +0400] "HEAD /manager/templates/default/images/restyle/headers.jpg HTTP/1.0" 404 158 "-" "Mozilla/5.0 (compatible; Web-Monitoring/1.0; +http://monoid.nic.ru/)"
178.210.65.38 - - [18/Sep/2014:22:40:34 +0400] "HEAD /netcat/admin/ HTTP/1.0" 404 158 "-" "Mozilla/5.0 (compatible; Web-Monitoring/1.0; +http://monoid.nic.ru/)"
178.210.65.38 - - [18/Sep/2014:22:40:38 +0400] "HEAD /users/forget/ HTTP/1.0" 404 158 "-" "Mozilla/5.0 (compatible; Web-Monitoring/1.0; +http://monoid.nic.ru/)"
178.210.65.38 - - [18/Sep/2014:22:40:40 +0400] "HEAD /installed HTTP/1.0" 404 158 "-" "Mozilla/5.0 (compatible; Web-Monitoring/1.0; +http://monoid.nic.ru/)"
178.210.65.38 - - [18/Sep/2014:22:40:41 +0400] "HEAD /users/registrate/ HTTP/1.0" 404 158 "-" "Mozilla/5.0 (compatible; Web-Monitoring/1.0; +http://monoid.nic.ru/)"
178.210.65.38 - - [18/Sep/2014:22:40:42 +0400] "HEAD /admin/content/sitetree/ HTTP/1.0" 404 158 "-" "Mozilla/5.0 (compatible; Web-Monitoring/1.0; +http://monoid.nic.ru/)"
178.210.65.38 - - [18/Sep/2014:22:40:44 +0400] "HEAD /wp-admin/ HTTP/1.0" 404 158 "-" "Mozilla/5.0 (compatible; Web-Monitoring/1.0; +http://monoid.nic.ru/)"
178.210.65.38 - - [18/Sep/2014:22:40:45 +0400] "HEAD /wp-content/ HTTP/1.0" 404 158 "-" "Mozilla/5.0 (compatible; Web-Monitoring/1.0; +http://monoid.nic.ru/)"
178.210.65.38 - - [18/Sep/2014:22:40:47 +0400] "HEAD /wp-login.php HTTP/1.0" 404 158 "-" "Mozilla/5.0 (compatible; Web-Monitoring/1.0; +http://monoid.nic.ru/)"
188.42.240.119 - - [18/Sep/2014:23:21:37 +0400] "GET / HTTP/1.0" 200 79846 "-" "Mozilla/5.0 (X11; Linux i686; rv:2.0.1) Gecko/20100101 Firefox/4.0.1"
157.55.39.189 - - [19/Sep/2014:01:33:01 +0400] "GET / HTTP/1.0" 200 18816 "-" "Mozilla/5.0 (compatible; bingbot/2.0; +http://www.bing.com/bingbot.htm)"
5.255.253.28 - - [19/Sep/2014:10:49:34 +0400] "GET /user/captcha?v=530e287a307e1 HTTP/1.0" 404 462 "-" "Mozilla/5.0 (compatible; YandexBot/3.0; +http://yandex.com/bots)"
157.55.39.189 - - [19/Sep/2014:11:24:40 +0400] "GET / HTTP/1.0" 200 18814 "-" "Mozilla/5.0 (compatible; bingbot/2.0; +http://www.bing.com/bingbot.htm)"
195.54.213.174 - - [19/Sep/2014:11:38:03 +0400] "GET / HTTP/1.0" 200 18916 "" "Mozilla/5.0 (compatible; statdom.ru/Bot; +http://statdom.ru/bot.html)"
157.55.39.189 - - [19/Sep/2014:14:11:54 +0400] "GET / HTTP/1.0" 200 18818 "-" "Mozilla/5.0 (compatible; bingbot/2.0; +http://www.bing.com/bingbot.htm)"
157.55.39.189 - - [19/Sep/2014:15:04:40 +0400] "GET / HTTP/1.0" 200 18815 "-" "Mozilla/5.0 (compatible; bingbot/2.0; +http://www.bing.com/bingbot.htm)"
212.193.117.227 - - [19/Sep/2014:23:14:06 +0400] "GET / HTTP/1.0" 200 18923 "" "Mozilla/5.0 (compatible; statdom.ru/Bot; +http://statdom.ru/bot.html)"
157.55.39.189 - - [20/Sep/2014:02:36:54 +0400] "GET / HTTP/1.0" 200 18823 "-" "Mozilla/5.0 (compatible; bingbot/2.0; +http://www.bing.com/bingbot.htm)"
194.58.43.2 - - [21/Sep/2014:01:10:39 +0400] "GET / HTTP/1.0" 200 18708 "http://uiweb.ru/" "Mozilla/4.0 (compatible; MSIE 6.0; Windows NT 5.1; SV1)"
188.13.209.81 - - [21/Sep/2014:04:00:27 +0400] "GET /admin.php HTTP/1.0" 404 459 "-" "Opera/9.80 (Windows NT 6.1; U; ru) Presto/2.8.131 Version/11.10"
188.13.209.81 - - [21/Sep/2014:04:00:27 +0400] "GET /administrator/index.php HTTP/1.0" 404 473 "-" "Opera/9.80 (Windows NT 6.1; U; ru) Presto/2.8.131 Version/11.10"
188.13.209.81 - - [21/Sep/2014:04:00:28 +0400] "GET /wp-login.php HTTP/1.0" 404 462 "-" "Opera/9.80 (Windows NT 6.1; U; ru) Presto/2.8.131 Version/11.10"
207.46.13.5 - - [21/Sep/2014:21:16:29 +0400] "GET / HTTP/1.0" 200 18821 "-" "Mozilla/5.0 (compatible; bingbot/2.0; +http://www.bing.com/bingbot.htm)"
207.46.13.5 - - [22/Sep/2014:00:20:21 +0400] "GET / HTTP/1.0" 200 18823 "-" "Mozilla/5.0 (compatible; bingbot/2.0; +http://www.bing.com/bingbot.htm)"
157.55.39.233 - - [22/Sep/2014:09:19:33 +0400] "GET /followed.html HTTP/1.0" 404 463 "-" "Mozilla/5.0 (compatible; bingbot/2.0; +http://www.bing.com/bingbot.htm)"
66.249.78.103 - - [22/Sep/2014:09:25:34 +0400] "GET / HTTP/1.0" 200 18758 "-" "Mozilla/5.0 (compatible; Googlebot/2.1; +http://www.google.com/bot.html)"
207.46.13.5 - - [22/Sep/2014:10:56:11 +0400] "GET / HTTP/1.0" 200 18823 "-" "Mozilla/5.0 (compatible; bingbot/2.0; +http://www.bing.com/bingbot.htm)"
178.210.65.38 - - [22/Sep/2014:14:14:24 +0400] "GET / HTTP/1.0" 200 80111 "-" "Mozilla/5.0 (compatible; Web-Monitoring/1.0; +http://monoid.nic.ru/)"
178.210.65.38 - - [22/Sep/2014:14:14:26 +0400] "HEAD /bitrix/admin/ HTTP/1.0" 404 158 "-" "Mozilla/5.0 (compatible; Web-Monitoring/1.0; +http://monoid.nic.ru/)"
178.210.65.38 - - [22/Sep/2014:14:14:30 +0400] "HEAD /user/login/ HTTP/1.0" 404 158 "-" "Mozilla/5.0 (compatible; Web-Monitoring/1.0; +http://monoid.nic.ru/)"
178.210.65.38 - - [22/Sep/2014:14:14:31 +0400] "HEAD /node/ HTTP/1.0" 404 158 "-" "Mozilla/5.0 (compatible; Web-Monitoring/1.0; +http://monoid.nic.ru/)"
178.210.65.38 - - [22/Sep/2014:14:14:32 +0400] "HEAD /user/password/ HTTP/1.0" 404 158 "-" "Mozilla/5.0 (compatible; Web-Monitoring/1.0; +http://monoid.nic.ru/)"
178.210.65.38 - - [22/Sep/2014:14:14:41 +0400] "HEAD /manager/ HTTP/1.0" 404 158 "-" "Mozilla/5.0 (compatible; Web-Monitoring/1.0; +http://monoid.nic.ru/)"
178.210.65.38 - - [22/Sep/2014:14:14:43 +0400] "HEAD /manager/templates/default/images/restyle/headers.jpg HTTP/1.0" 404 158 "-" "Mozilla/5.0 (compatible; Web-Monitoring/1.0; +http://monoid.nic.ru/)"
178.210.65.38 - - [22/Sep/2014:14:14:45 +0400] "HEAD /netcat/admin/ HTTP/1.0" 404 158 "-" "Mozilla/5.0 (compatible; Web-Monitoring/1.0; +http://monoid.nic.ru/)"
178.210.65.38 - - [22/Sep/2014:14:14:49 +0400] "HEAD /users/forget/ HTTP/1.0" 404 158 "-" "Mozilla/5.0 (compatible; Web-Monitoring/1.0; +http://monoid.nic.ru/)"
178.210.65.38 - - [22/Sep/2014:14:14:51 +0400] "HEAD /installed HTTP/1.0" 404 158 "-" "Mozilla/5.0 (compatible; Web-Monitoring/1.0; +http://monoid.nic.ru/)"
178.210.65.38 - - [22/Sep/2014:14:14:52 +0400] "HEAD /users/registrate/ HTTP/1.0" 404 158 "-" "Mozilla/5.0 (compatible; Web-Monitoring/1.0; +http://monoid.nic.ru/)"
178.210.65.38 - - [22/Sep/2014:14:14:53 +0400] "HEAD /admin/content/sitetree/ HTTP/1.0" 404 158 "-" "Mozilla/5.0 (compatible; Web-Monitoring/1.0; +http://monoid.nic.ru/)"
178.210.65.38 - - [22/Sep/2014:14:14:55 +0400] "HEAD /wp-admin/ HTTP/1.0" 404 158 "-" "Mozilla/5.0 (compatible; Web-Monitoring/1.0; +http://monoid.nic.ru/)"
178.210.65.38 - - [22/Sep/2014:14:14:56 +0400] "HEAD /wp-content/ HTTP/1.0" 404 158 "-" "Mozilla/5.0 (compatible; Web-Monitoring/1.0; +http://monoid.nic.ru/)"
178.210.65.38 - - [22/Sep/2014:14:14:58 +0400] "HEAD /wp-login.php HTTP/1.0" 404 158 "-" "Mozilla/5.0 (compatible; Web-Monitoring/1.0; +http://monoid.nic.ru/)"
207.46.13.5 - - [22/Sep/2014:14:20:09 +0400] "GET / HTTP/1.0" 200 18827 "-" "Mozilla/5.0 (compatible; bingbot/2.0; +http://www.bing.com/bingbot.htm)"
109.234.156.66 - - [22/Sep/2014:16:20:11 +0400] "GET / HTTP/1.0" 200 80045 "-" "Mozilla/5.0 (X11; Linux x86_64) AppleWebKit/537.11 (KHTML, like Gecko) Ubuntu Chromium/23.0.1271.97 Chrome/23.0.1271.97 Safari/537.11"
188.13.209.81 - - [22/Sep/2014:17:25:41 +0400] "GET /admin.php HTTP/1.0" 404 459 "-" "Opera/9.80 (Windows NT 6.1; U; ru) Presto/2.8.131 Version/11.10"
188.13.209.81 - - [22/Sep/2014:17:25:41 +0400] "GET /administrator/index.php HTTP/1.0" 404 473 "-" "Opera/9.80 (Windows NT 6.1; U; ru) Presto/2.8.131 Version/11.10"
188.13.209.81 - - [22/Sep/2014:17:25:42 +0400] "GET /wp-login.php HTTP/1.0" 404 462 "-" "Opera/9.80 (Windows NT 6.1; U; ru) Presto/2.8.131 Version/11.10"
207.46.13.5 - - [22/Sep/2014:20:44:46 +0400] "GET / HTTP/1.0" 200 18825 "-" "Mozilla/5.0 (compatible; bingbot/2.0; +http://www.bing.com/bingbot.htm)"
91.236.74.94 - - [23/Sep/2014:19:55:41 +0400] "GET /wp-login.php HTTP/1.0" 404 462 "-" "Mozilla/5.0 (Windows NT 6.1; WOW64) AppleWebKit/537.1 (KHTML, like Gecko) Chrome/23.0.1271.17 Safari/537.11"
91.236.74.94 - - [23/Sep/2014:19:55:41 +0400] "GET /administrator/ HTTP/1.0" 404 464 "-" "Mozilla/5.0 (Windows NT 6.1; WOW64) AppleWebKit/537.1 (KHTML, like Gecko) Chrome/23.0.1271.17 Safari/537.11"
91.236.74.94 - - [23/Sep/2014:19:55:42 +0400] "GET /admin.php HTTP/1.0" 404 459 "-" "Mozilla/5.0 (Windows NT 6.1; WOW64) AppleWebKit/537.1 (KHTML, like Gecko) Chrome/23.0.1271.17 Safari/537.11"
157.55.39.22 - - [23/Sep/2014:22:56:58 +0400] "GET / HTTP/1.0" 200 18825 "-" "Mozilla/5.0 (compatible; bingbot/2.0; +http://www.bing.com/bingbot.htm)"
185.53.168.136 - - [24/Sep/2014:00:39:33 +0400] "GET /forums/ HTTP/1.0" 404 457 "-" "Mozilla/5.0 (compatible; MSIE 9.0; Windows NT 6.1; Trident/5.0)"
157.55.39.23 - - [24/Sep/2014:01:51:29 +0400] "GET / HTTP/1.0" 200 18824 "-" "Mozilla/5.0 (compatible; bingbot/2.0; +http://www.bing.com/bingbot.htm)"
37.54.170.106 - - [24/Sep/2014:02:56:00 +0400] "GET / HTTP/1.0" 200 79798 "-" "Mozilla/5.0 (Macintosh; Intel Mac OS X 10_9_2) AppleWebKit/537.36 (KHTML, like Gecko) Chrome/36.0.1944.0 Safari/537.36"
89.169.46.128 - - [24/Sep/2014:03:22:31 +0400] "GET / HTTP/1.0" 200 80610 "http://detective01.ru/phiz/rozyisk-lyudey" "Mozilla/5.0 (Windows NT 6.1; WOW64) AppleWebKit/537.36 (KHTML, like Gecko) Chrome/36.0.1985.143 Safari/537.36 OPR/23.0.1522.77 (Edition Campaign 37)"
89.169.46.128 - - [24/Sep/2014:03:22:31 +0400] "GET / HTTP/1.0" 200 80493 "http://detective01.ru/phiz/rozyisk-lyudey" "Mozilla/5.0 (Windows NT 6.3; WOW64) AppleWebKit/537.36 (KHTML, like Gecko) Chrome/36.0.1985.143 Safari/537.36"
89.169.46.128 - - [24/Sep/2014:03:22:31 +0400] "GET / HTTP/1.0" 200 80493 "http://detective01.ru/phiz/rozyisk-lyudey" "Mozilla/5.0 (Windows NT 6.3; WOW64) AppleWebKit/537.36 (KHTML, like Gecko) Chrome/36.0.1985.143 Safari/537.36"
89.169.46.128 - - [24/Sep/2014:03:22:31 +0400] "GET / HTTP/1.0" 200 80570 "http://detective01.ru/phiz/rozyisk-lyudey" "Mozilla/5.0 (Windows NT 6.1; WOW64) AppleWebKit/537.36 (KHTML, like Gecko) Chrome/35.0.1916.153 YaBrowser/14.7.1916.15705 Safari/537.36"
157.55.39.23 - - [24/Sep/2014:04:21:39 +0400] "GET /site/ HTTP/1.0" 404 459 "-" "Mozilla/5.0 (compatible; MSIE 10.0; Windows NT 6.1; Trident/6.0)"
157.55.39.22 - - [24/Sep/2014:05:27:03 +0400] "GET / HTTP/1.0" 200 18838 "-" "Mozilla/5.0 (compatible; MSIE 10.0; Windows NT 6.1; Trident/6.0)"
66.249.65.95 - - [24/Sep/2014:05:50:55 +0400] "GET / HTTP/1.0" 200 18752 "-" "Mozilla/5.0 (compatible; Googlebot/2.1; +http://www.google.com/bot.html)"
94.102.91.188 - - [24/Sep/2014:09:06:38 +0400] "GET / HTTP/1.0" 200 18948 "-" "Mozilla/5.0 (X11; Linux x86_64) AppleWebKit/537.36 (KHTML, like Gecko) Chrome/37.0.2062.120 Safari/537.36"
109.184.124.206 - - [24/Sep/2014:20:12:46 +0400] "GET / HTTP/1.0" 200 79808 "-" "Mozilla/5.0 (Macintosh; Intel Mac OS X 10_9_2) AppleWebKit/537.36 (KHTML, like Gecko) Chrome/36.0.1944.0 Safari/537.36"
109.234.156.66 - - [25/Sep/2014:07:01:05 +0400] "GET / HTTP/1.0" 200 80035 "-" "Mozilla/5.0 (X11; Linux x86_64) AppleWebKit/537.11 (KHTML, like Gecko) Ubuntu Chromium/23.0.1271.97 Chrome/23.0.1271.97 Safari/537.11"
157.55.39.23 - - [25/Sep/2014:07:46:37 +0400] "GET /site/ HTTP/1.0" 404 459 "-" "Mozilla/5.0 (compatible; bingbot/2.0; +http://www.bing.com/bingbot.htm)"
157.55.39.129 - - [25/Sep/2014:10:27:23 +0400] "GET / HTTP/1.0" 200 18811 "-" "Mozilla/5.0 (compatible; bingbot/2.0; +http://www.bing.com/bingbot.htm)"
37.55.100.136 - - [25/Sep/2014:11:42:36 +0400] "GET / HTTP/1.0" 200 79791 "-" "Mozilla/5.0 (Macintosh; Intel Mac OS X 10_9_2) AppleWebKit/537.36 (KHTML, like Gecko) Chrome/36.0.1944.0 Safari/537.36"
157.55.39.129 - - [25/Sep/2014:13:37:00 +0400] "GET / HTTP/1.0" 200 18812 "-" "Mozilla/5.0 (compatible; bingbot/2.0; +http://www.bing.com/bingbot.htm)"
5.9.247.23 - - [25/Sep/2014:14:22:55 +0400] "GET / HTTP/1.0" 200 18920 "-" "Mozilla/5.0 (Windows NT 5.2) AppleWebKit/535.1 (KHTML, like Gecko) Chrome/14.0.792.0 Safari/535.1"
109.184.124.206 - - [25/Sep/2014:14:43:39 +0400] "GET / HTTP/1.0" 200 79801 "-" "Mozilla/5.0 (Macintosh; Intel Mac OS X 10_9_2) AppleWebKit/537.36 (KHTML, like Gecko) Chrome/36.0.1944.0 Safari/537.36"
91.219.194.2 - - [25/Sep/2014:15:32:02 +0400] "GET / HTTP/1.0" 200 80211 "http://uiweb.ru" "Mozilla/5.0 (Windows; U; Windows NT 5.1; en-US) AppleWebKit/533.4 (KHTML, like Gecko) Chrome/5.0.375.99 Safari/533.4"
185.12.92.134 - - [25/Sep/2014:16:56:24 +0400] "GET / HTTP/1.0" 200 80216 "http://uiweb.ru" "Mozilla/5.0 (Windows; U; Windows NT 5.1; en-US) AppleWebKit/533.4 (KHTML, like Gecko) Chrome/5.0.375.99 Safari/533.4"
77.222.40.81 - - [25/Sep/2014:17:12:36 +0400] "GET / HTTP/1.0" 200 80211 "http://uiweb.ru" "Mozilla/5.0 (Windows; U; Windows NT 5.1; en-US) AppleWebKit/533.4 (KHTML, like Gecko) Chrome/5.0.375.99 Safari/533.4"
81.177.141.71 - - [25/Sep/2014:17:15:46 +0400] "GET / HTTP/1.0" 200 80216 "http://uiweb.ru" "Mozilla/5.0 (Windows; U; Windows NT 5.1; en-US) AppleWebKit/533.4 (KHTML, like Gecko) Chrome/5.0.375.99 Safari/533.4"
5.61.33.119 - - [25/Sep/2014:21:24:26 +0400] "GET / HTTP/1.0" 200 18807 "http://www.yandex.ru" "Mozilla/5.0 (Windows NT 6.1; WOW64) AppleWebKit/537.36 (KHTML, like Gecko) Chrome/31.0.1650.57 Safari/537.36"
157.55.39.128 - - [26/Sep/2014:02:11:32 +0400] "GET / HTTP/1.0" 200 18824 "-" "Mozilla/5.0 (compatible; bingbot/2.0; +http://www.bing.com/bingbot.htm)"
157.55.39.129 - - [26/Sep/2014:05:07:48 +0400] "GET / HTTP/1.0" 200 18823 "-" "Mozilla/5.0 (compatible; bingbot/2.0; +http://www.bing.com/bingbot.htm)"
109.234.156.66 - - [26/Sep/2014:06:54:24 +0400] "GET / HTTP/1.0" 200 80042 "-" "Mozilla/5.0 (X11; Linux x86_64) AppleWebKit/537.11 (KHTML, like Gecko) Ubuntu Chromium/23.0.1271.97 Chrome/23.0.1271.97 Safari/537.11"
212.193.117.227 - - [26/Sep/2014:10:44:14 +0400] "GET / HTTP/1.0" 200 18927 "" "Mozilla/5.0 (compatible; statdom.ru/Bot; +http://statdom.ru/bot.html)"
195.54.213.174 - - [26/Sep/2014:11:15:18 +0400] "GET / HTTP/1.0" 200 18927 "" "Mozilla/5.0 (compatible; statdom.ru/Bot; +http://statdom.ru/bot.html)"
5.61.33.119 - - [26/Sep/2014:14:26:55 +0400] "GET / HTTP/1.0" 200 18814 "http://www.yandex.ru" "Mozilla/5.0 (Windows NT 6.1; WOW64) AppleWebKit/537.36 (KHTML, like Gecko) Chrome/31.0.1650.57 Safari/537.36"
157.55.39.129 - - [26/Sep/2014:15:39:48 +0400] "GET / HTTP/1.0" 200 18824 "-" "Mozilla/5.0 (compatible; bingbot/2.0; +http://www.bing.com/bingbot.htm)"
46.200.41.36 - - [26/Sep/2014:18:03:15 +0400] "GET / HTTP/1.0" 200 79792 "-" "Mozilla/5.0 (Macintosh; Intel Mac OS X 10_9_2) AppleWebKit/537.36 (KHTML, like Gecko) Chrome/36.0.1944.0 Safari/537.36"
157.55.39.129 - - [26/Sep/2014:18:26:04 +0400] "GET / HTTP/1.0" 200 18824 "-" "Mozilla/5.0 (compatible; bingbot/2.0; +http://www.bing.com/bingbot.htm)"
217.172.188.161 - - [27/Sep/2014:11:05:47 +0400] "GET /bitrix/admin/ HTTP/1.0" 404 463 "-" "Opera/9.80 (Windows NT 5.1; U; ru) Presto/2.9.168 Version/11.50"
157.55.39.129 - - [27/Sep/2014:16:22:48 +0400] "GET / HTTP/1.0" 200 18814 "-" "Mozilla/5.0 (compatible; bingbot/2.0; +http://www.bing.com/bingbot.htm)"
77.221.144.6 - - [27/Sep/2014:17:07:55 +0400] "GET /admin.php HTTP/1.0" 404 459 "-" "Opera/9.80 (Windows NT 6.1; U; ru) Presto/2.8.131 Version/11.10"
77.221.144.6 - - [27/Sep/2014:17:07:58 +0400] "GET /administrator/index.php HTTP/1.0" 404 473 "-" "Opera/9.80 (Windows NT 6.1; U; ru) Presto/2.8.131 Version/11.10"
77.221.144.6 - - [27/Sep/2014:17:07:58 +0400] "GET /wp-login.php HTTP/1.0" 404 462 "-" "Opera/9.80 (Windows NT 6.1; U; ru) Presto/2.8.131 Version/11.10"
157.55.39.129 - - [27/Sep/2014:19:21:31 +0400] "GET / HTTP/1.0" 200 18813 "-" "Mozilla/5.0 (compatible; bingbot/2.0; +http://www.bing.com/bingbot.htm)"
157.55.39.129 - - [27/Sep/2014:22:52:12 +0400] "GET /user/register HTTP/1.0" 404 463 "-" "Mozilla/5.0 (compatible; bingbot/2.0; +http://www.bing.com/bingbot.htm)"
64.246.161.30 - - [28/Sep/2014:03:05:20 +0400] "GET / HTTP/1.0" 200 19134 "http://whois.domaintools.com/uiweb.ru" "Mozilla/5.0 (Windows; U; Windows NT 5.1; en; rv:1.9.0.13) Gecko/2009073022 Firefox/3.5.2 (.NET CLR 3.5.30729) SurveyBot/2.3 (DomainTools)"
5.61.33.119 - - [28/Sep/2014:04:57:27 +0400] "GET / HTTP/1.0" 200 18808 "http://www.yandex.ru" "Mozilla/5.0 (Windows NT 6.1; WOW64) AppleWebKit/537.36 (KHTML, like Gecko) Chrome/31.0.1650.57 Safari/537.36"
157.55.39.129 - - [28/Sep/2014:06:30:05 +0400] "GET / HTTP/1.0" 200 18810 "-" "Mozilla/5.0 (compatible; bingbot/2.0; +http://www.bing.com/bingbot.htm)"
89.208.17.22 - - [28/Sep/2014:08:37:20 +0400] "GET / HTTP/1.0" 200 79999 "http://uiweb.ru/" "Mozilla/5.0 (compatible; StatOnlineRuBot/1.0)"
109.234.156.66 - - [28/Sep/2014:08:56:10 +0400] "GET / HTTP/1.0" 200 80032 "-" "Mozilla/5.0 (X11; Linux x86_64) AppleWebKit/537.11 (KHTML, like Gecko) Ubuntu Chromium/23.0.1271.97 Chrome/23.0.1271.97 Safari/537.11"
157.55.39.129 - - [28/Sep/2014:08:57:05 +0400] "GET / HTTP/1.0" 200 18807 "-" "Mozilla/5.0 (compatible; bingbot/2.0; +http://www.bing.com/bingbot.htm)"
108.61.13.141 - - [28/Sep/2014:10:05:38 +0400] "GET /wp-login.php HTTP/1.0" 404 462 "-" "Mozilla/5.0 (Windows NT 6.0; WOW64) AppleWebKit/537.1 (KHTML, like Gecko) Chrome/23.0.1271.6 Safari/537.11"
108.61.13.141 - - [28/Sep/2014:10:05:39 +0400] "GET /administrator/ HTTP/1.0" 404 464 "-" "Mozilla/5.0 (Windows NT 6.0; WOW64) AppleWebKit/537.1 (KHTML, like Gecko) Chrome/23.0.1271.6 Safari/537.11"
108.61.13.141 - - [28/Sep/2014:10:05:39 +0400] "GET /admin.php HTTP/1.0" 404 459 "-" "Mozilla/5.0 (Windows NT 6.0; WOW64) AppleWebKit/537.1 (KHTML, like Gecko) Chrome/23.0.1271.6 Safari/537.11"
37.57.231.111 - - [28/Sep/2014:15:24:24 +0400] "GET / HTTP/1.0" 200 80388 "http://uiweb.ru/" "Mozilla/5.0 (Windows NT 5.1) AppleWebKit/537.36 (KHTML, like Gecko) Chrome/36.0.1985.143 Safari/537.36"
157.55.39.129 - - [28/Sep/2014:19:39:30 +0400] "GET /user/register HTTP/1.0" 404 463 "-" "Mozilla/5.0 (compatible; bingbot/2.0; +http://www.bing.com/bingbot.htm)"
157.55.39.129 - - [28/Sep/2014:20:19:49 +0400] "GET / HTTP/1.0" 200 18810 "-" "Mozilla/5.0 (compatible; bingbot/2.0; +http://www.bing.com/bingbot.htm)"
157.55.39.129 - - [28/Sep/2014:20:24:45 +0400] "GET / HTTP/1.0" 200 18808 "-" "Mozilla/5.0 (compatible; bingbot/2.0; +http://www.bing.com/bingbot.htm)"
80.93.49.174 - - [28/Sep/2014:21:02:39 +0400] "HEAD / HTTP/1.0" 200 182 "-" "Mozilla/5.0"
80.93.49.174 - - [28/Sep/2014:21:02:40 +0400] "HEAD / HTTP/1.0" 200 182 "-" "Mozilla/5.0"
157.55.39.129 - - [28/Sep/2014:23:53:45 +0400] "GET / HTTP/1.0" 200 18807 "-" "Mozilla/5.0 (compatible; bingbot/2.0; +http://www.bing.com/bingbot.htm)"
193.164.133.50 - - [29/Sep/2014:01:31:19 +0400] "GET / HTTP/1.0" 200 18818 "-" "Mozilla/5.0 (X11; Linux x86_64) AppleWebKit/534.34 (KHTML, like Gecko) wkhtmltoimage Safari/534.34"
207.46.13.44 - - [29/Sep/2014:20:49:04 +0400] "GET /site/contact HTTP/1.0" 404 466 "-" "Mozilla/5.0 (compatible; bingbot/2.0; +http://www.bing.com/bingbot.htm)"
157.55.39.129 - - [30/Sep/2014:08:13:27 +0400] "GET / HTTP/1.0" 200 18814 "-" "Mozilla/5.0 (compatible; bingbot/2.0; +http://www.bing.com/bingbot.htm)"
157.55.39.129 - - [30/Sep/2014:22:08:01 +0400] "GET / HTTP/1.0" 200 18809 "-" "Mozilla/5.0 (compatible; bingbot/2.0; +http://www.bing.com/bingbot.htm)"
66.249.69.231 - - [02/Oct/2014:00:43:33 +0400] "GET / HTTP/1.0" 200 18746 "-" "Mozilla/5.0 (compatible; Googlebot/2.1; +http://www.google.com/bot.html)"
213.143.134.228 - - [02/Oct/2014:10:31:40 +0400] "GET /wp-login.php HTTP/1.0" 404 462 "-" "Mozilla/5.0 (Windows NT 6.1; rv:19.0) Gecko/20100101 Firefox/19.0"
213.143.134.228 - - [02/Oct/2014:10:31:41 +0400] "GET /administrator/index.php HTTP/1.0" 404 473 "-" "Mozilla/5.0 (Windows NT 6.1; rv:19.0) Gecko/20100101 Firefox/19.0"
213.143.134.228 - - [02/Oct/2014:10:31:41 +0400] "GET /admin.php HTTP/1.0" 404 459 "-" "Mozilla/5.0 (Windows NT 6.1; rv:19.0) Gecko/20100101 Firefox/19.0"
157.55.39.4 - - [03/Oct/2014:08:53:46 +0400] "GET / HTTP/1.0" 200 18821 "-" "Mozilla/5.0 (compatible; bingbot/2.0; +http://www.bing.com/bingbot.htm)"
66.249.65.66 - - [03/Oct/2014:09:49:09 +0400] "GET / HTTP/1.0" 200 18749 "-" "Mozilla/5.0 (compatible; Googlebot/2.1; +http://www.google.com/bot.html)"
212.193.117.227 - - [03/Oct/2014:10:49:19 +0400] "GET / HTTP/1.0" 200 18919 "" "Mozilla/5.0 (compatible; statdom.ru/Bot; +http://statdom.ru/bot.html)"
195.54.213.174 - - [03/Oct/2014:10:56:11 +0400] "GET / HTTP/1.0" 200 18917 "" "Mozilla/5.0 (compatible; statdom.ru/Bot; +http://statdom.ru/bot.html)"
66.249.65.66 - - [03/Oct/2014:11:46:39 +0400] "GET / HTTP/1.0" 200 18751 "-" "Mozilla/5.0 (compatible; Googlebot/2.1; +http://www.google.com/bot.html)"
74.141.200.242 - - [03/Oct/2014:13:34:04 +0400] "GET / HTTP/1.0" 200 18879 "-" "Mozilla/4.0 (compatible; MSIE 8.0; Windows NT 6.1; WOW64; Trident/4.0; SLCC2; .NET CLR 2.0.50727; .NET CLR 3.5.30729; .NET CLR 3.0.30729; Media Center PC 6.0; .NET4.0C; .NET4.0E)"
66.249.65.58 - - [03/Oct/2014:13:42:41 +0400] "GET / HTTP/1.0" 200 18750 "-" "Mozilla/5.0 (compatible; Googlebot/2.1; +http://www.google.com/bot.html)"
66.249.65.58 - - [03/Oct/2014:15:39:56 +0400] "GET / HTTP/1.0" 200 18748 "-" "Mozilla/5.0 (compatible; Googlebot/2.1; +http://www.google.com/bot.html)"
91.124.217.132 - - [03/Oct/2014:16:27:31 +0400] "GET / HTTP/1.0" 200 79801 "-" "Mozilla/5.0 (Macintosh; Intel Mac OS X 10_9_2) AppleWebKit/537.36 (KHTML, like Gecko) Chrome/36.0.1944.0 Safari/537.36"
91.227.68.13 - - [03/Oct/2014:17:41:08 +0400] "GET / HTTP/1.0" 200 79656 "-" "Opera"
54.208.67.118 - - [03/Oct/2014:17:47:00 +0400] "GET /wp-login.php HTTP/1.0" 404 462 "-" "Mozilla/5.0 (Windows NT 6.1) AppleWebKit/537.1 (KHTML, like Gecko) Chrome/22.0.1229.79 Safari/537.4"
54.208.67.118 - - [03/Oct/2014:17:47:00 +0400] "GET /administrator/ HTTP/1.0" 404 464 "-" "Mozilla/5.0 (Windows NT 6.1) AppleWebKit/537.1 (KHTML, like Gecko) Chrome/22.0.1229.79 Safari/537.4"
54.208.67.118 - - [03/Oct/2014:17:47:00 +0400] "GET /admin.php HTTP/1.0" 404 459 "-" "Mozilla/5.0 (Windows NT 6.1) AppleWebKit/537.1 (KHTML, like Gecko) Chrome/22.0.1229.79 Safari/537.4"
66.249.65.58 - - [03/Oct/2014:19:11:43 +0400] "GET / HTTP/1.0" 200 18750 "-" "Mozilla/5.0 (compatible; Googlebot/2.1; +http://www.google.com/bot.html)"
157.55.39.4 - - [03/Oct/2014:19:58:34 +0400] "GET / HTTP/1.0" 200 18820 "-" "Mozilla/5.0 (compatible; bingbot/2.0; +http://www.bing.com/bingbot.htm)"
66.249.65.66 - - [03/Oct/2014:20:12:29 +0400] "GET / HTTP/1.0" 200 18748 "-" "Mozilla/5.0 (compatible; Googlebot/2.1; +http://www.google.com/bot.html)"
66.249.65.62 - - [03/Oct/2014:22:10:21 +0400] "GET / HTTP/1.0" 200 18751 "-" "Mozilla/5.0 (compatible; Googlebot/2.1; +http://www.google.com/bot.html)"
157.55.39.4 - - [03/Oct/2014:23:02:30 +0400] "GET / HTTP/1.0" 200 18825 "-" "Mozilla/5.0 (compatible; bingbot/2.0; +http://www.bing.com/bingbot.htm)"
66.249.65.58 - - [03/Oct/2014:23:16:57 +0400] "GET / HTTP/1.0" 200 18753 "-" "Mozilla/5.0 (compatible; Googlebot/2.1; +http://www.google.com/bot.html)"
109.234.35.74 - - [04/Oct/2014:00:21:05 +0400] "GET / HTTP/1.0" 200 80997 "-" "Mozilla/5.0 (Windows NT 5.1; rv:23.0) Gecko/20100101 Firefox/20.0"
66.249.78.89 - - [04/Oct/2014:01:21:46 +0400] "GET / HTTP/1.0" 200 18753 "-" "Mozilla/5.0 (compatible; Googlebot/2.1; +http://www.google.com/bot.html)"
157.55.39.3 - - [04/Oct/2014:12:33:25 +0400] "GET / HTTP/1.0" 200 18816 "-" "Mozilla/5.0 (compatible; bingbot/2.0; +http://www.bing.com/bingbot.htm)"
46.173.72.171 - - [04/Oct/2014:12:49:31 +0400] "GET / HTTP/1.0" 200 81452 "http://ajkfg.gdzz.url.ph/blogs/reshebnik-po-ukrainskomu-yazyku-7-klass-goroshkina-nikitina-popova.html" "Mozilla/4.0 (compatible; MSIE 6.0; Windows NT) ::ELNSB50::000061100320025802a00111000000000507000900000000"
46.173.72.171 - - [04/Oct/2014:12:49:31 +0400] "GET / HTTP/1.0" 200 81296 "http://ajkfg.gdzz.url.ph/blogs/reshebnik-po-ukrainskomu-yazyku-7-klass-goroshkina-nikitina-popova.html" "Mozilla/4.0 (compatible; MSIE 5.0; Windows NT; DigExt)"
46.173.72.171 - - [04/Oct/2014:12:49:31 +0400] "GET / HTTP/1.0" 200 81284 "http://ajkfg.gdzz.url.ph/blogs/reshebnik-po-ukrainskomu-yazyku-7-klass-goroshkina-nikitina-popova.html" "Mozilla/4.0 (compatible; MSIE 5.5; Windows NT 4.0)"
46.173.72.171 - - [04/Oct/2014:12:49:31 +0400] "GET / HTTP/1.0" 200 81412 "http://ajkfg.gdzz.url.ph/blogs/reshebnik-po-ukrainskomu-yazyku-7-klass-goroshkina-nikitina-popova.html" "Mozilla/4.0 (compatible; MSIE 6.0; Windows NT 5.1; Deepnet Explorer 1.5.0; .NET CLR 1.0.3705)"
46.173.72.171 - - [04/Oct/2014:12:49:31 +0400] "GET / HTTP/1.0" 200 81326 "http://ajkfg.gdzz.url.ph/blogs/reshebnik-po-ukrainskomu-yazyku-7-klass-goroshkina-nikitina-popova.html" "Mozilla/4.0 (compatible; MSIE 6.0; Windows NT 5.2; Win64; AMD64)"
87.119.203.244 - - [04/Oct/2014:13:45:42 +0400] "GET /wp-login.php HTTP/1.0" 404 462 "-" "Mozilla/5.0 (Windows NT 6.0) AppleWebKit/537.1 (KHTML, like Gecko) Chrome/24.0.1290.1 Safari/537.13"
87.119.203.244 - - [04/Oct/2014:13:45:42 +0400] "GET /administrator/ HTTP/1.0" 404 464 "-" "Mozilla/5.0 (Windows NT 6.0) AppleWebKit/537.1 (KHTML, like Gecko) Chrome/24.0.1290.1 Safari/537.13"
87.119.203.244 - - [04/Oct/2014:13:45:42 +0400] "GET /admin.php HTTP/1.0" 404 459 "-" "Mozilla/5.0 (Windows NT 6.0) AppleWebKit/537.1 (KHTML, like Gecko) Chrome/24.0.1290.1 Safari/537.13"
66.249.78.4 - - [04/Oct/2014:18:18:55 +0400] "GET / HTTP/1.0" 200 18922 "-" "Mozilla/5.0 (iPhone; CPU iPhone OS 6_0 like Mac OS X) AppleWebKit/536.26 (KHTML, like Gecko) Version/6.0 Mobile/10A5376e Safari/8536.25 (compatible; Googlebot/2.1; +http://www.google.com/bot.html)"
66.249.78.103 - - [04/Oct/2014:20:39:11 +0400] "GET / HTTP/1.0" 200 18920 "-" "Mozilla/5.0 (iPhone; CPU iPhone OS 6_0 like Mac OS X) AppleWebKit/536.26 (KHTML, like Gecko) Version/6.0 Mobile/10A5376e Safari/8536.25 (compatible; Googlebot/2.1; +http://www.google.com/bot.html)"
207.46.13.12 - - [04/Oct/2014:22:11:47 +0400] "GET / HTTP/1.0" 200 18820 "-" "Mozilla/5.0 (compatible; bingbot/2.0; +http://www.bing.com/bingbot.htm)"
109.234.35.74 - - [04/Oct/2014:23:23:01 +0400] "GET /cgi-bin/index.cgi HTTP/1.0" 404 467 "-" "Mozilla/5.0 (Windows NT 5.1; rv:23.0) Gecko/20100101 Firefox/20.0"
217.172.177.54 - - [05/Oct/2014:23:39:07 +0400] "GET / HTTP/1.0" 200 25904 "http://woodymag.ru/" "Mozilla/4.0 (compatible  MSIE 7.0  Windows NT 6.0  MRSPUTNIK 2, 0, 1, 55 SW  SLCC1  .NET CLR 2.0.50727  Media Center PC 5.0  InfoPath.1  .NET CLR 3.5.30729  .NET CLR 3.0.30729  .NET4.0C  AskTbPTV/5.9.1.14019)"
207.46.13.12 - - [06/Oct/2014:20:54:28 +0400] "GET / HTTP/1.0" 200 18806 "-" "Mozilla/5.0 (compatible; bingbot/2.0; +http://www.bing.com/bingbot.htm)"
207.46.13.12 - - [06/Oct/2014:21:32:02 +0400] "GET / HTTP/1.0" 200 18812 "-" "Mozilla/5.0 (compatible; bingbot/2.0; +http://www.bing.com/bingbot.htm)"
109.234.156.66 - - [07/Oct/2014:09:26:01 +0400] "GET / HTTP/1.0" 200 80037 "-" "Mozilla/5.0 (X11; Linux x86_64) AppleWebKit/537.11 (KHTML, like Gecko) Ubuntu Chromium/23.0.1271.97 Chrome/23.0.1271.97 Safari/537.11"
207.46.13.123 - - [07/Oct/2014:09:43:23 +0400] "GET / HTTP/1.0" 200 18817 "-" "Mozilla/5.0 (compatible; bingbot/2.0; +http://www.bing.com/bingbot.htm)"
85.118.225.107 - - [07/Oct/2014:16:51:02 +0400] "HEAD /bitrix/admin/ HTTP/1.0" 404 158 "-" "python-requests/2.2.1 CPython/3.4.0 Linux/3.13.0-24-generic"
66.249.67.39 - - [08/Oct/2014:09:01:56 +0400] "GET / HTTP/1.0" 200 18903 "-" "Mozilla/5.0 (iPhone; CPU iPhone OS 6_0 like Mac OS X) AppleWebKit/536.26 (KHTML, like Gecko) Version/6.0 Mobile/10A5376e Safari/8536.25 (compatible; Googlebot/2.1; +http://www.google.com/bot.html)"
66.249.67.114 - - [08/Oct/2014:09:02:10 +0400] "GET / HTTP/1.0" 200 18914 "-" "Mozilla/5.0 (iPhone; CPU iPhone OS 6_0 like Mac OS X) AppleWebKit/536.26 (KHTML, like Gecko) Version/6.0 Mobile/10A5376e Safari/8536.25 (compatible; Googlebot/2.1; +http://www.google.com/bot.html)"
31.202.241.242 - - [09/Oct/2014:10:23:02 +0400] "GET / HTTP/1.0" 200 81066 "http://plus5files.net" "Mozilla/5.1 (compatible; +5Bot/1.0; +http://plus5files.net)"
31.202.241.242 - - [09/Oct/2014:10:23:02 +0400] "GET / HTTP/1.0" 200 81066 "http://plus5files.net" "Mozilla/5.1 (compatible; +5Bot/1.0; +http://plus5files.net)"
31.202.241.242 - - [09/Oct/2014:10:23:02 +0400] "GET / HTTP/1.0" 200 81066 "http://plus5files.net" "Mozilla/5.1 (compatible; +5Bot/1.0; +http://plus5files.net)"
31.202.241.242 - - [09/Oct/2014:10:23:02 +0400] "GET / HTTP/1.0" 200 81066 "http://plus5files.net" "Mozilla/5.1 (compatible; +5Bot/1.0; +http://plus5files.net)"
66.249.67.39 - - [09/Oct/2014:10:23:11 +0400] "GET / HTTP/1.0" 200 18739 "-" "Mozilla/5.0 (compatible; Googlebot/2.1; +http://www.google.com/bot.html)"
5.255.253.28 - - [09/Oct/2014:10:24:17 +0400] "GET / HTTP/1.0" 200 18818 "-" "Mozilla/5.0 (compatible; YandexBot/3.0; +http://yandex.com/bots)"
66.249.78.17 - - [09/Oct/2014:20:35:06 +0400] "GET / HTTP/1.0" 200 18916 "-" "Mozilla/5.0 (iPhone; CPU iPhone OS 6_0 like Mac OS X) AppleWebKit/536.26 (KHTML, like Gecko) Version/6.0 Mobile/10A5376e Safari/8536.25 (compatible; Googlebot/2.1; +http://www.google.com/bot.html)"
66.249.78.103 - - [09/Oct/2014:20:36:45 +0400] "GET / HTTP/1.0" 200 18921 "-" "Mozilla/5.0 (iPhone; CPU iPhone OS 6_0 like Mac OS X) AppleWebKit/536.26 (KHTML, like Gecko) Version/6.0 Mobile/10A5376e Safari/8536.25 (compatible; Googlebot/2.1; +http://www.google.com/bot.html)"
216.145.14.142 - - [10/Oct/2014:01:22:45 +0400] "GET / HTTP/1.0" 200 19130 "http://whois.domaintools.com/uiweb.ru" "Mozilla/5.0 (Windows; U; Windows NT 5.1; en; rv:1.9.0.13) Gecko/2009073022 Firefox/3.5.2 (.NET CLR 3.5.30729) SurveyBot/2.3 (DomainTools)"
157.55.39.88 - - [10/Oct/2014:02:29:44 +0400] "GET / HTTP/1.0" 200 18813 "-" "Mozilla/5.0 (compatible; bingbot/2.0; +http://www.bing.com/bingbot.htm)"
157.55.39.88 - - [10/Oct/2014:03:11:40 +0400] "GET / HTTP/1.0" 200 18815 "-" "Mozilla/5.0 (compatible; bingbot/2.0; +http://www.bing.com/bingbot.htm)"
82.222.172.99 - - [10/Oct/2014:03:43:37 +0400] "GET /?x=() { :; }; echo Content-type:text/plain;echo;echo;echo M`expr 1330 + 7`H; HTTP/1.0" 200 81234 "() { :; }; echo Content-type:text/plain;echo;echo;echo M`expr 1330 + 7`H;" "() { :; }; echo Content-type:text/plain;echo;echo;echo M`expr 1330 + 7`H;"
109.234.156.66 - - [10/Oct/2014:07:09:46 +0400] "GET / HTTP/1.0" 200 80041 "-" "Mozilla/5.0 (X11; Linux x86_64) AppleWebKit/537.11 (KHTML, like Gecko) Ubuntu Chromium/23.0.1271.97 Chrome/23.0.1271.97 Safari/537.11"
157.55.39.88 - - [10/Oct/2014:08:07:38 +0400] "GET / HTTP/1.0" 200 18817 "-" "Mozilla/5.0 (compatible; bingbot/2.0; +http://www.bing.com/bingbot.htm)"
212.193.117.227 - - [10/Oct/2014:09:40:12 +0400] "GET / HTTP/1.0" 200 18922 "" "Mozilla/5.0 (compatible; statdom.ru/Bot; +http://statdom.ru/bot.html)"
217.12.207.218 - - [10/Oct/2014:10:14:21 +0400] "GET / HTTP/1.0" 200 80282 "http://uiweb.ru/" "Mozilla"
195.54.213.174 - - [10/Oct/2014:10:24:05 +0400] "GET / HTTP/1.0" 200 18916 "" "Mozilla/5.0 (compatible; statdom.ru/Bot; +http://statdom.ru/bot.html)"
109.234.35.148 - - [10/Oct/2014:12:58:04 +0400] "GET /cgi-sys/entropysearch.cgi HTTP/1.0" 404 475 "-" "Mozilla/5.0 (Windows NT 5.1; rv:23.0) Gecko/20100101 Firefox/20.0"
109.234.35.148 - - [10/Oct/2014:12:58:06 +0400] "GET /cgi-sys/defaultwebpage.cgi HTTP/1.0" 404 476 "-" "Mozilla/5.0 (Windows NT 5.1; rv:23.0) Gecko/20100101 Firefox/20.0"
109.234.35.148 - - [10/Oct/2014:12:58:07 +0400] "GET /cgi-mod/index.cgi HTTP/1.0" 404 467 "-" "Mozilla/5.0 (Windows NT 5.1; rv:23.0) Gecko/20100101 Firefox/20.0"
109.234.35.148 - - [10/Oct/2014:12:58:08 +0400] "GET /cgi-bin/test.cgi HTTP/1.0" 404 466 "-" "Mozilla/5.0 (Windows NT 5.1; rv:23.0) Gecko/20100101 Firefox/20.0"
109.234.35.148 - - [10/Oct/2014:12:58:09 +0400] "GET /cgi-bin-sdb/printenv HTTP/1.0" 404 470 "-" "Mozilla/5.0 (Windows NT 5.1; rv:23.0) Gecko/20100101 Firefox/20.0"
5.255.253.28 - - [10/Oct/2014:18:21:22 +0400] "GET / HTTP/1.0" 200 18828 "-" "Mozilla/5.0 (compatible; YandexBot/3.0; +http://yandex.com/bots)"
157.55.39.88 - - [10/Oct/2014:18:23:25 +0400] "GET / HTTP/1.0" 200 18819 "-" "Mozilla/5.0 (compatible; bingbot/2.0; +http://www.bing.com/bingbot.htm)"
85.118.225.107 - - [10/Oct/2014:20:01:56 +0400] "HEAD /bitrix/admin/ HTTP/1.0" 404 158 "-" "python-requests/2.2.1 CPython/3.4.0 Linux/3.13.0-24-generic"
188.92.76.167 - - [10/Oct/2014:21:46:37 +0400] "HEAD / HTTP/1.0" 200 182 "http://www.kiparis-2008.com.ua/component/virtuemart/elektrodvigateli/elektrodvigateli_air160/air160m4-detail.html?Itemid=0" "Opera/9.80 (Windows NT 6.1; WOW64) Presto/2.12.388 Version/12.14"
188.92.76.167 - - [10/Oct/2014:21:46:37 +0400] "HEAD / HTTP/1.0" 200 182 "http://www.kiparis-2008.com.ua/component/virtuemart/elektrodvigateli/elektrodvigateli_air160/air160m4-detail.html?Itemid=0" "Opera/9.80 (Windows NT 6.1; WOW64) Presto/2.12.388 Version/12.14"
157.55.39.88 - - [11/Oct/2014:08:34:10 +0400] "GET / HTTP/1.0" 200 18825 "-" "Mozilla/5.0 (compatible; bingbot/2.0; +http://www.bing.com/bingbot.htm)"
109.234.156.66 - - [11/Oct/2014:09:40:44 +0400] "GET / HTTP/1.0" 200 80044 "-" "Mozilla/5.0 (X11; Linux x86_64) AppleWebKit/537.11 (KHTML, like Gecko) Ubuntu Chromium/23.0.1271.97 Chrome/23.0.1271.97 Safari/537.11"
213.136.64.63 - - [11/Oct/2014:12:13:35 +0400] "GET / HTTP/1.0" 200 80452 "-" "Mozilla/5.0 (Windows; U; Windows NT 5.1; en-US; rv:1.8.1.1) Gecko/20061204 Firefox/2.0.0.1"
157.55.39.88 - - [11/Oct/2014:13:01:14 +0400] "GET / HTTP/1.0" 200 18817 "-" "Mozilla/5.0 (compatible; bingbot/2.0; +http://www.bing.com/bingbot.htm)"
66.249.78.89 - - [11/Oct/2014:14:05:46 +0400] "GET / HTTP/1.0" 200 18924 "-" "Mozilla/5.0 (iPhone; CPU iPhone OS 6_0 like Mac OS X) AppleWebKit/536.26 (KHTML, like Gecko) Version/6.0 Mobile/10A5376e Safari/8536.25 (compatible; Googlebot/2.1; +http://www.google.com/bot.html)"
66.249.78.4 - - [11/Oct/2014:14:05:59 +0400] "GET / HTTP/1.0" 200 18923 "-" "Mozilla/5.0 (iPhone; CPU iPhone OS 6_0 like Mac OS X) AppleWebKit/536.26 (KHTML, like Gecko) Version/6.0 Mobile/10A5376e Safari/8536.25 (compatible; Googlebot/2.1; +http://www.google.com/bot.html)"
91.105.69.9 - - [11/Oct/2014:19:45:06 +0400] "GET /wp-login.php HTTP/1.0" 404 462 "-" "Mozilla/4.0 (compatible; Synapse)"
91.105.69.9 - - [11/Oct/2014:19:45:06 +0400] "GET /administrator/index.php HTTP/1.0" 404 473 "-" "Mozilla/4.0 (compatible; Synapse)"
91.105.69.9 - - [11/Oct/2014:19:45:06 +0400] "GET /user/ HTTP/1.0" 404 455 "-" "Mozilla/4.0 (compatible; Synapse)"
91.105.69.9 - - [11/Oct/2014:19:45:07 +0400] "GET /admin.php HTTP/1.0" 404 459 "-" "Mozilla/4.0 (compatible; Synapse)"
91.105.69.9 - - [11/Oct/2014:19:45:07 +0400] "GET / HTTP/1.0" 200 79533 "-" "Mozilla/4.0 (compatible; Synapse)"
62.210.124.165 - - [12/Oct/2014:00:10:08 +0400] "GET / HTTP/1.0" 200 18710 "-" "Mozilla/5.0 (Windows NT 6.1; WOW64; rv:32.0) Gecko/20100101 Firefox/32.0"
79.59.138.228 - - [12/Oct/2014:00:19:17 +0400] "GET /admin.php HTTP/1.0" 404 459 "-" "Opera/9.80 (Windows NT 6.1; U; ru) Presto/2.8.131 Version/11.10"
79.59.138.228 - - [12/Oct/2014:00:19:17 +0400] "GET /administrator/index.php HTTP/1.0" 404 473 "-" "Opera/9.80 (Windows NT 6.1; U; ru) Presto/2.8.131 Version/11.10"
