157.55.39.42 - - [21/Jul/2014:21:21:38 +0400] "GET / HTTP/1.1" 200 85147 "-" "Mozilla/5.0 (compatible; bingbot/2.0; +http://www.bing.com/bingbot.htm)"
109.234.156.66 - - [22/Jul/2014:06:21:20 +0400] "GET / HTTP/1.1" 200 84597 "-" "Mozilla/5.0 (X11; Linux x86_64) AppleWebKit/537.11 (KHTML, like Gecko) Ubuntu Chromium/23.0.1271.97 Chrome/23.0.1271.97 Safari/537.11"
157.55.39.42 - - [22/Jul/2014:09:08:00 +0400] "GET /robots.txt HTTP/1.1" 404 168 "-" "Mozilla/5.0 (compatible; bingbot/2.0; +http://www.bing.com/bingbot.htm)"
157.55.39.42 - - [22/Jul/2014:09:08:07 +0400] "GET / HTTP/1.1" 200 85147 "-" "Mozilla/5.0 (compatible; bingbot/2.0; +http://www.bing.com/bingbot.htm)"
157.55.39.42 - - [22/Jul/2014:09:08:10 +0400] "GET / HTTP/1.1" 200 85147 "-" "Mozilla/5.0 (compatible; bingbot/2.0; +http://www.bing.com/bingbot.htm)"
157.55.39.42 - - [22/Jul/2014:13:03:50 +0400] "GET /robots.txt HTTP/1.1" 404 168 "-" "Mozilla/5.0 (compatible; bingbot/2.0; +http://www.bing.com/bingbot.htm)"
157.55.39.42 - - [22/Jul/2014:13:06:16 +0400] "GET /user/register HTTP/1.1" 404 313 "-" "Mozilla/5.0 (compatible; bingbot/2.0; +http://www.bing.com/bingbot.htm)"
46.188.33.4 - - [22/Jul/2014:13:07:07 +0400] "GET / HTTP/1.1" 200 84638 "http://UIWEB.RU/" "Mozilla/4.0 (compatible; MSIE 6.0; Windows NT 5.1; SV1)"
157.55.39.42 - - [22/Jul/2014:18:15:20 +0400] "GET / HTTP/1.1" 200 85171 "-" "Mozilla/5.0 (compatible; bingbot/2.0; +http://www.bing.com/bingbot.htm)"
157.55.39.42 - - [22/Jul/2014:20:43:31 +0400] "GET /robots.txt HTTP/1.1" 404 168 "-" "Mozilla/5.0 (compatible; bingbot/2.0; +http://www.bing.com/bingbot.htm)"
157.55.39.42 - - [22/Jul/2014:20:43:44 +0400] "GET / HTTP/1.1" 200 85147 "-" "Mozilla/5.0 (compatible; bingbot/2.0; +http://www.bing.com/bingbot.htm)"
157.55.39.42 - - [23/Jul/2014:20:03:54 +0400] "GET /robots.txt HTTP/1.1" 404 168 "-" "Mozilla/5.0 (compatible; bingbot/2.0; +http://www.bing.com/bingbot.htm)"
157.55.39.42 - - [23/Jul/2014:20:04:04 +0400] "GET / HTTP/1.1" 200 85147 "-" "Mozilla/5.0 (compatible; bingbot/2.0; +http://www.bing.com/bingbot.htm)"
157.55.39.42 - - [23/Jul/2014:20:07:22 +0400] "GET / HTTP/1.1" 200 85145 "-" "Mozilla/5.0 (compatible; bingbot/2.0; +http://www.bing.com/bingbot.htm)"
178.63.89.147 - - [23/Jul/2014:21:44:49 +0400] "GET / HTTP/1.1" 200 46269 "http://vashops.ru" "Mozilla/5.0 (Windows  U  Windows NT 5.1  ru  rv:1.9.2.17) Gecko/20110420 MRA 5.7 (build 03790) Firefox/3.6.17"
178.63.89.147 - - [23/Jul/2014:21:44:51 +0400] "GET / HTTP/1.1" 200 84738 "http://vashops.ru" "Mozilla/5.0 (Windows  U  Windows NT 5.1  ru  rv:1.9.2.17) Gecko/20110420 MRA 5.7 (build 03790) Firefox/3.6.17"
195.54.213.174 - - [23/Jul/2014:22:32:20 +0400] "GET / HTTP/1.1" 200 85337 "" "Mozilla/5.0 (compatible; statdom.ru/Bot; +http://statdom.ru/bot.html)"
195.54.213.174 - - [23/Jul/2014:22:32:26 +0400] "GET /favicon.ico HTTP/1.1" 404 168 "" "Mozilla/5.0 (compatible; statdom.ru/Bot; +http://statdom.ru/bot.html)"
195.242.80.52 - - [24/Jul/2014:00:12:59 +0400] "GET / HTTP/1.1" 200 84636 "HTTP://UIU-TDOM.RU" "Mozilla/5.0 (compatible; YandexDirect/3.0; +http://yandex.com/bots)"
157.55.39.42 - - [24/Jul/2014:02:02:18 +0400] "GET / HTTP/1.1" 200 85147 "-" "Mozilla/5.0 (compatible; bingbot/2.0; +http://www.bing.com/bingbot.htm)"
157.55.39.42 - - [24/Jul/2014:05:38:37 +0400] "GET / HTTP/1.1" 200 85171 "-" "Mozilla/5.0 (compatible; bingbot/2.0; +http://www.bing.com/bingbot.htm)"
157.55.39.42 - - [24/Jul/2014:08:17:22 +0400] "GET / HTTP/1.1" 200 85147 "-" "Mozilla/5.0 (compatible; bingbot/2.0; +http://www.bing.com/bingbot.htm)"
109.234.156.66 - - [24/Jul/2014:09:07:15 +0400] "GET / HTTP/1.1" 200 84597 "-" "Mozilla/5.0 (X11; Linux x86_64) AppleWebKit/537.11 (KHTML, like Gecko) Ubuntu Chromium/23.0.1271.97 Chrome/23.0.1271.97 Safari/537.11"
207.46.13.39 - - [24/Jul/2014:11:59:40 +0400] "GET /site/contact HTTP/1.1" 404 308 "-" "Mozilla/5.0 (compatible; bingbot/2.0; +http://www.bing.com/bingbot.htm)"
157.55.39.42 - - [24/Jul/2014:17:32:25 +0400] "GET / HTTP/1.1" 200 85171 "-" "Mozilla/5.0 (compatible; bingbot/2.0; +http://www.bing.com/bingbot.htm)"
157.55.39.42 - - [24/Jul/2014:21:46:12 +0400] "GET / HTTP/1.1" 200 85147 "-" "Mozilla/5.0 (compatible; bingbot/2.0; +http://www.bing.com/bingbot.htm)"
157.55.39.42 - - [25/Jul/2014:00:07:10 +0400] "GET /site/sitemap HTTP/1.1" 404 308 "-" "Mozilla/5.0 (compatible; bingbot/2.0; +http://www.bing.com/bingbot.htm)"
178.63.89.147 - - [25/Jul/2014:03:37:47 +0400] "GET / HTTP/1.1" 200 84836 "http://12seo.ru" "Mozilla/5.0 (Windows  U  Windows NT 5.1  ru  rv:1.9.2.16) Gecko/20110319 Firefox/3.6.16 ( .NET CLR 3.5.30729) RubarToolbar2714 sputnik 2.4.0.48 WebMoney Advisor"
109.234.156.66 - - [25/Jul/2014:06:19:54 +0400] "GET / HTTP/1.1" 200 84597 "-" "Mozilla/5.0 (X11; Linux x86_64) AppleWebKit/537.11 (KHTML, like Gecko) Ubuntu Chromium/23.0.1271.97 Chrome/23.0.1271.97 Safari/537.11"
157.55.39.42 - - [25/Jul/2014:07:03:43 +0400] "GET / HTTP/1.1" 200 85171 "-" "Mozilla/5.0 (compatible; bingbot/2.0; +http://www.bing.com/bingbot.htm)"
182.248.150.2 - - [25/Jul/2014:07:40:37 +0400] "GET / HTTP/1.1" 200 84714 "-" "Mozilla/4.0 (compatible; MSIE 9.0; Windows NT 6.1; Trident/5.0)"
157.55.39.42 - - [25/Jul/2014:09:28:38 +0400] "GET / HTTP/1.1" 200 85145 "-" "Mozilla/5.0 (compatible; bingbot/2.0; +http://www.bing.com/bingbot.htm)"
157.55.39.42 - - [25/Jul/2014:10:44:08 +0400] "GET /article/view/4 HTTP/1.1" 404 310 "-" "Mozilla/5.0 (compatible; bingbot/2.0; +http://www.bing.com/bingbot.htm)"
23.227.199.214 - - [25/Jul/2014:11:32:51 +0400] "GET / HTTP/1.0" 200 84430 "-" "Mozilla/5.0 (Windows; U; MSIE 9.0; Windows NT 9.0; en-US)"
77.221.130.145 - - [25/Jul/2014:14:14:16 +0400] "GET / HTTP/1.1" 200 84732 "http://uiweb.ru" "Mozilla/5.0 (Windows; U; Windows NT 5.1; en-US) AppleWebKit/533.4 (KHTML, like Gecko) Chrome/5.0.375.99 Safari/533.4"
157.55.39.41 - - [25/Jul/2014:18:42:57 +0400] "GET / HTTP/1.1" 200 85169 "-" "Mozilla/5.0 (compatible; bingbot/2.0; +http://www.bing.com/bingbot.htm)"
157.55.39.42 - - [25/Jul/2014:21:09:26 +0400] "GET / HTTP/1.1" 200 85147 "-" "Mozilla/5.0 (compatible; bingbot/2.0; +http://www.bing.com/bingbot.htm)"
157.55.39.42 - - [25/Jul/2014:23:57:28 +0400] "GET / HTTP/1.1" 200 85147 "-" "Mozilla/5.0 (compatible; bingbot/2.0; +http://www.bing.com/bingbot.htm)"
157.55.39.42 - - [26/Jul/2014:00:00:08 +0400] "GET / HTTP/1.1" 200 85147 "-" "Mozilla/5.0 (compatible; bingbot/2.0; +http://www.bing.com/bingbot.htm)"
178.140.230.21 - - [26/Jul/2014:01:20:52 +0400] "GET / HTTP/1.0" 200 84883 "http://uiweb.ru/" "Mozilla/5.0 (Windows NT 6.1; WOW64) AppleWebKit/537.36 (KHTML, like Gecko) Chrome/30.0.1599.13014 YaBrowser/13.12.1599.13014 Safari/537.36"
62.122.207.83 - - [26/Jul/2014:02:04:21 +0400] "GET /admin.php HTTP/1.0" 404 305 "-" "Opera/9.80 (Windows NT 6.1; U; ru) Presto/2.8.131 Version/11.10"
62.122.207.83 - - [26/Jul/2014:02:04:22 +0400] "GET /administrator/index.php HTTP/1.0" 404 319 "-" "Opera/9.80 (Windows NT 6.1; U; ru) Presto/2.8.131 Version/11.10"
62.122.207.83 - - [26/Jul/2014:02:04:22 +0400] "GET /wp-login.php HTTP/1.0" 404 308 "-" "Opera/9.80 (Windows NT 6.1; U; ru) Presto/2.8.131 Version/11.10"
109.234.156.66 - - [26/Jul/2014:08:07:38 +0400] "GET / HTTP/1.1" 200 84597 "-" "Mozilla/5.0 (X11; Linux x86_64) AppleWebKit/537.11 (KHTML, like Gecko) Ubuntu Chromium/23.0.1271.97 Chrome/23.0.1271.97 Safari/537.11"
157.55.39.42 - - [26/Jul/2014:09:14:59 +0400] "GET /robots.txt HTTP/1.1" 404 168 "-" "Mozilla/5.0 (compatible; bingbot/2.0; +http://www.bing.com/bingbot.htm)"
157.55.39.42 - - [26/Jul/2014:09:15:04 +0400] "GET / HTTP/1.1" 200 85171 "-" "Mozilla/5.0 (compatible; bingbot/2.0; +http://www.bing.com/bingbot.htm)"
157.55.39.42 - - [26/Jul/2014:09:15:28 +0400] "GET / HTTP/1.1" 200 85171 "-" "Mozilla/5.0 (compatible; bingbot/2.0; +http://www.bing.com/bingbot.htm)"
109.120.182.26 - - [26/Jul/2014:10:56:48 +0400] "GET / HTTP/1.1" 200 84937 "https://e.mail.ru/message/14109017775/141266949225" "Mozilla/5.0 (Windows NT 5.1) AppleWebKit/537.36 (KHTML, like Gecko) Chrome/34.0.1847.131 Safari/537.36"
157.55.39.42 - - [26/Jul/2014:11:23:05 +0400] "GET /robots.txt HTTP/1.1" 404 168 "-" "Mozilla/5.0 (compatible; bingbot/2.0; +http://www.bing.com/bingbot.htm)"
157.55.39.42 - - [26/Jul/2014:11:34:13 +0400] "GET /user/passwordreturn HTTP/1.1" 404 315 "-" "Mozilla/5.0 (compatible; bingbot/2.0; +http://www.bing.com/bingbot.htm)"
157.55.39.42 - - [26/Jul/2014:11:41:11 +0400] "GET / HTTP/1.1" 200 85147 "-" "Mozilla/5.0 (compatible; bingbot/2.0; +http://www.bing.com/bingbot.htm)"
46.191.250.137 - - [26/Jul/2014:13:32:18 +0400] "GET /admin.php HTTP/1.0" 404 305 "-" "Opera/9.80 (Windows NT 6.1; U; ru) Presto/2.8.131 Version/11.10"
46.191.250.137 - - [26/Jul/2014:13:32:18 +0400] "GET /administrator/index.php HTTP/1.0" 404 319 "-" "Opera/9.80 (Windows NT 6.1; U; ru) Presto/2.8.131 Version/11.10"
46.191.250.137 - - [26/Jul/2014:13:32:18 +0400] "GET /wp-login.php HTTP/1.0" 404 308 "-" "Opera/9.80 (Windows NT 6.1; U; ru) Presto/2.8.131 Version/11.10"
157.55.39.42 - - [26/Jul/2014:20:44:38 +0400] "GET / HTTP/1.1" 200 85171 "-" "Mozilla/5.0 (compatible; bingbot/2.0; +http://www.bing.com/bingbot.htm)"
89.169.7.75 - - [26/Jul/2014:21:02:19 +0400] "GET / HTTP/1.1" 200 84690 "-" "Mozila/4.0 (compatible; MSIE 6.0; Windows NT 5.1;)"
37.9.53.91 - - [26/Jul/2014:21:55:04 +0400] "GET /backup/ HTTP/1.0" 404 303 "http://uiweb.ru/backup/" "Mozilla/4.0 (compatible; MSIE 6.0; Windows 98; Win 9x 4.90)"
178.63.89.147 - - [26/Jul/2014:22:19:08 +0400] "GET / HTTP/1.1" 200 84702 "http://biletvbolshoiteatr.ru" "Mozilla/5.0 (compatible  MSIE 9.0  Windows NT 6.0  Trident/5.0  MRIE8PACK 2.0.1)"
188.233.101.241 - - [26/Jul/2014:22:56:39 +0400] "GET / HTTP/1.1" 200 85302 "-" "Mozilla/5.0 (Windows NT 6.0; WOW64) AppleWebKit/534.24 (KHTML, like Gecko) Chrome/11.0.699.0 Safari/534.24"
188.233.101.241 - - [26/Jul/2014:22:56:39 +0400] "GET /administrator HTTP/1.1" 404 309 "http://UIWEB.RU/" "Mozilla/5.0 (Windows NT 6.0; WOW64) AppleWebKit/534.24 (KHTML, like Gecko) Chrome/11.0.699.0 Safari/534.24"
188.233.101.241 - - [26/Jul/2014:22:56:39 +0400] "GET /administrator HTTP/1.1" 404 309 "http://UIWEB.RU/administrator" "Mozilla/5.0 (Windows NT 6.0; WOW64) AppleWebKit/534.24 (KHTML, like Gecko) Chrome/11.0.699.0 Safari/534.24"
188.233.101.241 - - [26/Jul/2014:22:56:39 +0400] "GET /wp-login.php HTTP/1.1" 404 308 "http://UIWEB.RU/administrator" "Mozilla/5.0 (Windows NT 6.0; WOW64) AppleWebKit/534.24 (KHTML, like Gecko) Chrome/11.0.699.0 Safari/534.24"
188.233.101.241 - - [26/Jul/2014:22:56:40 +0400] "GET /blog/wp-login.php HTTP/1.1" 404 313 "http://UIWEB.RU/wp-login.php" "Mozilla/5.0 (Windows NT 6.0; WOW64) AppleWebKit/534.24 (KHTML, like Gecko) Chrome/11.0.699.0 Safari/534.24"
188.233.101.241 - - [26/Jul/2014:22:56:40 +0400] "GET /admin HTTP/1.1" 404 301 "http://UIWEB.RU/blog/wp-login.php" "Mozilla/5.0 (Windows NT 6.0; WOW64) AppleWebKit/534.24 (KHTML, like Gecko) Chrome/11.0.699.0 Safari/534.24"
188.233.101.241 - - [26/Jul/2014:22:56:40 +0400] "GET / HTTP/1.1" 200 85523 "http://UIWEB.RU/admin" "Mozilla/5.0 (Windows NT 6.0; WOW64) AppleWebKit/534.24 (KHTML, like Gecko) Chrome/11.0.699.0 Safari/534.24"
188.233.101.241 - - [26/Jul/2014:22:56:40 +0400] "GET /user HTTP/1.1" 404 300 "http://UIWEB.RU/" "Mozilla/5.0 (Windows NT 6.0; WOW64) AppleWebKit/534.24 (KHTML, like Gecko) Chrome/11.0.699.0 Safari/534.24"
157.55.39.42 - - [26/Jul/2014:23:13:26 +0400] "GET / HTTP/1.1" 200 85147 "-" "Mozilla/5.0 (compatible; bingbot/2.0; +http://www.bing.com/bingbot.htm)"
62.210.122.123 - - [27/Jul/2014:03:11:17 +0400] "GET / HTTP/1.1" 200 84664 "-" "Mozilla/5.0 (Windows NT 6.1; rv:28.0) Gecko/20100101 Firefox/28.0"
109.234.156.66 - - [27/Jul/2014:08:23:40 +0400] "GET / HTTP/1.1" 200 84597 "-" "Mozilla/5.0 (X11; Linux x86_64) AppleWebKit/537.11 (KHTML, like Gecko) Ubuntu Chromium/23.0.1271.97 Chrome/23.0.1271.97 Safari/537.11"
157.55.39.42 - - [27/Jul/2014:08:25:27 +0400] "GET / HTTP/1.1" 200 85171 "-" "Mozilla/5.0 (compatible; bingbot/2.0; +http://www.bing.com/bingbot.htm)"
93.170.104.118 - - [27/Jul/2014:16:16:48 +0400] "GET / HTTP/1.1" 200 85518 "http://google.com" "Mozilla/5.0 (X11; Ubuntu; Linux x86_64; rv:26.0) Gecko/20100101 Firefox/26.0"
89.208.17.22 - - [27/Jul/2014:17:32:06 +0400] "GET / HTTP/1.1" 200 84527 "http://uiweb.ru/" "Mozilla/5.0 (compatible; U; AnyEvent-HTTP/2.15; +http://software.schmorp.de/pkg/AnyEvent)"
91.250.15.69 - - [27/Jul/2014:19:46:10 +0400] "GET / HTTP/1.0" 200 85270 "http://downloaflare.biz" "Mozilla/5.1 (compatible; CBot/1.0; +http://downloaflare.biz)"
91.250.15.69 - - [27/Jul/2014:19:46:13 +0400] "GET / HTTP/1.0" 200 13675 "http://downloaflare.biz" "Mozilla/5.1 (compatible; CBot/1.0; +http://downloaflare.biz)"
91.250.15.69 - - [27/Jul/2014:19:46:15 +0400] "GET / HTTP/1.0" 200 13675 "http://downloaflare.biz" "Mozilla/5.1 (compatible; CBot/1.0; +http://downloaflare.biz)"
157.55.39.42 - - [27/Jul/2014:20:15:04 +0400] "GET / HTTP/1.1" 200 85171 "-" "Mozilla/5.0 (compatible; bingbot/2.0; +http://www.bing.com/bingbot.htm)"
46.109.66.4 - - [27/Jul/2014:20:26:38 +0400] "GET /wp-login.php HTTP/1.1" 404 308 "-" "Mozilla/5.0 (Windows NT 6.1) AppleWebKit/537.1 (KHTML, like Gecko) Chrome/23.0.1271.6 Safari/537.11"
46.109.66.4 - - [27/Jul/2014:20:26:42 +0400] "GET /administrator/ HTTP/1.1" 404 310 "-" "Mozilla/5.0 (Windows NT 6.1) AppleWebKit/537.1 (KHTML, like Gecko) Chrome/23.0.1271.6 Safari/537.11"
46.109.66.4 - - [27/Jul/2014:20:26:48 +0400] "GET /admin.php HTTP/1.1" 404 305 "-" "Mozilla/5.0 (Windows NT 6.1) AppleWebKit/537.1 (KHTML, like Gecko) Chrome/23.0.1271.6 Safari/537.11"
157.55.39.42 - - [27/Jul/2014:22:48:42 +0400] "GET / HTTP/1.1" 200 46665 "-" "Mozilla/5.0 (compatible; bingbot/2.0; +http://www.bing.com/bingbot.htm)"
134.249.48.164 - - [28/Jul/2014:01:08:16 +0400] "GET / HTTP/1.0" 200 14038 "-" "Mozilla/4.0 (compatible; MSIE 6.0; Windows NT 5.1)"
134.249.48.164 - - [28/Jul/2014:03:35:13 +0400] "GET /wp-admin/admin-post.php?page=wysija_campaigns&action=themes HTTP/1.0" 404 319 "http://UIWEB.RU/wp-admin/admin-post.php?page=wysija_campaigns&action=themes" "Mozilla/5.0 (Windows NT 5.1) AppleWebKit/537.36 (KHTML, like Gecko) Chrome/32.0.1700.102 Safari/537.36"
134.249.48.164 - - [28/Jul/2014:03:35:13 +0400] "GET /wp-admin/admin-post.php?page=wysija_campaigns&action=themesindex.php HTTP/1.0" 404 319 "http://UIWEB.RU/wp-admin/admin-post.php?page=wysija_campaigns&action=themesindex.php" "Mozilla/5.0 (Windows NT 6.1; WOW64) AppleWebKit/537.36 (KHTML, like Gecko) Chrome/33.0.1750.146 Safari/537.36"
157.55.39.42 - - [28/Jul/2014:08:03:03 +0400] "GET / HTTP/1.1" 200 85171 "-" "Mozilla/5.0 (compatible; bingbot/2.0; +http://www.bing.com/bingbot.htm)"
37.9.53.253 - - [28/Jul/2014:08:41:01 +0400] "GET /wp-login.php HTTP/1.1" 404 308 "-" "Mozilla/5.0 (Windows NT 5.1; rv:22.0) Gecko/20100101 Firefox/22.0 Paros/3.2.13"
157.55.39.42 - - [28/Jul/2014:19:44:12 +0400] "GET /robots.txt HTTP/1.1" 404 168 "-" "Mozilla/5.0 (compatible; bingbot/2.0; +http://www.bing.com/bingbot.htm)"
157.55.39.42 - - [28/Jul/2014:19:44:32 +0400] "GET / HTTP/1.1" 200 85171 "-" "Mozilla/5.0 (compatible; bingbot/2.0; +http://www.bing.com/bingbot.htm)"
89.169.7.75 - - [28/Jul/2014:21:22:22 +0400] "GET / HTTP/1.0" 200 84581 "http://uiweb.ru/" "Mozilla/5.0 (Windows NT 6.1; rv:26.0) Gecko/20100101 Firefox/26.0"
89.169.7.75 - - [28/Jul/2014:21:22:22 +0400] "GET /index.php HTTP/1.0" 200 84693 "http://uiweb.ru/index.php" "Mozilla/5.0 (Windows NT 6.1) AppleWebKit/537.36 (KHTML, like Gecko) Chrome/32.0.1700.102 Safari/537.36"
64.246.165.140 - - [28/Jul/2014:22:20:22 +0400] "GET /robots.txt HTTP/1.0" 404 168 "-" "Mozilla/5.0 (Windows; U; Windows NT 5.1; en; rv:1.9.0.13) Gecko/2009073022 Firefox/3.5.2 (.NET CLR 3.5.30729) SurveyBot/2.3 (DomainTools)"
64.246.165.140 - - [28/Jul/2014:22:20:24 +0400] "GET / HTTP/1.1" 200 85878 "http://whois.domaintools.com/uiweb.ru" "Mozilla/5.0 (Windows; U; Windows NT 5.1; en; rv:1.9.0.13) Gecko/2009073022 Firefox/3.5.2 (.NET CLR 3.5.30729) SurveyBot/2.3 (DomainTools)"
157.55.39.42 - - [28/Jul/2014:22:27:40 +0400] "GET /robots.txt HTTP/1.1" 404 168 "-" "Mozilla/5.0 (compatible; bingbot/2.0; +http://www.bing.com/bingbot.htm)"
157.55.39.42 - - [28/Jul/2014:22:27:59 +0400] "GET / HTTP/1.1" 200 85147 "-" "Mozilla/5.0 (compatible; bingbot/2.0; +http://www.bing.com/bingbot.htm)"
109.120.182.26 - - [29/Jul/2014:01:55:41 +0400] "GET / HTTP/1.1" 200 84917 "http://artifact.spb.ru/?from=56421308325" "Mozilla/5.0 (Windows NT 5.1) AppleWebKit/537.36 (KHTML, like Gecko) Chrome/34.0.1847.131 Safari/537.36"
109.234.156.66 - - [29/Jul/2014:06:12:15 +0400] "GET / HTTP/1.1" 200 84597 "-" "Mozilla/5.0 (X11; Linux x86_64) AppleWebKit/537.11 (KHTML, like Gecko) Ubuntu Chromium/23.0.1271.97 Chrome/23.0.1271.97 Safari/537.11"
157.55.39.42 - - [29/Jul/2014:07:35:29 +0400] "GET / HTTP/1.1" 200 85171 "-" "Mozilla/5.0 (compatible; bingbot/2.0; +http://www.bing.com/bingbot.htm)"
5.248.84.11 - - [29/Jul/2014:09:39:27 +0400] "GET / HTTP/1.0" 200 14038 "-" "Mozilla/4.0 (compatible; MSIE 6.0; Windows NT 5.1)"
157.55.39.42 - - [29/Jul/2014:10:12:11 +0400] "GET /robots.txt HTTP/1.1" 404 168 "-" "Mozilla/5.0 (compatible; bingbot/2.0; +http://www.bing.com/bingbot.htm)"
157.55.39.42 - - [29/Jul/2014:10:12:15 +0400] "GET / HTTP/1.1" 200 85147 "-" "Mozilla/5.0 (compatible; bingbot/2.0; +http://www.bing.com/bingbot.htm)"
66.249.69.146 - - [29/Jul/2014:13:55:30 +0400] "GET /robots.txt HTTP/1.1" 404 168 "-" "Mozilla/5.0 (compatible; Googlebot/2.1; +http://www.google.com/bot.html)"
66.249.69.130 - - [29/Jul/2014:13:55:31 +0400] "GET / HTTP/1.1" 200 84859 "-" "Mozilla/5.0 (compatible; Googlebot/2.1; +http://www.google.com/bot.html)"
5.248.84.11 - - [29/Jul/2014:18:08:30 +0400] "GET /wp-admin/admin-post.php?page=wysija_campaigns&action=themes HTTP/1.0" 404 319 "http://UIWEB.RU/wp-admin/admin-post.php?page=wysija_campaigns&action=themes" "Mozilla/5.0 (Windows NT 6.1; WOW64) AppleWebKit/537.36 (KHTML, like Gecko) Chrome/30.0.1599.12785 YaBrowser/13.12.1599.12785 Safari/537.36"
5.248.84.11 - - [29/Jul/2014:18:08:30 +0400] "GET /wp-admin/admin-post.php?page=wysija_campaigns&action=themesindex.php HTTP/1.0" 404 319 "http://UIWEB.RU/wp-admin/admin-post.php?page=wysija_campaigns&action=themesindex.php" "Mozilla/5.0 (Windows NT 6.1) AppleWebKit/537.36 (KHTML, like Gecko) Chrome/33.0.1750.117 Safari/537.36"
157.55.39.42 - - [29/Jul/2014:19:27:01 +0400] "GET /robots.txt HTTP/1.1" 404 168 "-" "Mozilla/5.0 (compatible; bingbot/2.0; +http://www.bing.com/bingbot.htm)"
157.55.39.42 - - [29/Jul/2014:19:27:07 +0400] "GET / HTTP/1.1" 200 85171 "-" "Mozilla/5.0 (compatible; bingbot/2.0; +http://www.bing.com/bingbot.htm)"
157.55.39.137 - - [14/Aug/2014:11:51:13 +0400] "GET / HTTP/1.1" 200 85151 "-" "Mozilla/5.0 (compatible; bingbot/2.0; +http://www.bing.com/bingbot.htm)"
157.55.39.137 - - [17/Aug/2014:02:47:48 +0400] "GET /robots.txt HTTP/1.1" 404 168 "-" "Mozilla/5.0 (compatible; bingbot/2.0; +http://www.bing.com/bingbot.htm)"
157.55.39.137 - - [17/Aug/2014:02:48:19 +0400] "GET / HTTP/1.1" 200 85151 "-" "Mozilla/5.0 (compatible; bingbot/2.0; +http://www.bing.com/bingbot.htm)"
37.130.227.133 - - [17/Aug/2014:03:32:54 +0400] "HEAD /wp-login.php HTTP/1.1" 404 0 "-" "-"
66.249.79.215 - - [17/Aug/2014:06:08:34 +0400] "GET /robots.txt HTTP/1.1" 404 168 "-" "Mozilla/5.0 (compatible; Googlebot/2.1; +http://www.google.com/bot.html)"
66.249.79.215 - - [17/Aug/2014:06:08:35 +0400] "GET / HTTP/1.1" 200 84859 "-" "Mozilla/5.0 (compatible; Googlebot/2.1; +http://www.google.com/bot.html)"
109.234.156.66 - - [17/Aug/2014:07:54:14 +0400] "GET / HTTP/1.1" 200 84597 "-" "Mozilla/5.0 (X11; Linux x86_64) AppleWebKit/537.11 (KHTML, like Gecko) Ubuntu Chromium/23.0.1271.97 Chrome/23.0.1271.97 Safari/537.11"
157.55.39.137 - - [17/Aug/2014:09:13:44 +0400] "GET /robots.txt HTTP/1.1" 404 168 "-" "Mozilla/5.0 (compatible; bingbot/2.0; +http://www.bing.com/bingbot.htm)"
157.55.39.137 - - [17/Aug/2014:09:14:01 +0400] "GET / HTTP/1.1" 200 85175 "-" "Mozilla/5.0 (compatible; bingbot/2.0; +http://www.bing.com/bingbot.htm)"
157.55.39.136 - - [17/Aug/2014:09:42:39 +0400] "GET / HTTP/1.1" 200 85151 "-" "Mozilla/5.0 (compatible; bingbot/2.0; +http://www.bing.com/bingbot.htm)"
82.107.207.117 - - [17/Aug/2014:09:55:42 +0400] "GET /wp-login.php HTTP/1.1" 404 308 "-" "Mozilla/5.0 (Windows NT 6.0) AppleWebKit/537.1 (KHTML, like Gecko) Chrome/23.0.1271.6 Safari/537.11"
82.107.207.117 - - [17/Aug/2014:09:55:42 +0400] "GET /administrator/ HTTP/1.1" 404 310 "-" "Mozilla/5.0 (Windows NT 6.0) AppleWebKit/537.1 (KHTML, like Gecko) Chrome/23.0.1271.6 Safari/537.11"
82.107.207.117 - - [17/Aug/2014:09:55:42 +0400] "GET /admin.php HTTP/1.1" 404 305 "-" "Mozilla/5.0 (Windows NT 6.0) AppleWebKit/537.1 (KHTML, like Gecko) Chrome/23.0.1271.6 Safari/537.11"
91.22.252.43 - - [17/Aug/2014:17:08:16 +0400] "GET / HTTP/1.0" 200 84563 "-" "Mozilla/4.0 (compatible; MSIE 6.0; Windows NT 5.1; SV1)"
157.55.39.137 - - [17/Aug/2014:22:13:43 +0400] "GET / HTTP/1.1" 200 85173 "-" "Mozilla/5.0 (compatible; bingbot/2.0; +http://www.bing.com/bingbot.htm)"
157.55.39.137 - - [17/Aug/2014:23:14:14 +0400] "GET / HTTP/1.1" 200 85151 "-" "Mozilla/5.0 (compatible; bingbot/2.0; +http://www.bing.com/bingbot.htm)"
89.108.102.85 - - [18/Aug/2014:04:02:52 +0400] "GET /robots.txt HTTP/1.0" 404 168 "-" "Mozilla/5.0 (compatible; ise4rubot/0.1; http://www.ise4.ru/ise4/bot/)"
212.33.255.53 - - [18/Aug/2014:05:19:07 +0400] "GET / HTTP/1.1" 200 84341 "-" "C-T bot"
66.249.78.4 - - [18/Aug/2014:05:22:58 +0400] "GET /robots.txt HTTP/1.1" 404 168 "-" "Mozilla/5.0 (compatible; Googlebot/2.1; +http://www.google.com/bot.html)"
66.249.78.10 - - [18/Aug/2014:05:22:59 +0400] "GET / HTTP/1.1" 200 84831 "-" "Mozilla/5.0 (compatible; Googlebot/2.1; +http://www.google.com/bot.html)"
66.249.78.103 - - [18/Aug/2014:05:35:31 +0400] "GET /robots.txt HTTP/1.1" 404 168 "-" "Mozilla/5.0 (compatible; Googlebot/2.1; +http://www.google.com/bot.html)"
66.249.78.103 - - [18/Aug/2014:05:35:31 +0400] "GET / HTTP/1.1" 200 85107 "-" "Mozilla/5.0 (iPhone; CPU iPhone OS 6_0 like Mac OS X) AppleWebKit/536.26 (KHTML, like Gecko) Version/6.0 Mobile/10A5376e Safari/8536.25 (compatible; Googlebot/2.1; +http://www.google.com/bot.html)"
157.55.39.137 - - [18/Aug/2014:06:21:22 +0400] "GET / HTTP/1.1" 200 85175 "-" "Mozilla/5.0 (compatible; bingbot/2.0; +http://www.bing.com/bingbot.htm)"
157.55.39.136 - - [18/Aug/2014:09:02:41 +0400] "GET / HTTP/1.1" 200 85151 "-" "Mozilla/5.0 (compatible; bingbot/2.0; +http://www.bing.com/bingbot.htm)"
188.143.234.246 - - [18/Aug/2014:13:41:22 +0400] "GET /index.php?option=com_tag&controller=tag&task=add&article_id=-260479/**//*!union*//**//*!select*//**/concat(username,0x3a,password,0x3a,usertype)/**//*!from*//**/jos_users/**/&tmpl=component HTTP/1.1" 200 87266 "-" "Mozilla/5.0 (Windows NT 6.1) AppleWebKit/537.36 (KHTML, like Gecko) Chrome/32.0.1667.0 Safari/537.36"
157.55.39.137 - - [18/Aug/2014:18:03:55 +0400] "GET / HTTP/1.1" 200 85175 "-" "Mozilla/5.0 (compatible; bingbot/2.0; +http://www.bing.com/bingbot.htm)"
157.55.39.137 - - [18/Aug/2014:20:39:57 +0400] "GET / HTTP/1.1" 200 85151 "-" "Mozilla/5.0 (compatible; bingbot/2.0; +http://www.bing.com/bingbot.htm)"
109.234.156.66 - - [19/Aug/2014:01:59:15 +0400] "GET / HTTP/1.1" 200 84597 "-" "Mozilla/5.0 (X11; Linux x86_64) AppleWebKit/537.11 (KHTML, like Gecko) Ubuntu Chromium/23.0.1271.97 Chrome/23.0.1271.97 Safari/537.11"
91.207.6.81 - - [19/Aug/2014:03:45:32 +0400] "GET / HTTP/1.0" 200 84721 "http://uiweb.ru/" "Mozilla/5.0 (Windows NT 5.1; rv:27.0) Gecko/20100101 Firefox/27.0"
157.55.39.137 - - [19/Aug/2014:06:01:44 +0400] "GET / HTTP/1.1" 200 85175 "-" "Mozilla/5.0 (compatible; bingbot/2.0; +http://www.bing.com/bingbot.htm)"
157.55.39.248 - - [19/Aug/2014:08:31:07 +0400] "GET /followed.html HTTP/1.1" 404 309 "-" "Mozilla/5.0 (compatible; bingbot/2.0; +http://www.bing.com/bingbot.htm)"
157.55.39.137 - - [19/Aug/2014:08:39:18 +0400] "GET / HTTP/1.1" 200 85151 "-" "Mozilla/5.0 (compatible; bingbot/2.0; +http://www.bing.com/bingbot.htm)"
157.55.39.136 - - [19/Aug/2014:17:48:44 +0400] "GET /robots.txt HTTP/1.1" 404 168 "-" "Mozilla/5.0 (compatible; bingbot/2.0; +http://www.bing.com/bingbot.htm)"
157.55.39.137 - - [19/Aug/2014:17:48:48 +0400] "GET / HTTP/1.1" 200 85175 "-" "Mozilla/5.0 (compatible; bingbot/2.0; +http://www.bing.com/bingbot.htm)"
157.55.39.128 - - [19/Aug/2014:19:32:46 +0400] "GET /robots.txt HTTP/1.1" 404 168 "-" "Mozilla/5.0 (compatible; bingbot/2.0; +http://www.bing.com/bingbot.htm)"
157.55.39.128 - - [19/Aug/2014:19:32:53 +0400] "GET /users/add_customer HTTP/1.1" 404 314 "-" "Mozilla/5.0 (compatible; bingbot/2.0; +http://www.bing.com/bingbot.htm)"
157.55.39.137 - - [19/Aug/2014:19:58:50 +0400] "GET / HTTP/1.1" 200 85151 "-" "Mozilla/5.0 (compatible; bingbot/2.0; +http://www.bing.com/bingbot.htm)"
176.9.146.140 - - [20/Aug/2014:00:39:30 +0400] "GET / HTTP/1.1" 200 84523 "-" "Mozilla/5.0 (Windows NT 5.1) AppleWebKit/535.1 (KHTML, like Gecko) Chrome/13.0.782.107 Safari/535.1"
176.9.146.140 - - [20/Aug/2014:00:39:31 +0400] "GET /robots.txt HTTP/1.1" 404 570 "-" "Mozilla/5.0 (Windows NT 5.1) AppleWebKit/535.1 (KHTML, like Gecko) Chrome/13.0.782.107 Safari/535.1"
93.171.202.240 - - [20/Aug/2014:00:40:28 +0400] "GET / HTTP/1.1" 200 84835 "-" "pr-cy.ru Screenshot Bot"
157.55.39.137 - - [20/Aug/2014:05:07:58 +0400] "GET / HTTP/1.1" 200 85175 "-" "Mozilla/5.0 (compatible; bingbot/2.0; +http://www.bing.com/bingbot.htm)"
109.234.156.66 - - [20/Aug/2014:07:27:53 +0400] "GET / HTTP/1.1" 200 84597 "-" "Mozilla/5.0 (X11; Linux x86_64) AppleWebKit/537.11 (KHTML, like Gecko) Ubuntu Chromium/23.0.1271.97 Chrome/23.0.1271.97 Safari/537.11"
157.55.39.137 - - [20/Aug/2014:07:46:16 +0400] "GET / HTTP/1.1" 200 85151 "-" "Mozilla/5.0 (compatible; bingbot/2.0; +http://www.bing.com/bingbot.htm)"
176.9.146.140 - - [20/Aug/2014:12:15:55 +0400] "GET / HTTP/1.1" 200 84525 "-" "Mozilla/5.0 (Windows NT 5.1) AppleWebKit/535.1 (KHTML, like Gecko) Chrome/13.0.782.107 Safari/535.1"
176.9.146.140 - - [20/Aug/2014:12:15:55 +0400] "GET /robots.txt HTTP/1.1" 404 570 "-" "Mozilla/5.0 (Windows NT 5.1) AppleWebKit/535.1 (KHTML, like Gecko) Chrome/13.0.782.107 Safari/535.1"
157.55.39.137 - - [20/Aug/2014:17:18:57 +0400] "GET / HTTP/1.1" 200 85175 "-" "Mozilla/5.0 (compatible; bingbot/2.0; +http://www.bing.com/bingbot.htm)"
157.55.39.137 - - [20/Aug/2014:19:42:13 +0400] "GET / HTTP/1.1" 200 85149 "-" "Mozilla/5.0 (compatible; bingbot/2.0; +http://www.bing.com/bingbot.htm)"
195.54.213.174 - - [20/Aug/2014:20:12:46 +0400] "GET / HTTP/1.1" 200 85337 "" "Mozilla/5.0 (compatible; statdom.ru/Bot; +http://statdom.ru/bot.html)"
195.54.213.174 - - [20/Aug/2014:20:23:51 +0400] "GET /favicon.ico HTTP/1.1" 404 168 "" "Mozilla/5.0 (compatible; statdom.ru/Bot; +http://statdom.ru/bot.html)"
176.9.146.140 - - [20/Aug/2014:22:36:44 +0400] "GET / HTTP/1.1" 200 84525 "-" "Mozilla/5.0 (Windows NT 5.1) AppleWebKit/535.1 (KHTML, like Gecko) Chrome/13.0.782.107 Safari/535.1"
176.9.146.140 - - [20/Aug/2014:22:36:44 +0400] "GET /robots.txt HTTP/1.1" 404 570 "-" "Mozilla/5.0 (Windows NT 5.1) AppleWebKit/535.1 (KHTML, like Gecko) Chrome/13.0.782.107 Safari/535.1"
157.55.39.137 - - [21/Aug/2014:04:52:19 +0400] "GET / HTTP/1.1" 200 85175 "-" "Mozilla/5.0 (compatible; bingbot/2.0; +http://www.bing.com/bingbot.htm)"
157.55.39.137 - - [21/Aug/2014:07:31:23 +0400] "GET / HTTP/1.1" 200 85151 "-" "Mozilla/5.0 (compatible; bingbot/2.0; +http://www.bing.com/bingbot.htm)"
109.234.156.66 - - [21/Aug/2014:08:05:41 +0400] "GET / HTTP/1.1" 200 84595 "-" "Mozilla/5.0 (X11; Linux x86_64) AppleWebKit/537.11 (KHTML, like Gecko) Ubuntu Chromium/23.0.1271.97 Chrome/23.0.1271.97 Safari/537.11"
78.46.145.195 - - [21/Aug/2014:09:35:35 +0400] "GET / HTTP/1.1" 200 84606 "-" "ScreenerBot Crawler Beta 2.0 (+http://www.ScreenerBot.com)"
78.46.145.195 - - [21/Aug/2014:09:35:35 +0400] "GET / HTTP/1.1" 200 84604 "-" "ScreenerBot Crawler Beta 2.0 (+http://www.ScreenerBot.com)"
92.243.68.48 - - [21/Aug/2014:15:56:43 +0400] "GET /wp-login.php HTTP/1.1" 404 308 "-" "Mozilla/5.0 (Windows NT 6.0) AppleWebKit/537.1 (KHTML, like Gecko) Chrome/24.0.1290.1 Safari/537.13"
92.243.68.48 - - [21/Aug/2014:15:56:43 +0400] "GET /administrator/ HTTP/1.1" 404 310 "-" "Mozilla/5.0 (Windows NT 6.0) AppleWebKit/537.1 (KHTML, like Gecko) Chrome/24.0.1290.1 Safari/537.13"
92.243.68.48 - - [21/Aug/2014:15:56:43 +0400] "GET /admin.php HTTP/1.1" 404 305 "-" "Mozilla/5.0 (Windows NT 6.0) AppleWebKit/537.1 (KHTML, like Gecko) Chrome/24.0.1290.1 Safari/537.13"
157.55.39.137 - - [21/Aug/2014:16:55:50 +0400] "GET / HTTP/1.1" 200 85175 "-" "Mozilla/5.0 (compatible; bingbot/2.0; +http://www.bing.com/bingbot.htm)"
87.106.27.11 - - [21/Aug/2014:17:47:11 +0400] "GET / HTTP/1.0" 200 84867 "http://www.ledpolice.ru/" "Mozilla/5.0 (Windows NT 6.1; WOW64) AppleWebKit/537.36 (KHTML, like Gecko) Chrome/32.0.1700.107 Safari/537.36 OPR/19.0.1326.63"
87.106.27.11 - - [21/Aug/2014:17:47:11 +0400] "GET / HTTP/1.0" 200 32478 "http://www.ledpolice.ru/" "Mozilla/5.0 (Windows NT 6.3; WOW64) AppleWebKit/537.36 (KHTML, like Gecko) Chrome/32.0.1700.107 Safari/537.36"
87.106.27.11 - - [21/Aug/2014:17:47:12 +0400] "GET / HTTP/1.0" 200 35198 "http://www.ledpolice.ru/" "Mozilla/5.0 (Windows NT 6.1; WOW64) AppleWebKit/537.36 (KHTML, like Gecko) Chrome/32.0.1700.76 Safari/537.36"
157.55.39.138 - - [21/Aug/2014:19:39:29 +0400] "GET / HTTP/1.1" 200 85151 "-" "Mozilla/5.0 (compatible; bingbot/2.0; +http://www.bing.com/bingbot.htm)"
176.114.203.6 - - [21/Aug/2014:23:31:29 +0400] "GET / HTTP/1.1" 200 90380 "http://vkusnota.tumblr.com/" "Mozilla/5.0 (Windows NT 6.2; rv:25.0) Gecko/20100101 Firefox/25.0"
64.246.187.42 - - [22/Aug/2014:01:34:22 +0400] "GET / HTTP/1.1" 200 85874 "http://whois.domaintools.com/uiweb.ru" "Mozilla/5.0 (Windows; U; Windows NT 5.1; en; rv:1.9.0.13) Gecko/2009073022 Firefox/3.5.2 (.NET CLR 3.5.30729) SurveyBot/2.3 (DomainTools)"
64.246.187.42 - - [22/Aug/2014:01:34:25 +0400] "GET /robots.txt HTTP/1.0" 404 168 "-" "Mozilla/5.0 (Windows; U; Windows NT 5.1; en; rv:1.9.0.13) Gecko/2009073022 Firefox/3.5.2 (.NET CLR 3.5.30729) SurveyBot/2.3 (DomainTools)"
87.117.189.100 - - [22/Aug/2014:02:07:27 +0400] "GET / HTTP/1.0" 200 84825 "http://uiweb.ru/" "Mozilla/5.0 (Windows NT 6.1; WOW64) AppleWebKit/537.36 (KHTML, like Gecko) Chrome/32.0.1700.102 Safari/537.36"
157.55.39.137 - - [22/Aug/2014:04:59:13 +0400] "GET /robots.txt HTTP/1.1" 404 168 "-" "Mozilla/5.0 (compatible; bingbot/2.0; +http://www.bing.com/bingbot.htm)"
157.55.39.137 - - [22/Aug/2014:04:59:19 +0400] "GET / HTTP/1.1" 200 85151 "-" "Mozilla/5.0 (compatible; bingbot/2.0; +http://www.bing.com/bingbot.htm)"
157.55.39.137 - - [22/Aug/2014:14:03:15 +0400] "GET /robots.txt HTTP/1.1" 404 168 "-" "Mozilla/5.0 (compatible; bingbot/2.0; +http://www.bing.com/bingbot.htm)"
157.55.39.137 - - [22/Aug/2014:14:03:21 +0400] "GET / HTTP/1.1" 200 85175 "-" "Mozilla/5.0 (compatible; bingbot/2.0; +http://www.bing.com/bingbot.htm)"
109.234.156.66 - - [22/Aug/2014:16:35:50 +0400] "GET / HTTP/1.1" 200 84593 "-" "Mozilla/5.0 (X11; Linux x86_64) AppleWebKit/537.11 (KHTML, like Gecko) Ubuntu Chromium/23.0.1271.97 Chrome/23.0.1271.97 Safari/537.11"
157.55.39.138 - - [22/Aug/2014:16:38:33 +0400] "GET / HTTP/1.1" 200 85151 "-" "Mozilla/5.0 (compatible; bingbot/2.0; +http://www.bing.com/bingbot.htm)"
91.76.220.20 - - [23/Aug/2014:00:15:54 +0400] "GET /file_replace.txt HTTP/1.0" 404 168 "http://uiweb.ru/file_replace.txt" "Mozilla/5.0 (Windows NT 6.1; WOW64; rv:26.0) Gecko/20100101 Firefox/26.0"
204.101.161.3 - - [23/Aug/2014:01:18:48 +0400] "GET / HTTP/1.1" 200 84983 "-" "Mozilla/5.0 (X11; Linux x86_64) AppleWebKit/537.4 (KHTML, like Gecko) Chrome/22.0.1229.94 Safari/537.4"
157.55.39.137 - - [23/Aug/2014:02:16:54 +0400] "GET / HTTP/1.1" 200 85175 "-" "Mozilla/5.0 (compatible; bingbot/2.0; +http://www.bing.com/bingbot.htm)"
178.210.65.27 - - [23/Aug/2014:04:06:55 +0400] "GET / HTTP/1.0" 200 84167 "-" "-"
157.55.39.137 - - [23/Aug/2014:06:11:10 +0400] "GET / HTTP/1.1" 200 85151 "-" "Mozilla/5.0 (compatible; bingbot/2.0; +http://www.bing.com/bingbot.htm)"
109.234.156.66 - - [23/Aug/2014:08:02:26 +0400] "GET / HTTP/1.1" 200 84597 "-" "Mozilla/5.0 (X11; Linux x86_64) AppleWebKit/537.11 (KHTML, like Gecko) Ubuntu Chromium/23.0.1271.97 Chrome/23.0.1271.97 Safari/537.11"
207.46.13.63 - - [23/Aug/2014:09:23:15 +0400] "GET /robots.txt HTTP/1.1" 404 168 "-" "Mozilla/5.0 (compatible; bingbot/2.0; +http://www.bing.com/bingbot.htm)"
37.130.227.133 - - [23/Aug/2014:12:42:24 +0400] "HEAD /wp-login.php HTTP/1.1" 404 0 "-" "-"
157.55.39.137 - - [23/Aug/2014:16:21:32 +0400] "GET / HTTP/1.1" 200 85175 "-" "Mozilla/5.0 (compatible; bingbot/2.0; +http://www.bing.com/bingbot.htm)"
157.55.39.137 - - [23/Aug/2014:18:05:19 +0400] "GET / HTTP/1.1" 200 85151 "-" "Mozilla/5.0 (compatible; bingbot/2.0; +http://www.bing.com/bingbot.htm)"
85.17.73.171 - - [23/Aug/2014:18:39:48 +0400] "GET / HTTP/1.1" 200 85148 "-" "Mozilla/5.0 (compatible; LinkpadBot/1.06; +http://www.linkpad.ru)"
46.165.242.7 - - [23/Aug/2014:21:19:25 +0400] "GET /admin/ HTTP/1.1" 404 302 "http://uiweb.ru" "Mozilla/5.0 (Windows; U; Windows NT 5.1; en-US) AppleWebKit/533.4 (KHTML, like Gecko) Chrome/5.0.375.99 Safari/533.4"
77.221.130.144 - - [24/Aug/2014:09:55:26 +0400] "GET /admin/ HTTP/1.1" 404 306 "http://www.uiweb.ru" "Mozilla/5.0 (Windows; U; Windows NT 5.1; en-US) AppleWebKit/533.4 (KHTML, like Gecko) Chrome/5.0.375.99 Safari/533.4"
157.55.39.137 - - [26/Aug/2014:02:21:39 +0400] "GET / HTTP/1.1" 200 85175 "-" "Mozilla/5.0 (compatible; bingbot/2.0; +http://www.bing.com/bingbot.htm)"
157.55.39.136 - - [26/Aug/2014:13:50:52 +0400] "GET / HTTP/1.1" 200 85151 "-" "Mozilla/5.0 (compatible; bingbot/2.0; +http://www.bing.com/bingbot.htm)"
66.249.65.23 - - [26/Aug/2014:16:13:01 +0400] "GET /robots.txt HTTP/1.1" 404 168 "-" "Mozilla/5.0 (compatible; Googlebot/2.1; +http://www.google.com/bot.html)"
66.249.65.23 - - [26/Aug/2014:16:13:02 +0400] "GET / HTTP/1.1" 200 84831 "-" "Mozilla/5.0 (compatible; Googlebot/2.1; +http://www.google.com/bot.html)"
66.249.67.55 - - [26/Aug/2014:17:14:21 +0400] "GET /robots.txt HTTP/1.1" 404 168 "-" "Mozilla/5.0 (compatible; Googlebot/2.1; +http://www.google.com/bot.html)"
66.249.67.29 - - [26/Aug/2014:17:14:21 +0400] "GET / HTTP/1.1" 200 84831 "-" "Mozilla/5.0 (compatible; Googlebot/2.1; +http://www.google.com/bot.html)"
66.249.67.202 - - [26/Aug/2014:20:09:35 +0400] "GET /robots.txt HTTP/1.1" 404 168 "-" "Mozilla/5.0 (compatible; Googlebot/2.1; +http://www.google.com/bot.html)"
66.249.67.202 - - [26/Aug/2014:20:09:36 +0400] "GET / HTTP/1.1" 200 84859 "-" "Mozilla/5.0 (compatible; Googlebot/2.1; +http://www.google.com/bot.html)"
207.46.13.129 - - [26/Aug/2014:23:11:17 +0400] "GET / HTTP/1.1" 200 85175 "-" "Mozilla/5.0 (compatible; bingbot/2.0; +http://www.bing.com/bingbot.htm)"
109.234.156.66 - - [27/Aug/2014:00:00:55 +0400] "GET / HTTP/1.1" 200 84597 "-" "Mozilla/5.0 (X11; Linux x86_64) AppleWebKit/537.11 (KHTML, like Gecko) Ubuntu Chromium/23.0.1271.97 Chrome/23.0.1271.97 Safari/537.11"
66.249.67.189 - - [27/Aug/2014:00:44:25 +0400] "GET / HTTP/1.1" 200 84859 "-" "Mozilla/5.0 (compatible; Googlebot/2.1; +http://www.google.com/bot.html)"
207.46.13.129 - - [27/Aug/2014:01:44:54 +0400] "GET /robots.txt HTTP/1.1" 404 168 "-" "Mozilla/5.0 (compatible; bingbot/2.0; +http://www.bing.com/bingbot.htm)"
207.46.13.129 - - [27/Aug/2014:01:44:58 +0400] "GET / HTTP/1.1" 200 85151 "-" "Mozilla/5.0 (compatible; bingbot/2.0; +http://www.bing.com/bingbot.htm)"
207.46.13.129 - - [27/Aug/2014:02:27:48 +0400] "GET / HTTP/1.1" 200 85151 "-" "Mozilla/5.0 (compatible; bingbot/2.0; +http://www.bing.com/bingbot.htm)"
207.46.13.129 - - [27/Aug/2014:07:43:53 +0400] "GET / HTTP/1.1" 200 85151 "-" "Mozilla/5.0 (compatible; bingbot/2.0; +http://www.bing.com/bingbot.htm)"
207.46.13.129 - - [27/Aug/2014:07:43:54 +0400] "GET / HTTP/1.1" 200 85189 "-" "Mozilla/5.0 (compatible; bingbot/2.0; +http://www.bing.com/bingbot.htm)"
195.239.131.210 - - [27/Aug/2014:10:51:47 +0400] "GET / HTTP/1.1" 200 84935 "-" "Mozilla/5.0 (Macintosh; Intel Mac OS X 10_7_3) AppleWebKit/535.7 (KHTML, like Gecko) Chrome/16.0.912.77 Safari/535.7"
66.249.76.177 - - [27/Aug/2014:14:46:44 +0400] "GET /robots.txt HTTP/1.1" 404 168 "-" "Mozilla/5.0 (compatible; Googlebot/2.1; +http://www.google.com/bot.html)"
66.249.76.177 - - [27/Aug/2014:14:46:45 +0400] "GET / HTTP/1.1" 200 85083 "-" "Mozilla/5.0 (iPhone; CPU iPhone OS 6_0 like Mac OS X) AppleWebKit/536.26 (KHTML, like Gecko) Version/6.0 Mobile/10A5376e Safari/8536.25 (compatible; Googlebot/2.1; +http://www.google.com/bot.html)"
89.208.17.22 - - [27/Aug/2014:16:41:54 +0400] "GET / HTTP/1.1" 200 84529 "http://uiweb.ru/" "Mozilla/5.0 (compatible; U; AnyEvent-HTTP/2.15; +http://software.schmorp.de/pkg/AnyEvent)"
207.46.13.129 - - [27/Aug/2014:16:55:56 +0400] "GET /robots.txt HTTP/1.1" 404 168 "-" "Mozilla/5.0 (compatible; bingbot/2.0; +http://www.bing.com/bingbot.htm)"
207.46.13.129 - - [27/Aug/2014:16:55:58 +0400] "GET / HTTP/1.1" 200 85173 "-" "Mozilla/5.0 (compatible; bingbot/2.0; +http://www.bing.com/bingbot.htm)"
109.106.195.2 - - [27/Aug/2014:17:44:55 +0400] "GET /wp-login.php HTTP/1.1" 404 308 "-" "Mozilla/5.0 (Windows NT 6.0) AppleWebKit/537.1 (KHTML, like Gecko) Chrome/23.0.1271.17 Safari/537.11"
109.106.195.2 - - [27/Aug/2014:17:45:02 +0400] "GET /administrator/ HTTP/1.1" 404 310 "-" "Mozilla/5.0 (Windows NT 6.0) AppleWebKit/537.1 (KHTML, like Gecko) Chrome/23.0.1271.17 Safari/537.11"
109.106.195.2 - - [27/Aug/2014:17:45:16 +0400] "GET /admin.php HTTP/1.1" 404 305 "-" "Mozilla/5.0 (Windows NT 6.0) AppleWebKit/537.1 (KHTML, like Gecko) Chrome/23.0.1271.17 Safari/537.11"
188.40.249.87 - - [27/Aug/2014:18:05:04 +0400] "GET / HTTP/1.0" 200 85244 "http://inload.me" "Mozilla/5.1 (compatible; DBot/7.3; +http://inload.me)"
188.40.249.87 - - [27/Aug/2014:18:05:04 +0400] "GET / HTTP/1.0" 200 14038 "http://inload.me" "Mozilla/5.1 (compatible; DBot/7.3; +http://inload.me)"
188.40.249.87 - - [27/Aug/2014:18:05:04 +0400] "GET / HTTP/1.0" 200 14038 "http://inload.me" "Mozilla/5.1 (compatible; DBot/7.3; +http://inload.me)"
207.46.13.129 - - [27/Aug/2014:20:25:38 +0400] "GET / HTTP/1.1" 200 85151 "-" "Mozilla/5.0 (compatible; bingbot/2.0; +http://www.bing.com/bingbot.htm)"
77.37.192.52 - - [28/Aug/2014:02:41:01 +0400] "GET /index.php?option=com_user&view=register HTTP/1.0" 200 85249 "http://uiweb.ru/index.php?option=com_user&view=register" "Mozilla/5.0 (Windows NT 6.1) AppleWebKit/537.36 (KHTML, like Gecko) Chrome/33.0.1750.117 Safari/537.36"
66.249.78.10 - - [28/Aug/2014:03:50:24 +0400] "GET /robots.txt HTTP/1.1" 404 168 "-" "Mozilla/5.0 (compatible; Googlebot/2.1; +http://www.google.com/bot.html)"
66.249.78.17 - - [28/Aug/2014:03:50:24 +0400] "GET /images/ HTTP/1.1" 404 303 "-" "Mozilla/5.0 (compatible; Googlebot/2.1; +http://www.google.com/bot.html)"
109.234.156.66 - - [28/Aug/2014:05:55:00 +0400] "GET / HTTP/1.1" 200 84597 "-" "Mozilla/5.0 (X11; Linux x86_64) AppleWebKit/537.11 (KHTML, like Gecko) Ubuntu Chromium/23.0.1271.97 Chrome/23.0.1271.97 Safari/537.11"
207.46.13.129 - - [28/Aug/2014:08:23:19 +0400] "GET / HTTP/1.1" 200 85151 "-" "Mozilla/5.0 (compatible; bingbot/2.0; +http://www.bing.com/bingbot.htm)"
80.93.49.174 - - [28/Aug/2014:11:08:51 +0400] "HEAD / HTTP/1.1" 200 0 "-" "Mozilla/5.0"
80.93.49.174 - - [28/Aug/2014:11:08:51 +0400] "HEAD / HTTP/1.1" 200 0 "-" "Mozilla/5.0"
207.46.13.129 - - [28/Aug/2014:17:51:36 +0400] "GET / HTTP/1.1" 200 85175 "-" "Mozilla/5.0 (compatible; bingbot/2.0; +http://www.bing.com/bingbot.htm)"
207.46.13.129 - - [28/Aug/2014:20:36:53 +0400] "GET / HTTP/1.1" 200 85151 "-" "Mozilla/5.0 (compatible; bingbot/2.0; +http://www.bing.com/bingbot.htm)"
207.46.13.129 - - [29/Aug/2014:07:41:41 +0400] "GET / HTTP/1.1" 200 85151 "-" "Mozilla/5.0 (compatible; bingbot/2.0; +http://www.bing.com/bingbot.htm)"
109.234.156.66 - - [29/Aug/2014:09:03:58 +0400] "GET / HTTP/1.1" 200 84597 "-" "Mozilla/5.0 (X11; Linux x86_64) AppleWebKit/537.11 (KHTML, like Gecko) Ubuntu Chromium/23.0.1271.97 Chrome/23.0.1271.97 Safari/537.11"
195.54.213.174 - - [29/Aug/2014:14:21:41 +0400] "GET / HTTP/1.1" 200 85337 "" "Mozilla/5.0 (compatible; statdom.ru/Bot; +http://statdom.ru/bot.html)"
195.54.213.174 - - [29/Aug/2014:14:26:21 +0400] "GET /favicon.ico HTTP/1.1" 404 168 "" "Mozilla/5.0 (compatible; statdom.ru/Bot; +http://statdom.ru/bot.html)"
188.92.76.167 - - [29/Aug/2014:17:22:54 +0400] "HEAD / HTTP/1.1" 200 0 "http://ooocivilist.ru/kak-obespechitelnyj-depozit-pomozhet-otsrochit-uplatu-naloga-s-arendnoj-platy.html" "Opera/9.80 (Windows NT 6.0; WOW64) Presto/2.12.388 Version/12.14"
188.92.76.167 - - [29/Aug/2014:17:22:54 +0400] "HEAD / HTTP/1.1" 200 0 "http://ooocivilist.ru/kak-obespechitelnyj-depozit-pomozhet-otsrochit-uplatu-naloga-s-arendnoj-platy.html" "Opera/9.80 (Windows NT 6.0; WOW64) Presto/2.12.388 Version/12.14"
207.46.13.129 - - [29/Aug/2014:18:54:45 +0400] "GET / HTTP/1.1" 200 85175 "-" "Mozilla/5.0 (compatible; bingbot/2.0; +http://www.bing.com/bingbot.htm)"
207.46.13.129 - - [29/Aug/2014:20:14:27 +0400] "GET /robots.txt HTTP/1.1" 404 168 "-" "Mozilla/5.0 (compatible; bingbot/2.0; +http://www.bing.com/bingbot.htm)"
207.46.13.129 - - [29/Aug/2014:20:14:29 +0400] "GET / HTTP/1.1" 200 85151 "-" "Mozilla/5.0 (compatible; bingbot/2.0; +http://www.bing.com/bingbot.htm)"
91.221.109.101 - - [29/Aug/2014:22:14:33 +0400] "GET / HTTP/1.1" 200 84808 "-" "Mozilla/5.0 (Windows NT 6.2; WOW64) Runet-Research-Crawler (itrack.ru/research/cmsrate; rating@itrack.ru)"
91.221.109.101 - - [30/Aug/2014:00:36:45 +0400] "GET /manager/ HTTP/1.1" 404 304 "-" "Mozilla/5.0 (Windows NT 6.2; WOW64) Runet-Research-Crawler (itrack.ru/research/cmsrate; rating@itrack.ru)"
91.221.109.101 - - [30/Aug/2014:02:29:48 +0400] "GET /administrator/ HTTP/1.1" 404 310 "-" "Mozilla/5.0 (Windows NT 6.2; WOW64) Runet-Research-Crawler (itrack.ru/research/cmsrate; rating@itrack.ru)"
91.221.109.101 - - [30/Aug/2014:04:24:39 +0400] "GET /wp-login.php HTTP/1.1" 404 308 "-" "Mozilla/5.0 (Windows NT 6.2; WOW64) Runet-Research-Crawler (itrack.ru/research/cmsrate; rating@itrack.ru)"
207.46.13.129 - - [30/Aug/2014:04:34:28 +0400] "GET /robots.txt HTTP/1.1" 404 168 "-" "Mozilla/5.0 (compatible; bingbot/2.0; +http://www.bing.com/bingbot.htm)"
207.46.13.129 - - [30/Aug/2014:04:34:30 +0400] "GET / HTTP/1.1" 200 85175 "-" "Mozilla/5.0 (compatible; bingbot/2.0; +http://www.bing.com/bingbot.htm)"
91.221.109.101 - - [30/Aug/2014:06:10:46 +0400] "GET /engine/engine.php HTTP/1.1" 404 313 "-" "Mozilla/5.0 (Windows NT 6.2; WOW64) Runet-Research-Crawler (itrack.ru/research/cmsrate; rating@itrack.ru)"
207.46.13.129 - - [30/Aug/2014:07:01:04 +0400] "GET /robots.txt HTTP/1.1" 404 168 "-" "Mozilla/5.0 (compatible; bingbot/2.0; +http://www.bing.com/bingbot.htm)"
207.46.13.129 - - [30/Aug/2014:07:01:07 +0400] "GET / HTTP/1.1" 200 85151 "-" "Mozilla/5.0 (compatible; bingbot/2.0; +http://www.bing.com/bingbot.htm)"
109.234.156.66 - - [30/Aug/2014:07:34:30 +0400] "GET / HTTP/1.1" 200 84597 "-" "Mozilla/5.0 (X11; Linux x86_64) AppleWebKit/537.11 (KHTML, like Gecko) Ubuntu Chromium/23.0.1271.97 Chrome/23.0.1271.97 Safari/537.11"
78.46.145.195 - - [30/Aug/2014:07:44:02 +0400] "GET /?dgcr=1 HTTP/1.1" 200 84607 "-" "ScreenerBot Crawler Beta 2.0 (+http://www.ScreenerBot.com)"
91.221.109.101 - - [30/Aug/2014:07:56:58 +0400] "GET /user/register HTTP/1.1" 404 309 "-" "Mozilla/5.0 (Windows NT 6.2; WOW64) Runet-Research-Crawler (itrack.ru/research/cmsrate; rating@itrack.ru)"
91.221.109.101 - - [30/Aug/2014:09:42:26 +0400] "GET /admin/login.php HTTP/1.1" 404 311 "-" "Mozilla/5.0 (Windows NT 6.2; WOW64) Runet-Research-Crawler (itrack.ru/research/cmsrate; rating@itrack.ru)"
178.212.64.10 - - [30/Aug/2014:11:20:13 +0400] "GET /admin.php HTTP/1.0" 404 305 "-" "Opera/9.80 (Windows NT 6.1; U; ru) Presto/2.8.131 Version/11.10"
178.212.64.10 - - [30/Aug/2014:11:20:22 +0400] "GET /administrator/index.php HTTP/1.0" 404 319 "-" "Opera/9.80 (Windows NT 6.1; U; ru) Presto/2.8.131 Version/11.10"
178.212.64.10 - - [30/Aug/2014:11:20:22 +0400] "GET /wp-login.php HTTP/1.0" 404 308 "-" "Opera/9.80 (Windows NT 6.1; U; ru) Presto/2.8.131 Version/11.10"
91.221.109.101 - - [30/Aug/2014:11:28:23 +0400] "GET /password_double_opt.php HTTP/1.1" 404 319 "-" "Mozilla/5.0 (Windows NT 6.2; WOW64) Runet-Research-Crawler (itrack.ru/research/cmsrate; rating@itrack.ru)"
91.221.109.101 - - [30/Aug/2014:13:41:12 +0400] "GET /netcat/admin/ HTTP/1.1" 404 309 "-" "Mozilla/5.0 (Windows NT 6.2; WOW64) Runet-Research-Crawler (itrack.ru/research/cmsrate; rating@itrack.ru)"
91.221.109.101 - - [30/Aug/2014:15:26:08 +0400] "GET /core/tpl/admin/default.tpl.html HTTP/1.1" 404 327 "-" "Mozilla/5.0 (Windows NT 6.2; WOW64) Runet-Research-Crawler (itrack.ru/research/cmsrate; rating@itrack.ru)"
157.55.39.136 - - [30/Aug/2014:16:15:06 +0400] "GET / HTTP/1.1" 200 85175 "-" "Mozilla/5.0 (compatible; bingbot/2.0; +http://www.bing.com/bingbot.htm)"
91.221.109.101 - - [30/Aug/2014:17:12:01 +0400] "GET /phpshop/admpanel/ HTTP/1.1" 404 313 "-" "Mozilla/5.0 (Windows NT 6.2; WOW64) Runet-Research-Crawler (itrack.ru/research/cmsrate; rating@itrack.ru)"
157.55.39.136 - - [30/Aug/2014:18:44:48 +0400] "GET /robots.txt HTTP/1.1" 404 168 "-" "Mozilla/5.0 (compatible; bingbot/2.0; +http://www.bing.com/bingbot.htm)"
157.55.39.135 - - [30/Aug/2014:18:45:12 +0400] "GET / HTTP/1.1" 200 85151 "-" "Mozilla/5.0 (compatible; bingbot/2.0; +http://www.bing.com/bingbot.htm)"
91.221.109.101 - - [30/Aug/2014:18:59:07 +0400] "GET /admin/ HTTP/1.1" 404 302 "-" "Mozilla/5.0 (Windows NT 6.2; WOW64) Runet-Research-Crawler (itrack.ru/research/cmsrate; rating@itrack.ru)"
91.221.109.101 - - [30/Aug/2014:20:45:42 +0400] "GET /js/easy.php HTTP/1.1" 404 307 "-" "Mozilla/5.0 (Windows NT 6.2; WOW64) Runet-Research-Crawler (itrack.ru/research/cmsrate; rating@itrack.ru)"
91.221.109.101 - - [30/Aug/2014:22:29:40 +0400] "GET /core/packages/.gitignore HTTP/1.1" 404 320 "-" "Mozilla/5.0 (Windows NT 6.2; WOW64) Runet-Research-Crawler (itrack.ru/research/cmsrate; rating@itrack.ru)"
91.221.109.101 - - [31/Aug/2014:00:13:38 +0400] "GET /assets/index.html HTTP/1.1" 404 313 "-" "Mozilla/5.0 (Windows NT 6.2; WOW64) Runet-Research-Crawler (itrack.ru/research/cmsrate; rating@itrack.ru)"
157.55.39.136 - - [31/Aug/2014:10:59:22 +0400] "GET / HTTP/1.1" 200 85173 "-" "Mozilla/5.0 (compatible; bingbot/2.0; +http://www.bing.com/bingbot.htm)"
192.168.0.102 - - [04/Sep/2014:22:44:05 +0400] "GET / HTTP/1.1" 200 18501 "-" "Mozilla/5.0 (X11; Linux x86_64) AppleWebKit/537.36 (KHTML, like Gecko) Chrome/37.0.2062.94 Safari/537.36"
192.168.0.102 - - [04/Sep/2014:22:44:07 +0400] "GET / HTTP/1.1" 200 18411 "-" "Mozilla/5.0 (X11; Linux x86_64) AppleWebKit/537.36 (KHTML, like Gecko) Chrome/37.0.2062.94 Safari/537.36"
157.55.39.136 - - [04/Sep/2014:23:18:57 +0400] "GET / HTTP/1.1" 200 18460 "-" "Mozilla/5.0 (compatible; bingbot/2.0; +http://www.bing.com/bingbot.htm)"
157.55.39.136 - - [04/Sep/2014:23:54:47 +0400] "GET /site/online HTTP/1.1" 404 249 "-" "Mozilla/5.0 (compatible; bingbot/2.0; +http://www.bing.com/bingbot.htm)"
157.55.39.136 - - [05/Sep/2014:02:03:28 +0400] "GET /robots.txt HTTP/1.1" 404 177 "-" "Mozilla/5.0 (compatible; bingbot/2.0; +http://www.bing.com/bingbot.htm)"
157.55.39.136 - - [05/Sep/2014:02:03:34 +0400] "GET / HTTP/1.1" 200 18464 "-" "Mozilla/5.0 (compatible; bingbot/2.0; +http://www.bing.com/bingbot.htm)"
66.249.64.91 - - [05/Sep/2014:02:09:14 +0400] "GET /robots.txt HTTP/1.1" 404 151 "-" "Mozilla/5.0 (compatible; Googlebot/2.1; +http://www.google.com/bot.html)"
66.249.64.87 - - [05/Sep/2014:02:09:14 +0400] "GET / HTTP/1.1" 200 18384 "-" "Mozilla/5.0 (compatible; Googlebot/2.1; +http://www.google.com/bot.html)"
157.55.39.136 - - [06/Sep/2014:09:30:48 +0400] "GET / HTTP/1.1" 200 18449 "-" "Mozilla/5.0 (compatible; bingbot/2.0; +http://www.bing.com/bingbot.htm)"
66.249.65.114 - - [06/Sep/2014:12:37:10 +0400] "GET /robots.txt HTTP/1.1" 404 151 "-" "Mozilla/5.0 (compatible; Googlebot/2.1; +http://www.google.com/bot.html)"
66.249.65.122 - - [06/Sep/2014:12:37:10 +0400] "GET / HTTP/1.1" 200 18505 "-" "Mozilla/5.0 (compatible; Googlebot/2.1; +http://www.google.com/bot.html)"
66.249.65.114 - - [06/Sep/2014:15:36:26 +0400] "GET / HTTP/1.1" 200 18491 "-" "Mozilla/5.0 (compatible; Googlebot/2.1; +http://www.google.com/bot.html)"
178.62.62.39 - - [06/Sep/2014:17:20:07 +0400] "GET / HTTP/1.1" 200 80133 "http://UIWEB.RU/" "Mozilla/5.0 (compatible; Googlebot/2.1; +http://www.google.com/bot.html)"
66.249.65.122 - - [06/Sep/2014:18:35:34 +0400] "GET / HTTP/1.1" 200 18509 "-" "Mozilla/5.0 (compatible; Googlebot/2.1; +http://www.google.com/bot.html)"
157.55.39.136 - - [06/Sep/2014:18:39:45 +0400] "GET /robots.txt HTTP/1.1" 404 177 "-" "Mozilla/5.0 (compatible; bingbot/2.0; +http://www.bing.com/bingbot.htm)"
157.55.39.136 - - [06/Sep/2014:18:40:23 +0400] "GET / HTTP/1.1" 200 18573 "-" "Mozilla/5.0 (compatible; bingbot/2.0; +http://www.bing.com/bingbot.htm)"
157.55.39.136 - - [06/Sep/2014:21:10:24 +0400] "GET /robots.txt HTTP/1.1" 404 177 "-" "Mozilla/5.0 (compatible; bingbot/2.0; +http://www.bing.com/bingbot.htm)"
157.55.39.136 - - [06/Sep/2014:21:10:39 +0400] "GET / HTTP/1.1" 200 18580 "-" "Mozilla/5.0 (compatible; bingbot/2.0; +http://www.bing.com/bingbot.htm)"
66.249.65.114 - - [06/Sep/2014:21:32:09 +0400] "GET / HTTP/1.1" 200 18515 "-" "Mozilla/5.0 (compatible; Googlebot/2.1; +http://www.google.com/bot.html)"
95.167.189.92 - - [07/Sep/2014:04:42:29 +0400] "GET /robots.txt HTTP/1.1" 404 151 "-" "Mozilla/5.0 (compatible; SputnikBot/2.3; +http://corp.sputnik.ru/webmaster)"
95.167.189.92 - - [07/Sep/2014:04:42:33 +0400] "GET / HTTP/1.1" 200 18637 "-" "Mozilla/5.0 (compatible; SputnikBot/2.3; +http://corp.sputnik.ru/webmaster)"
157.55.39.136 - - [07/Sep/2014:09:02:43 +0400] "GET /robots.txt HTTP/1.1" 404 177 "-" "Mozilla/5.0 (compatible; bingbot/2.0; +http://www.bing.com/bingbot.htm)"
