94.102.91.188 - - [13/Jun/2014:22:27:10 +0400] "GET /phpmyadmin/themes/pmahomme/img/col_pointer.png HTTP/1.1" 404 570 "http://uiweb.ru/phpmyadmin/index.php?token=03d81db2b330d1d91c5708c274fbb004" "Mozilla/5.0 (X11; Linux x86_64) AppleWebKit/537.36 (KHTML, like Gecko) Chrome/35.0.1916.114 Safari/537.36"
94.102.91.188 - - [13/Jun/2014:22:27:20 +0400] "GET /phpmyadmin/sql.php?db=dev1.uiweb.ru&table=site_tmplvars&goto=db_sql.php&pos=0&is_js_confirmed=0&sql_query=SELECT+%2A++FROM+%60dev1.uiweb.ru%60.%60site_tmplvars%60+WHERE+%28CONVERT%28%60id%60+USING+utf8%29+LIKE+%27%25imageUr%25%27+OR+CONVERT%28%60source%60+USING+utf8%29+LIKE+%27%25imageUr%25%27+OR+CONVERT%28%60property_preprocess%60+USING+utf8%29+LIKE+%27%25imageUr%25%27+OR+CONVERT%28%60type%60+USING+utf8%29+LIKE+%27%25imageUr%25%27+OR+CONVERT%28%60name%60+USING+utf8%29+LIKE+%27%25imageUr%25%27+OR+CONVERT%28%60caption%60+USING+utf8%29+LIKE+%27%25imageUr%25%27+OR+CONVERT%28%60description%60+USING+utf8%29+LIKE+%27%25imageUr%25%27+OR+CONVERT%28%60editor_type%60+USING+utf8%29+LIKE+%27%25imageUr%25%27+OR+CONVERT%28%60category%60+USING+utf8%29+LIKE+%27%25imageUr%25%27+OR+CONVERT%28%60locked%60+USING+utf8%29+LIKE+%27%25imageUr%25%27+OR+CONVERT%28%60elements%60+USING+utf8%29+LIKE+%27%25imageUr%25%27+OR+CONVERT%28%60rank%60+USING+utf8%29+LIKE+%27%25imageUr%25%27+OR+CONVERT%28%60display%60+USING+utf8%29+LIKE+%27%25imageUr%25%27+OR+CONVERT%28%60default_text%60+USING+utf8%29+LIKE+%27%25imageUr%25%27+OR+CONVERT%28%60properties%60+USING+utf8%29+LIKE+%27%25imageUr%25%27+OR+CONVERT%28%60input_properties%60+USING+utf8%29+LIKE+%27%25imageUr%25%27+OR+CONVERT%28%60output_properties%60+USING+utf8%29+LIKE+%27%25imageUr%25%27+OR+CONVERT%28%60static%60+USING+utf8%29+LIKE+%27%25imageUr%25%27+OR+CONVERT%28%60static_file%60+USING+utf8%29+LIKE+%27%25imageUr%25%27%29&token=03d81db2b330d1d91c5708c274fbb004&ajax_request=true&is_js_confirmed=true&_nocache=1402684040416348101 HTTP/1.1" 200 3576 "http://uiweb.ru/phpmyadmin/index.php?token=03d81db2b330d1d91c5708c274fbb004" "Mozilla/5.0 (X11; Linux x86_64) AppleWebKit/537.36 (KHTML, like Gecko) Chrome/35.0.1916.114 Safari/537.36"
94.102.91.188 - - [13/Jun/2014:22:27:20 +0400] "GET /phpmyadmin/themes/dot.gif HTTP/1.1" 404 570 "http://uiweb.ru/phpmyadmin/index.php?token=03d81db2b330d1d91c5708c274fbb004" "Mozilla/5.0 (X11; Linux x86_64) AppleWebKit/537.36 (KHTML, like Gecko) Chrome/35.0.1916.114 Safari/537.36"
94.102.91.188 - - [13/Jun/2014:22:27:20 +0400] "GET /phpmyadmin/themes/pmahomme/img/s_fulltext.png HTTP/1.1" 404 570 "http://uiweb.ru/phpmyadmin/index.php?token=03d81db2b330d1d91c5708c274fbb004" "Mozilla/5.0 (X11; Linux x86_64) AppleWebKit/537.36 (KHTML, like Gecko) Chrome/35.0.1916.114 Safari/537.36"
94.102.91.188 - - [13/Jun/2014:22:27:20 +0400] "GET /phpmyadmin/themes/pmahomme/img/arrow_ltr.png HTTP/1.1" 404 570 "http://uiweb.ru/phpmyadmin/index.php?token=03d81db2b330d1d91c5708c274fbb004" "Mozilla/5.0 (X11; Linux x86_64) AppleWebKit/537.36 (KHTML, like Gecko) Chrome/35.0.1916.114 Safari/537.36"
91.221.109.101 - - [14/Jun/2014:15:23:04 +0400] "GET / HTTP/1.1" 200 84806 "-" "Mozilla/5.0 (Windows NT 6.2; WOW64) Runet-Research-Crawler (itrack.ru/research/cmsrate; rating@itrack.ru)"
91.221.109.101 - - [14/Jun/2014:17:32:27 +0400] "GET /cms/lang/ru_utf8/css/sbIndex.css HTTP/1.1" 404 168 "-" "Mozilla/5.0 (Windows NT 6.2; WOW64) Runet-Research-Crawler (itrack.ru/research/cmsrate; rating@itrack.ru)"
66.249.65.160 - - [14/Jun/2014:17:39:06 +0400] "GET /robots.txt HTTP/1.1" 404 168 "-" "Mozilla/5.0 (compatible; Googlebot/2.1; +http://www.google.com/bot.html)"
66.249.65.147 - - [14/Jun/2014:17:39:07 +0400] "GET / HTTP/1.1" 200 85083 "-" "Mozilla/5.0 (iPhone; CPU iPhone OS 6_0 like Mac OS X) AppleWebKit/536.26 (KHTML, like Gecko) Version/6.0 Mobile/10A5376e Safari/8536.25 (compatible; Googlebot/2.1; +http://www.google.com/bot.html)"
91.221.109.101 - - [14/Jun/2014:19:19:58 +0400] "GET /core/tpl/admin/default.tpl.html HTTP/1.1" 404 327 "-" "Mozilla/5.0 (Windows NT 6.2; WOW64) Runet-Research-Crawler (itrack.ru/research/cmsrate; rating@itrack.ru)"
91.221.109.101 - - [14/Jun/2014:21:07:12 +0400] "GET /cms/admin/index.php HTTP/1.1" 404 315 "-" "Mozilla/5.0 (Windows NT 6.2; WOW64) Runet-Research-Crawler (itrack.ru/research/cmsrate; rating@itrack.ru)"
66.249.65.86 - - [14/Jun/2014:21:45:43 +0400] "GET /robots.txt HTTP/1.1" 404 168 "-" "Mozilla/5.0 (compatible; Googlebot/2.1; +http://www.google.com/bot.html)"
66.249.65.60 - - [14/Jun/2014:21:45:44 +0400] "GET / HTTP/1.1" 200 85103 "-" "Mozilla/5.0 (iPhone; CPU iPhone OS 6_0 like Mac OS X) AppleWebKit/536.26 (KHTML, like Gecko) Version/6.0 Mobile/10A5376e Safari/8536.25 (compatible; Googlebot/2.1; +http://www.google.com/bot.html)"
37.230.116.48 - - [14/Jun/2014:21:51:44 +0400] "GET / HTTP/1.1" 200 13635 "-" "-"
91.221.109.101 - - [14/Jun/2014:22:54:38 +0400] "GET /phpshop/admpanel/ HTTP/1.1" 404 313 "-" "Mozilla/5.0 (Windows NT 6.2; WOW64) Runet-Research-Crawler (itrack.ru/research/cmsrate; rating@itrack.ru)"
91.221.109.101 - - [15/Jun/2014:00:42:03 +0400] "GET /netcat/admin/ HTTP/1.1" 404 309 "-" "Mozilla/5.0 (Windows NT 6.2; WOW64) Runet-Research-Crawler (itrack.ru/research/cmsrate; rating@itrack.ru)"
91.221.109.101 - - [15/Jun/2014:02:33:55 +0400] "GET /registration/ HTTP/1.1" 404 309 "-" "Mozilla/5.0 (Windows NT 6.2; WOW64) Runet-Research-Crawler (itrack.ru/research/cmsrate; rating@itrack.ru)"
148.251.0.212 - - [15/Jun/2014:03:38:48 +0400] "GET /bitrix/catalog_export/yandex.php HTTP/1.0" 404 328 "-" "-"
91.221.109.101 - - [15/Jun/2014:04:21:03 +0400] "GET /user/register HTTP/1.1" 404 309 "-" "Mozilla/5.0 (Windows NT 6.2; WOW64) Runet-Research-Crawler (itrack.ru/research/cmsrate; rating@itrack.ru)"
91.105.100.211 - - [15/Jun/2014:04:39:48 +0400] "GET /admin.php HTTP/1.0" 404 305 "-" "Opera/9.80 (Windows NT 6.1; U; ru) Presto/2.8.131 Version/11.10"
91.105.100.211 - - [15/Jun/2014:04:39:48 +0400] "GET /administrator/index.php HTTP/1.0" 404 319 "-" "Opera/9.80 (Windows NT 6.1; U; ru) Presto/2.8.131 Version/11.10"
91.105.100.211 - - [15/Jun/2014:04:39:48 +0400] "GET /wp-login.php HTTP/1.0" 404 308 "-" "Opera/9.80 (Windows NT 6.1; U; ru) Presto/2.8.131 Version/11.10"
91.221.109.101 - - [15/Jun/2014:06:07:39 +0400] "GET /password_double_opt.php HTTP/1.1" 404 319 "-" "Mozilla/5.0 (Windows NT 6.2; WOW64) Runet-Research-Crawler (itrack.ru/research/cmsrate; rating@itrack.ru)"
109.234.156.66 - - [15/Jun/2014:06:35:54 +0400] "GET / HTTP/1.1" 200 84597 "-" "Mozilla/5.0 (X11; Linux x86_64) AppleWebKit/537.11 (KHTML, like Gecko) Ubuntu Chromium/23.0.1271.97 Chrome/23.0.1271.97 Safari/537.11"
94.41.142.181 - - [15/Jun/2014:06:52:33 +0400] "GET /bitrix/image_uploader/info.php HTTP/1.1" 404 326 "-" "Mozilla/5.0 (Windows; U; Windows NT 6.1; ru; rv:1.9.2.13) Gecko/20101203 Firefox/3.6.13 sputnik 2.1.0.18 YB/4.3.0"
94.41.142.181 - - [15/Jun/2014:06:52:33 +0400] "GET /bitrix/image_uploader/info.php HTTP/1.1" 404 330 "-" "Mozilla/5.0 (Windows; U; Windows NT 6.1; ru; rv:1.9.2.13) Gecko/20101203 Firefox/3.6.13 sputnik 2.1.0.18 YB/4.3.0"
91.221.109.101 - - [15/Jun/2014:07:54:24 +0400] "GET /product_compare.php HTTP/1.1" 404 315 "-" "Mozilla/5.0 (Windows NT 6.2; WOW64) Runet-Research-Crawler (itrack.ru/research/cmsrate; rating@itrack.ru)"
46.150.65.130 - - [15/Jun/2014:09:40:13 +0400] "GET / HTTP/1.1" 200 84037 "-" "-"
91.221.109.101 - - [15/Jun/2014:09:40:14 +0400] "GET /js/easy.php HTTP/1.1" 404 307 "-" "Mozilla/5.0 (Windows NT 6.2; WOW64) Runet-Research-Crawler (itrack.ru/research/cmsrate; rating@itrack.ru)"
91.221.109.101 - - [15/Jun/2014:11:27:01 +0400] "GET /admin/content/sitetree/ HTTP/1.1" 404 319 "-" "Mozilla/5.0 (Windows NT 6.2; WOW64) Runet-Research-Crawler (itrack.ru/research/cmsrate; rating@itrack.ru)"
91.221.109.101 - - [15/Jun/2014:13:13:45 +0400] "GET /typo3/border.html HTTP/1.1" 404 313 "-" "Mozilla/5.0 (Windows NT 6.2; WOW64) Runet-Research-Crawler (itrack.ru/research/cmsrate; rating@itrack.ru)"
91.221.109.101 - - [15/Jun/2014:15:09:46 +0400] "GET /manager/ HTTP/1.1" 404 304 "-" "Mozilla/5.0 (Windows NT 6.2; WOW64) Runet-Research-Crawler (itrack.ru/research/cmsrate; rating@itrack.ru)"
91.221.109.101 - - [15/Jun/2014:16:54:10 +0400] "GET /core/packages/.gitignore HTTP/1.1" 404 320 "-" "Mozilla/5.0 (Windows NT 6.2; WOW64) Runet-Research-Crawler (itrack.ru/research/cmsrate; rating@itrack.ru)"
66.249.73.36 - - [15/Jun/2014:18:27:51 +0400] "GET /robots.txt HTTP/1.1" 404 168 "-" "Mozilla/5.0 (compatible; Googlebot/2.1; +http://www.google.com/bot.html)"
66.249.73.36 - - [15/Jun/2014:18:28:06 +0400] "GET / HTTP/1.1" 200 84853 "-" "Mozilla/5.0 (compatible; Googlebot/2.1; +http://www.google.com/bot.html)"
91.221.109.101 - - [15/Jun/2014:18:36:02 +0400] "GET /js/api.js HTTP/1.1" 404 168 "-" "Mozilla/5.0 (Windows NT 6.2; WOW64) Runet-Research-Crawler (itrack.ru/research/cmsrate; rating@itrack.ru)"
66.249.73.36 - - [15/Jun/2014:19:34:36 +0400] "GET /user/register HTTP/1.1" 404 313 "-" "Mozilla/5.0 (compatible; Googlebot/2.1; +http://www.google.com/bot.html)"
91.221.109.101 - - [15/Jun/2014:20:19:24 +0400] "GET /engine/engine.php HTTP/1.1" 404 313 "-" "Mozilla/5.0 (Windows NT 6.2; WOW64) Runet-Research-Crawler (itrack.ru/research/cmsrate; rating@itrack.ru)"
66.249.73.36 - - [15/Jun/2014:20:36:56 +0400] "GET /user/passwordreturn HTTP/1.1" 404 319 "-" "Mozilla/5.0 (compatible; Googlebot/2.1; +http://www.google.com/bot.html)"
66.249.73.177 - - [15/Jun/2014:21:25:54 +0400] "GET /robots.txt HTTP/1.1" 404 168 "-" "Mozilla/5.0 (compatible; Googlebot/2.1; +http://www.google.com/bot.html)"
66.249.73.177 - - [15/Jun/2014:21:25:56 +0400] "GET / HTTP/1.1" 200 85083 "-" "Mozilla/5.0 (iPhone; CPU iPhone OS 6_0 like Mac OS X) AppleWebKit/536.26 (KHTML, like Gecko) Version/6.0 Mobile/10A5376e Safari/8536.25 (compatible; Googlebot/2.1; +http://www.google.com/bot.html)"
66.249.73.36 - - [15/Jun/2014:21:42:30 +0400] "GET /site/login HTTP/1.1" 404 310 "-" "Mozilla/5.0 (compatible; Googlebot/2.1; +http://www.google.com/bot.html)"
91.221.109.101 - - [15/Jun/2014:22:02:14 +0400] "GET /admin/login.php HTTP/1.1" 404 311 "-" "Mozilla/5.0 (Windows NT 6.2; WOW64) Runet-Research-Crawler (itrack.ru/research/cmsrate; rating@itrack.ru)"
91.221.109.101 - - [15/Jun/2014:23:45:53 +0400] "GET /bitrix/admin/ HTTP/1.1" 404 309 "-" "Mozilla/5.0 (Windows NT 6.2; WOW64) Runet-Research-Crawler (itrack.ru/research/cmsrate; rating@itrack.ru)"
91.221.109.101 - - [16/Jun/2014:01:33:21 +0400] "GET /wp-login.php HTTP/1.1" 404 308 "-" "Mozilla/5.0 (Windows NT 6.2; WOW64) Runet-Research-Crawler (itrack.ru/research/cmsrate; rating@itrack.ru)"
66.249.73.36 - - [16/Jun/2014:02:42:24 +0400] "GET / HTTP/1.1" 200 84855 "-" "Mozilla/5.0 (compatible; Googlebot/2.1; +http://www.google.com/bot.html)"
91.221.109.101 - - [16/Jun/2014:03:15:53 +0400] "GET /admin/ HTTP/1.1" 404 302 "-" "Mozilla/5.0 (Windows NT 6.2; WOW64) Runet-Research-Crawler (itrack.ru/research/cmsrate; rating@itrack.ru)"
91.221.109.101 - - [16/Jun/2014:04:58:20 +0400] "GET /includes/init.php HTTP/1.1" 404 313 "-" "Mozilla/5.0 (Windows NT 6.2; WOW64) Runet-Research-Crawler (itrack.ru/research/cmsrate; rating@itrack.ru)"
157.55.39.16 - - [16/Jun/2014:06:07:18 +0400] "GET /robots.txt HTTP/1.1" 404 168 "-" "Mozilla/5.0 (compatible; bingbot/2.0; +http://www.bing.com/bingbot.htm)"
157.55.39.16 - - [16/Jun/2014:06:07:31 +0400] "GET /users/login HTTP/1.1" 404 311 "-" "Mozilla/5.0 (compatible; bingbot/2.0; +http://www.bing.com/bingbot.htm)"
109.234.156.66 - - [16/Jun/2014:06:24:14 +0400] "GET / HTTP/1.1" 200 84597 "-" "Mozilla/5.0 (X11; Linux x86_64) AppleWebKit/537.11 (KHTML, like Gecko) Ubuntu Chromium/23.0.1271.97 Chrome/23.0.1271.97 Safari/537.11"
91.221.109.101 - - [16/Jun/2014:06:40:59 +0400] "GET /include/ajax/textPreview.php HTTP/1.1" 404 324 "-" "Mozilla/5.0 (Windows NT 6.2; WOW64) Runet-Research-Crawler (itrack.ru/research/cmsrate; rating@itrack.ru)"
46.105.117.190 - - [16/Jun/2014:06:49:05 +0400] "HEAD / HTTP/1.1" 200 0 "-" "Mozilla/5.0 (compatible; Googlebot/2.1; +http://www.google.com/bot.html)"
46.105.117.190 - - [16/Jun/2014:06:49:06 +0400] "GET / HTTP/1.1" 200 84654 "-" "Mozilla/5.0 (compatible; Googlebot/2.1; +http://www.google.com/bot.html)"
91.221.109.101 - - [16/Jun/2014:08:24:09 +0400] "GET /administrator/ HTTP/1.1" 404 310 "-" "Mozilla/5.0 (Windows NT 6.2; WOW64) Runet-Research-Crawler (itrack.ru/research/cmsrate; rating@itrack.ru)"
148.251.0.212 - - [16/Jun/2014:09:19:18 +0400] "GET /yandexmarket.xml HTTP/1.0" 404 312 "-" "-"
5.255.253.28 - - [16/Jun/2014:09:37:02 +0400] "GET /robots.txt HTTP/1.1" 404 168 "-" "Mozilla/5.0 (compatible; YandexBot/3.0; +http://yandex.com/bots)"
107.23.7.43 - - [16/Jun/2014:09:46:32 +0400] "GET / HTTP/1.1" 200 84361 "-" "-"
91.221.109.101 - - [16/Jun/2014:10:06:20 +0400] "GET /admin/login HTTP/1.1" 404 307 "-" "Mozilla/5.0 (Windows NT 6.2; WOW64) Runet-Research-Crawler (itrack.ru/research/cmsrate; rating@itrack.ru)"
66.249.81.230 - - [16/Jun/2014:11:38:40 +0400] "GET / HTTP/1.1" 200 84782 "-" "Mozilla/5.0 (Windows NT 6.1; rv:6.0) Gecko/20110814 Firefox/6.0 Google favicon"
66.249.81.230 - - [16/Jun/2014:11:38:40 +0400] "GET /favicon.ico HTTP/1.1" 404 168 "-" "Mozilla/5.0 (Windows NT 6.1; rv:6.0) Gecko/20110814 Firefox/6.0 Google favicon"
91.221.109.101 - - [16/Jun/2014:11:48:03 +0400] "GET /hostcmsfiles/main.js HTTP/1.1" 404 168 "-" "Mozilla/5.0 (Windows NT 6.2; WOW64) Runet-Research-Crawler (itrack.ru/research/cmsrate; rating@itrack.ru)"
91.221.109.101 - - [16/Jun/2014:13:30:43 +0400] "GET /assets/index.html HTTP/1.1" 404 313 "-" "Mozilla/5.0 (Windows NT 6.2; WOW64) Runet-Research-Crawler (itrack.ru/research/cmsrate; rating@itrack.ru)"
5.255.253.28 - - [16/Jun/2014:13:46:51 +0400] "GET / HTTP/1.1" 200 85050 "-" "Mozilla/5.0 (compatible; YandexBot/3.0; +http://yandex.com/bots)"
66.249.69.8 - - [17/Jun/2014:20:42:02 +0400] "GET /robots.txt HTTP/1.1" 404 168 "-" "Mozilla/5.0 (compatible; Googlebot/2.1; +http://www.google.com/bot.html)"
66.249.69.136 - - [17/Jun/2014:20:42:03 +0400] "GET / HTTP/1.1" 200 84835 "-" "Mozilla/5.0 (compatible; Googlebot/2.1; +http://www.google.com/bot.html)"
66.249.69.136 - - [17/Jun/2014:21:02:40 +0400] "GET / HTTP/1.1" 200 85083 "-" "Mozilla/5.0 (iPhone; CPU iPhone OS 6_0 like Mac OS X) AppleWebKit/536.26 (KHTML, like Gecko) Version/6.0 Mobile/10A5376e Safari/8536.25 (compatible; Googlebot/2.1; +http://www.google.com/bot.html)"
66.249.69.3 - - [18/Jun/2014:09:02:06 +0400] "GET /robots.txt HTTP/1.1" 404 168 "-" "Mozilla/5.0 (compatible; Googlebot/2.1; +http://www.google.com/bot.html)"
66.249.69.131 - - [18/Jun/2014:09:02:07 +0400] "GET /article/view/2 HTTP/1.1" 404 314 "-" "Mozilla/5.0 (compatible; Googlebot/2.1; +http://www.google.com/bot.html)"
95.211.87.55 - - [18/Jun/2014:11:11:26 +0400] "GET /admin.php HTTP/1.0" 404 305 "-" "Opera/9.80 (Windows NT 6.1; U; ru) Presto/2.8.131 Version/11.10"
95.211.87.55 - - [18/Jun/2014:11:11:26 +0400] "GET /administrator/index.php HTTP/1.0" 404 319 "-" "Opera/9.80 (Windows NT 6.1; U; ru) Presto/2.8.131 Version/11.10"
95.211.87.55 - - [18/Jun/2014:11:11:27 +0400] "GET /wp-login.php HTTP/1.0" 404 308 "-" "Opera/9.80 (Windows NT 6.1; U; ru) Presto/2.8.131 Version/11.10"
157.55.39.255 - - [18/Jun/2014:14:20:22 +0400] "GET /robots.txt HTTP/1.1" 404 168 "-" "Mozilla/5.0 (compatible; bingbot/2.0; +http://www.bing.com/bingbot.htm)"
157.55.39.255 - - [18/Jun/2014:14:20:26 +0400] "GET / HTTP/1.1" 200 85175 "-" "Mozilla/5.0 (compatible; bingbot/2.0; +http://www.bing.com/bingbot.htm)"
66.249.81.230 - - [18/Jun/2014:14:43:14 +0400] "GET / HTTP/1.1" 200 84780 "-" "Mozilla/5.0 (Windows NT 6.1; rv:6.0) Gecko/20110814 Firefox/6.0 Google favicon"
66.249.81.230 - - [18/Jun/2014:14:43:14 +0400] "GET /favicon.ico HTTP/1.1" 404 168 "-" "Mozilla/5.0 (Windows NT 6.1; rv:6.0) Gecko/20110814 Firefox/6.0 Google favicon"
54.91.179.162 - - [18/Jun/2014:14:53:13 +0400] "GET / HTTP/1.1" 200 84412 "-" "Mozilla/5.0 (Windows; U; Windows NT 6.0; en-US; rv:1.9.2.3) Gecko/20100401 Firefox/3.6.3 GTB6 (.NET CLR 3.5.30729)"
89.223.53.7 - - [18/Jun/2014:17:55:46 +0400] "GET / HTTP/1.1" 200 84903 "http://zerocash.msk.ru/10.htm?ref=tAKre" "Mozilla/5.0 (Windows NT 5.1) AppleWebKit/537.36 (KHTML, like Gecko) Chrome/34.0.1847.131 Safari/537.36"
66.249.64.61 - - [18/Jun/2014:20:39:22 +0400] "GET /robots.txt HTTP/1.1" 404 168 "-" "Mozilla/5.0 (compatible; Googlebot/2.1; +http://www.google.com/bot.html)"
66.249.64.66 - - [18/Jun/2014:20:39:22 +0400] "GET / HTTP/1.1" 200 85103 "-" "Mozilla/5.0 (iPhone; CPU iPhone OS 6_0 like Mac OS X) AppleWebKit/536.26 (KHTML, like Gecko) Version/6.0 Mobile/10A5376e Safari/8536.25 (compatible; Googlebot/2.1; +http://www.google.com/bot.html)"
148.251.0.212 - - [18/Jun/2014:21:19:05 +0400] "GET /index.php?route=feed/yandex_market HTTP/1.0" 200 84328 "-" "-"
195.54.213.174 - - [18/Jun/2014:23:50:46 +0400] "GET / HTTP/1.1" 200 85337 "" "Mozilla/5.0 (compatible; statdom.ru/Bot; +http://statdom.ru/bot.html)"
195.54.213.174 - - [18/Jun/2014:23:50:50 +0400] "GET /favicon.ico HTTP/1.1" 404 168 "" "Mozilla/5.0 (compatible; statdom.ru/Bot; +http://statdom.ru/bot.html)"
37.200.65.208 - - [19/Jun/2014:01:06:03 +0400] "GET / HTTP/1.1" 200 84479 "-" "Mozilla/5.0 (X11; Ubuntu; Linux x86_64; rv:11.0) Gecko/20100101 Firefox/11.0"
109.234.156.66 - - [19/Jun/2014:07:34:15 +0400] "GET / HTTP/1.1" 200 84597 "-" "Mozilla/5.0 (X11; Linux x86_64) AppleWebKit/537.11 (KHTML, like Gecko) Ubuntu Chromium/23.0.1271.97 Chrome/23.0.1271.97 Safari/537.11"
66.249.64.142 - - [19/Jun/2014:08:27:23 +0400] "GET /robots.txt HTTP/1.1" 404 168 "-" "Mozilla/5.0 (compatible; Googlebot/2.1; +http://www.google.com/bot.html)"
66.249.64.147 - - [19/Jun/2014:08:27:24 +0400] "GET / HTTP/1.1" 200 85083 "-" "Mozilla/5.0 (iPhone; CPU iPhone OS 6_0 like Mac OS X) AppleWebKit/536.26 (KHTML, like Gecko) Version/6.0 Mobile/10A5376e Safari/8536.25 (compatible; Googlebot/2.1; +http://www.google.com/bot.html)"
91.207.4.189 - - [19/Jun/2014:10:18:06 +0400] "GET / HTTP/1.0" 200 84817 "http://uiweb.ru/" "Mozilla/5.0 (Windows NT 6.1; WOW64) AppleWebKit/537.36 (KHTML, like Gecko) Chrome/32.0.1700.102 Safari/537.36"
46.38.63.66 - - [20/Jun/2014:03:41:29 +0400] "GET /bitrix/image_uploader/info.php HTTP/1.1" 404 326 "-" "Mozilla/5.0 (Windows; U; Windows NT 6.1; ru; rv:1.9.2.13) Gecko/20101203 Firefox/3.6.13 sputnik 2.1.0.18 YB/4.3.0"
46.38.63.66 - - [20/Jun/2014:03:41:30 +0400] "GET /bitrix/image_uploader/info.php HTTP/1.1" 404 330 "-" "Mozilla/5.0 (Windows; U; Windows NT 6.1; ru; rv:1.9.2.13) Gecko/20101203 Firefox/3.6.13 sputnik 2.1.0.18 YB/4.3.0"
148.251.0.212 - - [20/Jun/2014:04:23:17 +0400] "GET /yandex_market.xml HTTP/1.0" 404 313 "-" "-"
157.55.39.175 - - [20/Jun/2014:09:21:09 +0400] "GET /robots.txt HTTP/1.1" 404 168 "-" "Mozilla/5.0 (compatible; bingbot/2.0; +http://www.bing.com/bingbot.htm)"
157.55.39.175 - - [20/Jun/2014:09:21:14 +0400] "GET / HTTP/1.1" 200 85175 "-" "Mozilla/5.0 (compatible; bingbot/2.0; +http://www.bing.com/bingbot.htm)"
66.249.81.230 - - [20/Jun/2014:10:38:48 +0400] "GET / HTTP/1.1" 200 84782 "-" "Mozilla/5.0 (Windows NT 6.1; rv:6.0) Gecko/20110814 Firefox/6.0 Google favicon"
66.249.81.230 - - [20/Jun/2014:10:38:48 +0400] "GET /favicon.ico HTTP/1.1" 404 168 "-" "Mozilla/5.0 (Windows NT 6.1; rv:6.0) Gecko/20110814 Firefox/6.0 Google favicon"
157.55.39.175 - - [20/Jun/2014:11:51:40 +0400] "GET /robots.txt HTTP/1.1" 404 168 "-" "Mozilla/5.0 (compatible; bingbot/2.0; +http://www.bing.com/bingbot.htm)"
157.55.39.175 - - [20/Jun/2014:11:51:45 +0400] "GET / HTTP/1.1" 200 85149 "-" "Mozilla/5.0 (compatible; bingbot/2.0; +http://www.bing.com/bingbot.htm)"
178.32.217.101 - - [20/Jun/2014:15:50:31 +0400] "HEAD /myadmin/ HTTP/1.1" 404 0 "-" "Mozilla/5.0 (Windows; U; Windows NT 5.1; ru; rv:1.9.0.8) Gecko/2009032609 Firefox/3.0.8"
178.32.217.101 - - [20/Jun/2014:15:50:31 +0400] "HEAD /mysql/ HTTP/1.1" 404 0 "-" "Mozilla/5.0 (Windows; U; Windows NT 5.1; ru; rv:1.9.0.8) Gecko/2009032609 Firefox/3.0.8"
178.32.217.101 - - [20/Jun/2014:15:50:31 +0400] "HEAD /phpmyadmin2/ HTTP/1.1" 404 0 "-" "Mozilla/5.0 (Windows; U; Windows NT 5.1; ru; rv:1.9.0.8) Gecko/2009032609 Firefox/3.0.8"
178.32.217.101 - - [20/Jun/2014:15:50:31 +0400] "HEAD /phpMyAdmin/ HTTP/1.1" 404 0 "-" "Mozilla/5.0 (Windows; U; Windows NT 5.1; ru; rv:1.9.0.8) Gecko/2009032609 Firefox/3.0.8"
178.32.217.101 - - [20/Jun/2014:15:50:31 +0400] "HEAD /pma/ HTTP/1.1" 404 0 "-" "Mozilla/5.0 (Windows; U; Windows NT 5.1; ru; rv:1.9.0.8) Gecko/2009032609 Firefox/3.0.8"
178.32.217.101 - - [20/Jun/2014:15:50:31 +0400] "HEAD /phpmyadmin/ HTTP/1.1" 200 0 "-" "Mozilla/5.0 (Windows; U; Windows NT 5.1; ru; rv:1.9.0.8) Gecko/2009032609 Firefox/3.0.8"
66.249.64.66 - - [20/Jun/2014:19:59:16 +0400] "GET /robots.txt HTTP/1.1" 404 168 "-" "Mozilla/5.0 (compatible; Googlebot/2.1; +http://www.google.com/bot.html)"
66.249.64.56 - - [20/Jun/2014:19:59:16 +0400] "GET / HTTP/1.1" 200 85103 "-" "Mozilla/5.0 (iPhone; CPU iPhone OS 6_0 like Mac OS X) AppleWebKit/536.26 (KHTML, like Gecko) Version/6.0 Mobile/10A5376e Safari/8536.25 (compatible; Googlebot/2.1; +http://www.google.com/bot.html)"
37.75.219.77 - - [21/Jun/2014:00:32:48 +0400] "GET /wp-login.php HTTP/1.0" 404 308 "-" "Mozilla/5.0 (X11; U; Linux i686; en-US; rv:1.9a3pre) Gecko/20070330"
37.75.219.77 - - [21/Jun/2014:00:32:48 +0400] "GET /administrator/index.php HTTP/1.0" 404 319 "-" "Mozilla/5.0 (Windows NT 5.2; RW; rv:7.0a1) Gecko/20091211 SeaMonkey/9.23a1pre"
37.75.219.77 - - [21/Jun/2014:00:32:49 +0400] "GET /admin.php HTTP/1.0" 404 305 "-" "Mozilla/5.0 (Windows; U; MSIE 9.0; WIndows NT 9.0; en-US))"
37.75.219.77 - - [21/Jun/2014:00:32:49 +0400] "GET /user HTTP/1.0" 404 300 "-" "Mozilla/5.0 (X11; U; Linux i686; en-US; rv:1.9a3pre) Gecko/20070330"
37.75.219.77 - - [21/Jun/2014:00:32:49 +0400] "GET /admin/index.php?route=common/login HTTP/1.0" 404 311 "-" "Mozilla/5.0 (Windows NT 6.1; WOW64) AppleWebKit/537.36 (KHTML, like Gecko) Chrome/29.0.1547.62 Safari/537.36"
37.75.219.77 - - [21/Jun/2014:00:32:50 +0400] "GET /index.php/admin/ HTTP/1.0" 200 84814 "-" "Mozilla/5.0 (X11; U; Linux i686; en-US; rv:1.9a3pre) Gecko/20070330"
37.75.219.77 - - [21/Jun/2014:00:32:50 +0400] "GET /bitrix/admin/ HTTP/1.0" 404 309 "-" "Mozilla/5.0 (compatible; MSIE 10.6; Windows NT 6.1; Trident/5.0; InfoPath.2; SLCC1; .NET CLR 3.0.4506.2152; .NET CLR 3.5.30729; .NET CLR 2.0.50727) 3gpp-gba UNTRUSTED/1.0"
91.207.4.189 - - [21/Jun/2014:01:23:51 +0400] "GET / HTTP/1.0" 200 84713 "http://uiweb.ru/" "Opera/9.80 (Windows NT 5.1) Presto/2.12.388 Version/12.16"
207.46.13.102 - - [21/Jun/2014:03:42:08 +0400] "GET /robots.txt HTTP/1.1" 404 168 "-" "Mozilla/5.0 (compatible; bingbot/2.0; +http://www.bing.com/bingbot.htm)"
207.46.13.102 - - [21/Jun/2014:03:42:20 +0400] "GET /site/contact HTTP/1.1" 404 308 "-" "Mozilla/5.0 (compatible; bingbot/2.0; +http://www.bing.com/bingbot.htm)"
108.61.8.130 - - [21/Jun/2014:05:50:05 +0400] "GET / HTTP/1.0" 200 83998 "-" "-"
108.61.8.130 - - [21/Jun/2014:05:50:06 +0400] "GET /wp-login.php HTTP/1.0" 404 308 "-" "-"
108.61.8.130 - - [21/Jun/2014:05:50:07 +0400] "GET /administrator/index.php HTTP/1.0" 404 319 "-" "-"
109.234.156.66 - - [21/Jun/2014:06:37:45 +0400] "GET / HTTP/1.1" 200 84597 "-" "Mozilla/5.0 (X11; Linux x86_64) AppleWebKit/537.11 (KHTML, like Gecko) Ubuntu Chromium/23.0.1271.97 Chrome/23.0.1271.97 Safari/537.11"
66.249.64.137 - - [21/Jun/2014:07:51:05 +0400] "GET /robots.txt HTTP/1.1" 404 168 "-" "Mozilla/5.0 (compatible; Googlebot/2.1; +http://www.google.com/bot.html)"
66.249.64.147 - - [21/Jun/2014:07:51:06 +0400] "GET / HTTP/1.1" 200 85083 "-" "Mozilla/5.0 (iPhone; CPU iPhone OS 6_0 like Mac OS X) AppleWebKit/536.26 (KHTML, like Gecko) Version/6.0 Mobile/10A5376e Safari/8536.25 (compatible; Googlebot/2.1; +http://www.google.com/bot.html)"
148.251.0.212 - - [21/Jun/2014:09:38:57 +0400] "GET /modules/yamarket/yml.php HTTP/1.0" 404 320 "-" "-"
157.55.39.175 - - [21/Jun/2014:13:32:57 +0400] "GET /robots.txt HTTP/1.1" 404 168 "-" "Mozilla/5.0 (compatible; bingbot/2.0; +http://www.bing.com/bingbot.htm)"
157.55.39.175 - - [21/Jun/2014:13:34:49 +0400] "GET / HTTP/1.1" 200 85175 "-" "Mozilla/5.0 (compatible; bingbot/2.0; +http://www.bing.com/bingbot.htm)"
157.55.39.175 - - [21/Jun/2014:16:11:07 +0400] "GET / HTTP/1.1" 200 85151 "-" "Mozilla/5.0 (compatible; bingbot/2.0; +http://www.bing.com/bingbot.htm)"
66.249.69.3 - - [22/Jun/2014:01:02:12 +0400] "GET /robots.txt HTTP/1.1" 404 168 "-" "Mozilla/5.0 (compatible; Googlebot/2.1; +http://www.google.com/bot.html)"
66.249.69.3 - - [22/Jun/2014:01:02:13 +0400] "GET /site/login HTTP/1.1" 404 310 "-" "Mozilla/5.0 (compatible; Googlebot/2.1; +http://www.google.com/bot.html)"
157.55.39.175 - - [22/Jun/2014:01:07:50 +0400] "GET /robots.txt HTTP/1.1" 404 168 "-" "Mozilla/5.0 (compatible; bingbot/2.0; +http://www.bing.com/bingbot.htm)"
157.55.39.175 - - [22/Jun/2014:01:07:53 +0400] "GET / HTTP/1.1" 200 85175 "-" "Mozilla/5.0 (compatible; bingbot/2.0; +http://www.bing.com/bingbot.htm)"
157.55.39.175 - - [22/Jun/2014:01:08:07 +0400] "GET / HTTP/1.1" 200 85175 "-" "Mozilla/5.0 (compatible; bingbot/2.0; +http://www.bing.com/bingbot.htm)"
66.249.69.147 - - [22/Jun/2014:02:19:35 +0400] "GET /user/register HTTP/1.1" 404 313 "-" "Mozilla/5.0 (compatible; Googlebot/2.1; +http://www.google.com/bot.html)"
66.249.69.131 - - [22/Jun/2014:03:30:09 +0400] "GET /user/passwordreturn HTTP/1.1" 404 319 "-" "Mozilla/5.0 (compatible; Googlebot/2.1; +http://www.google.com/bot.html)"
157.55.39.175 - - [22/Jun/2014:03:44:54 +0400] "GET /robots.txt HTTP/1.1" 404 168 "-" "Mozilla/5.0 (compatible; bingbot/2.0; +http://www.bing.com/bingbot.htm)"
157.55.39.175 - - [22/Jun/2014:03:44:58 +0400] "GET / HTTP/1.1" 200 85151 "-" "Mozilla/5.0 (compatible; bingbot/2.0; +http://www.bing.com/bingbot.htm)"
144.76.93.145 - - [22/Jun/2014:05:08:32 +0400] "GET /wp-login.php HTTP/1.1" 404 308 "-" "Mozilla/5.0 (Windows NT 6.0) AppleWebKit/537.1 (KHTML, like Gecko) Chrome/23.0.1271.17 Safari/537.11"
144.76.93.145 - - [22/Jun/2014:05:08:32 +0400] "GET /administrator/ HTTP/1.1" 404 310 "-" "Mozilla/5.0 (Windows NT 6.0) AppleWebKit/537.1 (KHTML, like Gecko) Chrome/23.0.1271.17 Safari/537.11"
144.76.93.145 - - [22/Jun/2014:05:08:32 +0400] "GET /admin.php HTTP/1.1" 404 305 "-" "Mozilla/5.0 (Windows NT 6.0) AppleWebKit/537.1 (KHTML, like Gecko) Chrome/23.0.1271.17 Safari/537.11"
157.55.39.175 - - [22/Jun/2014:10:04:55 +0400] "GET / HTTP/1.1" 200 85151 "-" "Mozilla/5.0 (compatible; bingbot/2.0; +http://www.bing.com/bingbot.htm)"
207.46.13.103 - - [22/Jun/2014:12:14:19 +0400] "GET / HTTP/1.1" 200 85151 "-" "Mozilla/5.0 (compatible; bingbot/2.0; +http://www.bing.com/bingbot.htm)"
217.175.5.75 - - [22/Jun/2014:14:02:47 +0400] "GET /wp-login.php HTTP/1.0" 404 308 "-" "Mozilla/5.0 (Windows; U; Windows NT 6.1; it; rv:2.0b4) Gecko/20100818"
217.175.5.75 - - [22/Jun/2014:14:02:47 +0400] "GET /administrator/index.php HTTP/1.0" 404 319 "-" "Mozilla/5.0 (Windows NT 6.0; rv:2.0) Gecko/20100101 Firefox/4.0 Opera 12.14"
217.175.5.75 - - [22/Jun/2014:14:02:47 +0400] "GET /admin.php HTTP/1.0" 404 305 "-" "Mozilla/5.0 (X11; U; Linux i686; en-US; rv:1.9a3pre) Gecko/20070330"
217.175.5.75 - - [22/Jun/2014:14:02:47 +0400] "GET /user HTTP/1.0" 404 300 "-" "Mozilla/5.0 (Windows; U; Windows NT 6.1; it; rv:2.0b4) Gecko/20100818"
217.175.5.75 - - [22/Jun/2014:14:02:47 +0400] "GET /admin/index.php?route=common/login HTTP/1.0" 404 311 "-" "Mozilla/5.0 (X11; U; Linux i686; en-US; rv:1.9a3pre) Gecko/20070330"
217.175.5.75 - - [22/Jun/2014:14:02:48 +0400] "GET /index.php/admin/ HTTP/1.0" 200 84808 "-" "Mozilla/5.0 (compatible; MSIE 10.0; Windows NT 6.1; Trident/5.0)"
217.175.5.75 - - [22/Jun/2014:14:02:48 +0400] "GET /bitrix/admin/ HTTP/1.0" 404 309 "-" "Mozilla/5.0 (Windows NT 5.2; RW; rv:7.0a1) Gecko/20091211 SeaMonkey/9.23a1pre"
148.251.0.212 - - [22/Jun/2014:14:39:11 +0400] "GET /catalog/ya-market.php HTTP/1.0" 404 317 "-" "-"
157.55.39.130 - - [22/Jun/2014:17:55:40 +0400] "GET /robots.txt HTTP/1.1" 404 168 "-" "Mozilla/5.0 (compatible; bingbot/2.0; +http://www.bing.com/bingbot.htm)"
157.55.39.129 - - [22/Jun/2014:17:56:31 +0400] "GET /user/passwordreturn HTTP/1.1" 404 319 "-" "Mozilla/5.0 (compatible; bingbot/2.0; +http://www.bing.com/bingbot.htm)"
37.200.65.208 - - [22/Jun/2014:18:00:04 +0400] "GET / HTTP/1.1" 200 84479 "-" "Mozilla/5.0 (X11; Ubuntu; Linux x86_64; rv:11.0) Gecko/20100101 Firefox/11.0"
66.249.67.60 - - [22/Jun/2014:19:24:28 +0400] "GET /robots.txt HTTP/1.1" 404 168 "-" "Mozilla/5.0 (compatible; Googlebot/2.1; +http://www.google.com/bot.html)"
66.249.67.60 - - [22/Jun/2014:19:24:29 +0400] "GET / HTTP/1.1" 200 85103 "-" "Mozilla/5.0 (iPhone; CPU iPhone OS 6_0 like Mac OS X) AppleWebKit/536.26 (KHTML, like Gecko) Version/6.0 Mobile/10A5376e Safari/8536.25 (compatible; Googlebot/2.1; +http://www.google.com/bot.html)"
207.46.13.103 - - [22/Jun/2014:21:30:49 +0400] "GET / HTTP/1.1" 200 85175 "-" "Mozilla/5.0 (compatible; bingbot/2.0; +http://www.bing.com/bingbot.htm)"
207.46.13.103 - - [22/Jun/2014:23:54:34 +0400] "GET /robots.txt HTTP/1.1" 404 168 "-" "Mozilla/5.0 (compatible; bingbot/2.0; +http://www.bing.com/bingbot.htm)"
207.46.13.103 - - [22/Jun/2014:23:54:39 +0400] "GET / HTTP/1.1" 200 85151 "-" "Mozilla/5.0 (compatible; bingbot/2.0; +http://www.bing.com/bingbot.htm)"
64.246.165.50 - - [23/Jun/2014:00:36:11 +0400] "GET /robots.txt HTTP/1.0" 404 168 "-" "Mozilla/5.0 (Windows; U; Windows NT 5.1; en; rv:1.9.0.13) Gecko/2009073022 Firefox/3.5.2 (.NET CLR 3.5.30729) SurveyBot/2.3 (DomainTools)"
64.246.165.50 - - [23/Jun/2014:00:36:12 +0400] "GET / HTTP/1.1" 200 85874 "http://whois.domaintools.com/uiweb.ru" "Mozilla/5.0 (Windows; U; Windows NT 5.1; en; rv:1.9.0.13) Gecko/2009073022 Firefox/3.5.2 (.NET CLR 3.5.30729) SurveyBot/2.3 (DomainTools)"
109.234.156.66 - - [23/Jun/2014:04:00:28 +0400] "GET / HTTP/1.1" 200 84597 "-" "Mozilla/5.0 (X11; Linux x86_64) AppleWebKit/537.11 (KHTML, like Gecko) Ubuntu Chromium/23.0.1271.97 Chrome/23.0.1271.97 Safari/537.11"
212.33.255.53 - - [23/Jun/2014:07:03:28 +0400] "GET / HTTP/1.1" 200 84648 "http://yapl.ru/ru/UIWEB.RU" "Mozilla/5.0 (Windows NT 6.2; rv:30.0) Gecko/20100101 Firefox/30.0"
66.249.67.134 - - [23/Jun/2014:07:22:28 +0400] "GET /robots.txt HTTP/1.1" 404 168 "-" "Mozilla/5.0 (compatible; Googlebot/2.1; +http://www.google.com/bot.html)"
66.249.67.160 - - [23/Jun/2014:07:22:29 +0400] "GET / HTTP/1.1" 200 85083 "-" "Mozilla/5.0 (iPhone; CPU iPhone OS 6_0 like Mac OS X) AppleWebKit/536.26 (KHTML, like Gecko) Version/6.0 Mobile/10A5376e Safari/8536.25 (compatible; Googlebot/2.1; +http://www.google.com/bot.html)"
207.46.13.103 - - [23/Jun/2014:08:59:38 +0400] "GET /robots.txt HTTP/1.1" 404 168 "-" "Mozilla/5.0 (compatible; bingbot/2.0; +http://www.bing.com/bingbot.htm)"
207.46.13.103 - - [23/Jun/2014:09:00:34 +0400] "GET / HTTP/1.1" 200 85175 "-" "Mozilla/5.0 (compatible; bingbot/2.0; +http://www.bing.com/bingbot.htm)"
178.210.65.27 - - [23/Jun/2014:11:23:41 +0400] "GET / HTTP/1.0" 200 84167 "-" "-"
66.249.81.230 - - [23/Jun/2014:11:26:31 +0400] "GET / HTTP/1.1" 200 84782 "-" "Mozilla/5.0 (Windows NT 6.1; rv:6.0) Gecko/20110814 Firefox/6.0 Google favicon"
66.249.81.230 - - [23/Jun/2014:11:26:31 +0400] "GET /favicon.ico HTTP/1.1" 404 168 "-" "Mozilla/5.0 (Windows NT 6.1; rv:6.0) Gecko/20110814 Firefox/6.0 Google favicon"
207.46.13.103 - - [23/Jun/2014:11:33:45 +0400] "GET /robots.txt HTTP/1.1" 404 168 "-" "Mozilla/5.0 (compatible; bingbot/2.0; +http://www.bing.com/bingbot.htm)"
207.46.13.103 - - [23/Jun/2014:11:36:13 +0400] "GET / HTTP/1.1" 200 85151 "-" "Mozilla/5.0 (compatible; bingbot/2.0; +http://www.bing.com/bingbot.htm)"
66.249.64.147 - - [23/Jun/2014:19:09:03 +0400] "GET / HTTP/1.1" 200 85081 "-" "Mozilla/5.0 (iPhone; CPU iPhone OS 6_0 like Mac OS X) AppleWebKit/536.26 (KHTML, like Gecko) Version/6.0 Mobile/10A5376e Safari/8536.25 (compatible; Googlebot/2.1; +http://www.google.com/bot.html)"
148.251.0.212 - - [23/Jun/2014:20:36:56 +0400] "GET /upload/yml.php HTTP/1.0" 404 310 "-" "-"
91.221.109.101 - - [23/Jun/2014:22:27:36 +0400] "GET / HTTP/1.1" 200 84808 "-" "Mozilla/5.0 (Windows NT 6.2; WOW64) Runet-Research-Crawler (itrack.ru/research/cmsrate; rating@itrack.ru)"
109.234.156.66 - - [24/Jun/2014:07:30:56 +0400] "GET / HTTP/1.1" 200 84597 "-" "Mozilla/5.0 (X11; Linux x86_64) AppleWebKit/537.11 (KHTML, like Gecko) Ubuntu Chromium/23.0.1271.97 Chrome/23.0.1271.97 Safari/537.11"
66.249.64.56 - - [24/Jun/2014:18:51:20 +0400] "GET /robots.txt HTTP/1.1" 404 168 "-" "Mozilla/5.0 (compatible; Googlebot/2.1; +http://www.google.com/bot.html)"
66.249.64.56 - - [24/Jun/2014:18:51:20 +0400] "GET / HTTP/1.1" 200 85103 "-" "Mozilla/5.0 (iPhone; CPU iPhone OS 6_0 like Mac OS X) AppleWebKit/536.26 (KHTML, like Gecko) Version/6.0 Mobile/10A5376e Safari/8536.25 (compatible; Googlebot/2.1; +http://www.google.com/bot.html)"
207.46.13.103 - - [24/Jun/2014:20:01:12 +0400] "GET /robots.txt HTTP/1.1" 404 168 "-" "Mozilla/5.0 (compatible; bingbot/2.0; +http://www.bing.com/bingbot.htm)"
207.46.13.103 - - [24/Jun/2014:20:12:31 +0400] "GET / HTTP/1.1" 200 85175 "-" "Mozilla/5.0 (compatible; bingbot/2.0; +http://www.bing.com/bingbot.htm)"
207.46.13.103 - - [24/Jun/2014:22:21:16 +0400] "GET /robots.txt HTTP/1.1" 404 168 "-" "Mozilla/5.0 (compatible; bingbot/2.0; +http://www.bing.com/bingbot.htm)"
207.46.13.103 - - [24/Jun/2014:22:25:57 +0400] "GET / HTTP/1.1" 200 85151 "-" "Mozilla/5.0 (compatible; bingbot/2.0; +http://www.bing.com/bingbot.htm)"
109.120.163.94 - - [25/Jun/2014:01:23:13 +0400] "GET /admin.php HTTP/1.0" 404 305 "-" "Opera/9.80 (Windows NT 6.1; U; ru) Presto/2.8.131 Version/11.10"
109.120.163.94 - - [25/Jun/2014:01:23:13 +0400] "GET /administrator/index.php HTTP/1.0" 404 319 "-" "Opera/9.80 (Windows NT 6.1; U; ru) Presto/2.8.131 Version/11.10"
109.120.163.94 - - [25/Jun/2014:01:23:13 +0400] "GET /wp-login.php HTTP/1.0" 404 308 "-" "Opera/9.80 (Windows NT 6.1; U; ru) Presto/2.8.131 Version/11.10"
148.251.0.212 - - [25/Jun/2014:02:31:02 +0400] "GET /modules/netshop/export/yandexml.php HTTP/1.0" 404 331 "-" "-"
207.46.13.103 - - [25/Jun/2014:08:13:01 +0400] "GET /robots.txt HTTP/1.1" 404 168 "-" "Mozilla/5.0 (compatible; bingbot/2.0; +http://www.bing.com/bingbot.htm)"
207.46.13.103 - - [25/Jun/2014:08:13:09 +0400] "GET / HTTP/1.1" 200 85175 "-" "Mozilla/5.0 (compatible; bingbot/2.0; +http://www.bing.com/bingbot.htm)"
66.249.81.230 - - [25/Jun/2014:10:23:11 +0400] "GET / HTTP/1.1" 200 84782 "-" "Mozilla/5.0 (Windows NT 6.1; rv:6.0) Gecko/20110814 Firefox/6.0 Google favicon"
66.249.81.230 - - [25/Jun/2014:10:23:11 +0400] "GET /favicon.ico HTTP/1.1" 404 168 "-" "Mozilla/5.0 (Windows NT 6.1; rv:6.0) Gecko/20110814 Firefox/6.0 Google favicon"
207.46.13.103 - - [25/Jun/2014:11:16:00 +0400] "GET /robots.txt HTTP/1.1" 404 168 "-" "Mozilla/5.0 (compatible; bingbot/2.0; +http://www.bing.com/bingbot.htm)"
207.46.13.103 - - [25/Jun/2014:11:16:06 +0400] "GET / HTTP/1.1" 200 85151 "-" "Mozilla/5.0 (compatible; bingbot/2.0; +http://www.bing.com/bingbot.htm)"
207.46.13.103 - - [25/Jun/2014:13:11:08 +0400] "GET / HTTP/1.1" 200 84994 "-" "Mozilla/5.0 (compatible; bingbot/2.0; +http://www.bing.com/bingbot.htm)"
109.234.156.66 - - [25/Jun/2014:17:52:24 +0400] "GET / HTTP/1.1" 200 84597 "-" "Mozilla/5.0 (X11; Linux x86_64) AppleWebKit/537.11 (KHTML, like Gecko) Ubuntu Chromium/23.0.1271.97 Chrome/23.0.1271.97 Safari/537.11"
46.17.203.253 - - [25/Jun/2014:18:00:03 +0400] "GET /robots.txt HTTP/1.0" 404 168 "-" "My Nutch Spider/Nutch-1.6"
46.17.203.253 - - [25/Jun/2014:18:00:03 +0400] "GET / HTTP/1.0" 200 85165 "-" "My Nutch Spider/Nutch-1.6"
66.249.79.134 - - [25/Jun/2014:18:34:16 +0400] "GET /robots.txt HTTP/1.1" 404 168 "-" "Mozilla/5.0 (compatible; Googlebot/2.1; +http://www.google.com/bot.html)"
66.249.79.160 - - [25/Jun/2014:18:34:16 +0400] "GET / HTTP/1.1" 200 85083 "-" "Mozilla/5.0 (iPhone; CPU iPhone OS 6_0 like Mac OS X) AppleWebKit/536.26 (KHTML, like Gecko) Version/6.0 Mobile/10A5376e Safari/8536.25 (compatible; Googlebot/2.1; +http://www.google.com/bot.html)"
78.108.94.211 - - [25/Jun/2014:18:35:54 +0400] "GET /phpmyadmin/scripts/setup.php HTTP/1.1" 404 324 "-" "Mozilla/5.0 (Windows; U; Windows NT 5.1; ru; rv:1.9.0.8) Gecko/2009032609 Firefox/3.0.8"
89.18.178.176 - - [25/Jun/2014:18:36:11 +0400] "GET /phpmyadmin/scripts/setup.php HTTP/1.1" 404 324 "-" "Mozilla/5.0 (Windows; U; Windows NT 5.1; ru; rv:1.9.0.8) Gecko/2009032609 Firefox/3.0.8"
207.46.13.103 - - [25/Jun/2014:20:45:22 +0400] "GET /robots.txt HTTP/1.1" 404 168 "-" "Mozilla/5.0 (compatible; bingbot/2.0; +http://www.bing.com/bingbot.htm)"
207.46.13.103 - - [25/Jun/2014:20:45:51 +0400] "GET / HTTP/1.1" 200 85175 "-" "Mozilla/5.0 (compatible; bingbot/2.0; +http://www.bing.com/bingbot.htm)"
207.46.13.103 - - [25/Jun/2014:22:46:38 +0400] "GET /robots.txt HTTP/1.1" 404 168 "-" "Mozilla/5.0 (compatible; bingbot/2.0; +http://www.bing.com/bingbot.htm)"
207.46.13.103 - - [25/Jun/2014:22:47:34 +0400] "GET / HTTP/1.1" 200 85151 "-" "Mozilla/5.0 (compatible; bingbot/2.0; +http://www.bing.com/bingbot.htm)"
66.249.79.73 - - [25/Jun/2014:23:12:45 +0400] "GET /robots.txt HTTP/1.1" 404 168 "-" "Mozilla/5.0 (compatible; Googlebot/2.1; +http://www.google.com/bot.html)"
66.249.79.73 - - [25/Jun/2014:23:12:46 +0400] "GET / HTTP/1.1" 200 84855 "-" "Mozilla/5.0 (compatible; Googlebot/2.1; +http://www.google.com/bot.html)"
195.54.213.174 - - [25/Jun/2014:23:15:48 +0400] "GET / HTTP/1.1" 200 85337 "" "Mozilla/5.0 (compatible; statdom.ru/Bot; +http://statdom.ru/bot.html)"
195.54.213.174 - - [25/Jun/2014:23:15:51 +0400] "GET /favicon.ico HTTP/1.1" 404 168 "" "Mozilla/5.0 (compatible; statdom.ru/Bot; +http://statdom.ru/bot.html)"
66.249.79.73 - - [26/Jun/2014:02:38:16 +0400] "GET / HTTP/1.1" 200 84855 "-" "Mozilla/5.0 (compatible; Googlebot/2.1; +http://www.google.com/bot.html)"
77.121.217.112 - - [26/Jun/2014:04:24:24 +0400] "GET /wp-login.php HTTP/1.1" 404 308 "-" "Mozilla/5.0 (Windows NT 5.1) AppleWebKit/537.1 (KHTML, like Gecko) Chrome/23.0.1271.6 Safari/537.11"
77.121.217.112 - - [26/Jun/2014:04:24:25 +0400] "GET /administrator/ HTTP/1.1" 404 310 "-" "Mozilla/5.0 (Windows NT 5.1) AppleWebKit/537.1 (KHTML, like Gecko) Chrome/23.0.1271.6 Safari/537.11"
77.121.217.112 - - [26/Jun/2014:04:24:25 +0400] "GET /admin.php HTTP/1.1" 404 305 "-" "Mozilla/5.0 (Windows NT 5.1) AppleWebKit/537.1 (KHTML, like Gecko) Chrome/23.0.1271.6 Safari/537.11"
66.249.79.86 - - [26/Jun/2014:07:01:01 +0400] "GET / HTTP/1.1" 200 84855 "-" "Mozilla/5.0 (compatible; Googlebot/2.1; +http://www.google.com/bot.html)"
109.234.156.66 - - [26/Jun/2014:07:33:46 +0400] "GET / HTTP/1.1" 200 84597 "-" "Mozilla/5.0 (X11; Linux x86_64) AppleWebKit/537.11 (KHTML, like Gecko) Ubuntu Chromium/23.0.1271.97 Chrome/23.0.1271.97 Safari/537.11"
148.251.0.212 - - [26/Jun/2014:08:14:08 +0400] "GET /df-yandex-market/yml/ HTTP/1.0" 404 317 "-" "-"
157.55.39.100 - - [26/Jun/2014:08:26:58 +0400] "GET /robots.txt HTTP/1.1" 404 168 "-" "Mozilla/5.0 (compatible; bingbot/2.0; +http://www.bing.com/bingbot.htm)"
157.55.39.100 - - [26/Jun/2014:08:27:05 +0400] "GET / HTTP/1.1" 200 85173 "-" "Mozilla/5.0 (compatible; bingbot/2.0; +http://www.bing.com/bingbot.htm)"
212.33.255.53 - - [26/Jun/2014:10:03:06 +0400] "GET / HTTP/1.1" 200 84648 "http://yapl.ru/ru/UIWEB.RU" "Mozilla/5.0 (Windows NT 6.2; rv:30.0) Gecko/20100101 Firefox/30.0"
95.131.24.199 - - [26/Jun/2014:10:03:28 +0400] "GET /robots.txt HTTP/1.1" 404 168 "-" "WebIndex"
95.131.24.199 - - [26/Jun/2014:10:03:28 +0400] "GET / HTTP/1.1" 200 84536 "-" "WebIndex"
66.249.81.230 - - [26/Jun/2014:10:57:53 +0400] "GET / HTTP/1.1" 200 84782 "-" "Mozilla/5.0 (Windows NT 6.1; rv:6.0) Gecko/20110814 Firefox/6.0 Google favicon"
66.249.81.230 - - [26/Jun/2014:10:57:53 +0400] "GET /favicon.ico HTTP/1.1" 404 168 "-" "Mozilla/5.0 (Windows NT 6.1; rv:6.0) Gecko/20110814 Firefox/6.0 Google favicon"
157.55.39.100 - - [26/Jun/2014:11:02:19 +0400] "GET /robots.txt HTTP/1.1" 404 168 "-" "Mozilla/5.0 (compatible; bingbot/2.0; +http://www.bing.com/bingbot.htm)"
157.55.39.100 - - [26/Jun/2014:11:02:25 +0400] "GET / HTTP/1.1" 200 85151 "-" "Mozilla/5.0 (compatible; bingbot/2.0; +http://www.bing.com/bingbot.htm)"
89.208.17.22 - - [26/Jun/2014:13:54:43 +0400] "GET / HTTP/1.1" 200 84529 "http://uiweb.ru/" "Mozilla/5.0 (compatible; U; AnyEvent-HTTP/2.15; +http://software.schmorp.de/pkg/AnyEvent)"
77.243.115.187 - - [26/Jun/2014:17:24:11 +0400] "GET / HTTP/1.1" 200 85762 "-" "Mozilla/5.0 (Linux; U; Android 4.2.2; ru-ru; IdeaTab S6000-H Build/JDQ39) AppleWebKit/534.30 (KHTML, like Gecko) Version/4.0 Safari/534.30"
77.243.115.187 - - [26/Jun/2014:17:24:12 +0400] "GET /favicon.ico HTTP/1.1" 404 168 "http://www.uiweb.ru/" "Mozilla/5.0 (Linux; U; Android 4.2.2; ru-ru; IdeaTab S6000-H Build/JDQ39) AppleWebKit/534.30 (KHTML, like Gecko) Version/4.0 Safari/534.30"
66.249.65.86 - - [26/Jun/2014:18:32:25 +0400] "GET /robots.txt HTTP/1.1" 404 168 "-" "Mozilla/5.0 (compatible; Googlebot/2.1; +http://www.google.com/bot.html)"
66.249.65.73 - - [26/Jun/2014:18:32:25 +0400] "GET / HTTP/1.1" 200 85103 "-" "Mozilla/5.0 (iPhone; CPU iPhone OS 6_0 like Mac OS X) AppleWebKit/536.26 (KHTML, like Gecko) Version/6.0 Mobile/10A5376e Safari/8536.25 (compatible; Googlebot/2.1; +http://www.google.com/bot.html)"
157.55.39.100 - - [26/Jun/2014:20:38:41 +0400] "GET /robots.txt HTTP/1.1" 404 168 "-" "Mozilla/5.0 (compatible; bingbot/2.0; +http://www.bing.com/bingbot.htm)"
157.55.39.100 - - [26/Jun/2014:20:39:16 +0400] "GET / HTTP/1.1" 200 85175 "-" "Mozilla/5.0 (compatible; bingbot/2.0; +http://www.bing.com/bingbot.htm)"
78.47.47.188 - - [26/Jun/2014:21:28:19 +0400] "GET / HTTP/1.1" 200 84475 "-" "Mozilla/5.0 (X11; Ubuntu; Linux x86_64; rv:11.0) Gecko/20100101 Firefox/11.0"
157.55.39.100 - - [26/Jun/2014:23:23:58 +0400] "GET /robots.txt HTTP/1.1" 404 168 "-" "Mozilla/5.0 (compatible; bingbot/2.0; +http://www.bing.com/bingbot.htm)"
157.55.39.100 - - [26/Jun/2014:23:24:13 +0400] "GET / HTTP/1.1" 200 85151 "-" "Mozilla/5.0 (compatible; bingbot/2.0; +http://www.bing.com/bingbot.htm)"
109.234.156.66 - - [27/Jun/2014:07:07:12 +0400] "GET / HTTP/1.1" 200 84597 "-" "Mozilla/5.0 (X11; Linux x86_64) AppleWebKit/537.11 (KHTML, like Gecko) Ubuntu Chromium/23.0.1271.97 Chrome/23.0.1271.97 Safari/537.11"
157.55.39.100 - - [27/Jun/2014:07:58:12 +0400] "GET /robots.txt HTTP/1.1" 404 168 "-" "Mozilla/5.0 (compatible; bingbot/2.0; +http://www.bing.com/bingbot.htm)"
157.55.39.100 - - [27/Jun/2014:07:58:32 +0400] "GET / HTTP/1.1" 200 85175 "-" "Mozilla/5.0 (compatible; bingbot/2.0; +http://www.bing.com/bingbot.htm)"
31.202.241.242 - - [27/Jun/2014:10:40:44 +0400] "GET / HTTP/1.0" 200 85222 "http://x14files.in" "Mozilla/4.76 [en] (Windows NT 5.0; U)"
31.202.241.242 - - [27/Jun/2014:10:40:44 +0400] "GET / HTTP/1.0" 200 14038 "http://x14files.in" "Mozilla/4.0 (compatible; MSIE 6.0; Windows XP)"
31.202.241.242 - - [27/Jun/2014:10:40:44 +0400] "GET / HTTP/1.0" 200 14038 "http://x14files.in" "Mozilla/5.0 (Windows NT 5.1; U; en) Opera 8.00"
157.55.39.100 - - [27/Jun/2014:11:58:27 +0400] "GET /robots.txt HTTP/1.1" 404 168 "-" "Mozilla/5.0 (compatible; bingbot/2.0; +http://www.bing.com/bingbot.htm)"
157.55.39.100 - - [27/Jun/2014:11:58:39 +0400] "GET / HTTP/1.1" 200 85151 "-" "Mozilla/5.0 (compatible; bingbot/2.0; +http://www.bing.com/bingbot.htm)"
148.251.0.212 - - [27/Jun/2014:13:46:21 +0400] "GET /index.php?route=feed/yandex_yml HTTP/1.0" 200 84304 "-" "-"
211.172.246.72 - - [27/Jun/2014:14:04:51 +0400] "GET /Fckeditor/editor/filemanager/browser/default/connectors/test.html HTTP/1.1" 404 365 "-" "Mozilla/4.0 (compatible; Win32; WinHttp.WinHttpRequest.5)"
211.172.246.72 - - [27/Jun/2014:14:04:52 +0400] "GET /admin/fckeditor/editor/filemanager/browser/default/connectors/test.html HTTP/1.1" 404 371 "-" "Mozilla/4.0 (compatible; Win32; WinHttp.WinHttpRequest.5)"
211.172.246.72 - - [27/Jun/2014:14:04:52 +0400] "GET /editor/editor/filemanager/browser/default/connectors/test.html HTTP/1.1" 404 362 "-" "Mozilla/4.0 (compatible; Win32; WinHttp.WinHttpRequest.5)"
211.172.246.72 - - [27/Jun/2014:14:04:52 +0400] "GET /FCKeditor/editor/filemanager/connectors/uploadtest.html HTTP/1.1" 404 355 "-" "Mozilla/4.0 (compatible; Win32; WinHttp.WinHttpRequest.5)"
211.172.246.72 - - [27/Jun/2014:14:04:53 +0400] "GET /admin/fckeditor/editor/filemanager/browser/default/connectors/uploadtest.html HTTP/1.1" 404 377 "-" "Mozilla/4.0 (compatible; Win32; WinHttp.WinHttpRequest.5)"
211.172.246.72 - - [27/Jun/2014:14:04:53 +0400] "GET /editor/editor/filemanager/browser/default/connectors/uploadtest.html HTTP/1.1" 404 368 "-" "Mozilla/4.0 (compatible; Win32; WinHttp.WinHttpRequest.5)"
66.249.66.227 - - [27/Jun/2014:18:04:35 +0400] "GET /robots.txt HTTP/1.1" 404 168 "-" "Mozilla/5.0 (compatible; Googlebot/2.1; +http://www.google.com/bot.html)"
66.249.66.227 - - [27/Jun/2014:18:04:35 +0400] "GET / HTTP/1.1" 200 85083 "-" "Mozilla/5.0 (iPhone; CPU iPhone OS 6_0 like Mac OS X) AppleWebKit/536.26 (KHTML, like Gecko) Version/6.0 Mobile/10A5376e Safari/8536.25 (compatible; Googlebot/2.1; +http://www.google.com/bot.html)"
5.9.139.208 - - [27/Jun/2014:18:15:42 +0400] "GET /wp-login.php HTTP/1.1" 404 308 "http://uiweb.ru" "Mozilla/5.0 (Windows; U; Windows NT 5.1; en-US) AppleWebKit/533.4 (KHTML, like Gecko) Chrome/5.0.375.99 Safari/533.4"
157.55.39.206 - - [27/Jun/2014:20:52:19 +0400] "GET /robots.txt HTTP/1.1" 404 168 "-" "Mozilla/5.0 (compatible; bingbot/2.0; +http://www.bing.com/bingbot.htm)"
157.55.39.206 - - [27/Jun/2014:20:52:52 +0400] "GET / HTTP/1.1" 200 85175 "-" "Mozilla/5.0 (compatible; bingbot/2.0; +http://www.bing.com/bingbot.htm)"
157.55.39.206 - - [27/Jun/2014:23:04:57 +0400] "GET /robots.txt HTTP/1.1" 404 168 "-" "Mozilla/5.0 (compatible; bingbot/2.0; +http://www.bing.com/bingbot.htm)"
157.55.39.206 - - [27/Jun/2014:23:05:46 +0400] "GET / HTTP/1.1" 200 85151 "-" "Mozilla/5.0 (compatible; bingbot/2.0; +http://www.bing.com/bingbot.htm)"
66.249.66.228 - - [28/Jun/2014:05:56:08 +0400] "GET /robots.txt HTTP/1.1" 404 168 "-" "Mozilla/5.0 (compatible; Googlebot/2.1; +http://www.google.com/bot.html)"
66.249.66.228 - - [28/Jun/2014:05:56:08 +0400] "GET / HTTP/1.1" 200 85107 "-" "Mozilla/5.0 (iPhone; CPU iPhone OS 6_0 like Mac OS X) AppleWebKit/536.26 (KHTML, like Gecko) Version/6.0 Mobile/10A5376e Safari/8536.25 (compatible; Googlebot/2.1; +http://www.google.com/bot.html)"
109.234.156.66 - - [28/Jun/2014:06:49:37 +0400] "GET / HTTP/1.1" 200 84597 "-" "Mozilla/5.0 (X11; Linux x86_64) AppleWebKit/537.11 (KHTML, like Gecko) Ubuntu Chromium/23.0.1271.97 Chrome/23.0.1271.97 Safari/537.11"
157.55.39.226 - - [28/Jun/2014:08:22:27 +0400] "GET /robots.txt HTTP/1.1" 404 168 "-" "Mozilla/5.0 (compatible; bingbot/2.0; +http://www.bing.com/bingbot.htm)"
157.55.39.226 - - [28/Jun/2014:08:23:39 +0400] "GET / HTTP/1.1" 200 85151 "-" "Mozilla/5.0 (compatible; bingbot/2.0; +http://www.bing.com/bingbot.htm)"
61.19.246.152 - - [28/Jun/2014:08:29:56 +0400] "GET / HTTP/1.1" 200 84680 "-" "Mozilla/5.0 (Windows; U; Windows NT 5.1; ru; rv:1.9.0.8) Gecko/2009032609 Firefox/3.0.8"
91.124.242.129 - - [28/Jun/2014:09:10:11 +0400] "GET /admin.php HTTP/1.0" 404 305 "-" "Opera/9.80 (Windows NT 6.1; U; ru) Presto/2.8.131 Version/11.10"
91.124.242.129 - - [28/Jun/2014:09:10:14 +0400] "GET /administrator/index.php HTTP/1.0" 404 319 "-" "Opera/9.80 (Windows NT 6.1; U; ru) Presto/2.8.131 Version/11.10"
91.124.242.129 - - [28/Jun/2014:09:10:14 +0400] "GET /wp-login.php HTTP/1.0" 404 308 "-" "Opera/9.80 (Windows NT 6.1; U; ru) Presto/2.8.131 Version/11.10"
66.249.66.228 - - [28/Jun/2014:14:50:51 +0400] "GET /user/passwordreturn HTTP/1.1" 404 319 "-" "Mozilla/5.0 (compatible; Googlebot/2.1; +http://www.google.com/bot.html)"
31.186.100.66 - - [28/Jun/2014:15:22:34 +0400] "GET /wp-login.php HTTP/1.1" 404 308 "http://uiweb.ru" "Mozilla/5.0 (Windows; U; Windows NT 5.1; en-US) AppleWebKit/533.4 (KHTML, like Gecko) Chrome/5.0.375.99 Safari/533.4"
207.46.13.123 - - [28/Jun/2014:18:11:44 +0400] "GET /robots.txt HTTP/1.1" 404 168 "-" "Mozilla/5.0 (compatible; bingbot/2.0; +http://www.bing.com/bingbot.htm)"
207.46.13.123 - - [28/Jun/2014:18:12:04 +0400] "GET / HTTP/1.1" 200 85151 "-" "Mozilla/5.0 (compatible; bingbot/2.0; +http://www.bing.com/bingbot.htm)"
148.251.0.212 - - [28/Jun/2014:20:32:15 +0400] "GET /modules/yamarket/yml.php HTTP/1.0" 404 320 "-" "-"
66.249.78.45 - - [28/Jun/2014:21:38:50 +0400] "GET /robots.txt HTTP/1.1" 404 168 "-" "Mozilla/5.0 (compatible; Googlebot/2.1; +http://www.google.com/bot.html)"
66.249.78.45 - - [28/Jun/2014:21:38:50 +0400] "GET /user/register HTTP/1.1" 404 313 "-" "Mozilla/5.0 (compatible; Googlebot/2.1; +http://www.google.com/bot.html)"
79.148.106.25 - - [28/Jun/2014:21:56:43 +0400] "GET /wp-login.php HTTP/1.1" 404 308 "-" "Mozilla/5.0 (Windows NT 6.1) AppleWebKit/537.1 (KHTML, like Gecko) Chrome/22.0.1229.79 Safari/537.4"
79.148.106.25 - - [28/Jun/2014:21:56:44 +0400] "GET /administrator/ HTTP/1.1" 404 310 "-" "Mozilla/5.0 (Windows NT 6.1) AppleWebKit/537.1 (KHTML, like Gecko) Chrome/22.0.1229.79 Safari/537.4"
79.148.106.25 - - [28/Jun/2014:21:56:44 +0400] "GET /admin.php HTTP/1.1" 404 305 "-" "Mozilla/5.0 (Windows NT 6.1) AppleWebKit/537.1 (KHTML, like Gecko) Chrome/22.0.1229.79 Safari/537.4"
66.249.78.45 - - [29/Jun/2014:00:57:36 +0400] "GET /site/login HTTP/1.1" 404 310 "-" "Mozilla/5.0 (compatible; Googlebot/2.1; +http://www.google.com/bot.html)"
157.55.39.199 - - [29/Jun/2014:01:50:33 +0400] "GET /robots.txt HTTP/1.1" 404 168 "-" "Mozilla/5.0 (compatible; bingbot/2.0; +http://www.bing.com/bingbot.htm)"
157.55.39.199 - - [29/Jun/2014:01:58:22 +0400] "GET / HTTP/1.1" 200 85175 "-" "Mozilla/5.0 (compatible; bingbot/2.0; +http://www.bing.com/bingbot.htm)"
157.55.39.242 - - [29/Jun/2014:04:09:47 +0400] "GET /robots.txt HTTP/1.1" 404 168 "-" "Mozilla/5.0 (compatible; bingbot/2.0; +http://www.bing.com/bingbot.htm)"
157.55.39.242 - - [29/Jun/2014:04:11:52 +0400] "GET / HTTP/1.1" 200 85151 "-" "Mozilla/5.0 (compatible; bingbot/2.0; +http://www.bing.com/bingbot.htm)"
