207.46.13.110 - - [13/Jul/2014:14:02:49 +0400] "GET / HTTP/1.1" 200 85151 "-" "Mozilla/5.0 (compatible; bingbot/2.0; +http://www.bing.com/bingbot.htm)"
66.249.78.20 - - [13/Jul/2014:16:08:47 +0400] "GET /robots.txt HTTP/1.1" 404 168 "-" "Mozilla/5.0 (compatible; Googlebot/2.1; +http://www.google.com/bot.html)"
66.249.78.20 - - [13/Jul/2014:16:08:48 +0400] "GET / HTTP/1.1" 200 84855 "-" "Mozilla/5.0 (compatible; Googlebot/2.1; +http://www.google.com/bot.html)"
207.46.13.110 - - [13/Jul/2014:17:41:17 +0400] "GET /robots.txt HTTP/1.1" 404 168 "-" "Mozilla/5.0 (compatible; bingbot/2.0; +http://www.bing.com/bingbot.htm)"
207.46.13.110 - - [13/Jul/2014:17:41:27 +0400] "GET / HTTP/1.1" 200 85175 "-" "Mozilla/5.0 (compatible; bingbot/2.0; +http://www.bing.com/bingbot.htm)"
207.46.13.110 - - [13/Jul/2014:20:13:53 +0400] "GET /robots.txt HTTP/1.1" 404 168 "-" "Mozilla/5.0 (compatible; bingbot/2.0; +http://www.bing.com/bingbot.htm)"
207.46.13.110 - - [13/Jul/2014:20:14:12 +0400] "GET / HTTP/1.1" 200 85151 "-" "Mozilla/5.0 (compatible; bingbot/2.0; +http://www.bing.com/bingbot.htm)"
207.46.13.110 - - [13/Jul/2014:22:01:22 +0400] "GET / HTTP/1.1" 200 85151 "-" "Mozilla/5.0 (compatible; bingbot/2.0; +http://www.bing.com/bingbot.htm)"
195.206.253.8 - - [13/Jul/2014:23:58:35 +0400] "GET /?fbconnect_action=myhome&fbuserid=1+and+1=2+union+select+1,2,3,4,5,concat(user_login,0x3a,user_pass),7,8,9,10,11,12+from+wp_users-- HTTP/1.1" 200 86636 "-" "Mozilla/5.0 (Windows NT 6.0) AppleWebKit/537.36 (KHTML, like Gecko) Chrome/28.0.1468.0 Safari/537.36"
66.249.78.11 - - [14/Jul/2014:01:32:34 +0400] "GET /robots.txt HTTP/1.1" 404 168 "-" "Mozilla/5.0 (compatible; Googlebot/2.1; +http://www.google.com/bot.html)"
66.249.78.11 - - [14/Jul/2014:01:32:34 +0400] "GET / HTTP/1.1" 200 85079 "-" "Mozilla/5.0 (iPhone; CPU iPhone OS 6_0 like Mac OS X) AppleWebKit/536.26 (KHTML, like Gecko) Version/6.0 Mobile/10A5376e Safari/8536.25 (compatible; Googlebot/2.1; +http://www.google.com/bot.html)"
94.102.91.188 - - [14/Jul/2014:05:16:56 +0400] "GET /phpmyadmin HTTP/1.1" 301 333 "-" "Mozilla/5.0 (X11; Linux x86_64) AppleWebKit/537.36 (KHTML, like Gecko) Chrome/35.0.1916.114 Safari/537.36"
94.102.91.188 - - [14/Jul/2014:05:16:57 +0400] "GET /phpmyadmin/ HTTP/1.1" 200 2760 "-" "Mozilla/5.0 (X11; Linux x86_64) AppleWebKit/537.36 (KHTML, like Gecko) Chrome/35.0.1916.114 Safari/537.36"
94.102.91.188 - - [14/Jul/2014:05:16:57 +0400] "GET /phpmyadmin/themes/pmahomme/jquery/jquery-ui-1.9.2.custom.css HTTP/1.1" 404 570 "http://uiweb.ru/phpmyadmin/" "Mozilla/5.0 (X11; Linux x86_64) AppleWebKit/537.36 (KHTML, like Gecko) Chrome/35.0.1916.114 Safari/537.36"
94.102.91.188 - - [14/Jul/2014:05:16:57 +0400] "GET /phpmyadmin/themes/pmahomme/img/logo_right.png HTTP/1.1" 404 570 "http://uiweb.ru/phpmyadmin/" "Mozilla/5.0 (X11; Linux x86_64) AppleWebKit/537.36 (KHTML, like Gecko) Chrome/35.0.1916.114 Safari/537.36"
94.102.91.188 - - [14/Jul/2014:05:16:57 +0400] "GET /phpmyadmin/themes/dot.gif HTTP/1.1" 404 570 "http://uiweb.ru/phpmyadmin/" "Mozilla/5.0 (X11; Linux x86_64) AppleWebKit/537.36 (KHTML, like Gecko) Chrome/35.0.1916.114 Safari/537.36"
94.102.91.188 - - [14/Jul/2014:05:16:57 +0400] "GET /phpmyadmin/phpmyadmin.css.php?server=1&lang=en&token=46b26473553c6501411d1b2dad145e7f&nocache=2796963089ltr HTTP/1.1" 200 93169 "http://uiweb.ru/phpmyadmin/" "Mozilla/5.0 (X11; Linux x86_64) AppleWebKit/537.36 (KHTML, like Gecko) Chrome/35.0.1916.114 Safari/537.36"
94.102.91.188 - - [14/Jul/2014:05:16:57 +0400] "GET /phpmyadmin/js/get_image.js.php?theme=pmahomme HTTP/1.1" 200 6388 "http://uiweb.ru/phpmyadmin/" "Mozilla/5.0 (X11; Linux x86_64) AppleWebKit/537.36 (KHTML, like Gecko) Chrome/35.0.1916.114 Safari/537.36"
94.102.91.188 - - [14/Jul/2014:05:16:57 +0400] "GET /phpmyadmin/js/messages.php?lang=en&db=&token=46b26473553c6501411d1b2dad145e7f HTTP/1.1" 200 17783 "http://uiweb.ru/phpmyadmin/" "Mozilla/5.0 (X11; Linux x86_64) AppleWebKit/537.36 (KHTML, like Gecko) Chrome/35.0.1916.114 Safari/537.36"
94.102.91.188 - - [14/Jul/2014:05:16:57 +0400] "GET /phpmyadmin/js/get_scripts.js.php?lang=en&token=46b26473553c6501411d1b2dad145e7f&scripts[]=jquery/jquery-1.8.3.min.js&scripts[]=ajax.js&scripts[]=keyhandler.js&scripts[]=jquery/jquery-ui-1.9.2.custom.min.js&scripts[]=jquery/jquery.sprintf.js&scripts[]=jquery/jquery.cookie.js&scripts[]=jquery/jquery.mousewheel.js&scripts[]=jquery/jquery.event.drag-2.2.js&scripts[]=jquery/jquery-ui-timepicker-addon.js&scripts[]=jquery/jquery.ba-hashchange-1.3.js&scripts[]=jquery/jquery.debounce-1.0.5.js&scripts[]=jquery/jquery.menuResizer-1.0.js&scripts[]=cross_framing_protection.js&scripts[]=rte.js&scripts[]=tracekit/tracekit.js&scripts[]=error_report.js&scripts[]=doclinks.js&scripts[]=functions.js&scripts[]=navigation.js&scripts[]=indexes.js&scripts[]=common.js&scripts[]=codemirror/lib/codemirror.js&scripts[]=codemirror/mode/sql/sql.js&scripts[]=codemirror/addon/runmode/runmode.js HTTP/1.1" 200 1039516 "http://uiweb.ru/phpmyadmin/" "Mozilla/5.0 (X11; Linux x86_64) AppleWebKit/537.36 (KHTML, like Gecko) Chrome/35.0.1916.114 Safari/537.36"
94.102.91.188 - - [14/Jul/2014:05:16:57 +0400] "GET /phpmyadmin/themes/pmahomme/img/logo_right.png HTTP/1.1" 404 570 "http://uiweb.ru/phpmyadmin/" "Mozilla/5.0 (X11; Linux x86_64) AppleWebKit/537.36 (KHTML, like Gecko) Chrome/35.0.1916.114 Safari/537.36"
94.102.91.188 - - [14/Jul/2014:05:16:57 +0400] "GET /phpmyadmin/themes/dot.gif HTTP/1.1" 404 570 "http://uiweb.ru/phpmyadmin/" "Mozilla/5.0 (X11; Linux x86_64) AppleWebKit/537.36 (KHTML, like Gecko) Chrome/35.0.1916.114 Safari/537.36"
94.102.91.188 - - [14/Jul/2014:05:16:57 +0400] "GET /phpmyadmin/themes/pmahomme/img/sprites.png HTTP/1.1" 404 570 "http://uiweb.ru/phpmyadmin/" "Mozilla/5.0 (X11; Linux x86_64) AppleWebKit/537.36 (KHTML, like Gecko) Chrome/35.0.1916.114 Safari/537.36"
94.102.91.188 - - [14/Jul/2014:05:16:57 +0400] "GET /phpmyadmin/favicon.ico HTTP/1.1" 404 570 "-" "Mozilla/5.0 (X11; Linux x86_64) AppleWebKit/537.36 (KHTML, like Gecko) Chrome/35.0.1916.114 Safari/537.36"
94.102.91.188 - - [14/Jul/2014:05:17:06 +0400] "POST /phpmyadmin/index.php HTTP/1.1" 302 26 "http://uiweb.ru/phpmyadmin/" "Mozilla/5.0 (X11; Linux x86_64) AppleWebKit/537.36 (KHTML, like Gecko) Chrome/35.0.1916.114 Safari/537.36"
94.102.91.188 - - [14/Jul/2014:05:17:06 +0400] "GET /phpmyadmin/index.php?token=46b26473553c6501411d1b2dad145e7f HTTP/1.1" 200 8608 "http://uiweb.ru/phpmyadmin/" "Mozilla/5.0 (X11; Linux x86_64) AppleWebKit/537.36 (KHTML, like Gecko) Chrome/35.0.1916.114 Safari/537.36"
94.102.91.188 - - [14/Jul/2014:05:17:06 +0400] "GET /phpmyadmin/themes/pmahomme/img/logo_left.png HTTP/1.1" 404 570 "http://uiweb.ru/phpmyadmin/index.php?token=46b26473553c6501411d1b2dad145e7f" "Mozilla/5.0 (X11; Linux x86_64) AppleWebKit/537.36 (KHTML, like Gecko) Chrome/35.0.1916.114 Safari/537.36"
94.102.91.188 - - [14/Jul/2014:05:17:06 +0400] "GET /phpmyadmin/themes/pmahomme/img/ajax_clock_small.gif HTTP/1.1" 404 570 "http://uiweb.ru/phpmyadmin/index.php?token=46b26473553c6501411d1b2dad145e7f" "Mozilla/5.0 (X11; Linux x86_64) AppleWebKit/537.36 (KHTML, like Gecko) Chrome/35.0.1916.114 Safari/537.36"
94.102.91.188 - - [14/Jul/2014:05:17:06 +0400] "GET /phpmyadmin/themes/pmahomme/jquery/jquery-ui-1.9.2.custom.css HTTP/1.1" 404 570 "http://uiweb.ru/phpmyadmin/index.php?token=46b26473553c6501411d1b2dad145e7f" "Mozilla/5.0 (X11; Linux x86_64) AppleWebKit/537.36 (KHTML, like Gecko) Chrome/35.0.1916.114 Safari/537.36"
94.102.91.188 - - [14/Jul/2014:05:17:06 +0400] "GET /phpmyadmin/themes/dot.gif HTTP/1.1" 404 570 "http://uiweb.ru/phpmyadmin/index.php?token=46b26473553c6501411d1b2dad145e7f" "Mozilla/5.0 (X11; Linux x86_64) AppleWebKit/537.36 (KHTML, like Gecko) Chrome/35.0.1916.114 Safari/537.36"
94.102.91.188 - - [14/Jul/2014:05:17:06 +0400] "GET /phpmyadmin/phpmyadmin.css.php?server=1&token=46b26473553c6501411d1b2dad145e7f&nocache=4202263715ltr HTTP/1.1" 200 93090 "http://uiweb.ru/phpmyadmin/index.php?token=46b26473553c6501411d1b2dad145e7f" "Mozilla/5.0 (X11; Linux x86_64) AppleWebKit/537.36 (KHTML, like Gecko) Chrome/35.0.1916.114 Safari/537.36"
94.102.91.188 - - [14/Jul/2014:05:17:06 +0400] "GET /phpmyadmin/js/get_scripts.js.php?token=46b26473553c6501411d1b2dad145e7f&scripts[]=jquery/jquery-1.8.3.min.js&scripts[]=ajax.js&scripts[]=keyhandler.js&scripts[]=jquery/jquery-ui-1.9.2.custom.min.js&scripts[]=jquery/jquery.sprintf.js&scripts[]=jquery/jquery.cookie.js&scripts[]=jquery/jquery.mousewheel.js&scripts[]=jquery/jquery.event.drag-2.2.js&scripts[]=jquery/jquery-ui-timepicker-addon.js&scripts[]=jquery/jquery.ba-hashchange-1.3.js&scripts[]=jquery/jquery.debounce-1.0.5.js&scripts[]=jquery/jquery.menuResizer-1.0.js&scripts[]=cross_framing_protection.js&scripts[]=rte.js&scripts[]=tracekit/tracekit.js&scripts[]=error_report.js&scripts[]=doclinks.js&scripts[]=functions.js&scripts[]=navigation.js&scripts[]=indexes.js&scripts[]=common.js&scripts[]=codemirror/lib/codemirror.js&scripts[]=codemirror/mode/sql/sql.js&scripts[]=codemirror/addon/runmode/runmode.js HTTP/1.1" 200 1039592 "http://uiweb.ru/phpmyadmin/index.php?token=46b26473553c6501411d1b2dad145e7f" "Mozilla/5.0 (X11; Linux x86_64) AppleWebKit/537.36 (KHTML, like Gecko) Chrome/35.0.1916.114 Safari/537.36"
94.102.91.188 - - [14/Jul/2014:05:17:06 +0400] "GET /phpmyadmin/themes/pmahomme/img/logo_left.png HTTP/1.1" 404 570 "http://uiweb.ru/phpmyadmin/index.php?token=46b26473553c6501411d1b2dad145e7f" "Mozilla/5.0 (X11; Linux x86_64) AppleWebKit/537.36 (KHTML, like Gecko) Chrome/35.0.1916.114 Safari/537.36"
94.102.91.188 - - [14/Jul/2014:05:17:06 +0400] "GET /phpmyadmin/themes/dot.gif HTTP/1.1" 404 570 "http://uiweb.ru/phpmyadmin/index.php?token=46b26473553c6501411d1b2dad145e7f" "Mozilla/5.0 (X11; Linux x86_64) AppleWebKit/537.36 (KHTML, like Gecko) Chrome/35.0.1916.114 Safari/537.36"
94.102.91.188 - - [14/Jul/2014:05:17:06 +0400] "GET /phpmyadmin/themes/pmahomme/img/ajax_clock_small.gif HTTP/1.1" 404 570 "http://uiweb.ru/phpmyadmin/index.php?token=46b26473553c6501411d1b2dad145e7f" "Mozilla/5.0 (X11; Linux x86_64) AppleWebKit/537.36 (KHTML, like Gecko) Chrome/35.0.1916.114 Safari/537.36"
94.102.91.188 - - [14/Jul/2014:05:17:06 +0400] "GET /phpmyadmin/themes/pmahomme/img/left_nav_bg.png HTTP/1.1" 404 570 "http://uiweb.ru/phpmyadmin/index.php?token=46b26473553c6501411d1b2dad145e7f" "Mozilla/5.0 (X11; Linux x86_64) AppleWebKit/537.36 (KHTML, like Gecko) Chrome/35.0.1916.114 Safari/537.36"
94.102.91.188 - - [14/Jul/2014:05:17:06 +0400] "GET /phpmyadmin/themes/pmahomme/img/sprites.png HTTP/1.1" 404 570 "http://uiweb.ru/phpmyadmin/index.php?token=46b26473553c6501411d1b2dad145e7f" "Mozilla/5.0 (X11; Linux x86_64) AppleWebKit/537.36 (KHTML, like Gecko) Chrome/35.0.1916.114 Safari/537.36"
94.102.91.188 - - [14/Jul/2014:05:17:07 +0400] "GET /phpmyadmin/version_check.php?&_nocache=1405300626928296572 HTTP/1.1" 200 39 "http://uiweb.ru/phpmyadmin/index.php?token=46b26473553c6501411d1b2dad145e7f" "Mozilla/5.0 (X11; Linux x86_64) AppleWebKit/537.36 (KHTML, like Gecko) Chrome/35.0.1916.114 Safari/537.36"
109.234.156.66 - - [14/Jul/2014:06:21:02 +0400] "GET / HTTP/1.1" 200 84597 "-" "Mozilla/5.0 (X11; Linux x86_64) AppleWebKit/537.11 (KHTML, like Gecko) Ubuntu Chromium/23.0.1271.97 Chrome/23.0.1271.97 Safari/537.11"
207.46.13.110 - - [14/Jul/2014:07:00:59 +0400] "GET /robots.txt HTTP/1.1" 404 168 "-" "Mozilla/5.0 (compatible; bingbot/2.0; +http://www.bing.com/bingbot.htm)"
207.46.13.110 - - [14/Jul/2014:07:01:14 +0400] "GET / HTTP/1.1" 200 85175 "-" "Mozilla/5.0 (compatible; bingbot/2.0; +http://www.bing.com/bingbot.htm)"
207.46.13.110 - - [14/Jul/2014:09:19:37 +0400] "GET /robots.txt HTTP/1.1" 404 168 "-" "Mozilla/5.0 (compatible; bingbot/2.0; +http://www.bing.com/bingbot.htm)"
207.46.13.110 - - [14/Jul/2014:09:19:55 +0400] "GET / HTTP/1.1" 200 85151 "-" "Mozilla/5.0 (compatible; bingbot/2.0; +http://www.bing.com/bingbot.htm)"
31.202.241.242 - - [14/Jul/2014:09:40:05 +0400] "GET / HTTP/1.0" 200 85278 "http://downloaflare.biz" "Mozilla/5.1 (compatible; CBot/1.0; +http://downloaflare.biz)"
31.202.241.242 - - [14/Jul/2014:09:40:05 +0400] "GET / HTTP/1.0" 200 14038 "http://downloaflare.biz" "Mozilla/5.1 (compatible; CBot/1.0; +http://downloaflare.biz)"
31.202.241.242 - - [14/Jul/2014:09:40:05 +0400] "GET / HTTP/1.0" 200 14038 "http://downloaflare.biz" "Mozilla/5.1 (compatible; CBot/1.0; +http://downloaflare.biz)"
66.249.78.146 - - [14/Jul/2014:13:08:38 +0400] "GET /robots.txt HTTP/1.1" 404 168 "-" "Mozilla/5.0 (compatible; Googlebot/2.1; +http://www.google.com/bot.html)"
66.249.78.153 - - [14/Jul/2014:13:08:39 +0400] "GET / HTTP/1.1" 200 85107 "-" "Mozilla/5.0 (iPhone; CPU iPhone OS 6_0 like Mac OS X) AppleWebKit/536.26 (KHTML, like Gecko) Version/6.0 Mobile/10A5376e Safari/8536.25 (compatible; Googlebot/2.1; +http://www.google.com/bot.html)"
207.46.13.110 - - [14/Jul/2014:17:49:36 +0400] "GET /robots.txt HTTP/1.1" 404 168 "-" "Mozilla/5.0 (compatible; bingbot/2.0; +http://www.bing.com/bingbot.htm)"
207.46.13.110 - - [14/Jul/2014:17:50:51 +0400] "GET / HTTP/1.1" 200 85175 "-" "Mozilla/5.0 (compatible; bingbot/2.0; +http://www.bing.com/bingbot.htm)"
207.46.13.110 - - [14/Jul/2014:20:04:49 +0400] "GET /robots.txt HTTP/1.1" 404 168 "-" "Mozilla/5.0 (compatible; bingbot/2.0; +http://www.bing.com/bingbot.htm)"
207.46.13.110 - - [14/Jul/2014:20:05:48 +0400] "GET / HTTP/1.1" 200 85151 "-" "Mozilla/5.0 (compatible; bingbot/2.0; +http://www.bing.com/bingbot.htm)"
192.99.250.224 - - [15/Jul/2014:02:05:20 +0400] "GET /wp-login.php HTTP/1.1" 404 308 "-" "Mozilla/5.0 (Windows NT 6.1) AppleWebKit/537.1 (KHTML, like Gecko) Chrome/23.0.1271.6 Safari/537.11"
192.99.250.224 - - [15/Jul/2014:02:05:20 +0400] "GET /administrator/ HTTP/1.1" 404 310 "-" "Mozilla/5.0 (Windows NT 6.1) AppleWebKit/537.1 (KHTML, like Gecko) Chrome/23.0.1271.6 Safari/537.11"
192.99.250.224 - - [15/Jul/2014:02:05:21 +0400] "GET /admin.php HTTP/1.1" 404 305 "-" "Mozilla/5.0 (Windows NT 6.1) AppleWebKit/537.1 (KHTML, like Gecko) Chrome/23.0.1271.6 Safari/537.11"
94.19.122.104 - - [15/Jul/2014:02:57:01 +0400] "GET /admin.php HTTP/1.0" 404 305 "-" "Opera/9.80 (Windows NT 6.1; U; ru) Presto/2.8.131 Version/11.10"
94.19.122.104 - - [15/Jul/2014:02:57:01 +0400] "GET /administrator/index.php HTTP/1.0" 404 319 "-" "Opera/9.80 (Windows NT 6.1; U; ru) Presto/2.8.131 Version/11.10"
94.19.122.104 - - [15/Jul/2014:02:57:01 +0400] "GET /wp-login.php HTTP/1.0" 404 308 "-" "Opera/9.80 (Windows NT 6.1; U; ru) Presto/2.8.131 Version/11.10"
88.85.95.125 - - [15/Jul/2014:03:40:32 +0400] "GET / HTTP/1.0" 200 84311 "-" "Mozilla/5.0 (Windows; I; Windows NT 5.1; ru; rv:1.9.2.13) Gecko/20100101 Firefox/4.0"
207.46.13.110 - - [15/Jul/2014:05:27:02 +0400] "GET /robots.txt HTTP/1.1" 404 168 "-" "Mozilla/5.0 (compatible; bingbot/2.0; +http://www.bing.com/bingbot.htm)"
207.46.13.110 - - [15/Jul/2014:05:27:06 +0400] "GET / HTTP/1.1" 200 85175 "-" "Mozilla/5.0 (compatible; bingbot/2.0; +http://www.bing.com/bingbot.htm)"
109.234.156.66 - - [15/Jul/2014:06:09:48 +0400] "GET / HTTP/1.1" 200 84595 "-" "Mozilla/5.0 (X11; Linux x86_64) AppleWebKit/537.11 (KHTML, like Gecko) Ubuntu Chromium/23.0.1271.97 Chrome/23.0.1271.97 Safari/537.11"
207.46.13.110 - - [15/Jul/2014:07:16:28 +0400] "GET /robots.txt HTTP/1.1" 404 168 "-" "Mozilla/5.0 (compatible; bingbot/2.0; +http://www.bing.com/bingbot.htm)"
207.46.13.110 - - [15/Jul/2014:07:17:53 +0400] "GET / HTTP/1.1" 200 85151 "-" "Mozilla/5.0 (compatible; bingbot/2.0; +http://www.bing.com/bingbot.htm)"
77.87.207.203 - - [15/Jul/2014:14:40:40 +0400] "GET /wp-login.php HTTP/1.1" 404 308 "-" "Mozilla/5.0 (Windows NT 5.1) AppleWebKit/537.1 (KHTML, like Gecko) Chrome/24.0.1290.1 Safari/537.13"
77.87.207.203 - - [15/Jul/2014:14:40:40 +0400] "GET /administrator/ HTTP/1.1" 404 310 "-" "Mozilla/5.0 (Windows NT 5.1) AppleWebKit/537.1 (KHTML, like Gecko) Chrome/24.0.1290.1 Safari/537.13"
77.87.207.203 - - [15/Jul/2014:14:40:41 +0400] "GET /admin.php HTTP/1.1" 404 305 "-" "Mozilla/5.0 (Windows NT 5.1) AppleWebKit/537.1 (KHTML, like Gecko) Chrome/24.0.1290.1 Safari/537.13"
207.46.13.110 - - [15/Jul/2014:15:41:48 +0400] "GET /robots.txt HTTP/1.1" 404 168 "-" "Mozilla/5.0 (compatible; bingbot/2.0; +http://www.bing.com/bingbot.htm)"
207.46.13.110 - - [15/Jul/2014:15:43:27 +0400] "GET / HTTP/1.1" 200 85175 "-" "Mozilla/5.0 (compatible; bingbot/2.0; +http://www.bing.com/bingbot.htm)"
207.46.13.110 - - [15/Jul/2014:18:13:40 +0400] "GET /robots.txt HTTP/1.1" 404 168 "-" "Mozilla/5.0 (compatible; bingbot/2.0; +http://www.bing.com/bingbot.htm)"
207.46.13.110 - - [15/Jul/2014:18:14:12 +0400] "GET / HTTP/1.1" 200 85151 "-" "Mozilla/5.0 (compatible; bingbot/2.0; +http://www.bing.com/bingbot.htm)"
144.76.62.77 - - [15/Jul/2014:20:19:14 +0400] "GET / HTTP/1.1" 200 85043 "-" "Mozilla/5.0 (Windows NT 6.1; WOW64) AppleWebKit/537.4 (KHTML, like Gecko) Chrome/22.0.1229.94 Safari/537.4"
66.249.69.135 - - [16/Jul/2014:00:42:49 +0400] "GET /robots.txt HTTP/1.1" 404 168 "-" "Mozilla/5.0 (compatible; Googlebot/2.1; +http://www.google.com/bot.html)"
66.249.69.151 - - [16/Jul/2014:00:42:50 +0400] "GET / HTTP/1.1" 200 85083 "-" "Mozilla/5.0 (iPhone; CPU iPhone OS 6_0 like Mac OS X) AppleWebKit/536.26 (KHTML, like Gecko) Version/6.0 Mobile/10A5376e Safari/8536.25 (compatible; Googlebot/2.1; +http://www.google.com/bot.html)"
5.175.225.35 - - [16/Jul/2014:00:54:51 +0400] "GET /wp-login.php HTTP/1.1" 404 308 "-" "Mozilla/5.0 (Windows NT 6.1) AppleWebKit/537.1 (KHTML, like Gecko) Chrome/23.0.1271.6 Safari/537.11"
5.175.225.35 - - [16/Jul/2014:00:55:11 +0400] "GET /administrator/ HTTP/1.1" 404 310 "-" "Mozilla/5.0 (Windows NT 6.1) AppleWebKit/537.1 (KHTML, like Gecko) Chrome/23.0.1271.6 Safari/537.11"
5.175.225.35 - - [16/Jul/2014:00:55:31 +0400] "GET /admin.php HTTP/1.1" 404 305 "-" "Mozilla/5.0 (Windows NT 6.1) AppleWebKit/537.1 (KHTML, like Gecko) Chrome/23.0.1271.6 Safari/537.11"
207.46.13.110 - - [16/Jul/2014:03:30:20 +0400] "GET /robots.txt HTTP/1.1" 404 168 "-" "Mozilla/5.0 (compatible; bingbot/2.0; +http://www.bing.com/bingbot.htm)"
207.46.13.110 - - [16/Jul/2014:03:30:29 +0400] "GET / HTTP/1.1" 200 85175 "-" "Mozilla/5.0 (compatible; bingbot/2.0; +http://www.bing.com/bingbot.htm)"
207.46.13.110 - - [16/Jul/2014:05:54:29 +0400] "GET /robots.txt HTTP/1.1" 404 168 "-" "Mozilla/5.0 (compatible; bingbot/2.0; +http://www.bing.com/bingbot.htm)"
207.46.13.110 - - [16/Jul/2014:05:54:32 +0400] "GET / HTTP/1.1" 200 85151 "-" "Mozilla/5.0 (compatible; bingbot/2.0; +http://www.bing.com/bingbot.htm)"
109.234.156.66 - - [16/Jul/2014:06:27:21 +0400] "GET / HTTP/1.1" 200 84597 "-" "Mozilla/5.0 (X11; Linux x86_64) AppleWebKit/537.11 (KHTML, like Gecko) Ubuntu Chromium/23.0.1271.97 Chrome/23.0.1271.97 Safari/537.11"
207.46.13.110 - - [16/Jul/2014:14:56:15 +0400] "GET /robots.txt HTTP/1.1" 404 168 "-" "Mozilla/5.0 (compatible; bingbot/2.0; +http://www.bing.com/bingbot.htm)"
207.46.13.110 - - [16/Jul/2014:14:56:31 +0400] "GET / HTTP/1.1" 200 85173 "-" "Mozilla/5.0 (compatible; bingbot/2.0; +http://www.bing.com/bingbot.htm)"
207.46.13.110 - - [16/Jul/2014:17:45:41 +0400] "GET /robots.txt HTTP/1.1" 404 168 "-" "Mozilla/5.0 (compatible; bingbot/2.0; +http://www.bing.com/bingbot.htm)"
207.46.13.110 - - [16/Jul/2014:17:45:56 +0400] "GET / HTTP/1.1" 200 85151 "-" "Mozilla/5.0 (compatible; bingbot/2.0; +http://www.bing.com/bingbot.htm)"
54.214.171.4 - - [16/Jul/2014:21:13:22 +0400] "GET / HTTP/1.1" 200 84684 "http://www.xxlpromo.com" "Mozilla/5.0 (Windows NT 6.1; Win64; x64; rv:25.0) Gecko/20100101 Firefox/25.0"
207.46.13.110 - - [17/Jul/2014:02:25:03 +0400] "GET /robots.txt HTTP/1.1" 404 168 "-" "Mozilla/5.0 (compatible; bingbot/2.0; +http://www.bing.com/bingbot.htm)"
207.46.13.110 - - [17/Jul/2014:02:25:14 +0400] "GET / HTTP/1.1" 200 85175 "-" "Mozilla/5.0 (compatible; bingbot/2.0; +http://www.bing.com/bingbot.htm)"
207.46.13.35 - - [17/Jul/2014:03:28:32 +0400] "GET /robots.txt HTTP/1.1" 404 168 "-" "Mozilla/5.0 (compatible; bingbot/2.0; +http://www.bing.com/bingbot.htm)"
207.46.13.35 - - [17/Jul/2014:03:28:50 +0400] "GET /article/view/1 HTTP/1.1" 404 310 "-" "Mozilla/5.0 (compatible; bingbot/2.0; +http://www.bing.com/bingbot.htm)"
216.145.11.94 - - [17/Jul/2014:03:35:29 +0400] "GET /robots.txt HTTP/1.0" 404 168 "-" "Mozilla/5.0 (Windows; U; Windows NT 5.1; en; rv:1.9.0.13) Gecko/2009073022 Firefox/3.5.2 (.NET CLR 3.5.30729) SurveyBot/2.3 (DomainTools)"
216.145.11.94 - - [17/Jul/2014:03:35:30 +0400] "GET / HTTP/1.1" 200 85874 "http://whois.domaintools.com/uiweb.ru" "Mozilla/5.0 (Windows; U; Windows NT 5.1; en; rv:1.9.0.13) Gecko/2009073022 Firefox/3.5.2 (.NET CLR 3.5.30729) SurveyBot/2.3 (DomainTools)"
157.55.39.119 - - [17/Jul/2014:03:59:10 +0400] "GET /users/add_customer HTTP/1.1" 404 314 "-" "Mozilla/5.0 (compatible; bingbot/2.0; +http://www.bing.com/bingbot.htm)"
157.55.39.224 - - [17/Jul/2014:04:31:52 +0400] "GET /followed.html HTTP/1.1" 404 313 "-" "Mozilla/5.0 (compatible; bingbot/2.0; +http://www.bing.com/bingbot.htm)"
207.46.13.110 - - [17/Jul/2014:04:52:40 +0400] "GET / HTTP/1.1" 200 85151 "-" "Mozilla/5.0 (compatible; bingbot/2.0; +http://www.bing.com/bingbot.htm)"
109.234.156.66 - - [17/Jul/2014:08:00:24 +0400] "GET / HTTP/1.1" 200 84597 "-" "Mozilla/5.0 (X11; Linux x86_64) AppleWebKit/537.11 (KHTML, like Gecko) Ubuntu Chromium/23.0.1271.97 Chrome/23.0.1271.97 Safari/537.11"
178.210.65.38 - - [17/Jul/2014:10:09:20 +0400] "GET / HTTP/1.1" 200 84634 "-" "Mozilla/5.0 (compatible; Web-Monitoring/1.0; +http://monoid.nic.ru/)"
178.210.65.38 - - [17/Jul/2014:10:09:21 +0400] "HEAD /bitrix/admin/ HTTP/1.1" 404 0 "-" "Mozilla/5.0 (compatible; Web-Monitoring/1.0; +http://monoid.nic.ru/)"
178.210.65.38 - - [17/Jul/2014:10:09:22 +0400] "HEAD /bitrix/themes/.default/images/auth_pict.gif HTTP/1.1" 404 0 "-" "Mozilla/5.0 (compatible; Web-Monitoring/1.0; +http://monoid.nic.ru/)"
178.210.65.38 - - [17/Jul/2014:10:09:23 +0400] "HEAD /bitrix/js/main/core/core.css HTTP/1.1" 404 0 "-" "Mozilla/5.0 (compatible; Web-Monitoring/1.0; +http://monoid.nic.ru/)"
178.210.65.38 - - [17/Jul/2014:10:09:24 +0400] "HEAD /bitrix/themes/.default/adminstyles.css HTTP/1.1" 404 0 "-" "Mozilla/5.0 (compatible; Web-Monitoring/1.0; +http://monoid.nic.ru/)"
178.210.65.38 - - [17/Jul/2014:10:09:25 +0400] "HEAD /user/login/ HTTP/1.1" 404 0 "-" "Mozilla/5.0 (compatible; Web-Monitoring/1.0; +http://monoid.nic.ru/)"
178.210.65.38 - - [17/Jul/2014:10:09:26 +0400] "HEAD /node/ HTTP/1.1" 404 0 "-" "Mozilla/5.0 (compatible; Web-Monitoring/1.0; +http://monoid.nic.ru/)"
178.210.65.38 - - [17/Jul/2014:10:09:27 +0400] "HEAD /user/password/ HTTP/1.1" 404 0 "-" "Mozilla/5.0 (compatible; Web-Monitoring/1.0; +http://monoid.nic.ru/)"
178.210.65.38 - - [17/Jul/2014:10:09:28 +0400] "HEAD /modules/system/system.css HTTP/1.1" 404 0 "-" "Mozilla/5.0 (compatible; Web-Monitoring/1.0; +http://monoid.nic.ru/)"
178.210.65.38 - - [17/Jul/2014:10:09:29 +0400] "HEAD /modules/system/system.base.css HTTP/1.1" 404 0 "-" "Mozilla/5.0 (compatible; Web-Monitoring/1.0; +http://monoid.nic.ru/)"
178.210.65.38 - - [17/Jul/2014:10:09:30 +0400] "HEAD /media/system/js/mootools.js HTTP/1.1" 404 0 "-" "Mozilla/5.0 (compatible; Web-Monitoring/1.0; +http://monoid.nic.ru/)"
178.210.65.38 - - [17/Jul/2014:10:09:31 +0400] "HEAD /templates/system/css/system.css HTTP/1.1" 404 0 "-" "Mozilla/5.0 (compatible; Web-Monitoring/1.0; +http://monoid.nic.ru/)"
178.210.65.38 - - [17/Jul/2014:10:09:32 +0400] "HEAD /manager/media/style/MODxCarbon/images/misc/logo.png HTTP/1.1" 404 0 "-" "Mozilla/5.0 (compatible; Web-Monitoring/1.0; +http://monoid.nic.ru/)"
178.210.65.38 - - [17/Jul/2014:10:09:33 +0400] "HEAD /manager/media/style/MODxCarbon/images/misc/login-logo.png HTTP/1.1" 404 0 "-" "Mozilla/5.0 (compatible; Web-Monitoring/1.0; +http://monoid.nic.ru/)"
178.210.65.38 - - [17/Jul/2014:10:09:34 +0400] "HEAD /manager/media/script/mootools/mootools.js HTTP/1.1" 404 0 "-" "Mozilla/5.0 (compatible; Web-Monitoring/1.0; +http://monoid.nic.ru/)"
178.210.65.38 - - [17/Jul/2014:10:09:35 +0400] "HEAD /manager/media/style/MODxCarbon/style.css HTTP/1.1" 404 0 "-" "Mozilla/5.0 (compatible; Web-Monitoring/1.0; +http://monoid.nic.ru/)"
178.210.65.38 - - [17/Jul/2014:10:09:36 +0400] "HEAD /manager/ HTTP/1.1" 404 0 "-" "Mozilla/5.0 (compatible; Web-Monitoring/1.0; +http://monoid.nic.ru/)"
178.210.65.38 - - [17/Jul/2014:10:09:37 +0400] "HEAD /manager/templates/default/images/style/modx-logo-header.png HTTP/1.1" 404 0 "-" "Mozilla/5.0 (compatible; Web-Monitoring/1.0; +http://monoid.nic.ru/)"
178.210.65.38 - - [17/Jul/2014:10:09:38 +0400] "HEAD /manager/templates/default/images/restyle/headers.jpg HTTP/1.1" 404 0 "-" "Mozilla/5.0 (compatible; Web-Monitoring/1.0; +http://monoid.nic.ru/)"
178.210.65.38 - - [17/Jul/2014:10:09:39 +0400] "HEAD /manager/templates/default/css/login-min.css HTTP/1.1" 404 0 "-" "Mozilla/5.0 (compatible; Web-Monitoring/1.0; +http://monoid.nic.ru/)"
178.210.65.38 - - [17/Jul/2014:10:09:40 +0400] "HEAD /netcat/admin/ HTTP/1.1" 404 0 "-" "Mozilla/5.0 (compatible; Web-Monitoring/1.0; +http://monoid.nic.ru/)"
178.210.65.38 - - [17/Jul/2014:10:09:41 +0400] "HEAD /netcat/admin/skins/default/img/logo.png HTTP/1.1" 404 0 "-" "Mozilla/5.0 (compatible; Web-Monitoring/1.0; +http://monoid.nic.ru/)"
178.210.65.38 - - [17/Jul/2014:10:09:42 +0400] "HEAD /netcat/admin/skins/default/css/style.css HTTP/1.1" 404 0 "-" "Mozilla/5.0 (compatible; Web-Monitoring/1.0; +http://monoid.nic.ru/)"
178.210.65.38 - - [17/Jul/2014:10:09:43 +0400] "HEAD /netcat/admin/skins/default/css/login.css HTTP/1.1" 404 0 "-" "Mozilla/5.0 (compatible; Web-Monitoring/1.0; +http://monoid.nic.ru/)"
178.210.65.38 - - [17/Jul/2014:10:09:45 +0400] "HEAD /images/cms/admin/mac/common/butterfly.png HTTP/1.1" 404 0 "-" "Mozilla/5.0 (compatible; Web-Monitoring/1.0; +http://monoid.nic.ru/)"
178.210.65.38 - - [17/Jul/2014:10:09:46 +0400] "HEAD /installed HTTP/1.1" 404 0 "-" "Mozilla/5.0 (compatible; Web-Monitoring/1.0; +http://monoid.nic.ru/)"
178.210.65.38 - - [17/Jul/2014:10:09:47 +0400] "HEAD /users/registrate/ HTTP/1.1" 404 0 "-" "Mozilla/5.0 (compatible; Web-Monitoring/1.0; +http://monoid.nic.ru/)"
178.210.65.38 - - [17/Jul/2014:10:09:48 +0400] "HEAD /admin/content/sitetree/ HTTP/1.1" 404 0 "-" "Mozilla/5.0 (compatible; Web-Monitoring/1.0; +http://monoid.nic.ru/)"
178.210.65.38 - - [17/Jul/2014:10:09:49 +0400] "HEAD /users/forget/ HTTP/1.1" 404 0 "-" "Mozilla/5.0 (compatible; Web-Monitoring/1.0; +http://monoid.nic.ru/)"
178.210.65.38 - - [17/Jul/2014:10:09:49 +0400] "HEAD /styles/skins/mac/design/css/style.css HTTP/1.1" 404 0 "-" "Mozilla/5.0 (compatible; Web-Monitoring/1.0; +http://monoid.nic.ru/)"
178.210.65.38 - - [17/Jul/2014:10:09:50 +0400] "HEAD /wp-admin/ HTTP/1.1" 404 0 "-" "Mozilla/5.0 (compatible; Web-Monitoring/1.0; +http://monoid.nic.ru/)"
178.210.65.38 - - [17/Jul/2014:10:09:51 +0400] "HEAD /wp-content/ HTTP/1.1" 404 0 "-" "Mozilla/5.0 (compatible; Web-Monitoring/1.0; +http://monoid.nic.ru/)"
178.210.65.38 - - [17/Jul/2014:10:09:52 +0400] "HEAD /wp-admin/images/wordpress-logo.png HTTP/1.1" 404 0 "-" "Mozilla/5.0 (compatible; Web-Monitoring/1.0; +http://monoid.nic.ru/)"
178.210.65.38 - - [17/Jul/2014:10:09:53 +0400] "HEAD /wp-login.php HTTP/1.1" 404 0 "-" "Mozilla/5.0 (compatible; Web-Monitoring/1.0; +http://monoid.nic.ru/)"
178.210.65.38 - - [17/Jul/2014:10:09:54 +0400] "HEAD /wp-admin/css/wp-admin.css HTTP/1.1" 404 0 "-" "Mozilla/5.0 (compatible; Web-Monitoring/1.0; +http://monoid.nic.ru/)"
207.46.13.110 - - [17/Jul/2014:13:58:25 +0400] "GET /robots.txt HTTP/1.1" 404 168 "-" "Mozilla/5.0 (compatible; bingbot/2.0; +http://www.bing.com/bingbot.htm)"
207.46.13.110 - - [17/Jul/2014:13:58:59 +0400] "GET / HTTP/1.1" 200 85173 "-" "Mozilla/5.0 (compatible; bingbot/2.0; +http://www.bing.com/bingbot.htm)"
207.46.13.110 - - [17/Jul/2014:16:35:51 +0400] "GET /robots.txt HTTP/1.1" 404 168 "-" "Mozilla/5.0 (compatible; bingbot/2.0; +http://www.bing.com/bingbot.htm)"
207.46.13.110 - - [17/Jul/2014:16:36:01 +0400] "GET / HTTP/1.1" 200 85151 "-" "Mozilla/5.0 (compatible; bingbot/2.0; +http://www.bing.com/bingbot.htm)"
188.92.76.167 - - [17/Jul/2014:17:35:20 +0400] "HEAD / HTTP/1.1" 200 0 "http://wmaid.com/explore/uiweb.ru/" "Mozilla/5.0 (compatible; WebMasterAid/1.0; +http://wmaid.com/explore/)"
217.21.214.50 - - [17/Jul/2014:17:40:12 +0400] "GET / HTTP/1.1" 200 85039 "-" "Mozilla/5.0 (Macintosh; Intel Mac OS X 10.6; rv:30.0) Gecko/20100101 Firefox/30.0"
217.21.214.50 - - [17/Jul/2014:17:40:12 +0400] "GET /favicon.ico HTTP/1.1" 404 168 "-" "Mozilla/5.0 (Macintosh; Intel Mac OS X 10.6; rv:30.0) Gecko/20100101 Firefox/30.0"
217.21.214.50 - - [17/Jul/2014:17:40:12 +0400] "GET /favicon.ico HTTP/1.1" 404 168 "-" "Mozilla/5.0 (Macintosh; Intel Mac OS X 10.6; rv:30.0) Gecko/20100101 Firefox/30.0"
207.46.13.110 - - [17/Jul/2014:20:26:07 +0400] "GET / HTTP/1.1" 200 85151 "-" "Mozilla/5.0 (compatible; bingbot/2.0; +http://www.bing.com/bingbot.htm)"
207.46.13.110 - - [18/Jul/2014:06:01:09 +0400] "GET /robots.txt HTTP/1.1" 404 168 "-" "Mozilla/5.0 (compatible; bingbot/2.0; +http://www.bing.com/bingbot.htm)"
207.46.13.110 - - [18/Jul/2014:06:01:21 +0400] "GET / HTTP/1.1" 200 85175 "-" "Mozilla/5.0 (compatible; bingbot/2.0; +http://www.bing.com/bingbot.htm)"
109.234.156.66 - - [18/Jul/2014:07:04:14 +0400] "GET / HTTP/1.1" 200 84597 "-" "Mozilla/5.0 (X11; Linux x86_64) AppleWebKit/537.11 (KHTML, like Gecko) Ubuntu Chromium/23.0.1271.97 Chrome/23.0.1271.97 Safari/537.11"
157.55.39.79 - - [18/Jul/2014:08:21:34 +0400] "GET /robots.txt HTTP/1.1" 404 168 "-" "Mozilla/5.0 (compatible; bingbot/2.0; +http://www.bing.com/bingbot.htm)"
157.55.39.79 - - [18/Jul/2014:08:22:11 +0400] "GET /article/view/1 HTTP/1.1" 404 310 "-" "Mozilla/5.0 (compatible; bingbot/2.0; +http://www.bing.com/bingbot.htm)"
207.46.13.110 - - [18/Jul/2014:08:51:00 +0400] "GET / HTTP/1.1" 200 85151 "-" "Mozilla/5.0 (compatible; bingbot/2.0; +http://www.bing.com/bingbot.htm)"
54.83.186.17 - - [18/Jul/2014:09:49:34 +0400] "GET / HTTP/1.1" 200 84408 "-" "Mozilla/5.0 (Windows; U; Windows NT 6.0; en-US; rv:1.9.2.3) Gecko/20100401 Firefox/3.6.3 GTB6 (.NET CLR 3.5.30729)"
37.143.15.61 - - [18/Jul/2014:14:03:04 +0400] "GET /wp-login.php HTTP/1.1" 404 308 "-" "Opera/9.80 (Windows NT 5.1; U; ru) Presto/2.9.168 Version/11.50"
37.143.15.61 - - [18/Jul/2014:14:03:05 +0400] "GET /administrator/index.php HTTP/1.1" 404 319 "-" "Opera/9.80 (Windows NT 5.1; U; ru) Presto/2.9.168 Version/11.50"
37.143.15.61 - - [18/Jul/2014:14:03:06 +0400] "GET /bitrix/admin/ HTTP/1.1" 404 309 "-" "Opera/9.80 (Windows NT 5.1; U; ru) Presto/2.9.168 Version/11.50"
207.46.13.110 - - [18/Jul/2014:17:12:51 +0400] "GET /robots.txt HTTP/1.1" 404 168 "-" "Mozilla/5.0 (compatible; bingbot/2.0; +http://www.bing.com/bingbot.htm)"
207.46.13.110 - - [18/Jul/2014:17:13:01 +0400] "GET / HTTP/1.1" 200 85175 "-" "Mozilla/5.0 (compatible; bingbot/2.0; +http://www.bing.com/bingbot.htm)"
207.46.13.110 - - [18/Jul/2014:19:51:02 +0400] "GET /robots.txt HTTP/1.1" 404 168 "-" "Mozilla/5.0 (compatible; bingbot/2.0; +http://www.bing.com/bingbot.htm)"
207.46.13.110 - - [18/Jul/2014:19:51:15 +0400] "GET / HTTP/1.1" 200 85151 "-" "Mozilla/5.0 (compatible; bingbot/2.0; +http://www.bing.com/bingbot.htm)"
198.57.175.233 - - [19/Jul/2014:04:10:34 +0400] "GET / HTTP/1.1" 200 85144 "-" "Mozilla/5.0 (compatible MSIE 9.0 Windows NT 6.1 WOW64 Trident/5.0)"
207.46.13.110 - - [19/Jul/2014:05:09:26 +0400] "GET /robots.txt HTTP/1.1" 404 168 "-" "Mozilla/5.0 (compatible; bingbot/2.0; +http://www.bing.com/bingbot.htm)"
207.46.13.110 - - [19/Jul/2014:05:09:39 +0400] "GET / HTTP/1.1" 200 85175 "-" "Mozilla/5.0 (compatible; bingbot/2.0; +http://www.bing.com/bingbot.htm)"
109.234.156.66 - - [19/Jul/2014:06:06:57 +0400] "GET / HTTP/1.1" 200 84597 "-" "Mozilla/5.0 (X11; Linux x86_64) AppleWebKit/537.11 (KHTML, like Gecko) Ubuntu Chromium/23.0.1271.97 Chrome/23.0.1271.97 Safari/537.11"
109.188.124.244 - - [19/Jul/2014:07:18:49 +0400] "GET /wp-login.php HTTP/1.1" 404 308 "-" "Mozilla/5.0 (Windows NT 6.1) AppleWebKit/537.1 (KHTML, like Gecko) Chrome/24.0.1290.1 Safari/537.13"
109.188.124.244 - - [19/Jul/2014:07:18:49 +0400] "GET /administrator/ HTTP/1.1" 404 310 "-" "Mozilla/5.0 (Windows NT 6.1) AppleWebKit/537.1 (KHTML, like Gecko) Chrome/24.0.1290.1 Safari/537.13"
109.188.124.244 - - [19/Jul/2014:07:18:49 +0400] "GET /admin.php HTTP/1.1" 404 305 "-" "Mozilla/5.0 (Windows NT 6.1) AppleWebKit/537.1 (KHTML, like Gecko) Chrome/24.0.1290.1 Safari/537.13"
207.46.13.110 - - [19/Jul/2014:07:42:26 +0400] "GET /robots.txt HTTP/1.1" 404 168 "-" "Mozilla/5.0 (compatible; bingbot/2.0; +http://www.bing.com/bingbot.htm)"
207.46.13.110 - - [19/Jul/2014:07:42:35 +0400] "GET / HTTP/1.1" 200 85151 "-" "Mozilla/5.0 (compatible; bingbot/2.0; +http://www.bing.com/bingbot.htm)"
207.46.13.110 - - [19/Jul/2014:07:43:48 +0400] "GET / HTTP/1.1" 200 85151 "-" "Mozilla/5.0 (compatible; bingbot/2.0; +http://www.bing.com/bingbot.htm)"
178.63.89.147 - - [19/Jul/2014:10:10:32 +0400] "GET / HTTP/1.1" 200 84740 "http://web-rieltor43.ru" "Mozilla/5.0 (Windows  U  Windows NT 6.1  ru  rv:1.9.2.17) Gecko/20110420 Firefox/3.6.17 sputnik 2.4.0.54"
91.237.182.129 - - [19/Jul/2014:12:23:13 +0400] "GET /wp-login.php HTTP/1.1" 404 308 "-" "Opera/9.80 (Windows NT 5.1; U; ru) Presto/2.9.168 Version/11.50"
91.237.182.129 - - [19/Jul/2014:12:23:26 +0400] "GET /administrator/index.php HTTP/1.1" 404 319 "-" "Opera/9.80 (Windows NT 5.1; U; ru) Presto/2.9.168 Version/11.50"
91.237.182.129 - - [19/Jul/2014:12:23:43 +0400] "GET /bitrix/admin/ HTTP/1.1" 404 309 "-" "Opera/9.80 (Windows NT 5.1; U; ru) Presto/2.9.168 Version/11.50"
178.63.89.147 - - [19/Jul/2014:13:54:23 +0400] "GET / HTTP/1.1" 200 84720 "http://ekbobogrev.ru" "Opera/9.64 (Windows NT 5.1  U  MRA 5.6 (build 03402)  MRSPUTNIK OW 2, 3, 0, 104  ru) Presto/2.1.1"
93.159.243.32 - - [19/Jul/2014:15:51:02 +0400] "GET / HTTP/1.1" 200 86434 "http://yandex.ru/clck/jsredir?from=yandex.ru%3Byandsearch%3Bweb%3B%3B&text=&etext=390.UdCE22y9pvNESVbpDCvdgcWEVkjweHCN3hcPYBB_DL8.667e9c36a7c2272f3e2a9e178d54dcc2cb98c6f8&uuid=&state=AiuY0DBWFJ4ePaEse6rgeAjgs2pI3DW99KUdgowt9XsMCv5TMMN9UTQSQbnFqxRfy1qNK6_no60ZRm0CO58Du1JNWxAIcFh9FHKcf2yrS7-8dbG_8b_r-tWFHQqBk2JQh6GVQiuVCFWBrAe-UGnJh-tyVO0e_m41UROXp8mqprfhYy92JCtleoqTqze5qrnf2ugK-TdGX7qe6mtaR126AIC_9RBdeyUpXFgmu5JFuC8&data=UlNrNmk5WktYejR0eWJFYk1LdmtxcGVKcW9zTmJfWHU1OGZYUDNrdzQtR3VZVW9tU3diUjdqZWVoSGRzam1UY3VhanRzNDhJU1dWY0hibk0zTDU0RXVCb080MEtXMGNY&b64e=2&sign=641e266da9b950306361f79c516162bc&keyno=0&l10n=ru" "Mozilla/5.0 (Windows NT 6.1; WOW64; rv:29.0) Gecko/20100101 Firefox/29.0"
93.159.243.32 - - [19/Jul/2014:15:51:03 +0400] "GET /favicon.ico HTTP/1.1" 404 168 "-" "Mozilla/5.0 (Windows NT 6.1; WOW64; rv:29.0) Gecko/20100101 Firefox/29.0"
93.159.243.32 - - [19/Jul/2014:15:51:04 +0400] "GET /favicon.ico HTTP/1.1" 404 168 "-" "Mozilla/5.0 (Windows NT 6.1; WOW64; rv:29.0) Gecko/20100101 Firefox/29.0"
5.255.253.28 - - [19/Jul/2014:15:58:52 +0400] "GET /robots.txt HTTP/1.1" 404 168 "-" "Mozilla/5.0 (compatible; YandexBot/3.0; +http://yandex.com/bots)"
5.255.253.28 - - [19/Jul/2014:15:58:54 +0400] "GET / HTTP/1.1" 200 85056 "-" "Mozilla/5.0 (compatible; YandexDirect/3.0; +http://yandex.com/bots)"
109.120.182.26 - - [19/Jul/2014:16:32:56 +0400] "GET / HTTP/1.1" 200 84923 "http://aviasalon.spb.ru/4070.htm?ref=216665" "Mozilla/5.0 (Windows NT 5.1) AppleWebKit/537.36 (KHTML, like Gecko) Chrome/34.0.1847.131 Safari/537.36"
195.54.213.174 - - [19/Jul/2014:19:16:17 +0400] "GET / HTTP/1.1" 200 85337 "" "Mozilla/5.0 (compatible; statdom.ru/Bot; +http://statdom.ru/bot.html)"
195.54.213.174 - - [19/Jul/2014:19:16:22 +0400] "GET /favicon.ico HTTP/1.1" 404 168 "" "Mozilla/5.0 (compatible; statdom.ru/Bot; +http://statdom.ru/bot.html)"
207.46.13.110 - - [19/Jul/2014:20:01:30 +0400] "GET /robots.txt HTTP/1.1" 404 168 "-" "Mozilla/5.0 (compatible; bingbot/2.0; +http://www.bing.com/bingbot.htm)"
207.46.13.110 - - [19/Jul/2014:20:01:44 +0400] "GET / HTTP/1.1" 200 85175 "-" "Mozilla/5.0 (compatible; bingbot/2.0; +http://www.bing.com/bingbot.htm)"
95.31.182.3 - - [19/Jul/2014:21:10:13 +0400] "GET /wp-login.php HTTP/1.1" 404 308 "-" "Mozilla/5.0 (Windows NT 5.1) AppleWebKit/537.1 (KHTML, like Gecko) Chrome/24.0.1309.0 Safari/537.17"
95.31.182.3 - - [19/Jul/2014:21:10:13 +0400] "GET /administrator/ HTTP/1.1" 404 310 "-" "Mozilla/5.0 (Windows NT 5.1) AppleWebKit/537.1 (KHTML, like Gecko) Chrome/24.0.1309.0 Safari/537.17"
95.31.182.3 - - [19/Jul/2014:21:10:13 +0400] "GET /admin.php HTTP/1.1" 404 305 "-" "Mozilla/5.0 (Windows NT 5.1) AppleWebKit/537.1 (KHTML, like Gecko) Chrome/24.0.1309.0 Safari/537.17"
207.46.13.110 - - [19/Jul/2014:22:29:15 +0400] "GET /robots.txt HTTP/1.1" 404 168 "-" "Mozilla/5.0 (compatible; bingbot/2.0; +http://www.bing.com/bingbot.htm)"
207.46.13.110 - - [19/Jul/2014:22:29:36 +0400] "GET / HTTP/1.1" 200 85149 "-" "Mozilla/5.0 (compatible; bingbot/2.0; +http://www.bing.com/bingbot.htm)"
109.234.156.66 - - [20/Jul/2014:06:27:41 +0400] "GET / HTTP/1.1" 200 84597 "-" "Mozilla/5.0 (X11; Linux x86_64) AppleWebKit/537.11 (KHTML, like Gecko) Ubuntu Chromium/23.0.1271.97 Chrome/23.0.1271.97 Safari/537.11"
178.210.65.38 - - [20/Jul/2014:07:12:27 +0400] "GET / HTTP/1.1" 200 84656 "-" "Mozilla/5.0 (compatible; Web-Monitoring/1.0; +http://monoid.nic.ru/)"
178.210.65.38 - - [20/Jul/2014:07:12:28 +0400] "HEAD /bitrix/admin/ HTTP/1.1" 404 0 "-" "Mozilla/5.0 (compatible; Web-Monitoring/1.0; +http://monoid.nic.ru/)"
178.210.65.38 - - [20/Jul/2014:07:12:29 +0400] "HEAD /bitrix/themes/.default/images/auth_pict.gif HTTP/1.1" 404 0 "-" "Mozilla/5.0 (compatible; Web-Monitoring/1.0; +http://monoid.nic.ru/)"
178.210.65.38 - - [20/Jul/2014:07:12:30 +0400] "HEAD /bitrix/js/main/core/core.css HTTP/1.1" 404 0 "-" "Mozilla/5.0 (compatible; Web-Monitoring/1.0; +http://monoid.nic.ru/)"
178.210.65.38 - - [20/Jul/2014:07:12:31 +0400] "HEAD /bitrix/themes/.default/adminstyles.css HTTP/1.1" 404 0 "-" "Mozilla/5.0 (compatible; Web-Monitoring/1.0; +http://monoid.nic.ru/)"
178.210.65.38 - - [20/Jul/2014:07:12:32 +0400] "HEAD /user/login/ HTTP/1.1" 404 0 "-" "Mozilla/5.0 (compatible; Web-Monitoring/1.0; +http://monoid.nic.ru/)"
178.210.65.38 - - [20/Jul/2014:07:12:33 +0400] "HEAD /node/ HTTP/1.1" 404 0 "-" "Mozilla/5.0 (compatible; Web-Monitoring/1.0; +http://monoid.nic.ru/)"
178.210.65.38 - - [20/Jul/2014:07:12:34 +0400] "HEAD /user/password/ HTTP/1.1" 404 0 "-" "Mozilla/5.0 (compatible; Web-Monitoring/1.0; +http://monoid.nic.ru/)"
178.210.65.38 - - [20/Jul/2014:07:12:35 +0400] "HEAD /modules/system/system.css HTTP/1.1" 404 0 "-" "Mozilla/5.0 (compatible; Web-Monitoring/1.0; +http://monoid.nic.ru/)"
178.210.65.38 - - [20/Jul/2014:07:12:36 +0400] "HEAD /modules/system/system.base.css HTTP/1.1" 404 0 "-" "Mozilla/5.0 (compatible; Web-Monitoring/1.0; +http://monoid.nic.ru/)"
178.210.65.38 - - [20/Jul/2014:07:12:37 +0400] "HEAD /media/system/js/mootools.js HTTP/1.1" 404 0 "-" "Mozilla/5.0 (compatible; Web-Monitoring/1.0; +http://monoid.nic.ru/)"
178.210.65.38 - - [20/Jul/2014:07:12:38 +0400] "HEAD /templates/system/css/system.css HTTP/1.1" 404 0 "-" "Mozilla/5.0 (compatible; Web-Monitoring/1.0; +http://monoid.nic.ru/)"
178.210.65.38 - - [20/Jul/2014:07:12:39 +0400] "HEAD /manager/media/style/MODxCarbon/images/misc/logo.png HTTP/1.1" 404 0 "-" "Mozilla/5.0 (compatible; Web-Monitoring/1.0; +http://monoid.nic.ru/)"
178.210.65.38 - - [20/Jul/2014:07:12:40 +0400] "HEAD /manager/media/style/MODxCarbon/images/misc/login-logo.png HTTP/1.1" 404 0 "-" "Mozilla/5.0 (compatible; Web-Monitoring/1.0; +http://monoid.nic.ru/)"
178.210.65.38 - - [20/Jul/2014:07:12:41 +0400] "HEAD /manager/media/script/mootools/mootools.js HTTP/1.1" 404 0 "-" "Mozilla/5.0 (compatible; Web-Monitoring/1.0; +http://monoid.nic.ru/)"
178.210.65.38 - - [20/Jul/2014:07:12:42 +0400] "HEAD /manager/media/style/MODxCarbon/style.css HTTP/1.1" 404 0 "-" "Mozilla/5.0 (compatible; Web-Monitoring/1.0; +http://monoid.nic.ru/)"
178.210.65.38 - - [20/Jul/2014:07:12:43 +0400] "HEAD /manager/ HTTP/1.1" 404 0 "-" "Mozilla/5.0 (compatible; Web-Monitoring/1.0; +http://monoid.nic.ru/)"
178.210.65.38 - - [20/Jul/2014:07:12:44 +0400] "HEAD /manager/templates/default/images/style/modx-logo-header.png HTTP/1.1" 404 0 "-" "Mozilla/5.0 (compatible; Web-Monitoring/1.0; +http://monoid.nic.ru/)"
178.210.65.38 - - [20/Jul/2014:07:12:45 +0400] "HEAD /manager/templates/default/images/restyle/headers.jpg HTTP/1.1" 404 0 "-" "Mozilla/5.0 (compatible; Web-Monitoring/1.0; +http://monoid.nic.ru/)"
178.210.65.38 - - [20/Jul/2014:07:12:46 +0400] "HEAD /manager/templates/default/css/login-min.css HTTP/1.1" 404 0 "-" "Mozilla/5.0 (compatible; Web-Monitoring/1.0; +http://monoid.nic.ru/)"
178.210.65.38 - - [20/Jul/2014:07:12:47 +0400] "HEAD /netcat/admin/ HTTP/1.1" 404 0 "-" "Mozilla/5.0 (compatible; Web-Monitoring/1.0; +http://monoid.nic.ru/)"
178.210.65.38 - - [20/Jul/2014:07:12:48 +0400] "HEAD /netcat/admin/skins/default/img/logo.png HTTP/1.1" 404 0 "-" "Mozilla/5.0 (compatible; Web-Monitoring/1.0; +http://monoid.nic.ru/)"
178.210.65.38 - - [20/Jul/2014:07:12:49 +0400] "HEAD /netcat/admin/skins/default/css/style.css HTTP/1.1" 404 0 "-" "Mozilla/5.0 (compatible; Web-Monitoring/1.0; +http://monoid.nic.ru/)"
178.210.65.38 - - [20/Jul/2014:07:12:50 +0400] "HEAD /netcat/admin/skins/default/css/login.css HTTP/1.1" 404 0 "-" "Mozilla/5.0 (compatible; Web-Monitoring/1.0; +http://monoid.nic.ru/)"
178.210.65.38 - - [20/Jul/2014:07:12:51 +0400] "HEAD /users/forget/ HTTP/1.1" 404 0 "-" "Mozilla/5.0 (compatible; Web-Monitoring/1.0; +http://monoid.nic.ru/)"
178.210.65.38 - - [20/Jul/2014:07:12:52 +0400] "HEAD /images/cms/admin/mac/common/butterfly.png HTTP/1.1" 404 0 "-" "Mozilla/5.0 (compatible; Web-Monitoring/1.0; +http://monoid.nic.ru/)"
178.210.65.38 - - [20/Jul/2014:07:12:53 +0400] "HEAD /installed HTTP/1.1" 404 0 "-" "Mozilla/5.0 (compatible; Web-Monitoring/1.0; +http://monoid.nic.ru/)"
178.210.65.38 - - [20/Jul/2014:07:12:54 +0400] "HEAD /users/registrate/ HTTP/1.1" 404 0 "-" "Mozilla/5.0 (compatible; Web-Monitoring/1.0; +http://monoid.nic.ru/)"
178.210.65.38 - - [20/Jul/2014:07:12:56 +0400] "HEAD /styles/skins/mac/design/css/style.css HTTP/1.1" 404 0 "-" "Mozilla/5.0 (compatible; Web-Monitoring/1.0; +http://monoid.nic.ru/)"
178.210.65.38 - - [20/Jul/2014:07:12:57 +0400] "HEAD /wp-admin/ HTTP/1.1" 404 0 "-" "Mozilla/5.0 (compatible; Web-Monitoring/1.0; +http://monoid.nic.ru/)"
178.210.65.38 - - [20/Jul/2014:07:12:58 +0400] "HEAD /wp-content/ HTTP/1.1" 404 0 "-" "Mozilla/5.0 (compatible; Web-Monitoring/1.0; +http://monoid.nic.ru/)"
178.210.65.38 - - [20/Jul/2014:07:12:59 +0400] "HEAD /wp-admin/images/wordpress-logo.png HTTP/1.1" 404 0 "-" "Mozilla/5.0 (compatible; Web-Monitoring/1.0; +http://monoid.nic.ru/)"
178.210.65.38 - - [20/Jul/2014:07:13:00 +0400] "HEAD /admin/content/sitetree/ HTTP/1.1" 404 0 "-" "Mozilla/5.0 (compatible; Web-Monitoring/1.0; +http://monoid.nic.ru/)"
178.210.65.38 - - [20/Jul/2014:07:13:00 +0400] "HEAD /wp-login.php HTTP/1.1" 404 0 "-" "Mozilla/5.0 (compatible; Web-Monitoring/1.0; +http://monoid.nic.ru/)"
178.210.65.38 - - [20/Jul/2014:07:13:01 +0400] "HEAD /wp-admin/css/wp-admin.css HTTP/1.1" 404 0 "-" "Mozilla/5.0 (compatible; Web-Monitoring/1.0; +http://monoid.nic.ru/)"
207.46.13.110 - - [20/Jul/2014:07:37:07 +0400] "GET /robots.txt HTTP/1.1" 404 168 "-" "Mozilla/5.0 (compatible; bingbot/2.0; +http://www.bing.com/bingbot.htm)"
207.46.13.110 - - [20/Jul/2014:07:37:15 +0400] "GET / HTTP/1.1" 200 85175 "-" "Mozilla/5.0 (compatible; bingbot/2.0; +http://www.bing.com/bingbot.htm)"
66.249.74.113 - - [20/Jul/2014:08:03:26 +0400] "GET /robots.txt HTTP/1.1" 404 168 "-" "Mozilla/5.0 (compatible; Googlebot/2.1; +http://www.google.com/bot.html)"
66.249.74.113 - - [20/Jul/2014:08:03:27 +0400] "GET / HTTP/1.1" 200 84833 "-" "Mozilla/5.0 (compatible; Googlebot/2.1; +http://www.google.com/bot.html)"
199.80.59.175 - - [20/Jul/2014:08:25:29 +0400] "GET / HTTP/1.1" 200 84600 "-" "Mozilla/4.0 (compatible; MSIE 5.5; Windows NT)"
207.46.13.110 - - [20/Jul/2014:10:16:12 +0400] "GET /robots.txt HTTP/1.1" 404 168 "-" "Mozilla/5.0 (compatible; bingbot/2.0; +http://www.bing.com/bingbot.htm)"
207.46.13.110 - - [20/Jul/2014:10:16:38 +0400] "GET / HTTP/1.1" 200 85151 "-" "Mozilla/5.0 (compatible; bingbot/2.0; +http://www.bing.com/bingbot.htm)"
207.46.13.110 - - [20/Jul/2014:10:18:07 +0400] "GET / HTTP/1.1" 200 85151 "-" "Mozilla/5.0 (compatible; bingbot/2.0; +http://www.bing.com/bingbot.htm)"
66.249.74.113 - - [20/Jul/2014:13:30:31 +0400] "GET / HTTP/1.1" 200 84835 "-" "Mozilla/5.0 (compatible; Googlebot/2.1; +http://www.google.com/bot.html)"
193.43.252.252 - - [20/Jul/2014:15:15:27 +0400] "GET / HTTP/1.0" 200 85258 "http://overx50.com" "Mozilla/5.1 (compatible; CBot/1.1; +http://overx50.com)"
193.43.252.252 - - [20/Jul/2014:15:15:27 +0400] "GET / HTTP/1.0" 200 14038 "http://overx50.com" "Mozilla/5.1 (compatible; CBot/1.1; +http://overx50.com)"
193.43.252.252 - - [20/Jul/2014:15:15:27 +0400] "GET / HTTP/1.0" 200 14038 "http://overx50.com" "Mozilla/5.1 (compatible; CBot/1.1; +http://overx50.com)"
193.43.252.252 - - [20/Jul/2014:15:15:27 +0400] "GET / HTTP/1.0" 200 14038 "http://overx50.com" "Mozilla/5.1 (compatible; CBot/1.1; +http://overx50.com)"
193.43.252.252 - - [20/Jul/2014:15:15:27 +0400] "GET / HTTP/1.0" 200 35338 "http://overx50.com" "Mozilla/5.1 (compatible; CBot/1.1; +http://overx50.com)"
207.46.13.110 - - [20/Jul/2014:19:17:13 +0400] "GET /robots.txt HTTP/1.1" 404 168 "-" "Mozilla/5.0 (compatible; bingbot/2.0; +http://www.bing.com/bingbot.htm)"
207.46.13.110 - - [20/Jul/2014:19:17:22 +0400] "GET / HTTP/1.1" 200 85175 "-" "Mozilla/5.0 (compatible; bingbot/2.0; +http://www.bing.com/bingbot.htm)"
157.55.39.95 - - [20/Jul/2014:19:32:17 +0400] "GET /robots.txt HTTP/1.1" 404 168 "-" "Mozilla/5.0 (compatible; bingbot/2.0; +http://www.bing.com/bingbot.htm)"
157.55.39.95 - - [20/Jul/2014:19:32:30 +0400] "GET /users/login HTTP/1.1" 404 307 "-" "Mozilla/5.0 (compatible; bingbot/2.0; +http://www.bing.com/bingbot.htm)"
148.251.71.4 - - [20/Jul/2014:19:45:58 +0400] "GET / HTTP/1.0" 200 14038 "-" "Mozilla/4.0 (compatible; MSIE 6.0; Windows NT 5.1)"
207.46.13.110 - - [20/Jul/2014:21:55:49 +0400] "GET / HTTP/1.1" 200 85151 "-" "Mozilla/5.0 (compatible; bingbot/2.0; +http://www.bing.com/bingbot.htm)"
5.101.104.198 - - [20/Jul/2014:23:02:44 +0400] "GET /wp-login.php HTTP/1.1" 404 308 "-" "Mozilla/5.0 (Windows NT 5.1; WOW64) AppleWebKit/537.1 (KHTML, like Gecko) Chrome/24.0.1309.0 Safari/537.17"
5.101.104.198 - - [20/Jul/2014:23:02:44 +0400] "GET /administrator/ HTTP/1.1" 404 310 "-" "Mozilla/5.0 (Windows NT 5.1; WOW64) AppleWebKit/537.1 (KHTML, like Gecko) Chrome/24.0.1309.0 Safari/537.17"
5.101.104.198 - - [20/Jul/2014:23:02:44 +0400] "GET /admin.php HTTP/1.1" 404 305 "-" "Mozilla/5.0 (Windows NT 5.1; WOW64) AppleWebKit/537.1 (KHTML, like Gecko) Chrome/24.0.1309.0 Safari/537.17"
95.85.55.96 - - [21/Jul/2014:00:16:29 +0400] "GET /wp-login.php HTTP/1.1" 404 308 "-" "Mozilla/5.0 (Windows NT 5.1) AppleWebKit/537.1 (KHTML, like Gecko) Chrome/24.0.1309.0 Safari/537.17"
95.85.55.96 - - [21/Jul/2014:00:16:29 +0400] "GET /administrator/ HTTP/1.1" 404 310 "-" "Mozilla/5.0 (Windows NT 5.1) AppleWebKit/537.1 (KHTML, like Gecko) Chrome/24.0.1309.0 Safari/537.17"
95.85.55.96 - - [21/Jul/2014:00:16:29 +0400] "GET /admin.php HTTP/1.1" 404 305 "-" "Mozilla/5.0 (Windows NT 5.1) AppleWebKit/537.1 (KHTML, like Gecko) Chrome/24.0.1309.0 Safari/537.17"
46.188.33.4 - - [21/Jul/2014:02:15:41 +0400] "GET / HTTP/1.1" 200 84638 "http://UIWEB.RU/" "Mozilla/4.0 (compatible; MSIE 6.0; Windows NT 5.1; SV1)"
109.234.156.66 - - [21/Jul/2014:07:05:24 +0400] "GET / HTTP/1.1" 200 84597 "-" "Mozilla/5.0 (X11; Linux x86_64) AppleWebKit/537.11 (KHTML, like Gecko) Ubuntu Chromium/23.0.1271.97 Chrome/23.0.1271.97 Safari/537.11"
157.55.39.42 - - [21/Jul/2014:07:55:08 +0400] "GET /robots.txt HTTP/1.1" 404 168 "-" "Mozilla/5.0 (compatible; bingbot/2.0; +http://www.bing.com/bingbot.htm)"
157.55.39.42 - - [21/Jul/2014:07:55:32 +0400] "GET / HTTP/1.1" 200 85171 "-" "Mozilla/5.0 (compatible; bingbot/2.0; +http://www.bing.com/bingbot.htm)"
157.55.39.42 - - [21/Jul/2014:09:46:40 +0400] "GET /robots.txt HTTP/1.1" 404 168 "-" "Mozilla/5.0 (compatible; bingbot/2.0; +http://www.bing.com/bingbot.htm)"
157.55.39.41 - - [21/Jul/2014:09:46:49 +0400] "GET / HTTP/1.1" 200 85147 "-" "Mozilla/5.0 (compatible; bingbot/2.0; +http://www.bing.com/bingbot.htm)"
89.223.53.7 - - [21/Jul/2014:11:12:36 +0400] "GET / HTTP/1.1" 200 84933 "http://electrolivefest.spb.ru/news/1986.htm?ref=183889" "Mozilla/5.0 (Windows NT 5.1) AppleWebKit/537.36 (KHTML, like Gecko) Chrome/34.0.1847.131 Safari/537.36"
134.249.48.164 - - [21/Jul/2014:16:04:40 +0400] "GET /wp-login.php HTTP/1.1" 404 308 "-" "Mozilla/5.0 (Windows NT 6.0) AppleWebKit/537.36 (KHTML, like Gecko) Chrome/31.0.1650.16 Safari/537.36"
134.249.48.164 - - [21/Jul/2014:16:04:40 +0400] "GET /administrator/ HTTP/1.1" 404 310 "-" "Mozilla/5.0 (Windows NT 6.0) AppleWebKit/537.36 (KHTML, like Gecko) Chrome/31.0.1650.16 Safari/537.36"
134.249.48.164 - - [21/Jul/2014:16:04:40 +0400] "GET /admin.php HTTP/1.1" 404 305 "-" "Mozilla/5.0 (Windows NT 6.0) AppleWebKit/537.36 (KHTML, like Gecko) Chrome/31.0.1650.16 Safari/537.36"
66.249.74.192 - - [21/Jul/2014:17:08:30 +0400] "GET /robots.txt HTTP/1.1" 404 168 "-" "Mozilla/5.0 (compatible; Googlebot/2.1; +http://www.google.com/bot.html)"
66.249.74.192 - - [21/Jul/2014:17:08:31 +0400] "GET / HTTP/1.1" 200 84859 "-" "Mozilla/5.0 (compatible; Googlebot/2.1; +http://www.google.com/bot.html)"
157.55.39.42 - - [21/Jul/2014:18:49:54 +0400] "GET /robots.txt HTTP/1.1" 404 168 "-" "Mozilla/5.0 (compatible; bingbot/2.0; +http://www.bing.com/bingbot.htm)"
157.55.39.42 - - [21/Jul/2014:18:50:00 +0400] "GET / HTTP/1.1" 200 85171 "-" "Mozilla/5.0 (compatible; bingbot/2.0; +http://www.bing.com/bingbot.htm)"
157.55.39.42 - - [21/Jul/2014:21:21:34 +0400] "GET /robots.txt HTTP/1.1" 404 168 "-" "Mozilla/5.0 (compatible; bingbot/2.0; +http://www.bing.com/bingbot.htm)"
