122.10.90.242 - - [23/May/2014:09:52:31 +0400] "GET /admin/fckeditor/editor/filemanager/browser/default/connectors/test.html HTTP/1.1" 404 371 "-" "Mozilla/4.0 (compatible; Win32; WinHttp.WinHttpRequest.5)"
122.10.90.242 - - [23/May/2014:09:52:31 +0400] "GET /editor/editor/filemanager/browser/default/connectors/test.html HTTP/1.1" 404 362 "-" "Mozilla/4.0 (compatible; Win32; WinHttp.WinHttpRequest.5)"
122.10.90.242 - - [23/May/2014:09:52:32 +0400] "GET /FCKeditor/editor/filemanager/connectors/uploadtest.html HTTP/1.1" 404 355 "-" "Mozilla/4.0 (compatible; Win32; WinHttp.WinHttpRequest.5)"
122.10.90.242 - - [23/May/2014:09:52:32 +0400] "GET /Fckeditor/editor/filemanager/connectors/test.html HTTP/1.1" 404 349 "-" "Mozilla/4.0 (compatible; Win32; WinHttp.WinHttpRequest.5)"
157.55.33.183 - - [23/May/2014:10:01:38 +0400] "GET /robots.txt HTTP/1.1" 404 168 "-" "Mozilla/5.0 (compatible; bingbot/2.0; +http://www.bing.com/bingbot.htm)"
157.55.33.183 - - [23/May/2014:10:03:47 +0400] "GET / HTTP/1.1" 200 85151 "-" "Mozilla/5.0 (compatible; bingbot/2.0; +http://www.bing.com/bingbot.htm)"
37.115.184.37 - - [23/May/2014:14:52:41 +0400] "GET / HTTP/1.0" 200 84803 "http://uiweb.ru/" "Mozilla/5.0 (Windows NT 6.0) AppleWebKit/537.36 (KHTML, like Gecko) Chrome/33.0.1750.146 Safari/537.36"
66.249.65.134 - - [23/May/2014:15:42:23 +0400] "GET /robots.txt HTTP/1.1" 404 168 "-" "Mozilla/5.0 (compatible; Googlebot/2.1; +http://www.google.com/bot.html)"
66.249.65.160 - - [23/May/2014:15:42:24 +0400] "GET / HTTP/1.1" 200 85083 "-" "Mozilla/5.0 (iPhone; CPU iPhone OS 6_0 like Mac OS X) AppleWebKit/536.26 (KHTML, like Gecko) Version/6.0 Mobile/10A5376e Safari/8536.25 (compatible; Googlebot/2.1; +http://www.google.com/bot.html)"
195.91.197.78 - - [23/May/2014:17:03:00 +0400] "GET /phpmyadmin/ HTTP/1.1" 200 2760 "-" "Mozilla/5.0 (Windows NT 6.1; WOW64) AppleWebKit/537.36 (KHTML, like Gecko) Chrome/34.0.1847.131 Safari/537.36"
195.91.197.78 - - [23/May/2014:17:03:00 +0400] "GET /phpmyadmin/themes/pmahomme/jquery/jquery-ui-1.9.2.custom.css HTTP/1.1" 404 570 "http://uiweb.ru/phpmyadmin/" "Mozilla/5.0 (Windows NT 6.1; WOW64) AppleWebKit/537.36 (KHTML, like Gecko) Chrome/34.0.1847.131 Safari/537.36"
195.91.197.78 - - [23/May/2014:17:03:00 +0400] "GET /phpmyadmin/themes/pmahomme/img/logo_right.png HTTP/1.1" 404 570 "http://uiweb.ru/phpmyadmin/" "Mozilla/5.0 (Windows NT 6.1; WOW64) AppleWebKit/537.36 (KHTML, like Gecko) Chrome/34.0.1847.131 Safari/537.36"
195.91.197.78 - - [23/May/2014:17:03:00 +0400] "GET /phpmyadmin/themes/dot.gif HTTP/1.1" 404 570 "http://uiweb.ru/phpmyadmin/" "Mozilla/5.0 (Windows NT 6.1; WOW64) AppleWebKit/537.36 (KHTML, like Gecko) Chrome/34.0.1847.131 Safari/537.36"
195.91.197.78 - - [23/May/2014:17:03:00 +0400] "GET /phpmyadmin/js/get_image.js.php?theme=pmahomme HTTP/1.1" 200 6388 "http://uiweb.ru/phpmyadmin/" "Mozilla/5.0 (Windows NT 6.1; WOW64) AppleWebKit/537.36 (KHTML, like Gecko) Chrome/34.0.1847.131 Safari/537.36"
195.91.197.78 - - [23/May/2014:17:03:00 +0400] "GET /phpmyadmin/js/messages.php?lang=en&db=&token=5cc9d7dc0ebf0f4ad9c29751f2a5d1c2 HTTP/1.1" 200 17783 "http://uiweb.ru/phpmyadmin/" "Mozilla/5.0 (Windows NT 6.1; WOW64) AppleWebKit/537.36 (KHTML, like Gecko) Chrome/34.0.1847.131 Safari/537.36"
195.91.197.78 - - [23/May/2014:17:03:05 +0400] "GET /phpmyadmin/phpmyadmin.css.php?server=1&lang=en&token=5cc9d7dc0ebf0f4ad9c29751f2a5d1c2&nocache=2796963089ltr HTTP/1.1" 200 93090 "http://uiweb.ru/phpmyadmin/" "Mozilla/5.0 (Windows NT 6.1; WOW64) AppleWebKit/537.36 (KHTML, like Gecko) Chrome/34.0.1847.131 Safari/537.36"
195.91.197.78 - - [23/May/2014:17:03:20 +0400] "GET /phpmyadmin/js/get_scripts.js.php?lang=en&token=5cc9d7dc0ebf0f4ad9c29751f2a5d1c2&scripts[]=jquery/jquery-1.8.3.min.js&scripts[]=ajax.js&scripts[]=keyhandler.js&scripts[]=jquery/jquery-ui-1.9.2.custom.min.js&scripts[]=jquery/jquery.sprintf.js&scripts[]=jquery/jquery.cookie.js&scripts[]=jquery/jquery.mousewheel.js&scripts[]=jquery/jquery.event.drag-2.2.js&scripts[]=jquery/jquery-ui-timepicker-addon.js&scripts[]=jquery/jquery.ba-hashchange-1.3.js&scripts[]=jquery/jquery.debounce-1.0.5.js&scripts[]=jquery/jquery.menuResizer-1.0.js&scripts[]=cross_framing_protection.js&scripts[]=rte.js&scripts[]=tracekit/tracekit.js&scripts[]=error_report.js&scripts[]=doclinks.js&scripts[]=functions.js&scripts[]=navigation.js&scripts[]=indexes.js&scripts[]=common.js&scripts[]=codemirror/lib/codemirror.js&scripts[]=codemirror/mode/sql/sql.js&scripts[]=codemirror/addon/runmode/runmode.js HTTP/1.1" 200 376059 "http://uiweb.ru/phpmyadmin/" "Mozilla/5.0 (Windows NT 6.1; WOW64) AppleWebKit/537.36 (KHTML, like Gecko) Chrome/34.0.1847.131 Safari/537.36"
195.91.197.78 - - [23/May/2014:17:03:20 +0400] "GET /phpmyadmin/themes/dot.gif HTTP/1.1" 404 570 "http://uiweb.ru/phpmyadmin/" "Mozilla/5.0 (Windows NT 6.1; WOW64) AppleWebKit/537.36 (KHTML, like Gecko) Chrome/34.0.1847.131 Safari/537.36"
195.91.197.78 - - [23/May/2014:17:03:20 +0400] "GET /phpmyadmin/themes/pmahomme/img/logo_right.png HTTP/1.1" 404 570 "http://uiweb.ru/phpmyadmin/" "Mozilla/5.0 (Windows NT 6.1; WOW64) AppleWebKit/537.36 (KHTML, like Gecko) Chrome/34.0.1847.131 Safari/537.36"
122.10.90.242 - - [23/May/2014:18:08:32 +0400] "GET /Fckeditor/editor/filemanager/browser/default/connectors/test.html HTTP/1.1" 404 361 "-" "Mozilla/4.0 (compatible; Win32; WinHttp.WinHttpRequest.5)"
122.10.90.242 - - [23/May/2014:18:08:32 +0400] "GET /admin/fckeditor/editor/filemanager/browser/default/connectors/test.html HTTP/1.1" 404 367 "-" "Mozilla/4.0 (compatible; Win32; WinHttp.WinHttpRequest.5)"
122.10.90.242 - - [23/May/2014:18:08:33 +0400] "GET /editor/editor/filemanager/browser/default/connectors/test.html HTTP/1.1" 404 358 "-" "Mozilla/4.0 (compatible; Win32; WinHttp.WinHttpRequest.5)"
122.10.90.242 - - [23/May/2014:18:08:33 +0400] "GET /FCKeditor/editor/filemanager/connectors/uploadtest.html HTTP/1.1" 404 351 "-" "Mozilla/4.0 (compatible; Win32; WinHttp.WinHttpRequest.5)"
122.10.90.242 - - [23/May/2014:18:08:33 +0400] "GET /Fckeditor/editor/filemanager/connectors/test.html HTTP/1.1" 404 345 "-" "Mozilla/4.0 (compatible; Win32; WinHttp.WinHttpRequest.5)"
148.251.0.212 - - [23/May/2014:18:08:59 +0400] "GET /yml.xml HTTP/1.0" 404 303 "-" "-"
157.55.35.101 - - [23/May/2014:21:42:03 +0400] "GET /robots.txt HTTP/1.1" 404 168 "-" "Mozilla/5.0 (compatible; bingbot/2.0; +http://www.bing.com/bingbot.htm)"
157.55.35.101 - - [23/May/2014:21:47:44 +0400] "GET / HTTP/1.1" 200 85175 "-" "Mozilla/5.0 (compatible; bingbot/2.0; +http://www.bing.com/bingbot.htm)"
157.55.35.101 - - [23/May/2014:23:48:53 +0400] "GET /robots.txt HTTP/1.1" 404 168 "-" "Mozilla/5.0 (compatible; bingbot/2.0; +http://www.bing.com/bingbot.htm)"
157.55.35.101 - - [23/May/2014:23:57:53 +0400] "GET / HTTP/1.1" 200 85149 "-" "Mozilla/5.0 (compatible; bingbot/2.0; +http://www.bing.com/bingbot.htm)"
66.249.66.228 - - [24/May/2014:03:33:55 +0400] "GET /robots.txt HTTP/1.1" 404 168 "-" "Mozilla/5.0 (compatible; Googlebot/2.1; +http://www.google.com/bot.html)"
66.249.66.228 - - [24/May/2014:03:33:56 +0400] "GET / HTTP/1.1" 200 85107 "-" "Mozilla/5.0 (iPhone; CPU iPhone OS 6_0 like Mac OS X) AppleWebKit/536.26 (KHTML, like Gecko) Version/6.0 Mobile/10A5376e Safari/8536.25 (compatible; Googlebot/2.1; +http://www.google.com/bot.html)"
109.234.156.66 - - [24/May/2014:07:08:43 +0400] "GET / HTTP/1.1" 200 84597 "-" "Mozilla/5.0 (X11; Linux x86_64) AppleWebKit/537.11 (KHTML, like Gecko) Ubuntu Chromium/23.0.1271.97 Chrome/23.0.1271.97 Safari/537.11"
157.56.92.163 - - [24/May/2014:07:24:44 +0400] "GET /robots.txt HTTP/1.1" 404 168 "-" "Mozilla/5.0 (compatible; bingbot/2.0; +http://www.bing.com/bingbot.htm)"
157.56.92.163 - - [24/May/2014:07:25:12 +0400] "GET / HTTP/1.1" 200 85175 "-" "Mozilla/5.0 (compatible; bingbot/2.0; +http://www.bing.com/bingbot.htm)"
157.56.229.246 - - [24/May/2014:09:46:15 +0400] "GET /robots.txt HTTP/1.1" 404 168 "-" "Mozilla/5.0 (compatible; bingbot/2.0; +http://www.bing.com/bingbot.htm)"
157.56.229.246 - - [24/May/2014:09:48:58 +0400] "GET / HTTP/1.1" 200 85155 "-" "Mozilla/5.0 (compatible; bingbot/2.0; +http://www.bing.com/bingbot.htm)"
94.102.91.188 - - [24/May/2014:10:47:53 +0400] "GET / HTTP/1.1" 200 85067 "-" "Mozilla/5.0 (X11; Linux x86_64) AppleWebKit/537.36 (KHTML, like Gecko) Chrome/34.0.1847.132 Safari/537.36"
94.102.91.188 - - [24/May/2014:10:54:21 +0400] "GET / HTTP/1.1" 200 85238 "-" "Mozilla/5.0 (X11; Linux x86_64) AppleWebKit/537.36 (KHTML, like Gecko) Chrome/34.0.1847.132 Safari/537.36"
94.102.91.188 - - [24/May/2014:10:54:22 +0400] "GET / HTTP/1.1" 200 85278 "-" "Mozilla/5.0 (X11; Linux x86_64) AppleWebKit/537.36 (KHTML, like Gecko) Chrome/34.0.1847.132 Safari/537.36"
94.102.91.188 - - [24/May/2014:10:54:23 +0400] "GET / HTTP/1.1" 200 85278 "-" "Mozilla/5.0 (X11; Linux x86_64) AppleWebKit/537.36 (KHTML, like Gecko) Chrome/34.0.1847.132 Safari/537.36"
94.102.91.188 - - [24/May/2014:10:54:23 +0400] "GET / HTTP/1.1" 200 85278 "-" "Mozilla/5.0 (X11; Linux x86_64) AppleWebKit/537.36 (KHTML, like Gecko) Chrome/34.0.1847.132 Safari/537.36"
94.102.91.188 - - [24/May/2014:10:56:31 +0400] "GET / HTTP/1.1" 200 85238 "-" "Mozilla/5.0 (X11; Linux x86_64) AppleWebKit/537.36 (KHTML, like Gecko) Chrome/34.0.1847.132 Safari/537.36"
94.102.91.188 - - [24/May/2014:10:56:31 +0400] "GET / HTTP/1.1" 200 85270 "-" "Mozilla/5.0 (X11; Linux x86_64) AppleWebKit/537.36 (KHTML, like Gecko) Chrome/34.0.1847.132 Safari/537.36"
94.102.91.188 - - [24/May/2014:10:56:32 +0400] "GET / HTTP/1.1" 200 85270 "-" "Mozilla/5.0 (X11; Linux x86_64) AppleWebKit/537.36 (KHTML, like Gecko) Chrome/34.0.1847.132 Safari/537.36"
94.102.91.188 - - [24/May/2014:10:56:32 +0400] "GET / HTTP/1.1" 200 85270 "-" "Mozilla/5.0 (X11; Linux x86_64) AppleWebKit/537.36 (KHTML, like Gecko) Chrome/34.0.1847.132 Safari/537.36"
130.0.235.25 - - [24/May/2014:11:25:48 +0400] "GET / HTTP/1.1" 200 84324 "-" "Mozilla/5.0 (Windows NT 6.1; WOW64; rv:23.0) Gecko/20100101 Firefox/23.0"
94.102.91.188 - - [24/May/2014:12:47:11 +0400] "GET / HTTP/1.1" 200 85238 "-" "Mozilla/5.0 (X11; Linux x86_64) AppleWebKit/537.36 (KHTML, like Gecko) Chrome/34.0.1847.132 Safari/537.36"
94.102.91.188 - - [24/May/2014:13:07:15 +0400] "GET / HTTP/1.1" 200 85238 "-" "Mozilla/5.0 (X11; Linux x86_64) AppleWebKit/537.36 (KHTML, like Gecko) Chrome/34.0.1847.132 Safari/537.36"
94.102.91.188 - - [24/May/2014:13:08:09 +0400] "GET / HTTP/1.1" 200 85278 "-" "Mozilla/5.0 (X11; Linux x86_64) AppleWebKit/537.36 (KHTML, like Gecko) Chrome/34.0.1847.132 Safari/537.36"
94.102.91.188 - - [24/May/2014:13:24:40 +0400] "GET / HTTP/1.1" 200 85236 "-" "Mozilla/5.0 (X11; Linux x86_64) AppleWebKit/537.36 (KHTML, like Gecko) Chrome/34.0.1847.132 Safari/537.36"
66.249.66.228 - - [24/May/2014:14:10:07 +0400] "GET / HTTP/1.1" 200 84859 "-" "Mozilla/5.0 (compatible; Googlebot/2.1; +http://www.google.com/bot.html)"
157.56.93.73 - - [24/May/2014:16:06:45 +0400] "GET / HTTP/1.1" 200 85147 "-" "Mozilla/5.0 (compatible; bingbot/2.0; +http://www.bing.com/bingbot.htm)"
157.55.33.28 - - [24/May/2014:22:41:51 +0400] "GET /robots.txt HTTP/1.1" 404 168 "-" "Mozilla/5.0 (compatible; bingbot/2.0; +http://www.bing.com/bingbot.htm)"
157.55.33.28 - - [24/May/2014:22:47:33 +0400] "GET / HTTP/1.1" 200 85171 "-" "Mozilla/5.0 (compatible; bingbot/2.0; +http://www.bing.com/bingbot.htm)"
148.251.0.212 - - [25/May/2014:00:02:15 +0400] "GET /yandex_export.xml HTTP/1.0" 404 313 "-" "-"
157.55.33.248 - - [25/May/2014:11:50:05 +0400] "GET / HTTP/1.0" 200 84989 "-" "Mozilla/5.0 (compatible; bingbot/2.0; +http://www.bing.com/bingbot.htm)"
157.55.33.248 - - [25/May/2014:12:49:40 +0400] "GET /robots.txt HTTP/1.1" 404 168 "-" "Mozilla/5.0 (compatible; bingbot/2.0; +http://www.bing.com/bingbot.htm)"
157.55.33.248 - - [25/May/2014:12:50:41 +0400] "GET / HTTP/1.1" 200 85151 "-" "Mozilla/5.0 (compatible; bingbot/2.0; +http://www.bing.com/bingbot.htm)"
157.55.36.52 - - [25/May/2014:13:35:24 +0400] "GET /! HTTP/1.1" 404 301 "-" "Mozilla/5.0 (compatible; bingbot/2.0; +http://www.bing.com/bingbot.htm)"
66.249.78.230 - - [25/May/2014:15:08:40 +0400] "GET /robots.txt HTTP/1.1" 404 168 "-" "Mozilla/5.0 (compatible; Googlebot/2.1; +http://www.google.com/bot.html)"
66.249.78.230 - - [25/May/2014:15:08:41 +0400] "GET / HTTP/1.1" 200 85083 "-" "Mozilla/5.0 (iPhone; CPU iPhone OS 6_0 like Mac OS X) AppleWebKit/536.26 (KHTML, like Gecko) Version/6.0 Mobile/10A5376e Safari/8536.25 (compatible; Googlebot/2.1; +http://www.google.com/bot.html)"
157.55.35.109 - - [25/May/2014:21:56:34 +0400] "GET /robots.txt HTTP/1.1" 404 168 "-" "Mozilla/5.0 (compatible; bingbot/2.0; +http://www.bing.com/bingbot.htm)"
157.55.35.109 - - [25/May/2014:22:02:18 +0400] "GET / HTTP/1.1" 200 85175 "-" "Mozilla/5.0 (compatible; bingbot/2.0; +http://www.bing.com/bingbot.htm)"
185.28.20.5 - - [25/May/2014:22:15:47 +0400] "GET /wp-login.php HTTP/1.1" 404 308 "http://uiweb.ru" "Mozilla/5.0 (Windows; U; Windows NT 5.1; en-US) AppleWebKit/533.4 (KHTML, like Gecko) Chrome/5.0.375.99 Safari/533.4"
173.212.223.183 - - [25/May/2014:23:50:41 +0400] "GET / HTTP/1.1" 200 85236 "http://uiweb.ru" "Mozilla/5.0 (compatible; MSIE 9.0; Windows NT 6.1; WOW64; Trident/5.0)"
46.21.147.172 - - [26/May/2014:08:53:34 +0400] "GET /bitrix/admin/ HTTP/1.1" 404 309 "-" "Opera/9.80 (Windows NT 5.1; U; ru) Presto/2.9.168 Version/11.50"
157.55.33.17 - - [26/May/2014:21:27:17 +0400] "GET / HTTP/1.1" 200 85171 "-" "Mozilla/5.0 (compatible; bingbot/2.0; +http://www.bing.com/bingbot.htm)"
157.55.32.59 - - [26/May/2014:21:41:41 +0400] "GET / HTTP/1.0" 200 84985 "-" "Mozilla/5.0 (compatible; bingbot/2.0; +http://www.bing.com/bingbot.htm)"
157.55.32.59 - - [26/May/2014:22:02:39 +0400] "GET / HTTP/1.0" 200 84985 "-" "Mozilla/5.0 (compatible; bingbot/2.0; +http://www.bing.com/bingbot.htm)"
157.55.33.30 - - [27/May/2014:00:23:16 +0400] "GET /robots.txt HTTP/1.1" 404 168 "-" "Mozilla/5.0 (compatible; bingbot/2.0; +http://www.bing.com/bingbot.htm)"
157.55.33.30 - - [27/May/2014:00:27:53 +0400] "GET / HTTP/1.1" 500 624 "-" "Mozilla/5.0 (compatible; bingbot/2.0; +http://www.bing.com/bingbot.htm)"
157.55.33.30 - - [27/May/2014:00:31:50 +0400] "GET / HTTP/1.0" 500 624 "-" "Mozilla/5.0 (compatible; bingbot/2.0; +http://www.bing.com/bingbot.htm)"
157.55.33.30 - - [27/May/2014:01:38:24 +0400] "GET / HTTP/1.0" 500 624 "-" "Mozilla/5.0 (compatible; bingbot/2.0; +http://www.bing.com/bingbot.htm)"
94.102.91.188 - - [27/May/2014:19:53:02 +0400] "GET / HTTP/1.1" 500 613 "-" "Mozilla/5.0 (X11; Linux x86_64) AppleWebKit/537.36 (KHTML, like Gecko) Chrome/35.0.1916.114 Safari/537.36"
94.102.91.188 - - [27/May/2014:19:53:02 +0400] "GET /favicon.ico HTTP/1.1" 404 570 "-" "Mozilla/5.0 (X11; Linux x86_64) AppleWebKit/537.36 (KHTML, like Gecko) Chrome/35.0.1916.114 Safari/537.36"
94.102.91.188 - - [27/May/2014:20:30:12 +0400] "GET / HTTP/1.1" 200 85320 "-" "Mozilla/5.0 (X11; Linux x86_64) AppleWebKit/537.36 (KHTML, like Gecko) Chrome/35.0.1916.114 Safari/537.36"
94.102.91.188 - - [27/May/2014:20:30:12 +0400] "GET /favicon.ico HTTP/1.1" 404 570 "-" "Mozilla/5.0 (X11; Linux x86_64) AppleWebKit/537.36 (KHTML, like Gecko) Chrome/35.0.1916.114 Safari/537.36"
94.102.91.188 - - [27/May/2014:21:15:14 +0400] "GET / HTTP/1.1" 200 85195 "-" "Mozilla/5.0 (X11; Linux x86_64) AppleWebKit/537.36 (KHTML, like Gecko) Chrome/35.0.1916.114 Safari/537.36"
94.102.91.188 - - [27/May/2014:21:24:34 +0400] "GET / HTTP/1.1" 200 85364 "-" "Mozilla/5.0 (X11; Linux x86_64) AppleWebKit/537.36 (KHTML, like Gecko) Chrome/35.0.1916.114 Safari/537.36"
94.102.91.188 - - [27/May/2014:21:26:08 +0400] "GET / HTTP/1.1" 200 85396 "-" "Mozilla/5.0 (X11; Linux x86_64) AppleWebKit/537.36 (KHTML, like Gecko) Chrome/35.0.1916.114 Safari/537.36"
157.55.36.54 - - [27/May/2014:21:54:47 +0400] "GET /robots.txt HTTP/1.1" 404 168 "-" "Mozilla/5.0 (compatible; bingbot/2.0; +http://www.bing.com/bingbot.htm)"
157.55.36.54 - - [27/May/2014:22:13:52 +0400] "GET / HTTP/1.1" 200 85297 "-" "Mozilla/5.0 (compatible; bingbot/2.0; +http://www.bing.com/bingbot.htm)"
89.223.53.7 - - [28/May/2014:08:25:24 +0400] "GET / HTTP/1.1" 502 574 "http://zakonu.net.ru/usa-wi.html?ref=65261" "Mozilla/5.0 (Windows NT 5.1) AppleWebKit/537.36 (KHTML, like Gecko) Chrome/34.0.1847.131 Safari/537.36"
157.55.32.149 - - [28/May/2014:08:27:14 +0400] "GET /robots.txt HTTP/1.1" 404 168 "-" "Mozilla/5.0 (compatible; bingbot/2.0; +http://www.bing.com/bingbot.htm)"
157.55.32.149 - - [28/May/2014:08:27:46 +0400] "GET / HTTP/1.1" 502 172 "-" "Mozilla/5.0 (compatible; bingbot/2.0; +http://www.bing.com/bingbot.htm)"
157.55.32.149 - - [28/May/2014:08:32:12 +0400] "GET / HTTP/1.0" 502 172 "-" "Mozilla/5.0 (compatible; bingbot/2.0; +http://www.bing.com/bingbot.htm)"
157.56.93.52 - - [28/May/2014:20:50:29 +0400] "GET / HTTP/1.1" 502 172 "-" "Mozilla/5.0 (compatible; bingbot/2.0; +http://www.bing.com/bingbot.htm)"
157.56.93.52 - - [28/May/2014:20:54:04 +0400] "GET /robots.txt HTTP/1.1" 404 168 "-" "Mozilla/5.0 (compatible; bingbot/2.0; +http://www.bing.com/bingbot.htm)"
157.56.93.52 - - [28/May/2014:20:54:11 +0400] "GET / HTTP/1.0" 502 172 "-" "Mozilla/5.0 (compatible; bingbot/2.0; +http://www.bing.com/bingbot.htm)"
157.56.93.52 - - [28/May/2014:22:11:04 +0400] "GET / HTTP/1.0" 502 172 "-" "Mozilla/5.0 (compatible; bingbot/2.0; +http://www.bing.com/bingbot.htm)"
176.114.3.47 - - [29/May/2014:00:51:25 +0400] "GET /wp-login.php HTTP/1.1" 404 308 "-" "Mozilla/5.0 (Windows NT 6.0) AppleWebKit/537.1 (KHTML, like Gecko) Chrome/22.0.1229.79 Safari/537.4"
176.114.3.47 - - [29/May/2014:00:51:26 +0400] "GET /administrator/ HTTP/1.1" 404 310 "-" "Mozilla/5.0 (Windows NT 6.0) AppleWebKit/537.1 (KHTML, like Gecko) Chrome/22.0.1229.79 Safari/537.4"
176.114.3.47 - - [29/May/2014:00:51:26 +0400] "GET /admin.php HTTP/1.1" 404 305 "-" "Mozilla/5.0 (Windows NT 6.0) AppleWebKit/537.1 (KHTML, like Gecko) Chrome/22.0.1229.79 Safari/537.4"
195.54.213.174 - - [29/May/2014:00:57:22 +0400] "GET / HTTP/1.1" 200 85463 "" "Mozilla/5.0 (compatible; statdom.ru/Bot; +http://statdom.ru/bot.html)"
195.54.213.174 - - [29/May/2014:00:57:31 +0400] "GET /favicon.ico HTTP/1.1" 404 168 "" "Mozilla/5.0 (compatible; statdom.ru/Bot; +http://statdom.ru/bot.html)"
176.114.3.47 - - [29/May/2014:01:39:07 +0400] "GET /wp-login.php HTTP/1.1" 404 308 "-" "Mozilla/5.0 (Windows NT 5.1; WOW64) AppleWebKit/537.1 (KHTML, like Gecko) Chrome/24.0.1290.1 Safari/537.13"
176.114.3.47 - - [29/May/2014:01:39:08 +0400] "GET /administrator/ HTTP/1.1" 404 310 "-" "Mozilla/5.0 (Windows NT 5.1; WOW64) AppleWebKit/537.1 (KHTML, like Gecko) Chrome/24.0.1290.1 Safari/537.13"
176.114.3.47 - - [29/May/2014:01:39:09 +0400] "GET /admin.php HTTP/1.1" 404 305 "-" "Mozilla/5.0 (Windows NT 5.1; WOW64) AppleWebKit/537.1 (KHTML, like Gecko) Chrome/24.0.1290.1 Safari/537.13"
148.251.0.212 - - [29/May/2014:21:12:42 +0400] "GET /market/ HTTP/1.0" 404 303 "-" "-"
157.55.32.147 - - [29/May/2014:22:39:34 +0400] "GET /robots.txt HTTP/1.1" 404 168 "-" "Mozilla/5.0 (compatible; bingbot/2.0; +http://www.bing.com/bingbot.htm)"
157.55.32.147 - - [29/May/2014:22:43:55 +0400] "GET / HTTP/1.1" 200 85151 "-" "Mozilla/5.0 (compatible; bingbot/2.0; +http://www.bing.com/bingbot.htm)"
64.246.165.50 - - [29/May/2014:22:58:37 +0400] "GET /robots.txt HTTP/1.0" 404 168 "-" "Mozilla/5.0 (Windows; U; Windows NT 5.1; en; rv:1.9.0.13) Gecko/2009073022 Firefox/3.5.2 (.NET CLR 3.5.30729) SurveyBot/2.3 (DomainTools)"
64.246.165.50 - - [29/May/2014:22:58:39 +0400] "GET / HTTP/1.1" 200 85874 "http://whois.domaintools.com/uiweb.ru" "Mozilla/5.0 (Windows; U; Windows NT 5.1; en; rv:1.9.0.13) Gecko/2009073022 Firefox/3.5.2 (.NET CLR 3.5.30729) SurveyBot/2.3 (DomainTools)"
66.249.67.147 - - [30/May/2014:01:47:20 +0400] "GET /robots.txt HTTP/1.1" 404 168 "-" "Mozilla/5.0 (compatible; Googlebot/2.1; +http://www.google.com/bot.html)"
66.249.67.134 - - [30/May/2014:01:47:21 +0400] "GET / HTTP/1.1" 200 85083 "-" "Mozilla/5.0 (iPhone; CPU iPhone OS 6_0 like Mac OS X) AppleWebKit/536.26 (KHTML, like Gecko) Version/6.0 Mobile/10A5376e Safari/8536.25 (compatible; Googlebot/2.1; +http://www.google.com/bot.html)"
66.249.67.73 - - [30/May/2014:02:02:22 +0400] "GET /robots.txt HTTP/1.1" 404 168 "-" "Mozilla/5.0 (compatible; Googlebot/2.1; +http://www.google.com/bot.html)"
66.249.67.86 - - [30/May/2014:02:02:23 +0400] "GET / HTTP/1.1" 200 85103 "-" "Mozilla/5.0 (iPhone; CPU iPhone OS 6_0 like Mac OS X) AppleWebKit/536.26 (KHTML, like Gecko) Version/6.0 Mobile/10A5376e Safari/8536.25 (compatible; Googlebot/2.1; +http://www.google.com/bot.html)"
157.56.229.186 - - [30/May/2014:06:59:44 +0400] "GET /robots.txt HTTP/1.1" 404 168 "-" "Mozilla/5.0 (compatible; bingbot/2.0; +http://www.bing.com/bingbot.htm)"
157.56.229.186 - - [30/May/2014:07:02:17 +0400] "GET / HTTP/1.1" 200 85175 "-" "Mozilla/5.0 (compatible; bingbot/2.0; +http://www.bing.com/bingbot.htm)"
192.241.145.61 - - [30/May/2014:08:41:03 +0400] "GET / HTTP/1.1" 200 85196 "http://uiweb.ru" "Mozilla/5.0 (Windows; U; Windows NT 5.1; ru-RU; rv:1.7.12) Gecko/20050919 Firefox/1.0.7"
157.55.34.25 - - [30/May/2014:08:46:33 +0400] "GET /robots.txt HTTP/1.1" 404 168 "-" "Mozilla/5.0 (compatible; bingbot/2.0; +http://www.bing.com/bingbot.htm)"
157.55.34.25 - - [30/May/2014:08:52:31 +0400] "GET / HTTP/1.1" 200 85147 "-" "Mozilla/5.0 (compatible; bingbot/2.0; +http://www.bing.com/bingbot.htm)"
109.234.156.66 - - [30/May/2014:17:29:45 +0400] "GET / HTTP/1.1" 200 84597 "-" "Mozilla/5.0 (X11; Linux x86_64) AppleWebKit/537.11 (KHTML, like Gecko) Ubuntu Chromium/23.0.1271.97 Chrome/23.0.1271.97 Safari/537.11"
178.210.65.38 - - [30/May/2014:22:37:58 +0400] "GET / HTTP/1.1" 200 84634 "-" "Mozilla/5.0 (compatible; Web-Monitoring/1.0; +http://monoid.nic.ru/)"
178.210.65.38 - - [30/May/2014:22:37:59 +0400] "HEAD /bitrix/admin/ HTTP/1.1" 404 0 "-" "Mozilla/5.0 (compatible; Web-Monitoring/1.0; +http://monoid.nic.ru/)"
178.210.65.38 - - [30/May/2014:22:38:00 +0400] "HEAD /bitrix/themes/.default/images/auth_pict.gif HTTP/1.1" 404 0 "-" "Mozilla/5.0 (compatible; Web-Monitoring/1.0; +http://monoid.nic.ru/)"
178.210.65.38 - - [30/May/2014:22:38:01 +0400] "HEAD /bitrix/js/main/core/core.css HTTP/1.1" 404 0 "-" "Mozilla/5.0 (compatible; Web-Monitoring/1.0; +http://monoid.nic.ru/)"
178.210.65.38 - - [30/May/2014:22:38:02 +0400] "HEAD /bitrix/themes/.default/adminstyles.css HTTP/1.1" 404 0 "-" "Mozilla/5.0 (compatible; Web-Monitoring/1.0; +http://monoid.nic.ru/)"
178.210.65.38 - - [30/May/2014:22:38:03 +0400] "HEAD /user/login/ HTTP/1.1" 404 0 "-" "Mozilla/5.0 (compatible; Web-Monitoring/1.0; +http://monoid.nic.ru/)"
178.210.65.38 - - [30/May/2014:22:38:04 +0400] "HEAD /node/ HTTP/1.1" 404 0 "-" "Mozilla/5.0 (compatible; Web-Monitoring/1.0; +http://monoid.nic.ru/)"
178.210.65.38 - - [30/May/2014:22:38:05 +0400] "HEAD /user/password/ HTTP/1.1" 404 0 "-" "Mozilla/5.0 (compatible; Web-Monitoring/1.0; +http://monoid.nic.ru/)"
178.210.65.38 - - [30/May/2014:22:38:06 +0400] "HEAD /modules/system/system.css HTTP/1.1" 404 0 "-" "Mozilla/5.0 (compatible; Web-Monitoring/1.0; +http://monoid.nic.ru/)"
178.210.65.38 - - [30/May/2014:22:38:07 +0400] "HEAD /modules/system/system.base.css HTTP/1.1" 404 0 "-" "Mozilla/5.0 (compatible; Web-Monitoring/1.0; +http://monoid.nic.ru/)"
178.210.65.38 - - [30/May/2014:22:38:08 +0400] "HEAD /media/system/js/mootools.js HTTP/1.1" 404 0 "-" "Mozilla/5.0 (compatible; Web-Monitoring/1.0; +http://monoid.nic.ru/)"
178.210.65.38 - - [30/May/2014:22:38:09 +0400] "HEAD /templates/system/css/system.css HTTP/1.1" 404 0 "-" "Mozilla/5.0 (compatible; Web-Monitoring/1.0; +http://monoid.nic.ru/)"
178.210.65.38 - - [30/May/2014:22:38:10 +0400] "HEAD /manager/media/style/MODxCarbon/images/misc/logo.png HTTP/1.1" 404 0 "-" "Mozilla/5.0 (compatible; Web-Monitoring/1.0; +http://monoid.nic.ru/)"
178.210.65.38 - - [30/May/2014:22:38:11 +0400] "HEAD /manager/media/style/MODxCarbon/images/misc/login-logo.png HTTP/1.1" 404 0 "-" "Mozilla/5.0 (compatible; Web-Monitoring/1.0; +http://monoid.nic.ru/)"
178.210.65.38 - - [30/May/2014:22:38:12 +0400] "HEAD /manager/media/script/mootools/mootools.js HTTP/1.1" 404 0 "-" "Mozilla/5.0 (compatible; Web-Monitoring/1.0; +http://monoid.nic.ru/)"
178.210.65.38 - - [30/May/2014:22:38:13 +0400] "HEAD /manager/media/style/MODxCarbon/style.css HTTP/1.1" 404 0 "-" "Mozilla/5.0 (compatible; Web-Monitoring/1.0; +http://monoid.nic.ru/)"
178.210.65.38 - - [30/May/2014:22:38:14 +0400] "HEAD /manager/ HTTP/1.1" 404 0 "-" "Mozilla/5.0 (compatible; Web-Monitoring/1.0; +http://monoid.nic.ru/)"
178.210.65.38 - - [30/May/2014:22:38:15 +0400] "HEAD /manager/templates/default/images/style/modx-logo-header.png HTTP/1.1" 404 0 "-" "Mozilla/5.0 (compatible; Web-Monitoring/1.0; +http://monoid.nic.ru/)"
178.210.65.38 - - [30/May/2014:22:38:16 +0400] "HEAD /manager/templates/default/images/restyle/headers.jpg HTTP/1.1" 404 0 "-" "Mozilla/5.0 (compatible; Web-Monitoring/1.0; +http://monoid.nic.ru/)"
178.210.65.38 - - [30/May/2014:22:38:17 +0400] "HEAD /manager/templates/default/css/login-min.css HTTP/1.1" 404 0 "-" "Mozilla/5.0 (compatible; Web-Monitoring/1.0; +http://monoid.nic.ru/)"
178.210.65.38 - - [30/May/2014:22:38:18 +0400] "HEAD /netcat/admin/ HTTP/1.1" 404 0 "-" "Mozilla/5.0 (compatible; Web-Monitoring/1.0; +http://monoid.nic.ru/)"
178.210.65.38 - - [30/May/2014:22:38:19 +0400] "HEAD /netcat/admin/skins/default/img/logo.png HTTP/1.1" 404 0 "-" "Mozilla/5.0 (compatible; Web-Monitoring/1.0; +http://monoid.nic.ru/)"
178.210.65.38 - - [30/May/2014:22:38:20 +0400] "HEAD /netcat/admin/skins/default/css/style.css HTTP/1.1" 404 0 "-" "Mozilla/5.0 (compatible; Web-Monitoring/1.0; +http://monoid.nic.ru/)"
178.210.65.38 - - [30/May/2014:22:38:21 +0400] "HEAD /netcat/admin/skins/default/css/login.css HTTP/1.1" 404 0 "-" "Mozilla/5.0 (compatible; Web-Monitoring/1.0; +http://monoid.nic.ru/)"
178.210.65.38 - - [30/May/2014:22:38:22 +0400] "HEAD /users/forget/ HTTP/1.1" 404 0 "-" "Mozilla/5.0 (compatible; Web-Monitoring/1.0; +http://monoid.nic.ru/)"
178.210.65.38 - - [30/May/2014:22:38:23 +0400] "HEAD /images/cms/admin/mac/common/butterfly.png HTTP/1.1" 404 0 "-" "Mozilla/5.0 (compatible; Web-Monitoring/1.0; +http://monoid.nic.ru/)"
178.210.65.38 - - [30/May/2014:22:38:24 +0400] "HEAD /installed HTTP/1.1" 404 0 "-" "Mozilla/5.0 (compatible; Web-Monitoring/1.0; +http://monoid.nic.ru/)"
178.210.65.38 - - [30/May/2014:22:38:25 +0400] "HEAD /users/registrate/ HTTP/1.1" 404 0 "-" "Mozilla/5.0 (compatible; Web-Monitoring/1.0; +http://monoid.nic.ru/)"
178.210.65.38 - - [30/May/2014:22:38:26 +0400] "HEAD /admin/content/sitetree/ HTTP/1.1" 404 0 "-" "Mozilla/5.0 (compatible; Web-Monitoring/1.0; +http://monoid.nic.ru/)"
178.210.65.38 - - [30/May/2014:22:38:27 +0400] "HEAD /styles/skins/mac/design/css/style.css HTTP/1.1" 404 0 "-" "Mozilla/5.0 (compatible; Web-Monitoring/1.0; +http://monoid.nic.ru/)"
178.210.65.38 - - [30/May/2014:22:38:28 +0400] "HEAD /wp-admin/ HTTP/1.1" 404 0 "-" "Mozilla/5.0 (compatible; Web-Monitoring/1.0; +http://monoid.nic.ru/)"
178.210.65.38 - - [30/May/2014:22:38:29 +0400] "HEAD /wp-content/ HTTP/1.1" 404 0 "-" "Mozilla/5.0 (compatible; Web-Monitoring/1.0; +http://monoid.nic.ru/)"
178.210.65.38 - - [30/May/2014:22:38:30 +0400] "HEAD /wp-admin/images/wordpress-logo.png HTTP/1.1" 404 0 "-" "Mozilla/5.0 (compatible; Web-Monitoring/1.0; +http://monoid.nic.ru/)"
178.210.65.38 - - [30/May/2014:22:38:31 +0400] "HEAD /wp-login.php HTTP/1.1" 404 0 "-" "Mozilla/5.0 (compatible; Web-Monitoring/1.0; +http://monoid.nic.ru/)"
178.210.65.38 - - [30/May/2014:22:38:32 +0400] "HEAD /wp-admin/css/wp-admin.css HTTP/1.1" 404 0 "-" "Mozilla/5.0 (compatible; Web-Monitoring/1.0; +http://monoid.nic.ru/)"
188.40.249.70 - - [31/May/2014:00:26:32 +0400] "GET / HTTP/1.0" 200 60898 "http://inload.in" "Mozilla/5.1 (compatible; DBot/7.0; +http://inload.in)"
188.40.249.70 - - [31/May/2014:00:26:32 +0400] "GET / HTTP/1.0" 200 45278 "http://inload.in" "Mozilla/5.1 (compatible; DBot/7.0; +http://inload.in)"
188.40.249.70 - - [31/May/2014:00:26:32 +0400] "GET / HTTP/1.0" 200 45278 "http://inload.in" "Mozilla/5.1 (compatible; DBot/7.0; +http://inload.in)"
148.251.0.212 - - [31/May/2014:03:20:30 +0400] "GET /yandexmarket/yandexmarket.php HTTP/1.0" 404 325 "-" "-"
66.249.67.86 - - [31/May/2014:15:09:26 +0400] "GET /robots.txt HTTP/1.1" 404 168 "-" "Mozilla/5.0 (compatible; Googlebot/2.1; +http://www.google.com/bot.html)"
66.249.67.86 - - [31/May/2014:15:09:27 +0400] "GET /user/passwordreturn HTTP/1.1" 404 319 "-" "Mozilla/5.0 (compatible; Googlebot/2.1; +http://www.google.com/bot.html)"
66.249.67.60 - - [31/May/2014:16:13:42 +0400] "GET /user/register HTTP/1.1" 404 313 "-" "Mozilla/5.0 (compatible; Googlebot/2.1; +http://www.google.com/bot.html)"
157.55.32.147 - - [31/May/2014:22:35:57 +0400] "GET /robots.txt HTTP/1.1" 404 168 "-" "Mozilla/5.0 (compatible; bingbot/2.0; +http://www.bing.com/bingbot.htm)"
157.55.32.147 - - [31/May/2014:22:39:23 +0400] "GET / HTTP/1.1" 200 85175 "-" "Mozilla/5.0 (compatible; bingbot/2.0; +http://www.bing.com/bingbot.htm)"
66.249.74.161 - - [01/Jun/2014:01:10:38 +0400] "GET /robots.txt HTTP/1.1" 404 168 "-" "Mozilla/5.0 (compatible; Googlebot/2.1; +http://www.google.com/bot.html)"
66.249.74.161 - - [01/Jun/2014:01:10:39 +0400] "GET / HTTP/1.1" 200 85083 "-" "Mozilla/5.0 (iPhone; CPU iPhone OS 6_0 like Mac OS X) AppleWebKit/536.26 (KHTML, like Gecko) Version/6.0 Mobile/10A5376e Safari/8536.25 (compatible; Googlebot/2.1; +http://www.google.com/bot.html)"
157.55.32.147 - - [01/Jun/2014:01:28:43 +0400] "GET /robots.txt HTTP/1.1" 404 168 "-" "Mozilla/5.0 (compatible; bingbot/2.0; +http://www.bing.com/bingbot.htm)"
157.55.32.147 - - [01/Jun/2014:01:36:35 +0400] "GET / HTTP/1.1" 200 85151 "-" "Mozilla/5.0 (compatible; bingbot/2.0; +http://www.bing.com/bingbot.htm)"
66.249.74.132 - - [01/Jun/2014:03:12:39 +0400] "GET /robots.txt HTTP/1.1" 404 168 "-" "Mozilla/5.0 (compatible; Googlebot/2.1; +http://www.google.com/bot.html)"
66.249.74.132 - - [01/Jun/2014:03:12:40 +0400] "GET / HTTP/1.1" 200 85107 "-" "Mozilla/5.0 (iPhone; CPU iPhone OS 6_0 like Mac OS X) AppleWebKit/536.26 (KHTML, like Gecko) Version/6.0 Mobile/10A5376e Safari/8536.25 (compatible; Googlebot/2.1; +http://www.google.com/bot.html)"
62.38.244.139 - - [01/Jun/2014:08:30:31 +0400] "GET /wp-login.php HTTP/1.1" 404 308 "-" "Mozilla/5.0 (Windows NT 6.1) AppleWebKit/537.1 (KHTML, like Gecko) Chrome/23.0.1271.6 Safari/537.11"
62.38.244.139 - - [01/Jun/2014:08:30:31 +0400] "GET /administrator/ HTTP/1.1" 404 310 "-" "Mozilla/5.0 (Windows NT 6.1) AppleWebKit/537.1 (KHTML, like Gecko) Chrome/23.0.1271.6 Safari/537.11"
62.38.244.139 - - [01/Jun/2014:08:30:32 +0400] "GET /admin.php HTTP/1.1" 404 305 "-" "Mozilla/5.0 (Windows NT 6.1) AppleWebKit/537.1 (KHTML, like Gecko) Chrome/23.0.1271.6 Safari/537.11"
148.251.0.212 - - [01/Jun/2014:09:58:31 +0400] "GET /yandexmarket.php HTTP/1.0" 404 312 "-" "-"
157.55.32.147 - - [01/Jun/2014:11:34:57 +0400] "GET /robots.txt HTTP/1.1" 404 168 "-" "Mozilla/5.0 (compatible; bingbot/2.0; +http://www.bing.com/bingbot.htm)"
157.55.32.147 - - [01/Jun/2014:11:38:28 +0400] "GET / HTTP/1.1" 200 85175 "-" "Mozilla/5.0 (compatible; bingbot/2.0; +http://www.bing.com/bingbot.htm)"
157.55.32.147 - - [01/Jun/2014:13:59:08 +0400] "GET /robots.txt HTTP/1.1" 404 168 "-" "Mozilla/5.0 (compatible; bingbot/2.0; +http://www.bing.com/bingbot.htm)"
157.55.32.147 - - [01/Jun/2014:13:59:43 +0400] "GET / HTTP/1.1" 200 85149 "-" "Mozilla/5.0 (compatible; bingbot/2.0; +http://www.bing.com/bingbot.htm)"
157.55.32.147 - - [01/Jun/2014:15:47:56 +0400] "GET / HTTP/1.1" 200 85151 "-" "Mozilla/5.0 (compatible; bingbot/2.0; +http://www.bing.com/bingbot.htm)"
157.55.32.147 - - [01/Jun/2014:16:24:15 +0400] "GET / HTTP/1.1" 200 85151 "-" "Mozilla/5.0 (compatible; bingbot/2.0; +http://www.bing.com/bingbot.htm)"
157.55.33.45 - - [01/Jun/2014:23:36:18 +0400] "GET /robots.txt HTTP/1.1" 404 168 "-" "Mozilla/5.0 (compatible; bingbot/2.0; +http://www.bing.com/bingbot.htm)"
157.55.33.45 - - [01/Jun/2014:23:45:01 +0400] "GET / HTTP/1.1" 200 85171 "-" "Mozilla/5.0 (compatible; bingbot/2.0; +http://www.bing.com/bingbot.htm)"
109.234.156.66 - - [02/Jun/2014:00:11:07 +0400] "GET / HTTP/1.1" 200 84597 "-" "Mozilla/5.0 (X11; Linux x86_64) AppleWebKit/537.11 (KHTML, like Gecko) Ubuntu Chromium/23.0.1271.97 Chrome/23.0.1271.97 Safari/537.11"
79.148.106.25 - - [02/Jun/2014:22:46:21 +0400] "GET /wp-login.php HTTP/1.1" 404 308 "-" "Mozilla/5.0 (Windows NT 6.0) AppleWebKit/537.1 (KHTML, like Gecko) Chrome/24.0.1309.0 Safari/537.17"
79.148.106.25 - - [02/Jun/2014:22:46:21 +0400] "GET /administrator/ HTTP/1.1" 404 310 "-" "Mozilla/5.0 (Windows NT 6.0) AppleWebKit/537.1 (KHTML, like Gecko) Chrome/24.0.1309.0 Safari/537.17"
79.148.106.25 - - [02/Jun/2014:22:46:21 +0400] "GET /admin.php HTTP/1.1" 404 305 "-" "Mozilla/5.0 (Windows NT 6.0) AppleWebKit/537.1 (KHTML, like Gecko) Chrome/24.0.1309.0 Safari/537.17"
157.55.33.121 - - [02/Jun/2014:23:43:14 +0400] "GET /robots.txt HTTP/1.1" 404 168 "-" "Mozilla/5.0 (compatible; bingbot/2.0; +http://www.bing.com/bingbot.htm)"
157.55.33.121 - - [02/Jun/2014:23:43:54 +0400] "GET / HTTP/1.1" 200 85175 "-" "Mozilla/5.0 (compatible; bingbot/2.0; +http://www.bing.com/bingbot.htm)"
157.55.33.121 - - [04/Jun/2014:02:08:07 +0400] "GET /robots.txt HTTP/1.1" 404 168 "-" "Mozilla/5.0 (compatible; bingbot/2.0; +http://www.bing.com/bingbot.htm)"
157.55.33.121 - - [04/Jun/2014:02:12:14 +0400] "GET / HTTP/1.1" 200 85175 "-" "Mozilla/5.0 (compatible; bingbot/2.0; +http://www.bing.com/bingbot.htm)"
157.55.33.121 - - [04/Jun/2014:03:03:12 +0400] "GET / HTTP/1.1" 200 85175 "-" "Mozilla/5.0 (compatible; bingbot/2.0; +http://www.bing.com/bingbot.htm)"
84.17.27.174 - - [04/Jun/2014:10:19:48 +0400] "GET / HTTP/1.1" 200 84204 "-" "Project1.exe"
89.223.53.7 - - [04/Jun/2014:11:00:55 +0400] "GET / HTTP/1.1" 200 84893 "http://ognemet.net/51.php?ref=6577" "Mozilla/5.0 (Windows NT 5.1) AppleWebKit/537.36 (KHTML, like Gecko) Chrome/34.0.1847.131 Safari/537.36"
157.55.33.179 - - [04/Jun/2014:13:38:22 +0400] "GET /robots.txt HTTP/1.1" 404 168 "-" "Mozilla/5.0 (compatible; bingbot/2.0; +http://www.bing.com/bingbot.htm)"
157.55.33.179 - - [04/Jun/2014:13:39:09 +0400] "GET / HTTP/1.1" 200 85175 "-" "Mozilla/5.0 (compatible; bingbot/2.0; +http://www.bing.com/bingbot.htm)"
157.55.33.179 - - [04/Jun/2014:13:54:50 +0400] "GET / HTTP/1.1" 200 85175 "-" "Mozilla/5.0 (compatible; bingbot/2.0; +http://www.bing.com/bingbot.htm)"
66.249.70.228 - - [04/Jun/2014:18:27:24 +0400] "GET /robots.txt HTTP/1.1" 404 168 "-" "Mozilla/5.0 (compatible; Googlebot/2.1; +http://www.google.com/bot.html)"
66.249.70.228 - - [04/Jun/2014:18:27:25 +0400] "GET / HTTP/1.1" 200 84859 "-" "Mozilla/5.0 (compatible; Googlebot/2.1; +http://www.google.com/bot.html)"
157.55.32.28 - - [05/Jun/2014:10:50:54 +0400] "GET /robots.txt HTTP/1.1" 404 168 "-" "Mozilla/5.0 (compatible; bingbot/2.0; +http://www.bing.com/bingbot.htm)"
157.55.32.28 - - [05/Jun/2014:10:53:03 +0400] "GET / HTTP/1.1" 200 85169 "-" "Mozilla/5.0 (compatible; bingbot/2.0; +http://www.bing.com/bingbot.htm)"
66.249.70.227 - - [05/Jun/2014:12:42:39 +0400] "GET /robots.txt HTTP/1.1" 404 168 "-" "Mozilla/5.0 (compatible; Googlebot/2.1; +http://www.google.com/bot.html)"
66.249.70.227 - - [05/Jun/2014:12:42:40 +0400] "GET / HTTP/1.1" 200 85081 "-" "Mozilla/5.0 (iPhone; CPU iPhone OS 6_0 like Mac OS X) AppleWebKit/536.26 (KHTML, like Gecko) Version/6.0 Mobile/10A5376e Safari/8536.25 (compatible; Googlebot/2.1; +http://www.google.com/bot.html)"
157.56.93.40 - - [05/Jun/2014:14:28:04 +0400] "GET /robots.txt HTTP/1.1" 404 168 "-" "Mozilla/5.0 (compatible; bingbot/2.0; +http://www.bing.com/bingbot.htm)"
157.56.93.40 - - [05/Jun/2014:14:28:32 +0400] "GET / HTTP/1.1" 200 85147 "-" "Mozilla/5.0 (compatible; bingbot/2.0; +http://www.bing.com/bingbot.htm)"
157.56.92.155 - - [05/Jun/2014:15:08:30 +0400] "GET /site/sitemap HTTP/1.1" 404 312 "-" "Mozilla/5.0 (compatible; bingbot/2.0; +http://www.bing.com/bingbot.htm)"
157.55.33.115 - - [06/Jun/2014:00:51:55 +0400] "GET /robots.txt HTTP/1.1" 404 168 "-" "Mozilla/5.0 (compatible; bingbot/2.0; +http://www.bing.com/bingbot.htm)"
157.55.33.115 - - [06/Jun/2014:00:52:28 +0400] "GET / HTTP/1.1" 200 85151 "-" "Mozilla/5.0 (compatible; bingbot/2.0; +http://www.bing.com/bingbot.htm)"
85.17.73.171 - - [06/Jun/2014:01:51:46 +0400] "GET / HTTP/1.1" 200 85148 "-" "Mozilla/5.0 (compatible; LinkpadBot/1.06; +http://www.linkpad.ru)"
46.21.147.172 - - [06/Jun/2014:10:08:01 +0400] "GET /bitrix/admin/ HTTP/1.1" 404 309 "-" "Opera/9.80 (Windows NT 5.1; U; ru) Presto/2.9.168 Version/11.50"
109.234.156.66 - - [06/Jun/2014:10:30:12 +0400] "GET / HTTP/1.1" 200 84597 "-" "Mozilla/5.0 (X11; Linux x86_64) AppleWebKit/537.11 (KHTML, like Gecko) Ubuntu Chromium/23.0.1271.97 Chrome/23.0.1271.97 Safari/537.11"
66.249.81.230 - - [06/Jun/2014:10:53:59 +0400] "GET / HTTP/1.1" 200 84782 "-" "Mozilla/5.0 (Windows NT 6.1; rv:6.0) Gecko/20110814 Firefox/6.0 Google favicon"
66.249.81.230 - - [06/Jun/2014:10:54:00 +0400] "GET /favicon.ico HTTP/1.1" 404 168 "-" "Mozilla/5.0 (Windows NT 6.1; rv:6.0) Gecko/20110814 Firefox/6.0 Google favicon"
66.249.69.8 - - [06/Jun/2014:11:54:03 +0400] "GET /robots.txt HTTP/1.1" 404 168 "-" "Mozilla/5.0 (compatible; Googlebot/2.1; +http://www.google.com/bot.html)"
66.249.69.152 - - [06/Jun/2014:11:54:03 +0400] "GET / HTTP/1.1" 200 84835 "-" "Mozilla/5.0 (compatible; Googlebot/2.1; +http://www.google.com/bot.html)"
148.251.0.212 - - [06/Jun/2014:11:59:43 +0400] "GET /catalog/yml.php HTTP/1.0" 404 311 "-" "-"
157.55.32.88 - - [06/Jun/2014:13:06:51 +0400] "GET /robots.txt HTTP/1.1" 404 168 "-" "Mozilla/5.0 (compatible; bingbot/2.0; +http://www.bing.com/bingbot.htm)"
157.55.32.97 - - [06/Jun/2014:13:07:09 +0400] "GET /robots.txt HTTP/1.1" 404 168 "-" "Mozilla/5.0 (compatible; bingbot/2.0; +http://www.bing.com/bingbot.htm)"
157.55.32.88 - - [06/Jun/2014:13:07:17 +0400] "GET / HTTP/1.1" 200 85147 "-" "Mozilla/5.0 (compatible; bingbot/2.0; +http://www.bing.com/bingbot.htm)"
95.28.157.89 - - [06/Jun/2014:13:27:16 +0400] "GET / HTTP/1.1" 200 86600 "http://yandex.ru/clck/jsredir?from=yandex.ru%3Byandsearch%3Bweb%3B%3B&text=www.uiweb.ru&uuid=&state=AiuY0DBWFJ4ePaEse6rgeAjgs2pI3DW9l18DHb9MflkzRsxCYLywGtCFJz75vZ77Yp2mepYd0l3odpyZbaTU6U6pPQ2BC4I0LFBk7Ca6UCCJ7HQi3Kbp3Oz5BBKOdsaLPWrzWxnKUD8rNR8KyDdPgRgq_yMyHzxepUmWF9LyLu9Oxg6N6SK_FHmKw0bmbQcghuezTb9kcO7lr7S4uhTNEsyBRlpaAgT_0X1EXf1TXu6Jdx2ZduT6_ql-cQOHtU2nU9JAA4YuduVjIxnDotJuL3qWsi59mkMzmsjc7L8pzcK9OeoqVevmdIdz5FomluGVSSH5e9phZ9FmUvctpp0ih0tlgy-9uTam1d40IoIo3BXYn72dwVR42Q&data=UlNrNmk5WktYejR0eWJFYk1LdmtxcGVKcW9zTmJfWHU1OGZYUDNrdzQtRVBrOVY3dzQwYl9YY05QRWE4dGo1MXRDTTZOazFtUFllUm9MMDZRdDMyeE9qeS12eHZpaTNF&b64e=2&sign=7ea763f4e6da9089c8cde96e31a7387d&keyno=0&l10n=ru" "Mozilla/5.0 (iPhone; CPU iPhone OS 7_0_4 like Mac OS X) AppleWebKit/537.51.1 (KHTML, like Gecko) Version/7.0 Mobile/11B554a Safari/9537.53"
95.28.157.89 - - [06/Jun/2014:13:27:21 +0400] "GET / HTTP/1.1" 200 85099 "-" "Mozilla/5.0 (iPhone; CPU iPhone OS 7_0_4 like Mac OS X) AppleWebKit/537.51.1 (KHTML, like Gecko) Version/7.0 Mobile/11B554a Safari/9537.53"
5.255.253.28 - - [06/Jun/2014:13:36:45 +0400] "GET /robots.txt HTTP/1.1" 404 168 "-" "Mozilla/5.0 (compatible; YandexBot/3.0; +http://yandex.com/bots)"
5.255.253.28 - - [06/Jun/2014:13:36:47 +0400] "GET / HTTP/1.1" 200 85056 "-" "Mozilla/5.0 (compatible; YandexDirect/3.0; +http://yandex.com/bots)"
189.208.57.239 - - [06/Jun/2014:13:45:15 +0400] "GET / HTTP/1.1" 200 85626 "http://UIWEB.RU" "Mozilla/5.0 (Macintosh; Intel Mac OS X 10.8; rv:22.0) Gecko/20100101 Firefox/22.0"
157.55.32.97 - - [06/Jun/2014:13:45:25 +0400] "GET / HTTP/1.1" 200 85169 "-" "Mozilla/5.0 (compatible; bingbot/2.0; +http://www.bing.com/bingbot.htm)"
185.25.48.163 - - [06/Jun/2014:17:28:05 +0400] "GET / HTTP/1.1" 200 85021 "-" "Mozilla/4.0 (compatible; MSIE 6.0; Windows NT 5.1; SV1; Mozilla/4.0 (compatible; MSIE 6.0; Windows NT 5.1; SV1) ; .NET CLR 2.0.50727 ; .NET CLR 4.0.30319)"
66.249.69.136 - - [06/Jun/2014:17:56:14 +0400] "GET / HTTP/1.1" 200 84833 "-" "Mozilla/5.0 (compatible; Googlebot/2.1; +http://www.google.com/bot.html)"
157.55.32.88 - - [06/Jun/2014:20:36:37 +0400] "GET /robots.txt HTTP/1.1" 404 168 "-" "Mozilla/5.0 (compatible; bingbot/2.0; +http://www.bing.com/bingbot.htm)"
157.55.32.88 - - [06/Jun/2014:20:37:16 +0400] "GET / HTTP/1.1" 200 85147 "-" "Mozilla/5.0 (compatible; bingbot/2.0; +http://www.bing.com/bingbot.htm)"
157.55.35.106 - - [06/Jun/2014:21:04:54 +0400] "GET / HTTP/1.1" 200 85149 "-" "Mozilla/5.0 (compatible; bingbot/2.0; +http://www.bing.com/bingbot.htm)"
66.249.70.228 - - [07/Jun/2014:00:02:40 +0400] "GET /robots.txt HTTP/1.1" 404 168 "-" "Mozilla/5.0 (compatible; Googlebot/2.1; +http://www.google.com/bot.html)"
66.249.69.3 - - [07/Jun/2014:00:02:40 +0400] "GET / HTTP/1.1" 200 85099 "-" "Mozilla/5.0 (iPhone; CPU iPhone OS 6_0 like Mac OS X) AppleWebKit/536.26 (KHTML, like Gecko) Version/6.0 Mobile/10A5376e Safari/8536.25 (compatible; Googlebot/2.1; +http://www.google.com/bot.html)"
66.249.69.152 - - [07/Jun/2014:05:53:04 +0400] "GET /robots.txt HTTP/1.1" 404 168 "-" "Mozilla/5.0 (compatible; Googlebot/2.1; +http://www.google.com/bot.html)"
66.249.69.152 - - [07/Jun/2014:05:53:05 +0400] "GET / HTTP/1.1" 200 85083 "-" "Mozilla/5.0 (iPhone; CPU iPhone OS 6_0 like Mac OS X) AppleWebKit/536.26 (KHTML, like Gecko) Version/6.0 Mobile/10A5376e Safari/8536.25 (compatible; Googlebot/2.1; +http://www.google.com/bot.html)"
66.249.69.136 - - [07/Jun/2014:06:25:58 +0400] "GET / HTTP/1.1" 200 85052 "-" "Mozilla/5.0 (compatible; Googlebot/2.1; +http://www.google.com/bot.html)"
94.231.166.222 - - [07/Jun/2014:07:03:06 +0400] "GET / HTTP/1.1" 200 84043 "-" "-"
94.231.166.222 - - [07/Jun/2014:07:03:06 +0400] "GET /administrator/index.php HTTP/1.1" 404 319 "-" "-"
65.55.52.88 - - [07/Jun/2014:07:31:44 +0400] "GET /robots.txt HTTP/1.1" 404 168 "-" "Mozilla/5.0 (compatible; bingbot/2.0; +http://www.bing.com/bingbot.htm)"
65.55.52.88 - - [07/Jun/2014:07:32:51 +0400] "GET / HTTP/1.1" 200 85167 "-" "Mozilla/5.0 (compatible; bingbot/2.0; +http://www.bing.com/bingbot.htm)"
65.55.52.88 - - [07/Jun/2014:09:28:00 +0400] "GET /robots.txt HTTP/1.1" 404 168 "-" "Mozilla/5.0 (compatible; bingbot/2.0; +http://www.bing.com/bingbot.htm)"
65.55.52.88 - - [07/Jun/2014:09:28:33 +0400] "GET / HTTP/1.1" 200 85143 "-" "Mozilla/5.0 (compatible; bingbot/2.0; +http://www.bing.com/bingbot.htm)"
5.255.253.28 - - [07/Jun/2014:12:12:12 +0400] "GET /robots.txt HTTP/1.1" 404 168 "-" "Mozilla/5.0 (compatible; YandexBot/3.0; +http://yandex.com/bots)"
37.130.227.133 - - [07/Jun/2014:13:40:55 +0400] "HEAD /administrator/index.php HTTP/1.1" 404 0 "-" "-"
5.255.253.28 - - [07/Jun/2014:15:39:11 +0400] "GET / HTTP/1.1" 200 85176 "-" "Mozilla/5.0 (compatible; YandexBot/3.0; +http://yandex.com/bots)"
148.251.0.212 - - [07/Jun/2014:17:21:19 +0400] "GET /catalog/yandex.xml HTTP/1.0" 404 314 "-" "-"
66.249.64.61 - - [07/Jun/2014:17:49:55 +0400] "GET /robots.txt HTTP/1.1" 404 168 "-" "Mozilla/5.0 (compatible; Googlebot/2.1; +http://www.google.com/bot.html)"
66.249.76.36 - - [07/Jun/2014:17:50:04 +0400] "GET / HTTP/1.1" 200 84981 "-" "Mozilla/5.0 (compatible; Googlebot/2.1; +http://www.google.com/bot.html)"
65.55.52.96 - - [07/Jun/2014:18:51:30 +0400] "GET /robots.txt HTTP/1.1" 404 168 "-" "Mozilla/5.0 (compatible; bingbot/2.0; +http://www.bing.com/bingbot.htm)"
65.55.52.96 - - [07/Jun/2014:18:55:19 +0400] "GET / HTTP/1.1" 200 85293 "-" "Mozilla/5.0 (compatible; bingbot/2.0; +http://www.bing.com/bingbot.htm)"
54.235.61.134 - - [07/Jun/2014:19:21:18 +0400] "HEAD / HTTP/1.1" 200 0 "-" "-"
54.235.61.134 - - [07/Jun/2014:19:21:34 +0400] "GET / HTTP/1.1" 200 84493 "-" "-"
65.55.52.96 - - [07/Jun/2014:19:47:24 +0400] "GET /robots.txt HTTP/1.1" 404 168 "-" "Mozilla/5.0 (compatible; bingbot/2.0; +http://www.bing.com/bingbot.htm)"
65.55.52.96 - - [07/Jun/2014:19:58:49 +0400] "GET / HTTP/1.1" 200 85269 "-" "Mozilla/5.0 (compatible; bingbot/2.0; +http://www.bing.com/bingbot.htm)"
66.249.76.36 - - [08/Jun/2014:00:32:57 +0400] "GET /user/passwordreturn HTTP/1.1" 404 319 "-" "Mozilla/5.0 (compatible; Googlebot/2.1; +http://www.google.com/bot.html)"
66.249.64.61 - - [08/Jun/2014:01:31:32 +0400] "GET /site/login HTTP/1.1" 404 310 "-" "Mozilla/5.0 (compatible; Googlebot/2.1; +http://www.google.com/bot.html)"
66.249.64.66 - - [08/Jun/2014:02:28:34 +0400] "GET /user/register HTTP/1.1" 404 313 "-" "Mozilla/5.0 (compatible; Googlebot/2.1; +http://www.google.com/bot.html)"
157.56.93.74 - - [08/Jun/2014:05:38:15 +0400] "GET /robots.txt HTTP/1.1" 404 168 "-" "Mozilla/5.0 (compatible; bingbot/2.0; +http://www.bing.com/bingbot.htm)"
157.56.93.74 - - [08/Jun/2014:05:39:31 +0400] "GET / HTTP/1.1" 200 85297 "-" "Mozilla/5.0 (compatible; bingbot/2.0; +http://www.bing.com/bingbot.htm)"
109.234.156.66 - - [08/Jun/2014:05:52:47 +0400] "GET / HTTP/1.1" 200 84723 "-" "Mozilla/5.0 (X11; Linux x86_64) AppleWebKit/537.11 (KHTML, like Gecko) Ubuntu Chromium/23.0.1271.97 Chrome/23.0.1271.97 Safari/537.11"
157.56.93.74 - - [08/Jun/2014:08:33:56 +0400] "GET /robots.txt HTTP/1.1" 404 168 "-" "Mozilla/5.0 (compatible; bingbot/2.0; +http://www.bing.com/bingbot.htm)"
157.56.93.74 - - [08/Jun/2014:08:38:50 +0400] "GET / HTTP/1.1" 200 85273 "-" "Mozilla/5.0 (compatible; bingbot/2.0; +http://www.bing.com/bingbot.htm)"
109.201.154.153 - - [08/Jun/2014:10:42:33 +0400] "GET / HTTP/1.1" 200 84462 "-" "Mozilla/5.0 (Windows NT 6.1; WOW64; rv:23.0) Gecko/20100101 Firefox/23.0"
66.249.64.147 - - [08/Jun/2014:11:38:58 +0400] "GET /robots.txt HTTP/1.1" 404 168 "-" "Mozilla/5.0 (compatible; Googlebot/2.1; +http://www.google.com/bot.html)"
66.249.64.137 - - [08/Jun/2014:11:38:59 +0400] "GET / HTTP/1.1" 200 85209 "-" "Mozilla/5.0 (iPhone; CPU iPhone OS 6_0 like Mac OS X) AppleWebKit/536.26 (KHTML, like Gecko) Version/6.0 Mobile/10A5376e Safari/8536.25 (compatible; Googlebot/2.1; +http://www.google.com/bot.html)"
157.56.93.40 - - [08/Jun/2014:16:11:56 +0400] "GET /robots.txt HTTP/1.1" 404 168 "-" "Mozilla/5.0 (compatible; bingbot/2.0; +http://www.bing.com/bingbot.htm)"
157.56.93.40 - - [08/Jun/2014:16:37:16 +0400] "GET / HTTP/1.1" 200 85169 "-" "Mozilla/5.0 (compatible; bingbot/2.0; +http://www.bing.com/bingbot.htm)"
157.55.33.110 - - [08/Jun/2014:18:23:15 +0400] "GET /robots.txt HTTP/1.1" 404 168 "-" "Mozilla/5.0 (compatible; bingbot/2.0; +http://www.bing.com/bingbot.htm)"
157.55.33.110 - - [08/Jun/2014:18:31:06 +0400] "GET / HTTP/1.1" 200 85149 "-" "Mozilla/5.0 (compatible; bingbot/2.0; +http://www.bing.com/bingbot.htm)"
2.95.152.31 - - [08/Jun/2014:20:52:52 +0400] "GET / HTTP/1.1" 200 84367 "-" "-"
148.251.0.212 - - [08/Jun/2014:23:01:20 +0400] "GET /catalog/market.xml HTTP/1.0" 404 314 "-" "-"
66.249.78.45 - - [08/Jun/2014:23:42:39 +0400] "GET /robots.txt HTTP/1.1" 404 168 "-" "Mozilla/5.0 (compatible; Googlebot/2.1; +http://www.google.com/bot.html)"
66.249.78.45 - - [08/Jun/2014:23:42:39 +0400] "GET / HTTP/1.1" 200 85101 "-" "Mozilla/5.0 (iPhone; CPU iPhone OS 6_0 like Mac OS X) AppleWebKit/536.26 (KHTML, like Gecko) Version/6.0 Mobile/10A5376e Safari/8536.25 (compatible; Googlebot/2.1; +http://www.google.com/bot.html)"
37.130.227.133 - - [08/Jun/2014:23:48:41 +0400] "HEAD /administrator/index.php HTTP/1.1" 404 0 "-" "-"
157.55.33.38 - - [09/Jun/2014:00:02:50 +0400] "GET /robots.txt HTTP/1.1" 404 168 "-" "Mozilla/5.0 (compatible; bingbot/2.0; +http://www.bing.com/bingbot.htm)"
157.55.33.38 - - [09/Jun/2014:00:03:28 +0400] "GET /! HTTP/1.1" 404 301 "-" "Mozilla/5.0 (compatible; bingbot/2.0; +http://www.bing.com/bingbot.htm)"
148.251.111.155 - - [09/Jun/2014:01:10:55 +0400] "GET / HTTP/1.1" 200 85334 "http://uiweb.ru" "Mozilla/5.0 (Macintosh; Intel Mac OS X 10_6_8) AppleWebKit/537.36 (KHTML, like Gecko) Chrome/27.0.1453.116 Safari/537.36"
157.55.33.178 - - [09/Jun/2014:04:02:28 +0400] "GET / HTTP/1.1" 200 85175 "-" "Mozilla/5.0 (compatible; bingbot/2.0; +http://www.bing.com/bingbot.htm)"
157.56.92.163 - - [09/Jun/2014:04:52:13 +0400] "GET /robots.txt HTTP/1.1" 404 168 "-" "Mozilla/5.0 (compatible; bingbot/2.0; +http://www.bing.com/bingbot.htm)"
157.56.92.163 - - [09/Jun/2014:04:55:13 +0400] "GET /site/login HTTP/1.1" 404 306 "-" "Mozilla/5.0 (compatible; bingbot/2.0; +http://www.bing.com/bingbot.htm)"
157.55.33.178 - - [09/Jun/2014:07:37:50 +0400] "GET / HTTP/1.1" 200 85151 "-" "Mozilla/5.0 (compatible; bingbot/2.0; +http://www.bing.com/bingbot.htm)"
109.234.156.66 - - [09/Jun/2014:07:59:35 +0400] "GET / HTTP/1.1" 200 84597 "-" "Mozilla/5.0 (X11; Linux x86_64) AppleWebKit/537.11 (KHTML, like Gecko) Ubuntu Chromium/23.0.1271.97 Chrome/23.0.1271.97 Safari/537.11"
66.249.81.230 - - [09/Jun/2014:10:33:09 +0400] "GET / HTTP/1.1" 200 84782 "-" "Mozilla/5.0 (Windows NT 6.1; rv:6.0) Gecko/20110814 Firefox/6.0 Google favicon"
66.249.81.230 - - [09/Jun/2014:10:33:09 +0400] "GET /favicon.ico HTTP/1.1" 404 168 "-" "Mozilla/5.0 (Windows NT 6.1; rv:6.0) Gecko/20110814 Firefox/6.0 Google favicon"
149.210.129.20 - - [09/Jun/2014:14:02:15 +0400] "GET / HTTP/1.0" 200 84006 "-" "-"
149.210.129.20 - - [09/Jun/2014:14:02:15 +0400] "GET /wp-login.php HTTP/1.0" 404 308 "-" "-"
149.210.129.20 - - [09/Jun/2014:14:02:15 +0400] "GET /administrator/index.php HTTP/1.0" 404 319 "-" "-"
5.255.253.28 - - [09/Jun/2014:14:18:38 +0400] "GET /robots.txt HTTP/1.1" 404 168 "-" "Mozilla/5.0 (compatible; YandexBot/3.0; +http://yandex.com/bots)"
157.55.33.178 - - [09/Jun/2014:14:25:15 +0400] "GET /robots.txt HTTP/1.1" 404 168 "-" "Mozilla/5.0 (compatible; bingbot/2.0; +http://www.bing.com/bingbot.htm)"
157.55.33.178 - - [09/Jun/2014:14:25:51 +0400] "GET / HTTP/1.1" 200 85175 "-" "Mozilla/5.0 (compatible; bingbot/2.0; +http://www.bing.com/bingbot.htm)"
5.255.253.28 - - [09/Jun/2014:18:12:35 +0400] "GET / HTTP/1.1" 200 85050 "-" "Mozilla/5.0 (compatible; YandexBot/3.0; +http://yandex.com/bots)"
157.55.33.29 - - [09/Jun/2014:20:59:17 +0400] "GET /robots.txt HTTP/1.1" 404 168 "-" "Mozilla/5.0 (compatible; bingbot/2.0; +http://www.bing.com/bingbot.htm)"
