2014/05/14 00:22:18 [error] 2718#0: *1 open() "/var/www/uiweb.ru/www/favicon.ico" failed (2: No such file or directory), client: 94.102.91.188, server: uiweb.ru, request: "GET /favicon.ico HTTP/1.1", host: "uiweb.ru"
2014/05/14 00:22:31 [info] 2718#0: *2 client closed connection while waiting for request, client: 94.102.91.188, server: 0.0.0.0:80
2014/05/14 00:22:32 [error] 2718#0: *4 open() "/var/www/uiweb.ru/www/favicon.ico" failed (2: No such file or directory), client: 94.102.91.188, server: uiweb.ru, request: "GET /favicon.ico HTTP/1.1", host: "files.uiweb.ru"
2014/05/14 00:22:51 [info] 2718#0: *6 client closed connection while waiting for request, client: 94.102.91.188, server: 0.0.0.0:80
2014/05/14 00:23:49 [warn] 2718#0: *4 an upstream response is buffered to a temporary file /usr/local/nginx-1.7.0/proxy_temp/1/00/0000000001 while reading upstream, client: 94.102.91.188, server: uiweb.ru, request: "GET / HTTP/1.1", upstream: "http://127.0.0.1:82/", host: "files.uiweb.ru"
2014/05/14 00:24:01 [info] 2718#0: *7 client closed connection while waiting for request, client: 94.102.91.188, server: 0.0.0.0:80
2014/05/14 00:25:31 [error] 2718#0: *10 open() "/var/www/uiweb.ru/www/phpmyadmin/themes/pmahomme/jquery/jquery-ui-1.9.2.custom.css" failed (2: No such file or directory), client: 94.102.91.188, server: uiweb.ru, request: "GET /phpmyadmin/themes/pmahomme/jquery/jquery-ui-1.9.2.custom.css HTTP/1.1", host: "uiweb.ru", referrer: "http://uiweb.ru/phpmyadmin/"
2014/05/14 00:25:31 [error] 2718#0: *20 open() "/var/www/uiweb.ru/www/phpmyadmin/themes/pmahomme/img/logo_right.png" failed (2: No such file or directory), client: 94.102.91.188, server: uiweb.ru, request: "GET /phpmyadmin/themes/pmahomme/img/logo_right.png HTTP/1.1", host: "uiweb.ru", referrer: "http://uiweb.ru/phpmyadmin/"
2014/05/14 00:25:31 [error] 2718#0: *10 open() "/var/www/uiweb.ru/www/phpmyadmin/themes/dot.gif" failed (2: No such file or directory), client: 94.102.91.188, server: uiweb.ru, request: "GET /phpmyadmin/themes/dot.gif HTTP/1.1", host: "uiweb.ru", referrer: "http://uiweb.ru/phpmyadmin/"
2014/05/14 00:25:31 [warn] 2718#0: *14 an upstream response is buffered to a temporary file /usr/local/nginx-1.7.0/proxy_temp/2/00/0000000002 while reading upstream, client: 94.102.91.188, server: uiweb.ru, request: "GET /phpmyadmin/js/get_scripts.js.php?lang=en&token=4d434d06114aaf528f685c17d32432f9&scripts[]=jquery/jquery-1.8.3.min.js&scripts[]=ajax.js&scripts[]=keyhandler.js&scripts[]=jquery/jquery-ui-1.9.2.custom.min.js&scripts[]=jquery/jquery.sprintf.js&scripts[]=jquery/jquery.cookie.js&scripts[]=jquery/jquery.mousewheel.js&scripts[]=jquery/jquery.event.drag-2.2.js&scripts[]=jquery/jquery-ui-timepicker-addon.js&scripts[]=jquery/jquery.ba-hashchange-1.3.js&scripts[]=jquery/jquery.debounce-1.0.5.js&scripts[]=jquery/jquery.menuResizer-1.0.js&scripts[]=cross_framing_protection.js&scripts[]=rte.js&scripts[]=tracekit/tracekit.js&scripts[]=error_report.js&scripts[]=doclinks.js&scripts[]=functions.js&scripts[]=navigation.js&scripts[]=indexes.js&scripts[]=common.js&scripts[]=codemirror/lib/codemirror.js&scripts[]=codemirror/mode/sql/sql.js&scripts[]=codemirror/addon/runmode/runmode.js HTTP/1.1", upstream: "http://127.0.0.1:82/phpmyadmin/js/get_scripts.js.php?lang=en&token=4d434d06114aaf528f685c17d32432f9&scripts[]=jquery/jquery-1.8.3.min.js&scripts[]=ajax.js&scripts[]=keyhandler.js&scripts[]=jquery/jquery-ui-1.9.2.custom.min.js&scripts[]=jquery/jquery.sprintf.js&scripts[]=jquery/jquery.cookie.js&scripts[]=jquery/jquery.mousewheel.js&scripts[]=jquery/jquery.event.drag-2.2.js&scripts[]=jquery/jquery-ui-timepicker-addon.js&scripts[]=jquery/jquery.ba-hashchange-1.3.js&scripts[]=jquery/jquery.debounce-1.0.5.js&scripts[]=jquery/jquery.menuResizer-1.0.js&scripts[]=cross_framing_protection.js&scripts[]=rte.js&scripts[]=tracekit/tracekit.js&scripts[]=error_report.js&scripts[]=doclinks.js&scripts[]=functions.js&scripts[]=navigation.js&scripts[]=indexes.js&scripts[]=common.js&scripts[]=codemirror/lib/codemirror.js&scripts[]=codemirror/mode/sql/sql.js&scripts[]=codemirror/addon/runmode/runmode.js", host: "uiweb.ru", referrer: "
2014/05/14 00:25:32 [error] 2718#0: *14 open() "/var/www/uiweb.ru/www/phpmyadmin/themes/pmahomme/img/logo_right.png" failed (2: No such file or directory), client: 94.102.91.188, server: uiweb.ru, request: "GET /phpmyadmin/themes/pmahomme/img/logo_right.png HTTP/1.1", host: "uiweb.ru", referrer: "http://uiweb.ru/phpmyadmin/"
2014/05/14 00:25:32 [error] 2718#0: *16 open() "/var/www/uiweb.ru/www/phpmyadmin/themes/dot.gif" failed (2: No such file or directory), client: 94.102.91.188, server: uiweb.ru, request: "GET /phpmyadmin/themes/dot.gif HTTP/1.1", host: "uiweb.ru", referrer: "http://uiweb.ru/phpmyadmin/"
2014/05/14 00:25:32 [error] 2718#0: *16 open() "/var/www/uiweb.ru/www/phpmyadmin/themes/pmahomme/img/sprites.png" failed (2: No such file or directory), client: 94.102.91.188, server: uiweb.ru, request: "GET /phpmyadmin/themes/pmahomme/img/sprites.png HTTP/1.1", host: "uiweb.ru", referrer: "http://uiweb.ru/phpmyadmin/"
2014/05/14 00:25:32 [error] 2718#0: *16 open() "/var/www/uiweb.ru/www/phpmyadmin/favicon.ico" failed (2: No such file or directory), client: 94.102.91.188, server: uiweb.ru, request: "GET /phpmyadmin/favicon.ico HTTP/1.1", host: "uiweb.ru"
2014/05/14 00:25:42 [info] 2718#0: *21 client sent invalid method while reading client request line, client: 93.92.196.83, server: uiweb.ru, request: "éğÒ„#–‹’BéôÅg»WuÁ'¢ÖDê…ıu6 ­u÷«NZÀ9ôON%DµKo®µl“'»7ªL#tí"
2014/05/14 00:26:32 [error] 2718#0: *18 open() "/var/www/uiweb.ru/www/phpmyadmin/themes/pmahomme/jquery/jquery-ui-1.9.2.custom.css" failed (2: No such file or directory), client: 94.102.91.188, server: uiweb.ru, request: "GET /phpmyadmin/themes/pmahomme/jquery/jquery-ui-1.9.2.custom.css HTTP/1.1", host: "uiweb.ru", referrer: "http://uiweb.ru/phpmyadmin/index.php?token=4d434d06114aaf528f685c17d32432f9"
2014/05/14 00:26:32 [warn] 2718#0: *14 an upstream response is buffered to a temporary file /usr/local/nginx-1.7.0/proxy_temp/3/00/0000000003 while reading upstream, client: 94.102.91.188, server: uiweb.ru, request: "GET /phpmyadmin/js/get_scripts.js.php?token=4d434d06114aaf528f685c17d32432f9&scripts[]=jquery/jquery-1.8.3.min.js&scripts[]=ajax.js&scripts[]=keyhandler.js&scripts[]=jquery/jquery-ui-1.9.2.custom.min.js&scripts[]=jquery/jquery.sprintf.js&scripts[]=jquery/jquery.cookie.js&scripts[]=jquery/jquery.mousewheel.js&scripts[]=jquery/jquery.event.drag-2.2.js&scripts[]=jquery/jquery-ui-timepicker-addon.js&scripts[]=jquery/jquery.ba-hashchange-1.3.js&scripts[]=jquery/jquery.debounce-1.0.5.js&scripts[]=jquery/jquery.menuResizer-1.0.js&scripts[]=cross_framing_protection.js&scripts[]=rte.js&scripts[]=tracekit/tracekit.js&scripts[]=error_report.js&scripts[]=doclinks.js&scripts[]=functions.js&scripts[]=navigation.js&scripts[]=indexes.js&scripts[]=common.js&scripts[]=codemirror/lib/codemirror.js&scripts[]=codemirror/mode/sql/sql.js&scripts[]=codemirror/addon/runmode/runmode.js HTTP/1.1", upstream: "http://127.0.0.1:82/phpmyadmin/js/get_scripts.js.php?token=4d434d06114aaf528f685c17d32432f9&scripts[]=jquery/jquery-1.8.3.min.js&scripts[]=ajax.js&scripts[]=keyhandler.js&scripts[]=jquery/jquery-ui-1.9.2.custom.min.js&scripts[]=jquery/jquery.sprintf.js&scripts[]=jquery/jquery.cookie.js&scripts[]=jquery/jquery.mousewheel.js&scripts[]=jquery/jquery.event.drag-2.2.js&scripts[]=jquery/jquery-ui-timepicker-addon.js&scripts[]=jquery/jquery.ba-hashchange-1.3.js&scripts[]=jquery/jquery.debounce-1.0.5.js&scripts[]=jquery/jquery.menuResizer-1.0.js&scripts[]=cross_framing_protection.js&scripts[]=rte.js&scripts[]=tracekit/tracekit.js&scripts[]=error_report.js&scripts[]=doclinks.js&scripts[]=functions.js&scripts[]=navigation.js&scripts[]=indexes.js&scripts[]=common.js&scripts[]=codemirror/lib/codemirror.js&scripts[]=codemirror/mode/sql/sql.js&scripts[]=codemirror/addon/runmode/runmode.js", host: "uiweb.ru", referrer: "http://uiweb.ru/
2014/05/14 00:26:32 [error] 2718#0: *9 open() "/var/www/uiweb.ru/www/phpmyadmin/themes/pmahomme/img/logo_left.png" failed (2: No such file or directory), client: 94.102.91.188, server: uiweb.ru, request: "GET /phpmyadmin/themes/pmahomme/img/logo_left.png HTTP/1.1", host: "uiweb.ru", referrer: "http://uiweb.ru/phpmyadmin/index.php?token=4d434d06114aaf528f685c17d32432f9"
2014/05/14 00:26:32 [error] 2718#0: *10 open() "/var/www/uiweb.ru/www/phpmyadmin/themes/pmahomme/img/ajax_clock_small.gif" failed (2: No such file or directory), client: 94.102.91.188, server: uiweb.ru, request: "GET /phpmyadmin/themes/pmahomme/img/ajax_clock_small.gif HTTP/1.1", host: "uiweb.ru", referrer: "http://uiweb.ru/phpmyadmin/index.php?token=4d434d06114aaf528f685c17d32432f9"
2014/05/14 00:26:32 [error] 2718#0: *20 open() "/var/www/uiweb.ru/www/phpmyadmin/themes/dot.gif" failed (2: No such file or directory), client: 94.102.91.188, server: uiweb.ru, request: "GET /phpmyadmin/themes/dot.gif HTTP/1.1", host: "uiweb.ru", referrer: "http://uiweb.ru/phpmyadmin/index.php?token=4d434d06114aaf528f685c17d32432f9"
2014/05/14 00:26:32 [warn] 2718#0: *16 an upstream response is buffered to a temporary file /usr/local/nginx-1.7.0/proxy_temp/4/00/0000000004 while reading upstream, client: 94.102.91.188, server: uiweb.ru, request: "GET /phpmyadmin/phpmyadmin.css.php?server=1&token=4d434d06114aaf528f685c17d32432f9&nocache=4196975881ltr HTTP/1.1", upstream: "http://127.0.0.1:82/phpmyadmin/phpmyadmin.css.php?server=1&token=4d434d06114aaf528f685c17d32432f9&nocache=4196975881ltr", host: "uiweb.ru", referrer: "http://uiweb.ru/phpmyadmin/index.php?token=4d434d06114aaf528f685c17d32432f9"
2014/05/14 00:26:32 [error] 2718#0: *14 open() "/var/www/uiweb.ru/www/phpmyadmin/themes/pmahomme/img/logo_left.png" failed (2: No such file or directory), client: 94.102.91.188, server: uiweb.ru, request: "GET /phpmyadmin/themes/pmahomme/img/logo_left.png HTTP/1.1", host: "uiweb.ru", referrer: "http://uiweb.ru/phpmyadmin/index.php?token=4d434d06114aaf528f685c17d32432f9"
2014/05/14 00:26:32 [error] 2718#0: *16 open() "/var/www/uiweb.ru/www/phpmyadmin/themes/dot.gif" failed (2: No such file or directory), client: 94.102.91.188, server: uiweb.ru, request: "GET /phpmyadmin/themes/dot.gif HTTP/1.1", host: "uiweb.ru", referrer: "http://uiweb.ru/phpmyadmin/index.php?token=4d434d06114aaf528f685c17d32432f9"
2014/05/14 00:26:32 [error] 2718#0: *20 open() "/var/www/uiweb.ru/www/phpmyadmin/themes/pmahomme/img/ajax_clock_small.gif" failed (2: No such file or directory), client: 94.102.91.188, server: uiweb.ru, request: "GET /phpmyadmin/themes/pmahomme/img/ajax_clock_small.gif HTTP/1.1", host: "uiweb.ru", referrer: "http://uiweb.ru/phpmyadmin/index.php?token=4d434d06114aaf528f685c17d32432f9"
2014/05/14 00:26:32 [error] 2718#0: *20 open() "/var/www/uiweb.ru/www/phpmyadmin/themes/pmahomme/img/left_nav_bg.png" failed (2: No such file or directory), client: 94.102.91.188, server: uiweb.ru, request: "GET /phpmyadmin/themes/pmahomme/img/left_nav_bg.png HTTP/1.1", host: "uiweb.ru", referrer: "http://uiweb.ru/phpmyadmin/index.php?token=4d434d06114aaf528f685c17d32432f9"
2014/05/14 00:26:32 [error] 2718#0: *16 open() "/var/www/uiweb.ru/www/phpmyadmin/themes/pmahomme/img/sprites.png" failed (2: No such file or directory), client: 94.102.91.188, server: uiweb.ru, request: "GET /phpmyadmin/themes/pmahomme/img/sprites.png HTTP/1.1", host: "uiweb.ru", referrer: "http://uiweb.ru/phpmyadmin/index.php?token=4d434d06114aaf528f685c17d32432f9"
2014/05/14 01:23:42 [info] 2718#0: *27 client sent invalid method while reading client request line, client: 179.52.18.114, server: uiweb.ru, request: "çURá.o›ğMÍfÕ³-˜”ûÆo„…¡[lÜh·´W±}P0¢Åü™}r]9š{ø[#ÿ4³"
2014/05/14 01:47:58 [info] 2718#0: *28 client sent invalid method while reading client request line, client: 95.52.12.74, server: uiweb.ru, request: "·“Ù5‰¡Ø	Äbôÿë"ûÉbNYG‚ ?7©Äk	µã5!"
2014/05/14 01:48:16 [info] 2718#0: *29 client sent invalid method while reading client request line, client: 95.52.12.74, server: uiweb.ru, request: "{]³S0[ÓŠT(¥÷ûí4‡>6Ãiñ”,3Z4K]ù˜ZnÙ¸<älE²ÜËa"
2014/05/14 02:32:11 [error] 2718#0: *30 open() "/var/www/uiweb.ru/www/robots.txt" failed (2: No such file or directory), client: 157.55.36.54, server: uiweb.ru, request: "GET /robots.txt HTTP/1.1", host: "uiweb.ru"
2014/05/14 02:32:11 [info] 2718#0: *30 client 157.55.36.54 closed keepalive connection
2014/05/14 03:15:15 [info] 2718#0: *31 recv() failed (104: Connection reset by peer) while waiting for request, client: 222.184.59.60, server: 0.0.0.0:80
2014/05/14 07:02:14 [warn] 1202#0: *1 an upstream response is buffered to a temporary file /usr/local/nginx-1.7.0/proxy_temp/1/00/0000000001 while reading upstream, client: 178.210.65.38, server: uiweb.ru, request: "GET / HTTP/1.1", upstream: "http://127.0.0.1:82/", host: "www.uiweb.ru"
2014/05/14 07:02:16 [error] 1202#0: *5 open() "/var/www/uiweb.ru/www/bitrix/themes/.default/images/auth_pict.gif" failed (2: No such file or directory), client: 178.210.65.38, server: uiweb.ru, request: "HEAD /bitrix/themes/.default/images/auth_pict.gif HTTP/1.1", host: "www.uiweb.ru"
2014/05/14 07:02:17 [error] 1202#0: *6 open() "/var/www/uiweb.ru/www/bitrix/js/main/core/core.css" failed (2: No such file or directory), client: 178.210.65.38, server: uiweb.ru, request: "HEAD /bitrix/js/main/core/core.css HTTP/1.1", host: "www.uiweb.ru"
2014/05/14 07:02:18 [error] 1202#0: *7 open() "/var/www/uiweb.ru/www/bitrix/themes/.default/adminstyles.css" failed (2: No such file or directory), client: 178.210.65.38, server: uiweb.ru, request: "HEAD /bitrix/themes/.default/adminstyles.css HTTP/1.1", host: "www.uiweb.ru"
2014/05/14 07:02:22 [error] 1202#0: *14 open() "/var/www/uiweb.ru/www/modules/system/system.css" failed (2: No such file or directory), client: 178.210.65.38, server: uiweb.ru, request: "HEAD /modules/system/system.css HTTP/1.1", host: "www.uiweb.ru"
2014/05/14 07:02:23 [error] 1202#0: *15 open() "/var/www/uiweb.ru/www/modules/system/system.base.css" failed (2: No such file or directory), client: 178.210.65.38, server: uiweb.ru, request: "HEAD /modules/system/system.base.css HTTP/1.1", host: "www.uiweb.ru"
2014/05/14 07:02:24 [error] 1202#0: *16 open() "/var/www/uiweb.ru/www/media/system/js/mootools.js" failed (2: No such file or directory), client: 178.210.65.38, server: uiweb.ru, request: "HEAD /media/system/js/mootools.js HTTP/1.1", host: "www.uiweb.ru"
2014/05/14 07:02:25 [error] 1202#0: *17 open() "/var/www/uiweb.ru/www/templates/system/css/system.css" failed (2: No such file or directory), client: 178.210.65.38, server: uiweb.ru, request: "HEAD /templates/system/css/system.css HTTP/1.1", host: "www.uiweb.ru"
2014/05/14 07:02:26 [error] 1202#0: *18 open() "/var/www/uiweb.ru/www/manager/media/style/MODxCarbon/images/misc/logo.png" failed (2: No such file or directory), client: 178.210.65.38, server: uiweb.ru, request: "HEAD /manager/media/style/MODxCarbon/images/misc/logo.png HTTP/1.1", host: "www.uiweb.ru"
2014/05/14 07:02:27 [error] 1202#0: *19 open() "/var/www/uiweb.ru/www/manager/media/style/MODxCarbon/images/misc/login-logo.png" failed (2: No such file or directory), client: 178.210.65.38, server: uiweb.ru, request: "HEAD /manager/media/style/MODxCarbon/images/misc/login-logo.png HTTP/1.1", host: "www.uiweb.ru"
2014/05/14 07:02:28 [error] 1202#0: *20 open() "/var/www/uiweb.ru/www/manager/media/script/mootools/mootools.js" failed (2: No such file or directory), client: 178.210.65.38, server: uiweb.ru, request: "HEAD /manager/media/script/mootools/mootools.js HTTP/1.1", host: "www.uiweb.ru"
2014/05/14 07:02:29 [error] 1202#0: *21 open() "/var/www/uiweb.ru/www/manager/media/style/MODxCarbon/style.css" failed (2: No such file or directory), client: 178.210.65.38, server: uiweb.ru, request: "HEAD /manager/media/style/MODxCarbon/style.css HTTP/1.1", host: "www.uiweb.ru"
2014/05/14 07:02:31 [error] 1202#0: *24 open() "/var/www/uiweb.ru/www/manager/templates/default/images/style/modx-logo-header.png" failed (2: No such file or directory), client: 178.210.65.38, server: uiweb.ru, request: "HEAD /manager/templates/default/images/style/modx-logo-header.png HTTP/1.1", host: "www.uiweb.ru"
2014/05/14 07:02:33 [error] 1202#0: *27 open() "/var/www/uiweb.ru/www/manager/templates/default/css/login-min.css" failed (2: No such file or directory), client: 178.210.65.38, server: uiweb.ru, request: "HEAD /manager/templates/default/css/login-min.css HTTP/1.1", host: "www.uiweb.ru"
2014/05/14 07:02:36 [error] 1202#0: *30 open() "/var/www/uiweb.ru/www/netcat/admin/skins/default/img/logo.png" failed (2: No such file or directory), client: 178.210.65.38, server: uiweb.ru, request: "HEAD /netcat/admin/skins/default/img/logo.png HTTP/1.1", host: "www.uiweb.ru"
2014/05/14 07:02:37 [error] 1202#0: *31 open() "/var/www/uiweb.ru/www/netcat/admin/skins/default/css/style.css" failed (2: No such file or directory), client: 178.210.65.38, server: uiweb.ru, request: "HEAD /netcat/admin/skins/default/css/style.css HTTP/1.1", host: "www.uiweb.ru"
2014/05/14 07:02:38 [error] 1202#0: *32 open() "/var/www/uiweb.ru/www/netcat/admin/skins/default/css/login.css" failed (2: No such file or directory), client: 178.210.65.38, server: uiweb.ru, request: "HEAD /netcat/admin/skins/default/css/login.css HTTP/1.1", host: "www.uiweb.ru"
2014/05/14 07:02:40 [error] 1202#0: *35 open() "/var/www/uiweb.ru/www/images/cms/admin/mac/common/butterfly.png" failed (2: No such file or directory), client: 178.210.65.38, server: uiweb.ru, request: "HEAD /images/cms/admin/mac/common/butterfly.png HTTP/1.1", host: "www.uiweb.ru"
2014/05/14 07:02:44 [error] 1202#0: *42 open() "/var/www/uiweb.ru/www/styles/skins/mac/design/css/style.css" failed (2: No such file or directory), client: 178.210.65.38, server: uiweb.ru, request: "HEAD /styles/skins/mac/design/css/style.css HTTP/1.1", host: "www.uiweb.ru"
2014/05/14 07:02:47 [error] 1202#0: *47 open() "/var/www/uiweb.ru/www/wp-admin/images/wordpress-logo.png" failed (2: No such file or directory), client: 178.210.65.38, server: uiweb.ru, request: "HEAD /wp-admin/images/wordpress-logo.png HTTP/1.1", host: "www.uiweb.ru"
2014/05/14 07:02:49 [error] 1202#0: *50 open() "/var/www/uiweb.ru/www/wp-admin/css/wp-admin.css" failed (2: No such file or directory), client: 178.210.65.38, server: uiweb.ru, request: "HEAD /wp-admin/css/wp-admin.css HTTP/1.1", host: "www.uiweb.ru"
2014/05/14 07:26:03 [info] 1202#0: *51 client 157.55.33.120 closed keepalive connection
2014/05/14 08:36:33 [warn] 1202#0: *53 an upstream response is buffered to a temporary file /usr/local/nginx-1.7.0/proxy_temp/2/00/0000000002 while reading upstream, client: 157.55.32.113, server: uiweb.ru, request: "GET / HTTP/1.1", upstream: "http://127.0.0.1:82/", host: "uiweb.ru"
2014/05/14 08:37:09 [info] 1202#0: *53 client 157.55.32.113 closed keepalive connection
2014/05/14 10:11:52 [warn] 1202#0: *55 an upstream response is buffered to a temporary file /usr/local/nginx-1.7.0/proxy_temp/3/00/0000000003 while reading upstream, client: 198.20.69.98, server: uiweb.ru, request: "GET / HTTP/1.1", upstream: "http://127.0.0.1:82/", host: "94.102.91.188"
2014/05/14 10:11:54 [error] 1202#0: *57 open() "/var/www/uiweb.ru/www/robots.txt" failed (2: No such file or directory), client: 198.20.69.98, server: uiweb.ru, request: "GET /robots.txt HTTP/1.1", host: "94.102.91.188"
2014/05/14 10:11:54 [info] 1202#0: *55 client 198.20.69.98 closed keepalive connection
2014/05/14 10:11:54 [info] 1202#0: *57 client 198.20.69.98 closed keepalive connection (104: Connection reset by peer)
2014/05/14 10:32:04 [warn] 1188#0: *1 an upstream response is buffered to a temporary file /usr/local/nginx-1.7.0/proxy_temp/1/00/0000000001 while reading upstream, client: 95.16.44.182, server: uiweb.ru, request: "GET / HTTP/1.0", upstream: "http://127.0.0.1:82/"
2014/05/14 11:05:02 [info] 1190#0: *3 client sent invalid method while reading client request line, client: 184.167.249.28, server: uiweb.ru, request: "¼,Eß‘5kõ5*u’=§0¥µ”âÎ~Òø)Œ ì"
2014/05/14 11:20:22 [info] 1190#0: *4 client sent invalid method while reading client request line, client: 81.166.137.54, server: uiweb.ru, request: "%ì³<^G&ò	èê÷„Š9ÕúĞßEcñ)`ˆ‚¦G–]¶ó: 'ò¿z¬È!Š…o«Ø}2"
2014/05/14 12:44:26 [info] 1190#0: *7 client closed connection while waiting for request, client: 31.181.46.146, server: 0.0.0.0:80
2014/05/14 13:09:01 [warn] 1190#0: *8 an upstream response is buffered to a temporary file /usr/local/nginx-1.7.0/proxy_temp/2/00/0000000002 while reading upstream, client: 94.102.91.188, server: uiweb.ru, request: "GET / HTTP/1.1", upstream: "http://127.0.0.1:82/", host: "server.uiweb.ru"
2014/05/14 13:09:01 [error] 1190#0: *8 open() "/var/www/uiweb.ru/www/favicon.ico" failed (2: No such file or directory), client: 94.102.91.188, server: uiweb.ru, request: "GET /favicon.ico HTTP/1.1", host: "server.uiweb.ru"
2014/05/14 13:09:13 [info] 1190#0: *9 client closed connection while waiting for request, client: 94.102.91.188, server: 0.0.0.0:80
2014/05/14 13:20:22 [info] 1190#0: *11 client sent invalid method while reading client request line, client: 99.120.252.29, server: uiweb.ru, request: "ƒ¬nìJ {PùÁÅ.Îè0t …şéÔm€‘øúkï±S¡-DóèLÀ-¸UÁY¸‹OLÿÍÇé"
2014/05/14 13:23:20 [error] 1190#0: *12 open() "/var/www/uiweb.ru/www/robots.txt" failed (2: No such file or directory), client: 157.55.35.78, server: uiweb.ru, request: "GET /robots.txt HTTP/1.1", host: "www.m-view.ru"
2014/05/14 13:23:20 [info] 1190#0: *12 client 157.55.35.78 closed keepalive connection
2014/05/14 13:51:54 [info] 1190#0: *13 client closed connection while waiting for request, client: 80.83.238.21, server: 0.0.0.0:80
2014/05/14 14:51:44 [info] 1190#0: *14 client sent invalid method while reading client request line, client: 83.149.41.224, server: uiweb.ru, request: "Gc˜Ì£`«.<hİÔf®h¶Éù‘×Í×&ñ<6˜Qr"
2014/05/14 15:11:33 [warn] 1190#0: *15 an upstream response is buffered to a temporary file /usr/local/nginx-1.7.0/proxy_temp/3/00/0000000003 while reading upstream, client: 54.242.51.50, server: uiweb.ru, request: "GET / HTTP/1.0", upstream: "http://127.0.0.1:82/", host: "uiweb.ru"
2014/05/14 15:11:33 [info] 1190#0: *15 client prematurely closed connection while sending to client, client: 54.242.51.50, server: uiweb.ru, request: "GET / HTTP/1.0", upstream: "http://127.0.0.1:82/", host: "uiweb.ru"
2014/05/14 15:11:37 [warn] 1190#0: *17 an upstream response is buffered to a temporary file /usr/local/nginx-1.7.0/proxy_temp/4/00/0000000004 while reading upstream, client: 54.242.51.50, server: uiweb.ru, request: "GET / HTTP/1.0", upstream: "http://127.0.0.1:82/", host: "uiweb.ru"
2014/05/14 15:11:38 [warn] 1190#0: *19 an upstream response is buffered to a temporary file /usr/local/nginx-1.7.0/proxy_temp/5/00/0000000005 while reading upstream, client: 54.242.51.50, server: uiweb.ru, request: "GET / HTTP/1.0", upstream: "http://127.0.0.1:82/", host: "uiweb.ru"
2014/05/14 15:11:38 [info] 1190#0: *19 client prematurely closed connection while sending to client, client: 54.242.51.50, server: uiweb.ru, request: "GET / HTTP/1.0", upstream: "http://127.0.0.1:82/", host: "uiweb.ru"
2014/05/14 15:11:38 [warn] 1190#0: *21 an upstream response is buffered to a temporary file /usr/local/nginx-1.7.0/proxy_temp/6/00/0000000006 while reading upstream, client: 54.242.51.50, server: uiweb.ru, request: "GET / HTTP/1.0", upstream: "http://127.0.0.1:82/", host: "uiweb.ru"
2014/05/14 15:11:38 [info] 1190#0: *21 client prematurely closed connection while sending to client, client: 54.242.51.50, server: uiweb.ru, request: "GET / HTTP/1.0", upstream: "http://127.0.0.1:82/", host: "uiweb.ru"
2014/05/14 15:14:50 [error] 1190#0: *23 open() "/var/www/uiweb.ru/www/robots.txt" failed (2: No such file or directory), client: 54.208.201.249, server: uiweb.ru, request: "GET /robots.txt HTTP/1.1", host: "www.Uiweb.ru"
2014/05/14 15:14:51 [info] 1190#0: *23 client 54.208.201.249 closed keepalive connection
2014/05/14 15:14:51 [warn] 1190#0: *24 an upstream response is buffered to a temporary file /usr/local/nginx-1.7.0/proxy_temp/7/00/0000000007 while reading upstream, client: 54.208.201.249, server: uiweb.ru, request: "GET / HTTP/1.1", upstream: "http://127.0.0.1:82/", host: "www.Uiweb.ru"
2014/05/14 15:14:51 [info] 1190#0: *24 client 54.208.201.249 closed keepalive connection
2014/05/14 15:20:23 [info] 1190#0: *26 client sent invalid method while reading client request line, client: 62.85.50.180, server: uiweb.ru, request: "Š²ágÁ²<"†Gıß\A¨çÌq]õ;= }Dc©ÁÎÒ“Ø÷•Õ3Á"Ï:"
2014/05/14 15:26:13 [warn] 1190#0: *27 an upstream response is buffered to a temporary file /usr/local/nginx-1.7.0/proxy_temp/8/00/0000000008 while reading upstream, client: 157.55.35.78, server: uiweb.ru, request: "GET / HTTP/1.1", upstream: "http://127.0.0.1:82/", host: "www.m-view.ru"
2014/05/14 15:26:48 [info] 1190#0: *27 client 157.55.35.78 closed keepalive connection
2014/05/14 16:21:59 [error] 1190#0: *29 open() "/var/www/uiweb.ru/www/robots.txt" failed (2: No such file or directory), client: 66.249.64.66, server: uiweb.ru, request: "GET /robots.txt HTTP/1.1", host: "www.uiweb.ru"
2014/05/14 16:22:26 [info] 1190#0: *29 client 66.249.64.66 closed keepalive connection
2014/05/14 16:22:41 [info] 1190#0: *30 client 66.249.64.56 closed keepalive connection
2014/05/14 16:39:12 [info] 1190#0: *32 client sent invalid method while reading client request line, client: 80.247.45.1, server: uiweb.ru, request: "]hËm¿)æ­1J¹|üŞ^dWTı™.JgBØM5nSïM—p àIH‘"
2014/05/14 16:56:38 [info] 1190#0: *33 client sent invalid method while reading client request line, client: 217.118.81.30, server: uiweb.ru, request: "·‰€Ñ;ÕêÍ9x† 3ÉRŠg–º o)°9äÒAùg¢"~ş1giRÒöùX¡wØğ_oF-gf?”éZ@&M…ã¸ë"
2014/05/14 17:20:42 [info] 1190#0: *34 client sent invalid method while reading client request line, client: 46.27.38.21, server: uiweb.ru, request: "±cİ"ß×¹”£X¤ux¶?€‚­,Å&ñ¼"”ˆdæào¹UOU–İEäyß[lí9M3ÛÓêëlØï®qµ"
2014/05/14 17:26:04 [error] 1190#0: *35 open() "/var/www/uiweb.ru/www/robots.txt" failed (2: No such file or directory), client: 157.56.229.245, server: uiweb.ru, request: "GET /robots.txt HTTP/1.1", host: "www.uiweb.ru"
2014/05/14 17:26:04 [info] 1190#0: *35 client 157.56.229.245 closed keepalive connection
2014/05/14 17:29:28 [warn] 1190#0: *36 an upstream response is buffered to a temporary file /usr/local/nginx-1.7.0/proxy_temp/9/00/0000000009 while reading upstream, client: 157.56.229.245, server: uiweb.ru, request: "GET / HTTP/1.1", upstream: "http://127.0.0.1:82/", host: "www.uiweb.ru"
2014/05/14 17:30:06 [info] 1190#0: *36 client 157.56.229.245 closed keepalive connection
2014/05/14 17:53:31 [warn] 1190#0: *38 an upstream response is buffered to a temporary file /usr/local/nginx-1.7.0/proxy_temp/0/01/0000000010 while reading upstream, client: 93.84.51.81, server: uiweb.ru, request: "GET /? HTTP/1.1", upstream: "http://127.0.0.1:82/", host: "uiweb.ru"
2014/05/14 17:53:31 [warn] 1190#0: *40 an upstream response is buffered to a temporary file /usr/local/nginx-1.7.0/proxy_temp/1/01/0000000011 while reading upstream, client: 93.84.51.81, server: uiweb.ru, request: "GET /index.php?action=register HTTP/1.1", upstream: "http://127.0.0.1:82/index.php?action=register", host: "uiweb.ru"
2014/05/14 17:53:32 [info] 1190#0: *40 recv() failed (104: Connection reset by peer) while sending to client, client: 93.84.51.81, server: uiweb.ru, request: "GET /index.php?action=register HTTP/1.1", upstream: "http://127.0.0.1:82/index.php?action=register", host: "uiweb.ru"
2014/05/14 17:53:32 [warn] 1190#0: *42 an upstream response is buffered to a temporary file /usr/local/nginx-1.7.0/proxy_temp/2/01/0000000012 while reading upstream, client: 93.84.51.81, server: uiweb.ru, request: "GET /index.php?action=profile;u=1 HTTP/1.1", upstream: "http://127.0.0.1:82/index.php?action=profile;u=1", host: "uiweb.ru"
2014/05/14 17:53:32 [warn] 1190#0: *44 an upstream response is buffered to a temporary file /usr/local/nginx-1.7.0/proxy_temp/3/01/0000000013 while reading upstream, client: 93.84.51.81, server: uiweb.ru, request: "GET /index.php?action=profile;u=5 HTTP/1.1", upstream: "http://127.0.0.1:82/index.php?action=profile;u=5", host: "uiweb.ru"
2014/05/14 17:53:32 [info] 1190#0: *44 recv() failed (104: Connection reset by peer) while sending to client, client: 93.84.51.81, server: uiweb.ru, request: "GET /index.php?action=profile;u=5 HTTP/1.1", upstream: "http://127.0.0.1:82/index.php?action=profile;u=5", host: "uiweb.ru"
2014/05/14 17:53:32 [warn] 1190#0: *46 an upstream response is buffered to a temporary file /usr/local/nginx-1.7.0/proxy_temp/4/01/0000000014 while reading upstream, client: 93.84.51.81, server: uiweb.ru, request: "GET /index.php?action=profile;u=15 HTTP/1.1", upstream: "http://127.0.0.1:82/index.php?action=profile;u=15", host: "uiweb.ru"
2014/05/14 17:53:33 [info] 1190#0: *46 recv() failed (104: Connection reset by peer) while sending to client, client: 93.84.51.81, server: uiweb.ru, request: "GET /index.php?action=profile;u=15 HTTP/1.1", upstream: "http://127.0.0.1:82/index.php?action=profile;u=15", host: "uiweb.ru"
2014/05/14 17:53:33 [warn] 1190#0: *48 an upstream response is buffered to a temporary file /usr/local/nginx-1.7.0/proxy_temp/5/01/0000000015 while reading upstream, client: 93.84.51.81, server: uiweb.ru, request: "GET /index.php?action=profile;u=35 HTTP/1.1", upstream: "http://127.0.0.1:82/index.php?action=profile;u=35", host: "uiweb.ru"
2014/05/14 17:53:33 [info] 1190#0: *48 recv() failed (104: Connection reset by peer) while sending to client, client: 93.84.51.81, server: uiweb.ru, request: "GET /index.php?action=profile;u=35 HTTP/1.1", upstream: "http://127.0.0.1:82/index.php?action=profile;u=35", host: "uiweb.ru"
2014/05/14 17:53:33 [warn] 1190#0: *50 an upstream response is buffered to a temporary file /usr/local/nginx-1.7.0/proxy_temp/6/01/0000000016 while reading upstream, client: 93.84.51.81, server: uiweb.ru, request: "GET /index.php?action=profile;u=85 HTTP/1.1", upstream: "http://127.0.0.1:82/index.php?action=profile;u=85", host: "uiweb.ru"
2014/05/14 17:53:34 [info] 1190#0: *50 recv() failed (104: Connection reset by peer) while sending to client, client: 93.84.51.81, server: uiweb.ru, request: "GET /index.php?action=profile;u=85 HTTP/1.1", upstream: "http://127.0.0.1:82/index.php?action=profile;u=85", host: "uiweb.ru"
2014/05/14 18:10:41 [info] 1190#0: *72 client sent invalid method while reading client request line, client: 193.142.19.135, server: uiweb.ru, request: "ëµm©ª+Ì·›P0ëó³Jîhr©*ÀJ­²Ñœ¤ËÇâ¾êÅ4g/#ƒ¼Œ¸ú;•)šì -Ís'\±a= ²TŒ‰"
2014/05/14 19:20:43 [info] 1190#0: *73 client sent invalid method while reading client request line, client: 186.68.241.75, server: uiweb.ru, request: "§äéU£öœLYì/JGóîöiûr×Wr"
2014/05/14 20:19:57 [error] 1190#0: *74 open() "/var/www/uiweb.ru/www/robots.txt" failed (2: No such file or directory), client: 157.56.93.38, server: uiweb.ru, request: "GET /robots.txt HTTP/1.1", host: "uiweb.ru"
2014/05/14 20:19:58 [info] 1190#0: *74 client 157.56.93.38 closed keepalive connection
2014/05/14 20:21:29 [warn] 1190#0: *75 an upstream response is buffered to a temporary file /usr/local/nginx-1.7.0/proxy_temp/7/01/0000000017 while reading upstream, client: 54.187.241.89, server: uiweb.ru, request: "GET / HTTP/1.1", upstream: "http://127.0.0.1:82/", host: "94.102.91.188"
2014/05/14 20:30:44 [warn] 1190#0: *77 an upstream response is buffered to a temporary file /usr/local/nginx-1.7.0/proxy_temp/8/01/0000000018 while reading upstream, client: 157.56.93.38, server: uiweb.ru, request: "GET / HTTP/1.1", upstream: "http://127.0.0.1:82/", host: "uiweb.ru"
2014/05/14 20:30:45 [info] 1190#0: *77 client 157.56.93.38 closed keepalive connection
2014/05/14 20:40:24 [info] 1190#0: *79 client sent invalid method while reading client request line, client: 83.149.9.176, server: uiweb.ru, request: "|ÌÒ”1F"
2014/05/14 21:18:04 [info] 1190#0: *80 client sent invalid method while reading client request line, client: 83.149.8.152, server: uiweb.ru, request: "M^–ú5AšCTÎÛÂRhôá“åKşĞ‰·XÓÁl›¡Ä´¿t¿Ü„õş«-ô+×(ç2"
2014/05/14 23:33:13 [info] 1190#0: *83 client sent invalid method while reading client request line, client: 85.226.217.251, server: uiweb.ru, request: "œ0¼s‰ÙĞ¯ºvôj‘R;5ÄÛ˜İ”4¤iNló"
2014/05/14 23:39:04 [info] 1190#0: *84 client 77.79.146.111 closed keepalive connection
2014/05/14 23:39:04 [info] 1190#0: *86 client 77.79.146.111 closed keepalive connection
2014/05/14 23:39:04 [info] 1190#0: *88 client 77.79.146.111 closed keepalive connection
2014/05/14 23:41:55 [info] 1190#0: *90 client sent invalid method while reading client request line, client: 95.52.202.221, server: uiweb.ru, request: "üÅÔˆ—4À½µ‘I%ûn#Ôyñd«ÿr1[èÅhÑ4^†f˜;ásk£]^èQö¾Í´—6qQX˜°Î"
2014/05/14 23:51:55 [warn] 1190#0: *91 an upstream response is buffered to a temporary file /usr/local/nginx-1.7.0/proxy_temp/9/01/0000000019 while reading upstream, client: 188.226.247.49, server: uiweb.ru, request: "GET / HTTP/1.1", upstream: "http://127.0.0.1:82/", host: "m-view.ru"
2014/05/14 23:51:55 [info] 1190#0: *91 client 188.226.247.49 closed keepalive connection
2014/05/14 23:53:14 [info] 1190#0: *93 client 37.59.67.198 closed keepalive connection
2014/05/15 07:24:26 [warn] 1187#0: *1 an upstream response is buffered to a temporary file /usr/local/nginx-1.7.0/proxy_temp/1/00/0000000001 while reading upstream, client: 94.102.91.188, server: uiweb.ru, request: "GET / HTTP/1.1", upstream: "http://127.0.0.1:82/", host: "files.uiweb.ru"
2014/05/15 07:24:26 [error] 1187#0: *1 open() "/var/www/uiweb.ru/www/favicon.ico" failed (2: No such file or directory), client: 94.102.91.188, server: uiweb.ru, request: "GET /favicon.ico HTTP/1.1", host: "files.uiweb.ru"
2014/05/15 07:24:39 [info] 1187#0: *2 client closed connection while waiting for request, client: 94.102.91.188, server: 0.0.0.0:80
2014/05/15 07:26:17 [error] 1187#0: *4 open() "/var/www/uiweb.ru/www/robots.txt" failed (2: No such file or directory), client: 157.55.35.87, server: uiweb.ru, request: "GET /robots.txt HTTP/1.1", host: "uiweb.ru"
2014/05/15 07:26:17 [info] 1187#0: *4 client 157.55.35.87 closed keepalive connection
2014/05/15 07:27:42 [warn] 1187#0: *5 an upstream response is buffered to a temporary file /usr/local/nginx-1.7.0/proxy_temp/2/00/0000000002 while reading upstream, client: 157.55.35.87, server: uiweb.ru, request: "GET / HTTP/1.1", upstream: "http://127.0.0.1:82/", host: "uiweb.ru"
2014/05/15 07:28:17 [info] 1187#0: *5 client 157.55.35.87 closed keepalive connection
2014/05/15 07:38:23 [warn] 1187#0: *7 an upstream response is buffered to a temporary file /usr/local/nginx-1.7.0/proxy_temp/3/00/0000000003 while reading upstream, client: 109.234.156.66, server: uiweb.ru, request: "GET / HTTP/1.1", upstream: "http://127.0.0.1:82/", host: "UIWEB.RU"
2014/05/15 07:38:23 [info] 1187#0: *7 client 109.234.156.66 closed keepalive connection
2014/05/15 08:16:50 [error] 1187#0: *9 open() "/var/www/uiweb.ru/www/robots.txt" failed (2: No such file or directory), client: 157.55.35.75, server: uiweb.ru, request: "GET /robots.txt HTTP/1.1", host: "www.uiweb.ru"
2014/05/15 08:16:50 [info] 1187#0: *9 client 157.55.35.75 closed keepalive connection
2014/05/15 09:46:54 [info] 1187#0: *10 client sent invalid method while reading client request line, client: 46.158.55.204, server: uiweb.ru, request: "~»ôU!W•Øp`"
2014/05/15 11:12:49 [error] 1187#0: *13 open() "/var/www/uiweb.ru/www/robots.txt" failed (2: No such file or directory), client: 66.249.64.137, server: uiweb.ru, request: "GET /robots.txt HTTP/1.1", host: "uiweb.ru"
2014/05/15 11:12:49 [warn] 1187#0: *14 an upstream response is buffered to a temporary file /usr/local/nginx-1.7.0/proxy_temp/4/00/0000000004 while reading upstream, client: 66.249.64.147, server: uiweb.ru, request: "GET / HTTP/1.1", upstream: "http://127.0.0.1:82/", host: "uiweb.ru"
2014/05/15 11:12:50 [error] 1187#0: *16 open() "/var/www/uiweb.ru/www/robots.txt" failed (2: No such file or directory), client: 66.249.64.56, server: uiweb.ru, request: "GET /robots.txt HTTP/1.1", host: "www.uiweb.ru"
2014/05/15 11:12:51 [warn] 1187#0: *17 an upstream response is buffered to a temporary file /usr/local/nginx-1.7.0/proxy_temp/5/00/0000000005 while reading upstream, client: 66.249.76.37, server: uiweb.ru, request: "GET / HTTP/1.1", upstream: "http://127.0.0.1:82/", host: "www.uiweb.ru"
2014/05/15 11:12:56 [info] 1187#0: *17 client 66.249.76.37 closed keepalive connection
2014/05/15 11:14:05 [info] 1187#0: *13 client 66.249.64.137 closed keepalive connection
2014/05/15 11:14:21 [info] 1187#0: *14 client 66.249.64.147 closed keepalive connection
2014/05/15 11:14:21 [info] 1187#0: *16 client 66.249.64.56 closed keepalive connection
2014/05/15 12:21:07 [info] 1187#0: *19 client sent invalid method while reading client request line, client: 195.91.197.78, server: uiweb.ru, request: "Ó&ıµÓf6ûÑp‹ÁÏ¯"
2014/05/15 12:21:07 [info] 1187#0: *20 client sent invalid method while reading client request line, client: 195.91.197.78, server: uiweb.ru, request: "Q•qÍS‚ÕÀö"eúx×ˆMé°\A¿Ê#§"94w#Ú»•3Pâ…oÿë•	}@YÔhGYrú­"
2014/05/15 12:30:17 [info] 1187#0: *21 client sent invalid method while reading client request line, client: 195.91.197.78, server: uiweb.ru, request: "^	µÕ²äŠÕz\'|Â³¤;6“6=0kÁ¦á‡”§¢S¢€˜"Ğ.(«ts-úı"
2014/05/15 12:30:17 [info] 1187#0: *22 client sent invalid method while reading client request line, client: 195.91.197.78, server: uiweb.ru, request: "ƒö8ì3ı«_/%ğyü™“ÈçæBï=ÿ!}Rİ¼ñNp"
2014/05/15 13:22:51 [error] 1187#0: *23 open() "/var/www/uiweb.ru/www/assets/f140bc79/yii.js" failed (2: No such file or directory), client: 66.249.64.56, server: uiweb.ru, request: "GET /assets/f140bc79/yii.js HTTP/1.1", host: "www.uiweb.ru"
2014/05/15 13:22:52 [error] 1187#0: *24 open() "/var/www/uiweb.ru/www/assets/f56db9e0/jquery.js" failed (2: No such file or directory), client: 66.249.64.61, server: uiweb.ru, request: "GET /assets/f56db9e0/jquery.js HTTP/1.1", host: "www.uiweb.ru"
2014/05/15 13:22:53 [error] 1187#0: *23 open() "/var/www/uiweb.ru/www/include/base/css/style.css" failed (2: No such file or directory), client: 66.249.64.56, server: uiweb.ru, request: "GET /include/base/css/style.css HTTP/1.1", host: "www.uiweb.ru"
2014/05/15 13:22:53 [error] 1187#0: *23 open() "/var/www/uiweb.ru/www/assets/f140bc79/yii.activeForm.js" failed (2: No such file or directory), client: 66.249.64.56, server: uiweb.ru, request: "GET /assets/f140bc79/yii.activeForm.js HTTP/1.1", host: "www.uiweb.ru"
2014/05/15 13:22:54 [error] 1187#0: *25 open() "/var/www/uiweb.ru/www/include/base/js/jquery-2.0.3.min.js" failed (2: No such file or directory), client: 66.249.64.66, server: uiweb.ru, request: "GET /include/base/js/jquery-2.0.3.min.js HTTP/1.1", host: "www.uiweb.ru"
2014/05/15 13:24:19 [info] 1187#0: *25 client 66.249.64.66 closed keepalive connection
2014/05/15 13:24:21 [info] 1187#0: *24 client 66.249.64.61 closed keepalive connection
2014/05/15 13:24:23 [info] 1187#0: *23 client 66.249.64.56 closed keepalive connection
2014/05/15 13:38:21 [info] 1187#0: *26 client 185.38.249.220 closed keepalive connection
2014/05/15 13:39:15 [warn] 1187#0: *30 an upstream response is buffered to a temporary file /usr/local/nginx-1.7.0/proxy_temp/6/00/0000000006 while reading upstream, client: 62.109.20.188, server: uiweb.ru, request: "GET / HTTP/1.1", upstream: "http://127.0.0.1:82/", host: "peppercode.ru"
2014/05/15 13:40:57 [info] 1187#0: *30 client 62.109.20.188 closed keepalive connection
2014/05/15 13:42:22 [error] 1187#0: *32 open() "/var/www/uiweb.ru/www/assets/f140bc79/yii.activeForm.js" failed (2: No such file or directory), client: 66.249.64.142, server: uiweb.ru, request: "GET /assets/f140bc79/yii.activeForm.js HTTP/1.1", host: "uiweb.ru"
2014/05/15 13:42:23 [error] 1187#0: *32 open() "/var/www/uiweb.ru/www/assets/f140bc79/yii.js" failed (2: No such file or directory), client: 66.249.64.142, server: uiweb.ru, request: "GET /assets/f140bc79/yii.js HTTP/1.1", host: "uiweb.ru"
2014/05/15 13:42:23 [error] 1187#0: *32 open() "/var/www/uiweb.ru/www/include/tinymce/tinymce.min.js" failed (2: No such file or directory), client: 66.249.64.142, server: uiweb.ru, request: "GET /include/tinymce/tinymce.min.js HTTP/1.1", host: "uiweb.ru"
2014/05/15 13:42:24 [error] 1187#0: *32 open() "/var/www/uiweb.ru/www/assets/f56db9e0/jquery.js" failed (2: No such file or directory), client: 66.249.64.142, server: uiweb.ru, request: "GET /assets/f56db9e0/jquery.js HTTP/1.1", host: "uiweb.ru"
2014/05/15 13:42:24 [error] 1187#0: *32 open() "/var/www/uiweb.ru/www/include/base/css/style.css" failed (2: No such file or directory), client: 66.249.64.142, server: uiweb.ru, request: "GET /include/base/css/style.css HTTP/1.1", host: "uiweb.ru"
2014/05/15 13:43:47 [info] 1187#0: *32 client 66.249.64.142 closed keepalive connection
2014/05/15 14:01:26 [error] 1187#0: *33 open() "/var/www/uiweb.ru/www/robots.txt" failed (2: No such file or directory), client: 157.55.32.236, server: uiweb.ru, request: "GET /robots.txt HTTP/1.1", host: "www.m-view.ru"
2014/05/15 14:01:27 [info] 1187#0: *33 client 157.55.32.236 closed keepalive connection
2014/05/15 14:08:14 [warn] 1187#0: *34 an upstream response is buffered to a temporary file /usr/local/nginx-1.7.0/proxy_temp/7/00/0000000007 while reading upstream, client: 157.55.32.236, server: uiweb.ru, request: "GET / HTTP/1.1", upstream: "http://127.0.0.1:82/", host: "www.m-view.ru"
2014/05/15 14:08:20 [error] 1187#0: *36 open() "/var/www/uiweb.ru/www/robots.txt" failed (2: No such file or directory), client: 157.55.32.236, server: uiweb.ru, request: "GET /robots.txt HTTP/1.1", host: "m-view.ru"
2014/05/15 14:08:20 [info] 1187#0: *34 client 157.55.32.236 closed keepalive connection
2014/05/15 14:08:20 [info] 1187#0: *36 client 157.55.32.236 closed keepalive connection
2014/05/15 14:14:19 [warn] 1187#0: *37 an upstream response is buffered to a temporary file /usr/local/nginx-1.7.0/proxy_temp/8/00/0000000008 while reading upstream, client: 157.55.32.236, server: uiweb.ru, request: "GET / HTTP/1.1", upstream: "http://127.0.0.1:82/", host: "m-view.ru"
2014/05/15 14:14:34 [info] 1187#0: *37 client 157.55.32.236 closed keepalive connection
2014/05/15 14:45:39 [info] 1187#0: *39 client sent invalid method while reading client request line, client: 188.17.5.227, server: uiweb.ru, request: "{D÷´ŞÊsÄ b=YGsµÏe1T’bİU)‚lËËhïÂ¸Ÿ÷‡9Âö%tåÑF³œ)1"
2014/05/15 15:10:27 [info] 1187#0: *42 client sent invalid method while reading client request line, client: 109.188.125.237, server: uiweb.ru, request: "ç=¢üš±SşÿRµR‰GlK4+íÃ#t»‹õòJrZnÿ‚Kà Ã`k]ëÚÕÌ1å}-záälş#İ•Á6+‚Î""
2014/05/15 16:13:01 [error] 1187#0: *43 open() "/var/www/uiweb.ru/www/robots.txt" failed (2: No such file or directory), client: 157.55.34.93, server: uiweb.ru, request: "GET /robots.txt HTTP/1.1", host: "www.uiweb.ru"
2014/05/15 16:13:02 [info] 1187#0: *43 client 157.55.34.93 closed keepalive connection
2014/05/15 16:22:24 [warn] 1187#0: *44 an upstream response is buffered to a temporary file /usr/local/nginx-1.7.0/proxy_temp/9/00/0000000009 while reading upstream, client: 157.55.34.93, server: uiweb.ru, request: "GET / HTTP/1.1", upstream: "http://127.0.0.1:82/", host: "www.uiweb.ru"
2014/05/15 16:22:51 [info] 1187#0: *44 client 157.55.34.93 closed keepalive connection
2014/05/15 16:23:34 [info] 1187#0: *46 client sent invalid method while reading client request line, client: 46.61.55.73, server: uiweb.ru, request: "Œßv:–bº _)ô¬w‚óç?Ñ:{ï³èh†M)î²ñ7(g`o/Ãpp‚-FŒ•kçNo`¾î¡+ì]xö÷"
2014/05/15 17:35:37 [info] 1187#0: *49 client sent invalid method while reading client request line, client: 213.232.243.233, server: uiweb.ru, request: "A\—"Æé”"
2014/05/15 18:15:25 [info] 1187#0: *50 client sent invalid method while reading client request line, client: 94.138.20.55, server: uiweb.ru, request: "lWoÎÎçy›Uì˜g¡ƒ»øÆœŠ‡,+¼é\ÇÏ¯	‰ŠËkŞzOZ;‡	¡ûP¼|ËA–	’@~P`"
2014/05/15 18:15:25 [info] 1187#0: *50 recv() failed (104: Connection reset by peer) while reading client request line, client: 94.138.20.55, server: uiweb.ru, request: "lWoÎÎçy›Uì˜g¡ƒ»øÆœŠ‡,+¼é\ÇÏ¯	‰ŠËkŞzOZ;‡	¡ûP¼|ËA–	’@~P`"
2014/05/15 18:57:01 [error] 1187#0: *51 open() "/var/www/uiweb.ru/www/robots.txt" failed (2: No such file or directory), client: 157.55.34.93, server: uiweb.ru, request: "GET /robots.txt HTTP/1.1", host: "uiweb.ru"
2014/05/15 18:57:01 [info] 1187#0: *51 client 157.55.34.93 closed keepalive connection
2014/05/15 19:03:14 [warn] 1187#0: *52 an upstream response is buffered to a temporary file /usr/local/nginx-1.7.0/proxy_temp/0/01/0000000010 while reading upstream, client: 157.55.34.93, server: uiweb.ru, request: "GET / HTTP/1.1", upstream: "http://127.0.0.1:82/", host: "uiweb.ru"
2014/05/15 19:03:22 [info] 1187#0: *52 client 157.55.34.93 closed keepalive connection
2014/05/15 19:49:52 [info] 1187#0: *54 client sent invalid method while reading client request line, client: 195.91.197.78, server: uiweb.ru, request: "Û‰±¬2éJÛYÉšßQ1VÇi£ĞîEÛô¬6Ã¸ÎúŠ;HXKw"
2014/05/15 19:50:00 [info] 1187#0: *55 client sent invalid method while reading client request line, client: 195.91.197.78, server: uiweb.ru, request: "s¶Ü¼b!<¤;”¢UWü2”]ì[– ¸¬ÛDXo.¤ÃˆÅe :=mš0{¨óÃ|Q¯JæÀZe·vÏyõ'C³Â"
2014/05/15 20:15:23 [info] 1187#0: *56 recv() failed (104: Connection reset by peer) while waiting for request, client: 94.255.52.219, server: 0.0.0.0:80
2014/05/15 20:38:59 [info] 1187#0: *57 client sent invalid method while reading client request line, client: 83.149.8.107, server: uiweb.ru, request: "h :ÔÔD\¨áŠ^\ıÿr7ˆœî-rñé%İ@çãñvªÃI"
2014/05/15 20:56:29 [warn] 1187#0: *58 an upstream response is buffered to a temporary file /usr/local/nginx-1.7.0/proxy_temp/1/01/0000000011 while reading upstream, client: 186.95.194.177, server: uiweb.ru, request: "GET / HTTP/1.1", upstream: "http://127.0.0.1:82/", host: "M-VIEW.RU", referrer: "http://M-VIEW.RU"
2014/05/15 21:00:09 [info] 1187#0: *60 client sent invalid method while reading client request line, client: 79.179.59.180, server: uiweb.ru, request: "^ÓÇ4ĞŸG€¿œ~XDş‰ N~òÕ_ğËüqäÍĞL"
2014/05/15 22:01:19 [warn] 1187#0: *61 an upstream response is buffered to a temporary file /usr/local/nginx-1.7.0/proxy_temp/2/01/0000000012 while reading upstream, client: 94.102.91.188, server: uiweb.ru, request: "GET / HTTP/1.1", upstream: "http://127.0.0.1:82/", host: "uiweb.ru"
2014/05/15 22:01:20 [error] 1187#0: *61 open() "/var/www/uiweb.ru/www/favicon.ico" failed (2: No such file or directory), client: 94.102.91.188, server: uiweb.ru, request: "GET /favicon.ico HTTP/1.1", host: "uiweb.ru"
2014/05/15 22:01:33 [info] 1187#0: *62 client closed connection while waiting for request, client: 94.102.91.188, server: 0.0.0.0:80
2014/05/15 22:01:33 [info] 1187#0: *64 client closed connection while waiting for request, client: 94.102.91.188, server: 0.0.0.0:80
2014/05/15 22:01:33 [info] 1187#0: *65 client closed connection while waiting for request, client: 94.102.91.188, server: 0.0.0.0:80
2014/05/15 22:01:33 [info] 1187#0: *66 client closed connection while waiting for request, client: 94.102.91.188, server: 0.0.0.0:80
2014/05/15 22:01:33 [info] 1187#0: *67 client closed connection while waiting for request, client: 94.102.91.188, server: 0.0.0.0:80
2014/05/15 22:10:42 [warn] 1187#0: *68 an upstream response is buffered to a temporary file /usr/local/nginx-1.7.0/proxy_temp/3/01/0000000013 while reading upstream, client: 94.102.91.188, server: uiweb.ru, request: "GET / HTTP/1.1", upstream: "http://127.0.0.1:82/", host: "uiweb.ru"
2014/05/15 22:10:46 [error] 1187#0: *73 open() "/var/www/uiweb.ru/www/favicon.ico" failed (2: No such file or directory), client: 94.102.91.188, server: uiweb.ru, request: "GET /favicon.ico HTTP/1.1", host: "server.uiweb.ru"
2014/05/15 22:10:54 [info] 1187#0: *69 client closed connection while waiting for request, client: 94.102.91.188, server: 0.0.0.0:80
2014/05/15 22:10:54 [info] 1187#0: *70 client closed connection while waiting for request, client: 94.102.91.188, server: 0.0.0.0:80
2014/05/15 22:10:54 [info] 1187#0: *71 client closed connection while waiting for request, client: 94.102.91.188, server: 0.0.0.0:80
2014/05/15 22:11:04 [info] 1187#0: *74 client closed connection while waiting for request, client: 94.102.91.188, server: 0.0.0.0:80
2014/05/15 22:12:34 [info] 1187#0: *76 client closed connection while waiting for request, client: 94.102.91.188, server: 0.0.0.0:80
2014/05/15 22:24:04 [info] 1187#0: *78 client sent invalid method while reading client request line, client: 188.242.141.136, server: uiweb.ru, request: "'ÜpBfc)©ÚU”úÇ’à®$W›Ã!M"
2014/05/15 23:18:05 [info] 1187#0: *79 client sent invalid method while reading client request line, client: 178.184.158.237, server: uiweb.ru, request: "KªëáŒíD¸/ƒ#Ÿ´apxÅ¥qú©»;·uŠvÖ# ÿİ"¢SŠ8o·ºƒNÄy¾¥]¸GRê°œ›"
2014/05/15 23:20:19 [info] 1187#0: *80 client 157.55.35.41 closed keepalive connection
2014/05/15 23:20:50 [info] 1187#0: *82 client sent invalid method while reading client request line, client: 195.91.197.78, server: uiweb.ru, request: "Ã`	Ñ9İ9‹‚ùôJœY™XÎÇìeIº|"
2014/05/15 23:20:51 [info] 1187#0: *83 client sent invalid method while reading client request line, client: 195.91.197.78, server: uiweb.ru, request: " Ã€œÖˆÄv%%­à²ÖœˆªY5ùÕÊıë§PàAï2’qÎLI´D`—s’ Ç×ÌqBĞß¯e î…"
2014/05/15 23:20:59 [info] 1187#0: *84 client sent invalid method while reading client request line, client: 94.159.236.133, server: uiweb.ru, request: "e»SE©õWKä-˜_±·D'j:ä¹•Íh"
2014/05/15 23:21:49 [info] 1187#0: *85 client sent invalid method while reading client request line, client: 195.91.197.78, server: uiweb.ru, request: "â§R>Ï¸`[&«h×ù;ÀÁCù$©»ô¤³2o°÷i23´ñŒùqmkU`•!Ö#"
2014/05/15 23:35:43 [error] 1187#0: *86 open() "/var/www/uiweb.ru/www/favicon.ico" failed (2: No such file or directory), client: 94.102.91.188, server: uiweb.ru, request: "GET /favicon.ico HTTP/1.1", host: "m-view.ru"
